03_03_2023
Self Consistent Mean Field Start Time: Fri Mar  3 01:34:22 2023
Elapsed time of program: 0.297min

Running Self Consistent Mean Field
Initial Sequence:   LLLTVLLGTLLGTLLGTLILI
Best Sequence:      LLLTVLLGTLLGTLLGTLILI
Interface Sequence: L--TV--GT-LGT-LGT--L-
Total Energy:       -18
VDW:                -67.9
HBOND:              -90.4
Self Consistent Mean Field End Time: Fri Mar  3 02:26:20 2023
Elapsed time of program: 52.3min

Monte Carlo Sequence Search Replicate 0 Start Time: Fri Mar  3 02:26:28 2023
Elapsed time of program: 52.4min

  - SelfPairManager energy calculation 0 Start Time: Fri Mar  3 02:26:42 2023
Elapsed time of program: 52.6min

  - SelfPairManager energy calculation 0 End Time: Fri Mar  3 02:27:27 2023
Elapsed time of program: 53.4min

- End monte carlo sequence search #0: 61.3min; Monte Carlo ended at Temp: 0.547

- Best Sequence: LLLTVLLGILLGLLLAFLILI; Energy w/ baseline: -2.62
Monte Carlo Sequence Search Replicate 0 End Time: Fri Mar  3 03:28:44 2023
Elapsed time of program: 115min

Compute Monomer Energy Start Time: Fri Mar  3 03:29:07 2023
Elapsed time of program: 115min

-Dimer - Monomer = -354 - -349 = -4.61
Compute Monomer Energy End Time: Fri Mar  3 03:31:46 2023
Elapsed time of program: 118min

Backbone optimize replicate 0 Start Time: Fri Mar  3 03:31:47 2023
Elapsed time of program: 118min

Backbone optimize replicate 0 End Time: Fri Mar  3 05:10:57 2023
Elapsed time of program: 217min

Monte Carlo Sequence Search Replicate 1 Start Time: Fri Mar  3 05:10:58 2023
Elapsed time of program: 217min

  - SelfPairManager energy calculation 1 Start Time: Fri Mar  3 05:11:12 2023
Elapsed time of program: 217min

  - SelfPairManager energy calculation 1 End Time: Fri Mar  3 05:11:51 2023
Elapsed time of program: 218min

- End monte carlo sequence search #1: 59.9min; Monte Carlo ended at Temp: 0.547

- Best Sequence: LLLAVLLGILLGLLLSFLILI; Energy w/ baseline: -24.5
Monte Carlo Sequence Search Replicate 1 End Time: Fri Mar  3 06:11:44 2023
Elapsed time of program: 278min

Compute Monomer Energy Start Time: Fri Mar  3 06:12:07 2023
Elapsed time of program: 278min

-Dimer - Monomer = -378 - -358 = -20.2
Compute Monomer Energy End Time: Fri Mar  3 06:15:01 2023
Elapsed time of program: 281min

Backbone optimize replicate 1 Start Time: Fri Mar  3 06:15:01 2023
Elapsed time of program: 281min

Backbone optimize replicate 1 End Time: Fri Mar  3 08:12:22 2023
Elapsed time of program: 398min

Monte Carlo Sequence Search Replicate 2 Start Time: Fri Mar  3 08:12:23 2023
Elapsed time of program: 398min

  - SelfPairManager energy calculation 2 Start Time: Fri Mar  3 08:12:37 2023
Elapsed time of program: 399min

  - SelfPairManager energy calculation 2 End Time: Fri Mar  3 08:13:18 2023
Elapsed time of program: 399min

- End monte carlo sequence search #2: 58.5min; Monte Carlo ended at Temp: 0.547

- Best Sequence: LLLALLLGILLGFLLSTLILI; Energy w/ baseline: -38.1
Monte Carlo Sequence Search Replicate 2 End Time: Fri Mar  3 09:11:50 2023
Elapsed time of program: 458min

Compute Monomer Energy Start Time: Fri Mar  3 09:12:14 2023
Elapsed time of program: 458min

-Dimer - Monomer = -397 - -362 = -35.3
Compute Monomer Energy End Time: Fri Mar  3 09:15:11 2023
Elapsed time of program: 461min

Backbone optimize replicate 2 Start Time: Fri Mar  3 09:15:11 2023
Elapsed time of program: 461min

Backbone optimize replicate 2 End Time: Fri Mar  3 10:46:56 2023
Elapsed time of program: 553min

Monte Carlo Sequence Search Replicate 3 Start Time: Fri Mar  3 10:46:57 2023
Elapsed time of program: 553min

  - SelfPairManager energy calculation 3 Start Time: Fri Mar  3 10:47:12 2023
Elapsed time of program: 553min

  - SelfPairManager energy calculation 3 End Time: Fri Mar  3 10:47:58 2023
Elapsed time of program: 554min

- End monte carlo sequence search #3: 73min; Monte Carlo ended at Temp: 0.547

- Best Sequence: LLLYVLLGILLGLLLSFLILI; Energy w/ baseline: -43
Monte Carlo Sequence Search Replicate 3 End Time: Fri Mar  3 12:00:58 2023
Elapsed time of program: 627min

Compute Monomer Energy Start Time: Fri Mar  3 12:01:20 2023
Elapsed time of program: 627min

-Dimer - Monomer = -389 - -353 = -35.6
Compute Monomer Energy End Time: Fri Mar  3 12:05:55 2023
Elapsed time of program: 632min

Backbone optimize replicate 3 Start Time: Fri Mar  3 12:05:56 2023
Elapsed time of program: 632min

Backbone optimize replicate 3 End Time: Fri Mar  3 15:25:20 2023
Elapsed time of program: 831min

Monte Carlo Sequence Search Replicate 4 Start Time: Fri Mar  3 15:25:21 2023
Elapsed time of program: 831min

  - SelfPairManager energy calculation 4 Start Time: Fri Mar  3 15:25:37 2023
Elapsed time of program: 832min

  - SelfPairManager energy calculation 4 End Time: Fri Mar  3 15:26:20 2023
Elapsed time of program: 832min

- End monte carlo sequence search #4: 64min; Monte Carlo ended at Temp: 0.547

- Best Sequence: LLLYLLLGILLGFLLSTLILI; Energy w/ baseline: -48.5
Monte Carlo Sequence Search Replicate 4 End Time: Fri Mar  3 16:30:17 2023
Elapsed time of program: 896min

Compute Monomer Energy Start Time: Fri Mar  3 16:30:38 2023
Elapsed time of program: 897min

-Dimer - Monomer = -399 - -357 = -42.4
Compute Monomer Energy End Time: Fri Mar  3 16:35:21 2023
Elapsed time of program: 901min

Backbone optimize replicate 4 Start Time: Fri Mar  3 16:35:21 2023
Elapsed time of program: 901min

Backbone optimize replicate 4 End Time: Fri Mar  3 19:42:47 2023
Elapsed time of program: 1.09e+03min

Sequence,RotamerValues,Interface,InterfaceSequence,Seed,Density,Baseline,Dimer,Dimerw/Baseline,HBONDDimer,HBONDDimerOptimize,HBONDDimerPreOptimize,HBONDMonomer,IMM1Dimer,IMM1DimerOptimize,IMM1DimerPreOptimize,IMM1Monomer,Monomer,MonomerSasa,OptimizeSasa,PreBBOptimizeSasa,SequenceEntropy,SequenceProbability,Total,TotalPreOptimize,Totalw/Entropy,VDWDimer,VDWDimerOptimize,VDWDimerPreOptimize,VDWMonomer,acceptCycleNumber,acceptTemp,endAxialRotation,endAxialRotationPrime,endCrossingAngle,endXShift,endZShift,endZShiftPrime,firstRepackEnergy,preOptimizeAxialRotation,preOptimizeAxialRotationPrime,preOptimizeCrossingAngle,preOptimizeEnergy,preOptimizeXShift,preOptimizeZShift,preOptimizeZShiftPrime,preRepackTotal,replicateNumber,startAxialRotation,startAxialRotationPrime,startCrossingAngle,startXShift,startZShift,startZShiftPrime,
LLLALLLGILLGFLLSTLILI,133002200210031003212,000110011001100110000,L--AL--GI-LGF-LST--L-,1.67783e+09,1,358.957,-397.007,-38.0507,-83.9068,-87.0526,-83.7699,-74.1477,-220.979,-225,-220.975,-237.48,-361.722,4484.79,3642,3524.13,49.0751,0.000251088,-47.2614,-35.162,11.0244,-92.121,-96.9307,-92.1386,-50.0943,491,124.21,-86.6913,46.7132,-47.4523,6.43081,5.80997,5.01067,-45.542,-86.6913,45.1257,-46.8017,-35.162,6.52424,5.59567,4.77255,-35.2856,2,-86.6913,38.1487,-45,6.9063,4.65377,3.726,
LLLAVLLGILLGLLLSFLILI,133002200210031003212,000110011001100110000,L--AV--GI-LGL-LSF--L-,1.67783e+09,1,353.848,-378.367,-24.5184,-67.1795,-73.3133,-67.0414,-60.4659,-219.519,-222.603,-219.513,-237.476,-358.123,4381.09,3691.08,3590.72,45.247,0.000479349,-37.3296,-20.1183,20.7287,-91.6683,-99.536,-91.6859,-60.1807,511,60.9677,-86.6913,45.1257,-46.8017,6.52424,5.59567,4.77255,-27.739,-86.6913,41.6762,-46.3554,-20.1183,6.724,5.12999,4.25513,-20.2442,1,-86.6913,38.1487,-45,6.9063,4.65377,3.726,
LLLTVLLGILLGLLLAFLILI,133002200210031003212,000110011001100110000,L--TV--GI-LGL-LAF--L-,1.67783e+09,1,351.126,-353.742,-2.61696,-48.9232,-51.6914,-48.7238,-45.1579,-221.643,-224.6,-221.642,-241.219,-349.137,4436.05,3659.01,3609.34,45.8438,0.000433384,-29.0691,-4.42251,43.2268,-83.1762,-101.915,-83.1943,-62.76,491,177.29,-86.6913,41.6762,-46.3554,6.724,5.12999,4.25513,-12.2574,-86.6913,38.1487,-45,-4.42251,6.9063,4.65377,3.726,-4.60532,0,-86.6913,38.1487,-45,6.9063,4.65377,3.726,
LLLYLLLGILLGFLLSTLILI,133002200210031003212,000110011001100110000,L--YL--GI-LGF-LST--L-,1.67783e+09,1,350.991,-399.469,-48.4784,-83.6832,-86.829,-83.5464,-74.1477,-230.58,-232.957,-230.578,-248.234,-357.111,4625.7,3642.3,3533.85,55.4155,8.6037e-05,-52.1094,-42.2342,6.93713,-85.2066,-89.4341,-85.2202,-34.7287,476,148.395,-86.6913,47.4177,-47.9115,6.42891,5.90509,5.11635,-46.6486,-86.6913,47.8323,-48.0496,-42.2342,6.38663,5.96106,5.17854,-42.3586,4,-86.6913,38.1487,-45,6.9063,4.65377,3.726,
LLLYVLLGILLGLLLSFLILI,133002200210031003212,000110011001100110000,L--YV--GI-LGL-LSF--L-,1.67783e+09,1,345.915,-388.944,-43.0294,-70.2999,-72.928,-70.1618,-60.4659,-230.225,-232.168,-230.224,-248.101,-353.385,4532.8,3675.38,3586.34,51.5875,0.000164252,-43.9997,-35.4337,8.55812,-88.4192,-92.2889,-88.4327,-44.8178,480,87.0218,-86.6913,47.8323,-48.0496,6.38663,5.96106,5.17854,-40.1189,-86.6913,46.7132,-47.4523,-35.4337,6.43081,5.80997,5.01067,-35.5597,3,-86.6913,38.1487,-45,6.9063,4.65377,3.726,
Total Time: 1089 minutes
