03_03_2023
Self Consistent Mean Field Start Time: Fri Mar  3 01:13:58 2023
Elapsed time of program: 0.308min

Running Self Consistent Mean Field
Initial Sequence:   LLLTVLLGTLLGTLLGTLILI
Best Sequence:      LLLTWLLGTLLGTLLGTLILI
Interface Sequence: L--TW--GT-LGT-LGT--L-
Total Energy:       -8.83
VDW:                -59.6
HBOND:              -86.9
Self Consistent Mean Field End Time: Fri Mar  3 02:03:48 2023
Elapsed time of program: 50.1min

Monte Carlo Sequence Search Replicate 0 Start Time: Fri Mar  3 02:03:55 2023
Elapsed time of program: 50.3min

  - SelfPairManager energy calculation 0 Start Time: Fri Mar  3 02:04:07 2023
Elapsed time of program: 50.5min

  - SelfPairManager energy calculation 0 End Time: Fri Mar  3 02:04:45 2023
Elapsed time of program: 51.1min

- End monte carlo sequence search #0: 59.9min; Monte Carlo ended at Temp: 0.547

- Best Sequence: LLLTVLLGLLLGLLLGFLILI; Energy w/ baseline: 0.632
Monte Carlo Sequence Search Replicate 0 End Time: Fri Mar  3 03:04:38 2023
Elapsed time of program: 111min

Compute Monomer Energy Start Time: Fri Mar  3 03:05:03 2023
Elapsed time of program: 111min

-Dimer - Monomer = -350 - -347 = -2.92
Compute Monomer Energy End Time: Fri Mar  3 03:07:52 2023
Elapsed time of program: 114min

Backbone optimize replicate 0 Start Time: Fri Mar  3 03:07:52 2023
Elapsed time of program: 114min

Backbone optimize replicate 0 End Time: Fri Mar  3 04:22:14 2023
Elapsed time of program: 189min

Monte Carlo Sequence Search Replicate 1 Start Time: Fri Mar  3 04:22:15 2023
Elapsed time of program: 189min

  - SelfPairManager energy calculation 1 Start Time: Fri Mar  3 04:22:29 2023
Elapsed time of program: 189min

  - SelfPairManager energy calculation 1 End Time: Fri Mar  3 04:23:08 2023
Elapsed time of program: 189min

- End monte carlo sequence search #1: 59.2min; Monte Carlo ended at Temp: 0.547

- Best Sequence: LLLTVLLGLLLGFLLAILILI; Energy w/ baseline: -5.14
Monte Carlo Sequence Search Replicate 1 End Time: Fri Mar  3 05:22:23 2023
Elapsed time of program: 249min

Compute Monomer Energy Start Time: Fri Mar  3 05:22:57 2023
Elapsed time of program: 249min

-Dimer - Monomer = -358 - -348 = -10
Compute Monomer Energy End Time: Fri Mar  3 05:25:41 2023
Elapsed time of program: 252min

Backbone optimize replicate 1 Start Time: Fri Mar  3 05:25:41 2023
Elapsed time of program: 252min

Backbone optimize replicate 1 End Time: Fri Mar  3 06:54:49 2023
Elapsed time of program: 341min

Monte Carlo Sequence Search Replicate 2 Start Time: Fri Mar  3 06:54:50 2023
Elapsed time of program: 341min

  - SelfPairManager energy calculation 2 Start Time: Fri Mar  3 06:55:03 2023
Elapsed time of program: 341min

  - SelfPairManager energy calculation 2 End Time: Fri Mar  3 06:55:44 2023
Elapsed time of program: 342min

- End monte carlo sequence search #2: 66.6min; Monte Carlo ended at Temp: 0.547

- Best Sequence: LLLYFLLGILLGVLLSLLILI; Energy w/ baseline: -27.6
Monte Carlo Sequence Search Replicate 2 End Time: Fri Mar  3 08:02:21 2023
Elapsed time of program: 409min

Compute Monomer Energy Start Time: Fri Mar  3 08:02:48 2023
Elapsed time of program: 409min

-Dimer - Monomer = -374 - -349 = -25.1
Compute Monomer Energy End Time: Fri Mar  3 08:09:21 2023
Elapsed time of program: 416min

Backbone optimize replicate 2 Start Time: Fri Mar  3 08:09:22 2023
Elapsed time of program: 416min

Backbone optimize replicate 2 End Time: Fri Mar  3 13:10:50 2023
Elapsed time of program: 717min

Monte Carlo Sequence Search Replicate 3 Start Time: Fri Mar  3 13:10:51 2023
Elapsed time of program: 717min

  - SelfPairManager energy calculation 3 Start Time: Fri Mar  3 13:11:03 2023
Elapsed time of program: 717min

  - SelfPairManager energy calculation 3 End Time: Fri Mar  3 13:11:44 2023
Elapsed time of program: 718min

- End monte carlo sequence search #3: 70.6min; Monte Carlo ended at Temp: 0.547

- Best Sequence: LLLALLLGTLLGFLLSILILI; Energy w/ baseline: -27.5
Monte Carlo Sequence Search Replicate 3 End Time: Fri Mar  3 14:22:19 2023
Elapsed time of program: 789min

Compute Monomer Energy Start Time: Fri Mar  3 14:22:48 2023
Elapsed time of program: 789min

-Dimer - Monomer = -386 - -364 = -22.1
Compute Monomer Energy End Time: Fri Mar  3 14:25:39 2023
Elapsed time of program: 792min

Backbone optimize replicate 3 Start Time: Fri Mar  3 14:25:39 2023
Elapsed time of program: 792min

Backbone optimize replicate 3 End Time: Fri Mar  3 16:30:08 2023
Elapsed time of program: 916min

Monte Carlo Sequence Search Replicate 4 Start Time: Fri Mar  3 16:30:09 2023
Elapsed time of program: 916min

  - SelfPairManager energy calculation 4 Start Time: Fri Mar  3 16:30:24 2023
Elapsed time of program: 917min

  - SelfPairManager energy calculation 4 End Time: Fri Mar  3 16:31:04 2023
Elapsed time of program: 917min

- End monte carlo sequence search #4: 64.7min; Monte Carlo ended at Temp: 0.547

- Best Sequence: LLLALLLGILLGFLLSTLILI; Energy w/ baseline: -32.4
Monte Carlo Sequence Search Replicate 4 End Time: Fri Mar  3 17:35:48 2023
Elapsed time of program: 982min

Compute Monomer Energy Start Time: Fri Mar  3 17:36:19 2023
Elapsed time of program: 983min

-Dimer - Monomer = -391 - -362 = -29.6
Compute Monomer Energy End Time: Fri Mar  3 17:39:12 2023
Elapsed time of program: 986min

Backbone optimize replicate 4 Start Time: Fri Mar  3 17:39:12 2023
Elapsed time of program: 986min

Backbone optimize replicate 4 End Time: Fri Mar  3 19:39:18 2023
Elapsed time of program: 1.11e+03min

Sequence,RotamerValues,Interface,InterfaceSequence,Seed,Density,Baseline,Dimer,Dimerw/Baseline,HBONDDimer,HBONDDimerOptimize,HBONDDimerPreOptimize,HBONDMonomer,IMM1Dimer,IMM1DimerOptimize,IMM1DimerPreOptimize,IMM1Monomer,Monomer,MonomerSasa,OptimizeSasa,PreBBOptimizeSasa,SequenceEntropy,SequenceProbability,Total,TotalPreOptimize,Totalw/Entropy,VDWDimer,VDWDimerOptimize,VDWDimerPreOptimize,VDWMonomer,acceptCycleNumber,acceptTemp,endAxialRotation,endAxialRotationPrime,endCrossingAngle,endXShift,endZShift,endZShiftPrime,firstRepackEnergy,preOptimizeAxialRotation,preOptimizeAxialRotationPrime,preOptimizeCrossingAngle,preOptimizeEnergy,preOptimizeXShift,preOptimizeZShift,preOptimizeZShiftPrime,preRepackTotal,replicateNumber,startAxialRotation,startAxialRotationPrime,startCrossingAngle,startXShift,startZShift,startZShiftPrime,
LLLALLLGILLGFLLSTLILI,033002200310021003212,000110011001100110000,L--AL--GI-LGF-LST--L-,1.67783e+09,0.87,358.957,-391.353,-32.3962,-82.0667,-85.5888,-81.9298,-74.1477,-219.326,-221.61,-219.321,-237.509,-361.745,4472.31,3640.82,3555.03,49.0751,0.000251088,-37.7087,-29.4831,16.6789,-89.9604,-92.2549,-89.978,-50.0882,515,19.1815,-94.6454,33.7102,-41.663,6.44672,5.24768,4.25334,-35.5012,-94.6454,35.2872,-44.6917,-29.4831,6.5215,5.46058,4.48989,-29.6075,4,-94.6454,29.8466,-40.7669,7.1745,4.7261,3.6738,
LLLALLLGTLLGFLLSILILI,033002200310021003212,000110011001100110000,L--AL--GT-LGF-LSI--L-,1.67783e+09,0.87,358.62,-386.091,-27.4711,-78.6322,-82.0197,-78.4952,-74.1954,-220.75,-222.418,-220.745,-238.22,-364.019,4422.62,3649.1,3637.84,49.0751,0.000251088,-32.3855,-21.948,21.6039,-86.7088,-91.966,-86.7265,-51.6034,560,25.0484,-94.6454,35.2872,-44.6917,6.5215,5.46058,4.48989,-26.4802,-94.6454,36.5448,-46.0486,-21.948,6.72031,5.63035,4.67853,-22.072,3,-94.6454,29.8466,-40.7669,7.1745,4.7261,3.6738,
LLLTVLLGLLLGFLLAILILI,033002200310021003212,000110011001100110000,L--TV--GL-LGF-LAI--L-,1.67783e+09,0.87,353.259,-358.401,-5.14277,-46.7592,-47.3225,-46.5592,-45.1579,-223.041,-227.369,-223.039,-240.718,-348.384,4456.81,3704.62,3598.6,45.8438,0.000433384,-27.0094,-9.83443,40.701,-88.6016,-100.702,-88.6198,-62.5081,476,361.194,-94.6454,38.3356,-45.1988,6.8908,5.87212,4.94715,-14.2376,-94.6454,32.8157,-43.012,-9.83443,7.09071,5.12694,4.11917,-10.0176,1,-94.6454,29.8466,-40.7669,7.1745,4.7261,3.6738,
LLLTVLLGLLLGLLLGFLILI,033002200310021003212,000110011001100110000,L--TV--GL-LGL-LGF--L-,1.67783e+09,0.87,350.209,-349.577,0.631747,-45.1579,-46.5441,-44.9429,-45.1579,-219.362,-222.853,-219.361,-239.42,-346.655,4473.82,3731.62,3576.13,56.2386,7.48689e-05,-15.3881,-2.72509,56.8704,-85.0565,-92.6464,-85.0766,-62.077,482,4.22804,-94.6454,32.8157,-43.012,7.09071,5.12694,4.11917,-7.76919,-94.6454,29.8466,-40.7669,-2.72509,7.1745,4.7261,3.6738,-2.92156,0,-94.6454,29.8466,-40.7669,7.1745,4.7261,3.6738,
LLLYFLLGILLGVLLSLLILI,033002200310021003212,000110011001100110000,L--YF--GI-LGV-LSL--L-,1.67783e+09,0.87,346.239,-373.823,-27.584,-62.737,-64.6628,-62.5985,-60.5031,-228.538,-226.024,-228.536,-246.267,-348.751,4586.08,3663.34,3633.08,51.5875,0.000164252,-32.2999,-24.9454,24.0035,-82.5488,-90.3638,-82.5625,-41.9809,532,55.7787,-94.6454,36.5448,-46.0486,6.72031,5.63035,4.67853,-26.9002,-94.6454,38.3356,-45.1988,-24.9454,6.8908,5.87212,4.94715,-25.0724,2,-94.6454,29.8466,-40.7669,7.1745,4.7261,3.6738,
Total Time: 1106 minutes
