03_03_2023
Self Consistent Mean Field Start Time: Fri Mar  3 06:43:32 2023
Elapsed time of program: 0.287min

Running Self Consistent Mean Field
Initial Sequence:   LLLYGLLAALLGTLLTWLILI
Best Sequence:      LLLYGLLAALLGTLLTWLILI
Interface Sequence: L--YG--AA--GT--TW--LI
Total Energy:       -3.79
VDW:                -49.9
HBOND:              -73.4
Self Consistent Mean Field End Time: Fri Mar  3 07:35:44 2023
Elapsed time of program: 52.5min

Monte Carlo Sequence Search Replicate 0 Start Time: Fri Mar  3 07:35:51 2023
Elapsed time of program: 52.6min

  - SelfPairManager energy calculation 0 Start Time: Fri Mar  3 07:36:05 2023
Elapsed time of program: 52.8min

  - SelfPairManager energy calculation 0 End Time: Fri Mar  3 07:36:48 2023
Elapsed time of program: 53.6min

- End monte carlo sequence search #0: 67.8min; Monte Carlo ended at Temp: 0.547

- Best Sequence: LLLTGLLFALLGILLSLLILI; Energy w/ baseline: 4.6
Monte Carlo Sequence Search Replicate 0 End Time: Fri Mar  3 08:44:38 2023
Elapsed time of program: 121min

Compute Monomer Energy Start Time: Fri Mar  3 08:45:03 2023
Elapsed time of program: 122min

-Dimer - Monomer = -353 - -357 = 4.76
Compute Monomer Energy End Time: Fri Mar  3 08:49:22 2023
Elapsed time of program: 126min

Backbone optimize replicate 0 Start Time: Fri Mar  3 08:49:22 2023
Elapsed time of program: 126min

Backbone optimize replicate 0 End Time: Fri Mar  3 10:31:25 2023
Elapsed time of program: 228min

Monte Carlo Sequence Search Replicate 1 Start Time: Fri Mar  3 10:31:26 2023
Elapsed time of program: 228min

  - SelfPairManager energy calculation 1 Start Time: Fri Mar  3 10:31:40 2023
Elapsed time of program: 228min

  - SelfPairManager energy calculation 1 End Time: Fri Mar  3 10:32:20 2023
Elapsed time of program: 229min

- End monte carlo sequence search #1: 57.8min; Monte Carlo ended at Temp: 0.547

- Best Sequence: LLLTGLLFALLGILLSLLILI; Energy w/ baseline: -20.6
Monte Carlo Sequence Search Replicate 1 End Time: Fri Mar  3 11:30:05 2023
Elapsed time of program: 287min

Sequence,RotamerValues,Interface,InterfaceSequence,Seed,Density,Baseline,Dimer,Dimerw/Baseline,HBONDDimer,HBONDDimerOptimize,HBONDDimerPreOptimize,HBONDMonomer,IMM1Dimer,IMM1DimerOptimize,IMM1DimerPreOptimize,IMM1Monomer,Monomer,MonomerSasa,OptimizeSasa,PreBBOptimizeSasa,SequenceEntropy,SequenceProbability,Total,TotalPreOptimize,Totalw/Entropy,VDWDimer,VDWDimerOptimize,VDWDimerPreOptimize,VDWMonomer,acceptCycleNumber,acceptTemp,endAxialRotation,endAxialRotationPrime,endCrossingAngle,endXShift,endZShift,endZShiftPrime,firstRepackEnergy,preOptimizeAxialRotation,preOptimizeAxialRotationPrime,preOptimizeCrossingAngle,preOptimizeEnergy,preOptimizeXShift,preOptimizeZShift,preOptimizeZShiftPrime,preRepackTotal,replicateNumber,startAxialRotation,startAxialRotationPrime,startCrossingAngle,startXShift,startZShift,startZShiftPrime,
LLLTGLLFALLGILLSLLILI,133002200320032003211,000110011001100110000,L--TG--FA--GI--SL--LI,1.67785e+09,0.93,357.24,-352.641,4.5991,-60.5119,-68.9966,-60.3871,-60.4607,-222.974,-226.007,-222.967,-242.041,-357.406,4493.99,3739.21,3571.92,49.0751,0.000251088,-26.3742,4.87824,53.6742,-69.1552,-88.7764,-69.1731,-54.9039,509,95.1175,-63.9595,65.6239,-44.7417,7.04334,4.95315,4.4375,-10.2831,-63.9595,61.7605,-42.8864,4.87824,6.8445,4.43159,3.858,4.76441,0,-63.9595,61.7605,-42.8864,6.8445,4.43159,3.858,
Total Time: 287 minutes
