03_03_2023
Self Consistent Mean Field Start Time: Fri Mar  3 02:56:10 2023
Elapsed time of program: 0.303min

Running Self Consistent Mean Field
Initial Sequence:   LLLYFLLATLLGYLLGTLILI
Best Sequence:      LLLYYLLATLLGYLLGTLILI
Interface Sequence: L--YY--AT-LGY-LGT--L-
Total Energy:       -15.8
VDW:                -42.1
HBOND:              -77.2
Self Consistent Mean Field End Time: Fri Mar  3 03:47:39 2023
Elapsed time of program: 51.8min

Monte Carlo Sequence Search Replicate 0 Start Time: Fri Mar  3 03:47:47 2023
Elapsed time of program: 51.9min

  - SelfPairManager energy calculation 0 Start Time: Fri Mar  3 03:48:01 2023
Elapsed time of program: 52.1min

  - SelfPairManager energy calculation 0 End Time: Fri Mar  3 03:48:44 2023
Elapsed time of program: 52.9min

- End monte carlo sequence search #0: 67.7min; Monte Carlo ended at Temp: 0.547

- Best Sequence: LLLYFLLAVLLGLLLGTLILI; Energy w/ baseline: -4.14
Monte Carlo Sequence Search Replicate 0 End Time: Fri Mar  3 04:56:24 2023
Elapsed time of program: 121min

Compute Monomer Energy Start Time: Fri Mar  3 04:56:47 2023
Elapsed time of program: 121min

-Dimer - Monomer = -344 - -339 = -4.9
Compute Monomer Energy End Time: Fri Mar  3 05:00:57 2023
Elapsed time of program: 125min

Backbone optimize replicate 0 Start Time: Fri Mar  3 05:00:57 2023
Elapsed time of program: 125min

Backbone optimize replicate 0 End Time: Fri Mar  3 07:22:15 2023
Elapsed time of program: 266min

Monte Carlo Sequence Search Replicate 1 Start Time: Fri Mar  3 07:22:16 2023
Elapsed time of program: 266min

  - SelfPairManager energy calculation 1 Start Time: Fri Mar  3 07:22:30 2023
Elapsed time of program: 267min

  - SelfPairManager energy calculation 1 End Time: Fri Mar  3 07:23:08 2023
Elapsed time of program: 267min

- End monte carlo sequence search #1: 62min; Monte Carlo ended at Temp: 0.547

- Best Sequence: LLLYFLLATLLGVLLGLLILI; Energy w/ baseline: -6.45
Monte Carlo Sequence Search Replicate 1 End Time: Fri Mar  3 08:25:05 2023
Elapsed time of program: 329min

Compute Monomer Energy Start Time: Fri Mar  3 08:25:27 2023
Elapsed time of program: 330min

-Dimer - Monomer = -345 - -339 = -5.69
Compute Monomer Energy End Time: Fri Mar  3 08:29:45 2023
Elapsed time of program: 334min

Backbone optimize replicate 1 Start Time: Fri Mar  3 08:29:45 2023
Elapsed time of program: 334min

Backbone optimize replicate 1 End Time: Fri Mar  3 11:09:26 2023
Elapsed time of program: 494min

Monte Carlo Sequence Search Replicate 2 Start Time: Fri Mar  3 11:09:27 2023
Elapsed time of program: 494min

  - SelfPairManager energy calculation 2 Start Time: Fri Mar  3 11:09:42 2023
Elapsed time of program: 494min

  - SelfPairManager energy calculation 2 End Time: Fri Mar  3 11:10:18 2023
Elapsed time of program: 494min

- End monte carlo sequence search #2: 70.6min; Monte Carlo ended at Temp: 0.547

- Best Sequence: LLLYVLLGILLGLLLAFLILI; Energy w/ baseline: -8.28
Monte Carlo Sequence Search Replicate 2 End Time: Fri Mar  3 12:20:56 2023
Elapsed time of program: 565min

Compute Monomer Energy Start Time: Fri Mar  3 12:21:22 2023
Elapsed time of program: 565min

-Dimer - Monomer = -347 - -338 = -8.87
Compute Monomer Energy End Time: Fri Mar  3 12:25:23 2023
Elapsed time of program: 570min

Backbone optimize replicate 2 Start Time: Fri Mar  3 12:25:23 2023
Elapsed time of program: 570min

Backbone optimize replicate 2 End Time: Fri Mar  3 15:33:40 2023
Elapsed time of program: 758min

Monte Carlo Sequence Search Replicate 3 Start Time: Fri Mar  3 15:33:41 2023
Elapsed time of program: 758min

  - SelfPairManager energy calculation 3 Start Time: Fri Mar  3 15:33:55 2023
Elapsed time of program: 758min

  - SelfPairManager energy calculation 3 End Time: Fri Mar  3 15:34:38 2023
Elapsed time of program: 759min

- End monte carlo sequence search #3: 63.7min; Monte Carlo ended at Temp: 0.547

- Best Sequence: LLLTFLLGLLLGVLLAILILI; Energy w/ baseline: -10.4
Monte Carlo Sequence Search Replicate 3 End Time: Fri Mar  3 16:38:20 2023
Elapsed time of program: 822min

Compute Monomer Energy Start Time: Fri Mar  3 16:38:44 2023
Elapsed time of program: 823min

-Dimer - Monomer = -363 - -348 = -15.6
Compute Monomer Energy End Time: Fri Mar  3 16:41:35 2023
Elapsed time of program: 826min

Backbone optimize replicate 3 Start Time: Fri Mar  3 16:41:35 2023
Elapsed time of program: 826min

Backbone optimize replicate 3 End Time: Fri Mar  3 18:56:41 2023
Elapsed time of program: 961min

Monte Carlo Sequence Search Replicate 4 Start Time: Fri Mar  3 18:56:42 2023
Elapsed time of program: 961min

  - SelfPairManager energy calculation 4 Start Time: Fri Mar  3 18:56:58 2023
Elapsed time of program: 961min

  - SelfPairManager energy calculation 4 End Time: Fri Mar  3 18:57:42 2023
Elapsed time of program: 962min

- End monte carlo sequence search #4: 63.1min; Monte Carlo ended at Temp: 0.547

- Best Sequence: LLLAFLLGLLLGVLLSTLILI; Energy w/ baseline: -23.7
Monte Carlo Sequence Search Replicate 4 End Time: Fri Mar  3 20:00:47 2023
Elapsed time of program: 1.02e+03min

Compute Monomer Energy Start Time: Fri Mar  3 20:01:13 2023
Elapsed time of program: 1.03e+03min

-Dimer - Monomer = -378 - -358 = -19.3
Compute Monomer Energy End Time: Fri Mar  3 20:04:31 2023
Elapsed time of program: 1.03e+03min

Backbone optimize replicate 4 Start Time: Fri Mar  3 20:04:31 2023
Elapsed time of program: 1.03e+03min

Backbone optimize replicate 4 End Time: Fri Mar  3 22:26:30 2023
Elapsed time of program: 1.17e+03min

Sequence,RotamerValues,Interface,InterfaceSequence,Seed,Density,Baseline,Dimer,Dimerw/Baseline,HBONDDimer,HBONDDimerOptimize,HBONDDimerPreOptimize,HBONDMonomer,IMM1Dimer,IMM1DimerOptimize,IMM1DimerPreOptimize,IMM1Monomer,Monomer,MonomerSasa,OptimizeSasa,PreBBOptimizeSasa,SequenceEntropy,SequenceProbability,Total,TotalPreOptimize,Totalw/Entropy,VDWDimer,VDWDimerOptimize,VDWDimerPreOptimize,VDWMonomer,acceptCycleNumber,acceptTemp,endAxialRotation,endAxialRotationPrime,endCrossingAngle,endXShift,endZShift,endZShiftPrime,firstRepackEnergy,preOptimizeAxialRotation,preOptimizeAxialRotationPrime,preOptimizeCrossingAngle,preOptimizeEnergy,preOptimizeXShift,preOptimizeZShift,preOptimizeZShiftPrime,preRepackTotal,replicateNumber,startAxialRotation,startAxialRotationPrime,startCrossingAngle,startXShift,startZShift,startZShiftPrime,
LLLAFLLGLLLGVLLSTLILI,033002300210021003312,000110011001100110000,L--AF--GL-LGV-LST--L-,1.67783e+09,1,353.777,-377.527,-23.7498,-75.7965,-82.013,-75.6573,-74.2931,-220.245,-223.192,-220.239,-237.087,-358.219,4471.07,3624.47,3557.42,48.8354,0.000261463,-32.9405,-19.1813,25.0855,-81.4856,-85.9545,-81.5036,-46.8386,456,231.516,-75.4208,58.5008,-44.1257,6.86026,5.71073,5.08824,-25.7618,-75.4208,54.4451,-44.118,-19.1813,6.86477,5.1632,4.47988,-19.308,4,-75.4208,48.7219,-40.9997,7.4067,4.39057,3.6214,
LLLTFLLGLLLGVLLAILILI,033002300210021003312,000110011001100110000,L--TF--GL-LGV-LAI--L-,1.67783e+09,1,352.751,-363.126,-10.3747,-51.127,-53.4717,-50.9271,-45.1579,-222.648,-226.133,-222.646,-243.083,-347.517,4497.31,3624.15,3578.01,45.8438,0.000433384,-29.261,-15.4248,35.4691,-89.3513,-97.1737,-89.3693,-59.2764,488,95.1175,-75.4208,54.4451,-44.118,6.86477,5.1632,4.47988,-21.412,-75.4208,51.1166,-43.0911,-15.4248,7.04297,4.71386,3.98061,-15.609,3,-75.4208,48.7219,-40.9997,7.4067,4.39057,3.6214,
LLLYFLLATLLGVLLGLLILI,033002300210021003312,000110011001100110000,L--YF--AT-LGV-LGL--L-,1.67783e+09,1,338.576,-345.03,-6.45374,-62.9374,-63.2145,-62.7368,-58.9275,-220.349,-224.451,-220.345,-245.55,-339.344,4624.72,3679.02,3749.7,51.1953,0.000175503,-12.6205,-5.5016,44.7416,-61.7436,-64.2986,-61.7633,-34.8662,512,51.0312,-75.4208,51.5144,-41.5295,7.21477,4.76756,4.04028,-11.0149,-75.4208,48.3707,-41.536,-5.5016,7.2497,4.34316,3.56873,-5.68594,1,-75.4208,48.7219,-40.9997,7.4067,4.39057,3.6214,
LLLYFLLAVLLGLLLGTLILI,033002300210021003312,000110011001100110000,L--YF--AV-LGL-LGT--L-,1.67783e+09,1,339.793,-343.932,-4.13948,-60.7907,-62.798,-60.5902,-58.948,-221.778,-222.077,-221.775,-245.649,-339.029,4649.46,3716.73,3690.9,51.1953,0.000175503,-12.5929,-4.71867,47.0558,-61.3629,-66.7465,-61.3825,-34.4318,467,302.327,-75.4208,48.3707,-41.536,7.2497,4.34316,3.56873,-10.0734,-75.4208,48.7219,-40.9997,-4.71867,7.4067,4.39057,3.6214,-4.90297,0,-75.4208,48.7219,-40.9997,7.4067,4.39057,3.6214,
LLLYVLLGILLGLLLAFLILI,033002300210021003312,000110011001100110000,L--YV--GI-LGL-LAF--L-,1.67783e+09,1,338.534,-346.81,-8.27653,-49.6833,-50.8712,-49.4839,-45.1579,-222.494,-223.023,-222.492,-245.978,-337.944,4552.63,3844.82,3692.49,47.607,0.000321755,-18.868,-8.68425,39.3305,-74.6327,-82.9177,-74.6516,-46.8081,510,2.26837,-75.4208,51.1166,-43.0911,7.04297,4.71386,3.98061,-14.6278,-75.4208,51.5144,-41.5295,-8.68425,7.21477,4.76756,4.04028,-8.86667,2,-75.4208,48.7219,-40.9997,7.4067,4.39057,3.6214,
Total Time: 1171 minutes
