03_03_2023
Self Consistent Mean Field Start Time: Fri Mar  3 02:20:19 2023
Elapsed time of program: 0.31min

Running Self Consistent Mean Field
Initial Sequence:   LLLTLLLGTLLGTLLGTLILI
Best Sequence:      LLLTLLLGTLLGTLLGTLILI
Interface Sequence: L--TL--GT-LGT-LGT--L-
Total Energy:       -27
VDW:                -78.9
HBOND:              -94.6
Self Consistent Mean Field End Time: Fri Mar  3 03:12:38 2023
Elapsed time of program: 52.6min

Monte Carlo Sequence Search Replicate 0 Start Time: Fri Mar  3 03:12:44 2023
Elapsed time of program: 52.7min

  - SelfPairManager energy calculation 0 Start Time: Fri Mar  3 03:12:57 2023
Elapsed time of program: 52.9min

  - SelfPairManager energy calculation 0 End Time: Fri Mar  3 03:13:37 2023
Elapsed time of program: 53.6min

- End monte carlo sequence search #0: 61min; Monte Carlo ended at Temp: 0.547

- Best Sequence: LLLTLLLGVLLGFLLAILILI; Energy w/ baseline: -19.4
Monte Carlo Sequence Search Replicate 0 End Time: Fri Mar  3 04:14:35 2023
Elapsed time of program: 115min

Compute Monomer Energy Start Time: Fri Mar  3 04:14:57 2023
Elapsed time of program: 115min

-Dimer - Monomer = -372 - -346 = -26.6
Compute Monomer Energy End Time: Fri Mar  3 04:17:38 2023
Elapsed time of program: 118min

Backbone optimize replicate 0 Start Time: Fri Mar  3 04:17:38 2023
Elapsed time of program: 118min

Backbone optimize replicate 0 End Time: Fri Mar  3 05:32:40 2023
Elapsed time of program: 193min

Monte Carlo Sequence Search Replicate 1 Start Time: Fri Mar  3 05:32:41 2023
Elapsed time of program: 193min

  - SelfPairManager energy calculation 1 Start Time: Fri Mar  3 05:32:56 2023
Elapsed time of program: 193min

  - SelfPairManager energy calculation 1 End Time: Fri Mar  3 05:33:39 2023
Elapsed time of program: 194min

- End monte carlo sequence search #1: 62.7min; Monte Carlo ended at Temp: 0.547

- Best Sequence: LLLTLLLGILLGFLLSVLILI; Energy w/ baseline: -36.2
Monte Carlo Sequence Search Replicate 1 End Time: Fri Mar  3 06:36:20 2023
Elapsed time of program: 256min

Compute Monomer Energy Start Time: Fri Mar  3 06:36:42 2023
Elapsed time of program: 257min

-Dimer - Monomer = -397 - -361 = -36.5
Compute Monomer Energy End Time: Fri Mar  3 06:39:41 2023
Elapsed time of program: 260min

Backbone optimize replicate 1 Start Time: Fri Mar  3 06:39:41 2023
Elapsed time of program: 260min

Backbone optimize replicate 1 End Time: Fri Mar  3 09:03:01 2023
Elapsed time of program: 403min

Monte Carlo Sequence Search Replicate 2 Start Time: Fri Mar  3 09:03:02 2023
Elapsed time of program: 403min

  - SelfPairManager energy calculation 2 Start Time: Fri Mar  3 09:03:15 2023
Elapsed time of program: 403min

  - SelfPairManager energy calculation 2 End Time: Fri Mar  3 09:03:55 2023
Elapsed time of program: 404min

- End monte carlo sequence search #2: 57.5min; Monte Carlo ended at Temp: 0.547

- Best Sequence: LLLAVLLGILLGFLLSLLILI; Energy w/ baseline: -31
Monte Carlo Sequence Search Replicate 2 End Time: Fri Mar  3 10:01:24 2023
Elapsed time of program: 461min

Compute Monomer Energy Start Time: Fri Mar  3 10:01:48 2023
Elapsed time of program: 462min

-Dimer - Monomer = -386 - -354 = -31.9
Compute Monomer Energy End Time: Fri Mar  3 10:05:11 2023
Elapsed time of program: 465min

Backbone optimize replicate 2 Start Time: Fri Mar  3 10:05:12 2023
Elapsed time of program: 465min

Backbone optimize replicate 2 End Time: Fri Mar  3 11:53:10 2023
Elapsed time of program: 573min

Monte Carlo Sequence Search Replicate 3 Start Time: Fri Mar  3 11:53:11 2023
Elapsed time of program: 573min

  - SelfPairManager energy calculation 3 Start Time: Fri Mar  3 11:53:28 2023
Elapsed time of program: 573min

  - SelfPairManager energy calculation 3 End Time: Fri Mar  3 11:54:16 2023
Elapsed time of program: 574min

- End monte carlo sequence search #3: 67min; Monte Carlo ended at Temp: 0.547

- Best Sequence: LLLAVLLGILLGLLLSFLILI; Energy w/ baseline: -31.3
Monte Carlo Sequence Search Replicate 3 End Time: Fri Mar  3 13:01:19 2023
Elapsed time of program: 641min

Compute Monomer Energy Start Time: Fri Mar  3 13:02:00 2023
Elapsed time of program: 642min

-Dimer - Monomer = -385 - -358 = -27
Compute Monomer Energy End Time: Fri Mar  3 13:04:56 2023
Elapsed time of program: 645min

Backbone optimize replicate 3 Start Time: Fri Mar  3 13:04:56 2023
Elapsed time of program: 645min

Backbone optimize replicate 3 End Time: Fri Mar  3 14:54:04 2023
Elapsed time of program: 754min

Monte Carlo Sequence Search Replicate 4 Start Time: Fri Mar  3 14:54:05 2023
Elapsed time of program: 754min

  - SelfPairManager energy calculation 4 Start Time: Fri Mar  3 14:54:17 2023
Elapsed time of program: 754min

  - SelfPairManager energy calculation 4 End Time: Fri Mar  3 14:54:58 2023
Elapsed time of program: 755min

- End monte carlo sequence search #4: 67.2min; Monte Carlo ended at Temp: 0.547

- Best Sequence: LLLALLLGILLGFLLSTLILI; Energy w/ baseline: -35.3
Monte Carlo Sequence Search Replicate 4 End Time: Fri Mar  3 16:02:07 2023
Elapsed time of program: 822min

Compute Monomer Energy Start Time: Fri Mar  3 16:02:30 2023
Elapsed time of program: 823min

-Dimer - Monomer = -394 - -362 = -32.5
Compute Monomer Energy End Time: Fri Mar  3 16:05:19 2023
Elapsed time of program: 825min

Backbone optimize replicate 4 Start Time: Fri Mar  3 16:05:19 2023
Elapsed time of program: 825min

Backbone optimize replicate 4 End Time: Fri Mar  3 17:56:59 2023
Elapsed time of program: 937min

Sequence,RotamerValues,Interface,InterfaceSequence,Seed,Density,Baseline,Dimer,Dimerw/Baseline,HBONDDimer,HBONDDimerOptimize,HBONDDimerPreOptimize,HBONDMonomer,IMM1Dimer,IMM1DimerOptimize,IMM1DimerPreOptimize,IMM1Monomer,Monomer,MonomerSasa,OptimizeSasa,PreBBOptimizeSasa,SequenceEntropy,SequenceProbability,Total,TotalPreOptimize,Totalw/Entropy,VDWDimer,VDWDimerOptimize,VDWDimerPreOptimize,VDWMonomer,acceptCycleNumber,acceptTemp,endAxialRotation,endAxialRotationPrime,endCrossingAngle,endXShift,endZShift,endZShiftPrime,firstRepackEnergy,preOptimizeAxialRotation,preOptimizeAxialRotationPrime,preOptimizeCrossingAngle,preOptimizeEnergy,preOptimizeXShift,preOptimizeZShift,preOptimizeZShiftPrime,preRepackTotal,replicateNumber,startAxialRotation,startAxialRotationPrime,startCrossingAngle,startXShift,startZShift,startZShiftPrime,
LLLALLLGILLGFLLSTLILI,133002200210031003312,000110011001100110000,L--AL--GI-LGF-LST--L-,1.67783e+09,1,358.957,-394.242,-35.2854,-84.0278,-87.2399,-83.8909,-74.1477,-217.964,-221.361,-217.959,-237.496,-361.72,4469.92,3603.22,3523.52,49.0751,0.000251088,-42.8116,-32.3979,13.7896,-92.2499,-95.9302,-92.2675,-50.0758,506,211.811,-85.9497,45.988,-46.9206,6.44989,5.60084,4.79066,-37.5215,-85.9497,45.7821,-47.0658,-32.3979,6.51826,5.57304,4.75977,-32.5225,4,-85.9497,42.6516,-45,6.5506,5.15043,4.2902,
LLLAVLLGILLGFLLSLLILI,133002200210031003312,000110011001100110000,L--AV--GI-LGF-LSL--L-,1.67783e+09,1,355.222,-386.262,-31.0393,-70.3104,-73.0713,-70.1718,-60.3926,-218.612,-219.742,-218.606,-237.436,-354.399,4411.82,3582.71,3577.57,45.247,0.000479349,-40.0767,-31.7354,14.2078,-97.3393,-101.662,-97.3565,-56.5711,511,124.21,-85.9497,45.2245,-47.5367,6.48744,5.49776,4.67613,-35.1214,-85.9497,45.2053,-46.8517,-31.7354,6.48242,5.49518,4.67326,-31.8624,2,-85.9497,42.6516,-45,6.5506,5.15043,4.2902,
LLLAVLLGILLGLLLSFLILI,133002200210031003312,000110011001100110000,L--AV--GI-LGL-LSF--L-,1.67783e+09,1,353.848,-385.137,-31.289,-70.2375,-73.2671,-70.0994,-60.4659,-218.714,-219.988,-218.709,-237.47,-358.098,4386.21,3695.36,3594.94,45.247,0.000479349,-34.3374,-26.9128,13.958,-96.1856,-99.1808,-96.203,-60.1622,486,113.638,-85.9497,45.7821,-47.0658,6.51826,5.57304,4.75977,-34.1674,-85.9497,45.2245,-47.5367,-26.9128,6.48744,5.49776,4.67613,-27.0391,3,-85.9497,42.6516,-45,6.5506,5.15043,4.2902,
LLLTLLLGILLGFLLSVLILI,133002200210031003312,000110011001100110000,L--TL--GI-LGF-LSV--L-,1.67783e+09,1,361.083,-397.29,-36.2073,-70.5885,-73.021,-70.443,-60.3577,-225.944,-226.583,-225.943,-244.355,-360.833,4512.86,3542.43,3503.05,49.8243,0.000221238,-46.7576,-36.323,13.617,-100.757,-107.986,-100.77,-56.1201,482,17.549,-85.9497,45.2053,-46.8517,6.48242,5.49518,4.67326,-41.0049,-85.9497,44.9658,-46.9475,-36.323,6.38167,5.46284,4.63733,-36.457,1,-85.9497,42.6516,-45,6.5506,5.15043,4.2902,
LLLTLLLGVLLGFLLAILILI,133002200210031003312,000110011001100110000,L--TL--GV-LGF-LAI--L-,1.67783e+09,1,352.912,-372.282,-19.3705,-53.2247,-55.1332,-53.0174,-45.1579,-222.458,-224.517,-222.457,-242.567,-345.645,4477.71,3640.19,3570.82,45.8438,0.000433384,-40.8357,-26.4457,26.4733,-96.5995,-106.83,-96.6169,-57.9207,465,276.595,-85.9497,44.9658,-46.9475,6.38167,5.46284,4.63733,-33.3937,-85.9497,42.6516,-45,-26.4457,6.5506,5.15043,4.2902,-26.6368,0,-85.9497,42.6516,-45,6.5506,5.15043,4.2902,
Total Time: 937 minutes
