***STARTING GEOMETRY***
xShift;        Before: 6.5506; After: 6.5506
crossingAngle; Before: -45; After: -45
axialRotation; Before: -85.9497; After: -85.9497
zShift;        Before: 5.15043; After: 5.15043

axialRotationPrime; Before: 42.6516; After: 42.6516
zShiftPrime;        Before: 4.2902; After: 4.2902

Starting Repack Cycles
MCAccept 0 xShift: 6.5506 crossingAngle: -45.5325 axialRotation: -85.9497 zShift: 5.15043 energy: -33.3937
MCAccept 1 xShift: 6.49773 crossingAngle: -45.5325 axialRotation: -85.9497 zShift: 5.15043 energy: -34.0331
MCAccept 2 xShift: 6.49773 crossingAngle: -45.8954 axialRotation: -85.9497 zShift: 5.15043 energy: -34.7099
MCAccept 3 xShift: 6.47648 crossingAngle: -45.8954 axialRotation: -85.9497 zShift: 5.15043 energy: -34.8921
MCAccept 4 xShift: 6.43538 crossingAngle: -45.8954 axialRotation: -85.9497 zShift: 5.15043 energy: -35.285
MCReject   xShift: 6.43538 crossingAngle: -45.8954 axialRotation: -86.1254 zShift: 5.15043 energy: -35.127
MCAccept 5 xShift: 6.39799 crossingAngle: -45.8954 axialRotation: -85.9497 zShift: 5.15043 energy: -35.5251
MCAccept 6 xShift: 6.39799 crossingAngle: -46.2317 axialRotation: -85.9497 zShift: 5.15043 energy: -35.9343
MCAccept 7 xShift: 6.39799 crossingAngle: -46.5989 axialRotation: -85.9497 zShift: 5.15043 energy: -36.2195
MCAccept 8 xShift: 6.39799 crossingAngle: -46.5989 axialRotation: -85.9497 zShift: 5.16417 energy: -36.4171
MCReject   xShift: 6.39799 crossingAngle: -46.5989 axialRotation: -85.9497 zShift: 5.13555 energy: -35.9327
MCReject   xShift: 6.39799 crossingAngle: -46.5989 axialRotation: -85.9497 zShift: 5.13166 energy: -35.3104
MCAccept 9 xShift: 6.39799 crossingAngle: -46.7141 axialRotation: -85.9497 zShift: 5.16417 energy: -36.5228
MCAccept 10 xShift: 6.39799 crossingAngle: -46.7141 axialRotation: -85.9497 zShift: 5.1876 energy: -37.0825
MCAccept 11 xShift: 6.39799 crossingAngle: -47.064 axialRotation: -85.9497 zShift: 5.1876 energy: -37.837
MCAccept 12 xShift: 6.39799 crossingAngle: -47.064 axialRotation: -85.9497 zShift: 5.15558 energy: -37.1789
MCAccept 13 xShift: 6.35763 crossingAngle: -47.064 axialRotation: -85.9497 zShift: 5.15558 energy: -37.159
MCAccept 14 xShift: 6.35763 crossingAngle: -47.064 axialRotation: -85.9497 zShift: 5.12426 energy: -36.0478
MCAccept 15 xShift: 6.35763 crossingAngle: -47.064 axialRotation: -85.9497 zShift: 5.07711 energy: -35.1459
MCAccept 16 xShift: 6.35763 crossingAngle: -47.064 axialRotation: -85.9497 zShift: 5.12892 energy: -36.492
MCAccept 17 xShift: 6.35763 crossingAngle: -46.8436 axialRotation: -85.9497 zShift: 5.12892 energy: -36.0347
MCAccept 18 xShift: 6.35763 crossingAngle: -46.8919 axialRotation: -85.9497 zShift: 5.12892 energy: -36.0487
MCAccept 19 xShift: 6.35763 crossingAngle: -46.7282 axialRotation: -85.9497 zShift: 5.12892 energy: -35.9977
MCAccept 20 xShift: 6.35763 crossingAngle: -46.7751 axialRotation: -85.9497 zShift: 5.12892 energy: -35.9722
MCAccept 21 xShift: 6.35763 crossingAngle: -46.7751 axialRotation: -85.9497 zShift: 5.12257 energy: -35.902
MCAccept 22 xShift: 6.35763 crossingAngle: -46.7751 axialRotation: -85.9497 zShift: 5.16646 energy: -36.5666
MCReject   xShift: 6.35763 crossingAngle: -46.7751 axialRotation: -85.9497 zShift: 5.10168 energy: -35.4936
MCAccept 23 xShift: 6.35763 crossingAngle: -47.0286 axialRotation: -85.9497 zShift: 5.16646 energy: -37.3243
MCAccept 24 xShift: 6.35763 crossingAngle: -47.0286 axialRotation: -85.9497 zShift: 5.17272 energy: -37.4592
MCAccept 25 xShift: 6.35763 crossingAngle: -46.8597 axialRotation: -85.9497 zShift: 5.17272 energy: -37.0951
MCReject   xShift: 6.43978 crossingAngle: -46.8597 axialRotation: -85.9497 zShift: 5.17272 energy: -36.9723
MCAccept 26 xShift: 6.36596 crossingAngle: -46.8597 axialRotation: -85.9497 zShift: 5.17272 energy: -37.1258
MCAccept 27 xShift: 6.36596 crossingAngle: -46.8597 axialRotation: -85.9497 zShift: 5.24992 energy: -38.8426
MCAccept 28 xShift: 6.36596 crossingAngle: -47.1002 axialRotation: -85.9497 zShift: 5.24992 energy: -39.0755
MCAccept 29 xShift: 6.38241 crossingAngle: -47.1002 axialRotation: -85.9497 zShift: 5.24992 energy: -39.027
MCAccept 30 xShift: 6.36073 crossingAngle: -47.1002 axialRotation: -85.9497 zShift: 5.24992 energy: -39.0779
MCAccept 31 xShift: 6.36073 crossingAngle: -47.1002 axialRotation: -85.9497 zShift: 5.29896 energy: -39.7722
MCAccept 32 xShift: 6.36073 crossingAngle: -47.1002 axialRotation: -85.9497 zShift: 5.2648 energy: -39.311
MCAccept 33 xShift: 6.36073 crossingAngle: -47.0599 axialRotation: -85.9497 zShift: 5.2648 energy: -39.2865
MCAccept 34 xShift: 6.43787 crossingAngle: -47.0599 axialRotation: -85.9497 zShift: 5.2648 energy: -38.8903
MCAccept 35 xShift: 6.43787 crossingAngle: -47.1986 axialRotation: -85.9497 zShift: 5.2648 energy: -38.967
MCAccept 36 xShift: 6.43787 crossingAngle: -47.1986 axialRotation: -85.9497 zShift: 5.26165 energy: -38.9164
MCAccept 37 xShift: 6.43787 crossingAngle: -47.1986 axialRotation: -85.9497 zShift: 5.25881 energy: -38.8702
MCReject   xShift: 6.45907 crossingAngle: -47.1986 axialRotation: -85.9497 zShift: 5.25881 energy: -38.6264
MCAccept 38 xShift: 6.41465 crossingAngle: -47.1986 axialRotation: -85.9497 zShift: 5.25881 energy: -39.0744
MCAccept 39 xShift: 6.41465 crossingAngle: -47.1986 axialRotation: -85.9497 zShift: 5.22274 energy: -38.4456
MCAccept 40 xShift: 6.41465 crossingAngle: -46.546 axialRotation: -85.9497 zShift: 5.22274 energy: -37.4881
MCAccept 41 xShift: 6.43458 crossingAngle: -46.546 axialRotation: -85.9497 zShift: 5.22274 energy: -37.4257
MCAccept 42 xShift: 6.43458 crossingAngle: -46.244 axialRotation: -85.9497 zShift: 5.22274 energy: -36.9616
MCAccept 43 xShift: 6.43458 crossingAngle: -46.1501 axialRotation: -85.9497 zShift: 5.22274 energy: -36.9091
MCAccept 44 xShift: 6.49343 crossingAngle: -46.1501 axialRotation: -85.9497 zShift: 5.22274 energy: -36.3107
MCAccept 45 xShift: 6.49343 crossingAngle: -46.1254 axialRotation: -85.9497 zShift: 5.22274 energy: -36.3439
MCAccept 46 xShift: 6.49343 crossingAngle: -46.2107 axialRotation: -85.9497 zShift: 5.22274 energy: -36.3764
MCAccept 47 xShift: 6.49343 crossingAngle: -46.2107 axialRotation: -85.9497 zShift: 5.23646 energy: -36.5504
MCAccept 48 xShift: 6.49343 crossingAngle: -46.2107 axialRotation: -85.9497 zShift: 5.19048 energy: -35.8466
MCAccept 49 xShift: 6.49343 crossingAngle: -46.2107 axialRotation: -85.9497 zShift: 5.19121 energy: -35.9022
MCAccept 50 xShift: 6.49343 crossingAngle: -46.016 axialRotation: -85.9497 zShift: 5.19121 energy: -35.7276
MCAccept 51 xShift: 6.5457 crossingAngle: -46.016 axialRotation: -85.9497 zShift: 5.19121 energy: -34.9869
MCAccept 52 xShift: 6.5457 crossingAngle: -46.0581 axialRotation: -85.9497 zShift: 5.19121 energy: -35.0102
MCAccept 53 xShift: 6.4378 crossingAngle: -46.0581 axialRotation: -85.9497 zShift: 5.19121 energy: -36.2829
MCAccept 54 xShift: 6.4378 crossingAngle: -46.0581 axialRotation: -85.9497 zShift: 5.26515 energy: -37.3663
MCAccept 55 xShift: 6.4378 crossingAngle: -45.6921 axialRotation: -85.9497 zShift: 5.26515 energy: -37.1672
MCAccept 56 xShift: 6.4378 crossingAngle: -45.6921 axialRotation: -85.9497 zShift: 5.2942 energy: -37.6685
MCAccept 57 xShift: 6.45958 crossingAngle: -45.6921 axialRotation: -85.9497 zShift: 5.2942 energy: -37.4527
MCAccept 58 xShift: 6.45958 crossingAngle: -45.6921 axialRotation: -85.9497 zShift: 5.29197 energy: -37.4316
MCAccept 59 xShift: 6.37969 crossingAngle: -45.6921 axialRotation: -85.9497 zShift: 5.29197 energy: -37.9546
MCAccept 60 xShift: 6.37969 crossingAngle: -45.6921 axialRotation: -85.9497 zShift: 5.31943 energy: -38.3633
MCAccept 61 xShift: 6.37969 crossingAngle: -45.8658 axialRotation: -85.9497 zShift: 5.31943 energy: -38.442
MCAccept 62 xShift: 6.37969 crossingAngle: -45.8658 axialRotation: -85.9497 zShift: 5.25983 energy: -37.5898
MCAccept 63 xShift: 6.37969 crossingAngle: -45.8658 axialRotation: -85.9497 zShift: 5.2913 energy: -38.059
MCAccept 64 xShift: 6.37969 crossingAngle: -45.8658 axialRotation: -85.9497 zShift: 5.32121 energy: -38.4475
MCAccept 65 xShift: 6.37969 crossingAngle: -46.121 axialRotation: -85.9497 zShift: 5.32121 energy: -38.8318
MCAccept 66 xShift: 6.37969 crossingAngle: -46.0093 axialRotation: -85.9497 zShift: 5.32121 energy: -38.5276
MCAccept 67 xShift: 6.39332 crossingAngle: -46.0093 axialRotation: -85.9497 zShift: 5.32121 energy: -38.5052
MCAccept 68 xShift: 6.35494 crossingAngle: -46.0093 axialRotation: -85.9497 zShift: 5.32121 energy: -38.4654
MCAccept 69 xShift: 6.41124 crossingAngle: -46.0093 axialRotation: -85.9497 zShift: 5.32121 energy: -38.4094
MCAccept 70 xShift: 6.41124 crossingAngle: -46.0336 axialRotation: -85.9497 zShift: 5.32121 energy: -38.6118
MCReject   xShift: 6.41124 crossingAngle: -46.0336 axialRotation: -85.6155 zShift: 5.32121 energy: -38.5314
MCAccept 71 xShift: 6.41124 crossingAngle: -46.0336 axialRotation: -85.9497 zShift: 5.30492 energy: -38.2058
MCAccept 72 xShift: 6.43666 crossingAngle: -46.0336 axialRotation: -85.9497 zShift: 5.30492 energy: -38.177
MCReject   xShift: 6.43666 crossingAngle: -45.8894 axialRotation: -85.9497 zShift: 5.30492 energy: -37.9574
MCReject   xShift: 6.43666 crossingAngle: -46.0336 axialRotation: -85.9497 zShift: 5.26203 energy: -37.3605
MCAccept 73 xShift: 6.42364 crossingAngle: -46.0336 axialRotation: -85.9497 zShift: 5.30492 energy: -38.2396
MCAccept 74 xShift: 6.42364 crossingAngle: -46.0336 axialRotation: -85.9497 zShift: 5.24683 energy: -37.2209
MCAccept 75 xShift: 6.42364 crossingAngle: -45.8161 axialRotation: -85.9497 zShift: 5.24683 energy: -37.0329
MCAccept 76 xShift: 6.42364 crossingAngle: -45.6288 axialRotation: -85.9497 zShift: 5.24683 energy: -36.8014
MCAccept 77 xShift: 6.392 crossingAngle: -45.6288 axialRotation: -85.9497 zShift: 5.24683 energy: -37.1108
MCAccept 78 xShift: 6.3769 crossingAngle: -45.6288 axialRotation: -85.9497 zShift: 5.24683 energy: -37.1936
MCAccept 79 xShift: 6.3769 crossingAngle: -45.6288 axialRotation: -85.9497 zShift: 5.2724 energy: -37.6687
MCAccept 80 xShift: 6.3769 crossingAngle: -45.6288 axialRotation: -85.9497 zShift: 5.29823 energy: -38.0738
MCReject   xShift: 6.3769 crossingAngle: -45.4676 axialRotation: -85.9497 zShift: 5.29823 energy: -37.9502
MCAccept 81 xShift: 6.3769 crossingAngle: -45.6288 axialRotation: -85.9497 zShift: 5.28008 energy: -37.7461
MCAccept 82 xShift: 6.3769 crossingAngle: -45.6288 axialRotation: -85.9497 zShift: 5.24932 energy: -37.2432
MCReject   xShift: 6.3769 crossingAngle: -45.6288 axialRotation: -85.9497 zShift: 5.20915 energy: -36.374
MCAccept 83 xShift: 6.3769 crossingAngle: -45.6288 axialRotation: -85.9497 zShift: 5.28869 energy: -37.9324
MCAccept 84 xShift: 6.3814 crossingAngle: -45.6288 axialRotation: -85.9497 zShift: 5.28869 energy: -37.8968
MCReject   xShift: 6.29843 crossingAngle: -45.6288 axialRotation: -85.9497 zShift: 5.28869 energy: -37.7139
MCAccept 85 xShift: 6.3814 crossingAngle: -45.6288 axialRotation: -85.9497 zShift: 5.30042 energy: -38.0697
MCReject   xShift: 6.3814 crossingAngle: -45.6288 axialRotation: -85.9497 zShift: 5.21726 energy: -36.4805
MCAccept 86 xShift: 6.43104 crossingAngle: -45.6288 axialRotation: -85.9497 zShift: 5.30042 energy: -37.7462
MCAccept 87 xShift: 6.43104 crossingAngle: -46.0973 axialRotation: -85.9497 zShift: 5.30042 energy: -38.2362
MCAccept 88 xShift: 6.43277 crossingAngle: -46.0973 axialRotation: -85.9497 zShift: 5.30042 energy: -38.2268
MCAccept 89 xShift: 6.43277 crossingAngle: -45.8916 axialRotation: -85.9497 zShift: 5.30042 energy: -37.8823
MCAccept 90 xShift: 6.43572 crossingAngle: -45.8916 axialRotation: -85.9497 zShift: 5.30042 energy: -37.8867
MCAccept 91 xShift: 6.44204 crossingAngle: -45.8916 axialRotation: -85.9497 zShift: 5.30042 energy: -37.8426
MCReject   xShift: 6.44204 crossingAngle: -45.8916 axialRotation: -85.9497 zShift: 5.22983 energy: -36.7135
MCAccept 92 xShift: 6.45085 crossingAngle: -45.8916 axialRotation: -85.9497 zShift: 5.30042 energy: -37.7511
MCReject   xShift: 6.45085 crossingAngle: -45.8916 axialRotation: -85.9497 zShift: 5.29058 energy: -37.6037
MCReject   xShift: 6.45085 crossingAngle: -45.8916 axialRotation: -85.9497 zShift: 5.25101 energy: -36.9741
MCAccept 93 xShift: 6.45085 crossingAngle: -46.335 axialRotation: -85.9497 zShift: 5.30042 energy: -38.5067
MCAccept 94 xShift: 6.45085 crossingAngle: -46.335 axialRotation: -85.9497 zShift: 5.31324 energy: -38.7691
MCReject   xShift: 6.45085 crossingAngle: -46.335 axialRotation: -85.9497 zShift: 5.28384 energy: -38.163
MCAccept 95 xShift: 6.45085 crossingAngle: -46.4511 axialRotation: -85.9497 zShift: 5.31324 energy: -38.9634
MCAccept 96 xShift: 6.45085 crossingAngle: -46.4511 axialRotation: -85.9497 zShift: 5.30994 energy: -38.9034
MCReject   xShift: 6.45085 crossingAngle: -46.4511 axialRotation: -86.2171 zShift: 5.30994 energy: -38.8448
MCReject   xShift: 6.45085 crossingAngle: -46.4511 axialRotation: -85.9497 zShift: 5.298 energy: -38.572
MCAccept 97 xShift: 6.45085 crossingAngle: -46.2615 axialRotation: -85.9497 zShift: 5.30994 energy: -38.5578
MCAccept 98 xShift: 6.45085 crossingAngle: -46.4399 axialRotation: -85.9497 zShift: 5.30994 energy: -38.8852
MCReject   xShift: 6.45085 crossingAngle: -46.4399 axialRotation: -85.9497 zShift: 5.27161 energy: -38.0954
MCAccept 99 xShift: 6.45085 crossingAngle: -46.6828 axialRotation: -85.9497 zShift: 5.30994 energy: -39.1968
MCAccept 100 xShift: 6.45085 crossingAngle: -46.6828 axialRotation: -85.9497 zShift: 5.35329 energy: -39.7978
MCAccept 101 xShift: 6.45092 crossingAngle: -46.6828 axialRotation: -85.9497 zShift: 5.35329 energy: -39.7973
MCReject   xShift: 6.49704 crossingAngle: -46.6828 axialRotation: -85.9497 zShift: 5.35329 energy: -39.2408
MCAccept 102 xShift: 6.45092 crossingAngle: -46.6828 axialRotation: -85.9497 zShift: 5.33041 energy: -39.5017
MCReject   xShift: 6.45092 crossingAngle: -46.6828 axialRotation: -85.9497 zShift: 5.30999 energy: -39.1968
MCAccept 103 xShift: 6.45092 crossingAngle: -46.6495 axialRotation: -85.9497 zShift: 5.33041 energy: -39.4736
MCAccept 104 xShift: 6.45092 crossingAngle: -46.7264 axialRotation: -85.9497 zShift: 5.33041 energy: -39.5353
MCAccept 105 xShift: 6.45092 crossingAngle: -46.7264 axialRotation: -85.9497 zShift: 5.33771 energy: -39.6316
MCAccept 106 xShift: 6.45092 crossingAngle: -46.7264 axialRotation: -85.9497 zShift: 5.36467 energy: -39.9524
MCAccept 107 xShift: 6.45092 crossingAngle: -46.7264 axialRotation: -85.9497 zShift: 5.38212 energy: -40.134
MCAccept 108 xShift: 6.43592 crossingAngle: -46.7264 axialRotation: -85.9497 zShift: 5.38212 energy: -40.2597
MCReject   xShift: 6.43592 crossingAngle: -46.7264 axialRotation: -85.9497 zShift: 5.36683 energy: -40.1053
MCReject   xShift: 6.43592 crossingAngle: -46.7264 axialRotation: -85.7754 zShift: 5.38212 energy: -40.23
MCAccept 109 xShift: 6.43592 crossingAngle: -46.7264 axialRotation: -85.9497 zShift: 5.40843 energy: -40.4717
MCAccept 110 xShift: 6.39497 crossingAngle: -46.7264 axialRotation: -85.9497 zShift: 5.40843 energy: -40.6198
MCReject   xShift: 6.39497 crossingAngle: -46.2893 axialRotation: -85.9497 zShift: 5.40843 energy: -40.3345
MCAccept 111 xShift: 6.39497 crossingAngle: -47.0246 axialRotation: -85.9497 zShift: 5.40843 energy: -40.7094
MCReject   xShift: 6.39497 crossingAngle: -46.8485 axialRotation: -85.9497 zShift: 5.40843 energy: -40.6601
MCAccept 112 xShift: 6.39497 crossingAngle: -47.0246 axialRotation: -85.9497 zShift: 5.4022 energy: -40.674
MCReject   xShift: 6.43998 crossingAngle: -47.0246 axialRotation: -85.9497 zShift: 5.4022 energy: -40.3973
MCAccept 113 xShift: 6.39497 crossingAngle: -46.9828 axialRotation: -85.9497 zShift: 5.4022 energy: -40.6655
MCAccept 114 xShift: 6.39497 crossingAngle: -46.9828 axialRotation: -85.9497 zShift: 5.40568 energy: -40.6868
MCReject   xShift: 6.41989 crossingAngle: -46.9828 axialRotation: -85.9497 zShift: 5.40568 energy: -40.5718
MCAccept 115 xShift: 6.39497 crossingAngle: -46.9725 axialRotation: -85.9497 zShift: 5.40568 energy: -40.6845
MCReject   xShift: 6.35495 crossingAngle: -46.9725 axialRotation: -85.9497 zShift: 5.40568 energy: -40.6653
MCReject   xShift: 6.39497 crossingAngle: -46.8519 axialRotation: -85.9497 zShift: 5.40568 energy: -40.6459
MCAccept 116 xShift: 6.39497 crossingAngle: -47.0564 axialRotation: -85.9497 zShift: 5.40568 energy: -40.698
MCReject   xShift: 6.39497 crossingAngle: -47.0564 axialRotation: -85.9497 zShift: 5.39329 energy: -40.6285
MCAccept 117 xShift: 6.39497 crossingAngle: -47.15 axialRotation: -85.9497 zShift: 5.40568 energy: -40.7046
MCAccept 118 xShift: 6.35984 crossingAngle: -47.15 axialRotation: -85.9497 zShift: 5.40568 energy: -40.7154
MCReject   xShift: 6.35984 crossingAngle: -47.15 axialRotation: -85.5561 zShift: 5.40568 energy: -40.5629
MCAccept 119 xShift: 6.35984 crossingAngle: -47.1207 axialRotation: -85.9497 zShift: 5.40568 energy: -40.7134
MCAccept 120 xShift: 6.35984 crossingAngle: -47.2011 axialRotation: -85.9497 zShift: 5.40568 energy: -40.7156
MCReject   xShift: 6.35984 crossingAngle: -47.2011 axialRotation: -85.9497 zShift: 5.39031 energy: -40.6588
MCReject   xShift: 6.34045 crossingAngle: -47.2011 axialRotation: -85.9497 zShift: 5.40568 energy: -40.6312
MCAccept 121 xShift: 6.38447 crossingAngle: -47.2011 axialRotation: -85.9497 zShift: 5.40568 energy: -40.7274
MCAccept 122 xShift: 6.39049 crossingAngle: -47.2011 axialRotation: -85.9497 zShift: 5.40568 energy: -40.7153
MCAccept 123 xShift: 6.39049 crossingAngle: -47.1378 axialRotation: -85.9497 zShift: 5.40568 energy: -40.7168
MCAccept 124 xShift: 6.38333 crossingAngle: -47.1378 axialRotation: -85.9497 zShift: 5.40568 energy: -40.73
MCAccept 125 xShift: 6.38333 crossingAngle: -47.1378 axialRotation: -85.9497 zShift: 5.45446 energy: -40.8147
MCAccept 126 xShift: 6.38167 crossingAngle: -47.1378 axialRotation: -85.9497 zShift: 5.45446 energy: -40.8133
MCReject   xShift: 6.41309 crossingAngle: -47.1378 axialRotation: -85.9497 zShift: 5.45446 energy: -40.765
MCReject   xShift: 6.38167 crossingAngle: -47.1457 axialRotation: -85.9497 zShift: 5.45446 energy: -40.8111
MCAccept 127 xShift: 6.38167 crossingAngle: -46.8522 axialRotation: -85.9497 zShift: 5.45446 energy: -40.8349
MCAccept 128 xShift: 6.38167 crossingAngle: -46.9475 axialRotation: -85.9497 zShift: 5.45446 energy: -40.8408
MCReject   xShift: 6.38167 crossingAngle: -47.0491 axialRotation: -85.9497 zShift: 5.45446 energy: -40.8321
MCAccept 129 xShift: 6.38167 crossingAngle: -46.9475 axialRotation: -85.9497 zShift: 5.46993 energy: -40.8244
MCReject   xShift: 6.38167 crossingAngle: -46.7592 axialRotation: -85.9497 zShift: 5.46993 energy: -40.8144
MCReject   xShift: 6.38167 crossingAngle: -46.8671 axialRotation: -85.9497 zShift: 5.46993 energy: -40.8269
MCReject   xShift: 6.38167 crossingAngle: -46.6852 axialRotation: -85.9497 zShift: 5.46993 energy: -40.7942
MCReject   xShift: 6.38167 crossingAngle: -46.9475 axialRotation: -85.5552 zShift: 5.46993 energy: -40.5418
MCReject   xShift: 6.38167 crossingAngle: -46.9592 axialRotation: -85.9497 zShift: 5.46993 energy: -40.8233
MCReject   xShift: 6.32195 crossingAngle: -46.9475 axialRotation: -85.9497 zShift: 5.46993 energy: -40.3788
MCReject   xShift: 6.38253 crossingAngle: -46.9475 axialRotation: -85.9497 zShift: 5.46993 energy: -40.8259
MCReject   xShift: 6.38167 crossingAngle: -46.7347 axialRotation: -85.9497 zShift: 5.46993 energy: -40.8088
MCAccept 130 xShift: 6.38167 crossingAngle: -46.9475 axialRotation: -85.9497 zShift: 5.44188 energy: -40.8321
MCAccept 131 xShift: 6.38167 crossingAngle: -46.9475 axialRotation: -85.9497 zShift: 5.46284 energy: -40.8357
MCReject   xShift: 6.38167 crossingAngle: -46.8818 axialRotation: -85.9497 zShift: 5.46284 energy: -40.8361
MCReject   xShift: 6.38167 crossingAngle: -46.9475 axialRotation: -86.0469 zShift: 5.46284 energy: -40.864
MCReject   xShift: 6.38167 crossingAngle: -46.9475 axialRotation: -86.0212 zShift: 5.46284 energy: -40.8577
MCReject   xShift: 6.38167 crossingAngle: -46.9475 axialRotation: -85.9497 zShift: 5.46477 energy: -40.8333
MCReject   xShift: 6.38167 crossingAngle: -46.9475 axialRotation: -86.0988 zShift: 5.46284 energy: -40.8745
MCReject   xShift: 6.38167 crossingAngle: -46.8075 axialRotation: -85.9497 zShift: 5.46284 energy: -40.8285
MCReject   xShift: 6.38167 crossingAngle: -46.9475 axialRotation: -85.9497 zShift: 5.48548 energy: -40.7766
MCReject   xShift: 6.38167 crossingAngle: -46.9475 axialRotation: -85.9497 zShift: 5.46875 energy: -40.8267
MCReject   xShift: 6.35331 crossingAngle: -46.9475 axialRotation: -85.9497 zShift: 5.46284 energy: -40.7208
MCReject   xShift: 6.38167 crossingAngle: -46.9475 axialRotation: -85.9497 zShift: 5.46855 energy: -40.8271
MCReject   xShift: 6.40428 crossingAngle: -46.9475 axialRotation: -85.9497 zShift: 5.46284 energy: -40.8287
MCReject   xShift: 6.38167 crossingAngle: -47.0706 axialRotation: -85.9497 zShift: 5.46284 energy: -40.8185
MCReject   xShift: 6.38167 crossingAngle: -46.7671 axialRotation: -85.9497 zShift: 5.46284 energy: -40.8204
MCReject   xShift: 6.38167 crossingAngle: -46.9475 axialRotation: -85.9497 zShift: 5.46617 energy: -40.8312
MCReject   xShift: 6.35719 crossingAngle: -46.9475 axialRotation: -85.9497 zShift: 5.46284 energy: -40.7453
MCReject   xShift: 6.38167 crossingAngle: -46.9475 axialRotation: -85.6769 zShift: 5.46284 energy: -40.6912
MCReject   xShift: 6.38167 crossingAngle: -47.0721 axialRotation: -85.9497 zShift: 5.46284 energy: -40.8182
MCReject   xShift: 6.37128 crossingAngle: -46.9475 axialRotation: -85.9497 zShift: 5.46284 energy: -40.8104
MCReject   xShift: 6.39782 crossingAngle: -46.9475 axialRotation: -85.9497 zShift: 5.46284 energy: -40.839
MCReject   xShift: 6.38167 crossingAngle: -46.9475 axialRotation: -85.9497 zShift: 5.48696 energy: -40.7703
MCReject   xShift: 6.38167 crossingAngle: -46.7868 axialRotation: -85.9497 zShift: 5.46284 energy: -40.8247
MCReject   xShift: 6.38167 crossingAngle: -47.155 axialRotation: -85.9497 zShift: 5.46284 energy: -40.7956
MCReject   xShift: 6.38167 crossingAngle: -46.9475 axialRotation: -85.9497 zShift: 5.47801 energy: -40.8035
MCReject   xShift: 6.38167 crossingAngle: -46.9475 axialRotation: -85.7799 zShift: 5.46284 energy: -40.7575
MCReject   xShift: 6.38167 crossingAngle: -46.837 axialRotation: -85.9497 zShift: 5.46284 energy: -40.8326
MCReject   xShift: 6.38167 crossingAngle: -46.9475 axialRotation: -85.6445 zShift: 5.46284 energy: -40.6673
MCReject   xShift: 6.38167 crossingAngle: -46.9475 axialRotation: -85.9497 zShift: 5.4916 energy: -40.7489
MCReject   xShift: 6.38038 crossingAngle: -46.9475 axialRotation: -85.9497 zShift: 5.46284 energy: -40.8336
MCReject   xShift: 6.38167 crossingAngle: -46.9475 axialRotation: -85.9497 zShift: 5.43281 energy: -40.7961
MCReject   xShift: 6.38167 crossingAngle: -46.9475 axialRotation: -85.9946 zShift: 5.46284 energy: -40.8502
MCReject   xShift: 6.38167 crossingAngle: -46.9475 axialRotation: -86.155 zShift: 5.46284 energy: -40.8823
MCReject   xShift: 6.37798 crossingAngle: -46.9475 axialRotation: -85.9497 zShift: 5.46284 energy: -40.8289
MCReject   xShift: 6.38167 crossingAngle: -46.9475 axialRotation: -86.0463 zShift: 5.46284 energy: -40.8639
MCReject   xShift: 6.37214 crossingAngle: -46.9475 axialRotation: -85.9497 zShift: 5.46284 energy: -40.8132
MCReject   xShift: 6.38167 crossingAngle: -46.9475 axialRotation: -85.5844 zShift: 5.46284 energy: -40.6017
MCReject   xShift: 6.38167 crossingAngle: -46.9475 axialRotation: -86.109 zShift: 5.46284 energy: -40.8762
MCReject   xShift: 6.33582 crossingAngle: -46.9475 axialRotation: -85.9497 zShift: 5.46284 energy: -40.5737
MCReject   xShift: 6.38167 crossingAngle: -46.9475 axialRotation: -85.671 zShift: 5.46284 energy: -40.687
MCReject   xShift: 6.38403 crossingAngle: -46.9475 axialRotation: -85.9497 zShift: 5.46284 energy: -40.8389
MCReject   xShift: 6.38167 crossingAngle: -46.9475 axialRotation: -85.666 zShift: 5.46284 energy: -40.666
MCReject   xShift: 6.38167 crossingAngle: -46.9475 axialRotation: -85.6968 zShift: 5.46284 energy: -40.6878
MCReject   xShift: 6.38167 crossingAngle: -46.9475 axialRotation: -85.9497 zShift: 5.46749 energy: -40.829
MCReject   xShift: 6.40812 crossingAngle: -46.9475 axialRotation: -85.9497 zShift: 5.46284 energy: -40.8195
MCReject   xShift: 6.38167 crossingAngle: -46.9475 axialRotation: -85.4664 zShift: 5.46284 energy: -40.5076
MCReject   xShift: 6.4267 crossingAngle: -46.9475 axialRotation: -85.9497 zShift: 5.46284 energy: -40.7268
MCReject   xShift: 6.38167 crossingAngle: -46.9475 axialRotation: -86.0031 zShift: 5.46284 energy: -40.8527
MCReject   xShift: 6.38167 crossingAngle: -46.9475 axialRotation: -85.9497 zShift: 5.47359 energy: -40.7978
MCReject   xShift: 6.38671 crossingAngle: -46.9475 axialRotation: -85.9497 zShift: 5.46284 energy: -40.8413
MCReject   xShift: 6.38167 crossingAngle: -46.9475 axialRotation: -85.918 zShift: 5.46284 energy: -40.8239
MCReject   xShift: 6.38167 crossingAngle: -46.82 axialRotation: -85.9497 zShift: 5.46284 energy: -40.8304
MCReject   xShift: 6.38167 crossingAngle: -46.9475 axialRotation: -85.9497 zShift: 5.42361 energy: -40.7851
MCReject   xShift: 6.38167 crossingAngle: -46.9103 axialRotation: -85.9497 zShift: 5.46284 energy: -40.8368
MCReject   xShift: 6.41613 crossingAngle: -46.9475 axialRotation: -85.9497 zShift: 5.46284 energy: -40.7932
MCReject   xShift: 6.3673 crossingAngle: -46.9475 axialRotation: -85.9497 zShift: 5.46284 energy: -40.7957
MCReject   xShift: 6.38167 crossingAngle: -46.8574 axialRotation: -85.9497 zShift: 5.46284 energy: -40.8346
MCReject   xShift: 6.38167 crossingAngle: -46.9475 axialRotation: -86.0962 zShift: 5.46284 energy: -40.8741
MCReject   xShift: 6.35939 crossingAngle: -46.9475 axialRotation: -85.9497 zShift: 5.46284 energy: -40.7579
MCReject   xShift: 6.40944 crossingAngle: -46.9475 axialRotation: -85.9497 zShift: 5.46284 energy: -40.798
MCReject   xShift: 6.38167 crossingAngle: -46.9475 axialRotation: -86.2259 zShift: 5.46284 energy: -40.887
MCReject   xShift: 6.39604 crossingAngle: -46.9475 axialRotation: -85.9497 zShift: 5.46284 energy: -40.8228
MCReject   xShift: 6.34769 crossingAngle: -46.9475 axialRotation: -85.9497 zShift: 5.46284 energy: -40.6619
MCReject   xShift: 6.38167 crossingAngle: -46.8746 axialRotation: -85.9497 zShift: 5.46284 energy: -40.8358
MCReject   xShift: 6.38167 crossingAngle: -46.9475 axialRotation: -85.5287 zShift: 5.46284 energy: -40.5689
MCReject   xShift: 6.38167 crossingAngle: -46.9475 axialRotation: -85.9497 zShift: 5.44608 energy: -40.8372
MCReject   xShift: 6.38167 crossingAngle: -46.9475 axialRotation: -85.9497 zShift: 5.48689 energy: -40.7706
MCReject   xShift: 6.38167 crossingAngle: -46.8851 axialRotation: -85.9497 zShift: 5.46284 energy: -40.8363
MCReject   xShift: 6.38167 crossingAngle: -46.9475 axialRotation: -86.0764 zShift: 5.46284 energy: -40.8704
MCReject   xShift: 6.38211 crossingAngle: -46.9475 axialRotation: -85.9497 zShift: 5.46284 energy: -40.8364
MCReject   xShift: 6.38906 crossingAngle: -46.9475 axialRotation: -85.9497 zShift: 5.46284 energy: -40.8425
MCReject   xShift: 6.39618 crossingAngle: -46.9475 axialRotation: -85.9497 zShift: 5.46284 energy: -40.8406
MCReject   xShift: 6.38167 crossingAngle: -46.9475 axialRotation: -85.9134 zShift: 5.46284 energy: -40.8221
MCReject   xShift: 6.38167 crossingAngle: -47.0457 axialRotation: -85.9497 zShift: 5.46284 energy: -40.8236
MCReject   xShift: 6.38167 crossingAngle: -46.911 axialRotation: -85.9497 zShift: 5.46284 energy: -40.8368
MCReject   xShift: 6.38167 crossingAngle: -46.9475 axialRotation: -85.9497 zShift: 5.45561 energy: -40.8407
MCReject   xShift: 6.38167 crossingAngle: -46.9475 axialRotation: -85.9497 zShift: 5.44371 energy: -40.8346
MCReject   xShift: 6.38167 crossingAngle: -46.9475 axialRotation: -85.9263 zShift: 5.46284 energy: -40.8271
MCReject   xShift: 6.38167 crossingAngle: -46.9475 axialRotation: -85.9497 zShift: 5.44794 energy: -40.8388
MCReject   xShift: 6.38167 crossingAngle: -46.9475 axialRotation: -86.1472 zShift: 5.46284 energy: -40.8814
MCReject   xShift: 6.38167 crossingAngle: -46.9475 axialRotation: -85.9497 zShift: 5.44499 energy: -40.8361
MCReject   xShift: 6.38167 crossingAngle: -47.1355 axialRotation: -85.9497 zShift: 5.46284 energy: -40.8016
MCReject   xShift: 6.38167 crossingAngle: -46.9475 axialRotation: -85.9497 zShift: 5.45726 energy: -40.8401
MCReject   xShift: 6.38167 crossingAngle: -46.9475 axialRotation: -85.9161 zShift: 5.46284 energy: -40.8232
MCReject   xShift: 6.38167 crossingAngle: -46.9475 axialRotation: -85.9497 zShift: 5.49422 energy: -40.7355
MCReject   xShift: 6.36416 crossingAngle: -46.9475 axialRotation: -85.9497 zShift: 5.46284 energy: -40.7821
MCReject   xShift: 6.38167 crossingAngle: -46.9475 axialRotation: -85.9497 zShift: 5.44812 energy: -40.8389
MCReject   xShift: 6.38167 crossingAngle: -46.9475 axialRotation: -85.9497 zShift: 5.4521 energy: -40.8407
MCReject   xShift: 6.38167 crossingAngle: -46.8317 axialRotation: -85.9497 zShift: 5.46284 energy: -40.832
MCReject   xShift: 6.38957 crossingAngle: -46.9475 axialRotation: -85.9497 zShift: 5.46284 energy: -40.8426
MCReject   xShift: 6.38167 crossingAngle: -46.7715 axialRotation: -85.9497 zShift: 5.46284 energy: -40.8214
MCReject   xShift: 6.38167 crossingAngle: -46.9475 axialRotation: -85.551 zShift: 5.46284 energy: -40.5895
MCReject   xShift: 6.38167 crossingAngle: -46.9475 axialRotation: -86.1547 zShift: 5.46284 energy: -40.8823
MCReject   xShift: 6.39484 crossingAngle: -46.9475 axialRotation: -85.9497 zShift: 5.46284 energy: -40.8416
MCReject   xShift: 6.39596 crossingAngle: -46.9475 axialRotation: -85.9497 zShift: 5.46284 energy: -40.8408
MCReject   xShift: 6.36561 crossingAngle: -46.9475 axialRotation: -85.9497 zShift: 5.46284 energy: -40.7886
MCReject   xShift: 6.38167 crossingAngle: -46.9475 axialRotation: -85.9497 zShift: 5.44481 energy: -40.8181
MCReject   xShift: 6.38167 crossingAngle: -46.9475 axialRotation: -85.9497 zShift: 5.47026 energy: -40.8237
MCReject   xShift: 6.41214 crossingAngle: -46.9475 axialRotation: -85.9497 zShift: 5.46284 energy: -40.8075
MCReject   xShift: 6.38167 crossingAngle: -46.9475 axialRotation: -85.9497 zShift: 5.48275 energy: -40.7873
MCReject   xShift: 6.38167 crossingAngle: -46.9475 axialRotation: -85.9234 zShift: 5.46284 energy: -40.826
MCReject   xShift: 6.38167 crossingAngle: -46.9475 axialRotation: -85.9497 zShift: 5.42491 energy: -40.7898
MCReject   xShift: 6.38167 crossingAngle: -46.9475 axialRotation: -85.9497 zShift: 5.46058 energy: -40.838
MCReject   xShift: 6.37614 crossingAngle: -46.9475 axialRotation: -85.9497 zShift: 5.46284 energy: -40.8065
MCReject   xShift: 6.40749 crossingAngle: -46.9475 axialRotation: -85.9497 zShift: 5.46284 energy: -40.8211
MCReject   xShift: 6.38167 crossingAngle: -46.9475 axialRotation: -85.4565 zShift: 5.46284 energy: -40.4972
MCReject   xShift: 6.38167 crossingAngle: -46.9475 axialRotation: -85.6353 zShift: 5.46284 energy: -40.6602
MCReject   xShift: 6.37217 crossingAngle: -46.9475 axialRotation: -85.9497 zShift: 5.46284 energy: -40.8133
MCReject   xShift: 6.38167 crossingAngle: -46.9475 axialRotation: -85.9497 zShift: 5.44941 energy: -40.8397
End Repack Cycles

***REPACK GEOMETRY***
xShift;        Before: 6.5506; After: 6.38167
crossingAngle; Before: -45; After: -46.9475
axialRotation; Before: -85.9497; After: -85.9497
zShift;        Before: 5.15043; After: 5.46284

axialRotationPrime; Before: 42.6516; After: 44.9658
zShiftPrime;        Before: 4.2902; After: 4.63733

Energy;        Before: -26.4457; After: -40.8357

Completed all cycles. Accepted 182/334
Monte Carlo repack complete. Time: 74.5min

