03_03_2023
Self Consistent Mean Field Start Time: Fri Mar  3 00:43:07 2023
Elapsed time of program: 0.303min

Running Self Consistent Mean Field
Initial Sequence:   LLLYYLLGTLLGYLLSTLILI
Best Sequence:      LLLYYLLGTLLGYLLSTLILI
Interface Sequence: L--YY--GT-LGY-LST--L-
Total Energy:       -28.2
VDW:                -44
HBOND:              -92.4
Self Consistent Mean Field End Time: Fri Mar  3 01:35:41 2023
Elapsed time of program: 52.9min

Monte Carlo Sequence Search Replicate 0 Start Time: Fri Mar  3 01:35:50 2023
Elapsed time of program: 53min

  - SelfPairManager energy calculation 0 Start Time: Fri Mar  3 01:36:04 2023
Elapsed time of program: 53.3min

  - SelfPairManager energy calculation 0 End Time: Fri Mar  3 01:36:46 2023
Elapsed time of program: 54min

- End monte carlo sequence search #0: 75min; Monte Carlo ended at Temp: 0.547

- Best Sequence: LLLAYLLGLLLGFLLSTLILI; Energy w/ baseline: -22.1
Monte Carlo Sequence Search Replicate 0 End Time: Fri Mar  3 02:51:45 2023
Elapsed time of program: 129min

Compute Monomer Energy Start Time: Fri Mar  3 02:52:09 2023
Elapsed time of program: 129min

-Dimer - Monomer = -370 - -355 = -14.3
Compute Monomer Energy End Time: Fri Mar  3 02:56:39 2023
Elapsed time of program: 134min

Backbone optimize replicate 0 Start Time: Fri Mar  3 02:56:39 2023
Elapsed time of program: 134min

Backbone optimize replicate 0 End Time: Fri Mar  3 07:27:37 2023
Elapsed time of program: 405min

Monte Carlo Sequence Search Replicate 1 Start Time: Fri Mar  3 07:27:38 2023
Elapsed time of program: 405min

  - SelfPairManager energy calculation 1 Start Time: Fri Mar  3 07:27:54 2023
Elapsed time of program: 405min

  - SelfPairManager energy calculation 1 End Time: Fri Mar  3 07:28:39 2023
Elapsed time of program: 406min

- End monte carlo sequence search #1: 75.9min; Monte Carlo ended at Temp: 0.547

- Best Sequence: LLLAYLLGTLLGFLLSLLILI; Energy w/ baseline: -23.4
Monte Carlo Sequence Search Replicate 1 End Time: Fri Mar  3 08:44:35 2023
Elapsed time of program: 482min

Compute Monomer Energy Start Time: Fri Mar  3 08:45:04 2023
Elapsed time of program: 482min

-Dimer - Monomer = -370 - -353 = -16.5
Compute Monomer Energy End Time: Fri Mar  3 08:49:50 2023
Elapsed time of program: 487min

Backbone optimize replicate 1 Start Time: Fri Mar  3 08:49:51 2023
Elapsed time of program: 487min

Backbone optimize replicate 1 End Time: Fri Mar  3 14:10:09 2023
Elapsed time of program: 807min

Monte Carlo Sequence Search Replicate 2 Start Time: Fri Mar  3 14:10:11 2023
Elapsed time of program: 807min

  - SelfPairManager energy calculation 2 Start Time: Fri Mar  3 14:10:28 2023
Elapsed time of program: 808min

  - SelfPairManager energy calculation 2 End Time: Fri Mar  3 14:11:13 2023
Elapsed time of program: 808min

- End monte carlo sequence search #2: 73min; Monte Carlo ended at Temp: 0.547

- Best Sequence: LLLAYLLGTLLGFLLSLLILI; Energy w/ baseline: -26.3
Monte Carlo Sequence Search Replicate 2 End Time: Fri Mar  3 15:24:11 2023
Elapsed time of program: 881min

Sequence,RotamerValues,Interface,InterfaceSequence,Seed,Density,Baseline,Dimer,Dimerw/Baseline,HBONDDimer,HBONDDimerOptimize,HBONDDimerPreOptimize,HBONDMonomer,IMM1Dimer,IMM1DimerOptimize,IMM1DimerPreOptimize,IMM1Monomer,Monomer,MonomerSasa,OptimizeSasa,PreBBOptimizeSasa,SequenceEntropy,SequenceProbability,Total,TotalPreOptimize,Totalw/Entropy,VDWDimer,VDWDimerOptimize,VDWDimerPreOptimize,VDWMonomer,acceptCycleNumber,acceptTemp,endAxialRotation,endAxialRotationPrime,endCrossingAngle,endXShift,endZShift,endZShiftPrime,firstRepackEnergy,preOptimizeAxialRotation,preOptimizeAxialRotationPrime,preOptimizeCrossingAngle,preOptimizeEnergy,preOptimizeXShift,preOptimizeZShift,preOptimizeZShiftPrime,preRepackTotal,replicateNumber,startAxialRotation,startAxialRotationPrime,startCrossingAngle,startXShift,startZShift,startZShiftPrime,
LLLAYLLGLLLGFLLSTLILI,133002200310021003312,000110011001100110000,L--AY--GL-LGF-LST--L-,1.67783e+09,1,347.609,-369.67,-22.0603,-78.6824,-80.7002,-78.5431,-74.2158,-220.703,-223.212,-220.696,-243.922,-355.338,4494.63,3664.51,3616.09,54.4266,0.00010168,-24.7319,-14.2027,32.3663,-70.2837,-76.1582,-70.3024,-37.2005,447,471.669,-83.7533,50.0489,-43.6412,7.36007,5.81959,5.07032,-18.9238,-83.7533,47.7994,-42.6647,-14.2027,7.5,5.51591,4.7329,-14.3312,0,-83.7533,47.7994,-42.6647,7.5,5.51591,4.7329,
LLLAYLLGTLLGFLLSLLILI,133002200310021003312,000110011001100110000,L--AY--GT-LGF-LSL--L-,1.67783e+09,1,346.316,-369.674,-23.3574,-79.7201,-82.2124,-79.5808,-74.1954,-222.265,-222.491,-222.258,-242.766,-353.213,4494.57,3654.32,3613.96,54.4266,0.00010168,-27.7474,-16.3336,31.0692,-67.6882,-76.2569,-67.7071,-36.2508,469,177.29,-83.7533,50.791,-41.4403,7.2125,5.91978,5.18165,-21.9636,-83.7533,50.0489,-43.6412,-16.3336,7.36007,5.81959,5.07032,-16.4611,1,-83.7533,47.7994,-42.6647,7.5,5.51591,4.7329,
Total Time: 882 minutes
