***STARTING GEOMETRY***
xShift;        Before: 6.69097; After: 6.69097
crossingAngle; Before: -43.8564; After: -43.8564
axialRotation; Before: -70.6256; After: -70.6256
zShift;        Before: 3.27355; After: 3.27355

axialRotationPrime; Before: 45.7757; After: 45.7757
zShiftPrime;        Before: 2.46019; After: 2.46019

Starting Repack Cycles
MCAccept 0 xShift: 6.69097 crossingAngle: -43.8564 axialRotation: -70.6256 zShift: 3.27685 energy: -23.6563
MCAccept 1 xShift: 6.69097 crossingAngle: -43.8245 axialRotation: -70.6256 zShift: 3.27685 energy: -23.5223
MCAccept 2 xShift: 6.69097 crossingAngle: -43.6389 axialRotation: -70.6256 zShift: 3.27685 energy: -22.6567
MCAccept 3 xShift: 6.69097 crossingAngle: -43.5654 axialRotation: -70.6256 zShift: 3.27685 energy: -22.2697
MCAccept 4 xShift: 6.69097 crossingAngle: -43.5654 axialRotation: -70.6256 zShift: 3.23368 energy: -19.9383
MCAccept 5 xShift: 6.694 crossingAngle: -43.5654 axialRotation: -70.6256 zShift: 3.23368 energy: -19.9434
MCAccept 6 xShift: 6.694 crossingAngle: -44.0544 axialRotation: -70.6256 zShift: 3.23368 energy: -22.7884
MCAccept 7 xShift: 6.694 crossingAngle: -44.0544 axialRotation: -70.6256 zShift: 3.26857 energy: -24.1715
MCAccept 8 xShift: 6.694 crossingAngle: -44.0544 axialRotation: -70.6256 zShift: 3.28623 energy: -24.7509
MCAccept 9 xShift: 6.694 crossingAngle: -44.7492 axialRotation: -70.6256 zShift: 3.28623 energy: -26.5152
MCAccept 10 xShift: 6.63803 crossingAngle: -44.7492 axialRotation: -70.6256 zShift: 3.28623 energy: -27.1334
MCAccept 11 xShift: 6.6045 crossingAngle: -44.7492 axialRotation: -70.6256 zShift: 3.28623 energy: -27.3738
MCAccept 12 xShift: 6.6045 crossingAngle: -44.7492 axialRotation: -70.6256 zShift: 3.28953 energy: -27.4461
MCAccept 13 xShift: 6.6045 crossingAngle: -44.7492 axialRotation: -70.6256 zShift: 3.37089 energy: -28.5523
MCAccept 14 xShift: 6.6045 crossingAngle: -44.5917 axialRotation: -70.6256 zShift: 3.37089 energy: -28.2937
MCAccept 15 xShift: 6.6045 crossingAngle: -44.5071 axialRotation: -70.6256 zShift: 3.37089 energy: -28.1726
MCAccept 16 xShift: 6.6045 crossingAngle: -44.5703 axialRotation: -70.6256 zShift: 3.37089 energy: -28.2644
MCAccept 17 xShift: 6.6045 crossingAngle: -45.1887 axialRotation: -70.6256 zShift: 3.37089 energy: -29.0148
MCAccept 18 xShift: 6.6045 crossingAngle: -45.358 axialRotation: -70.6256 zShift: 3.37089 energy: -29.0986
MCAccept 19 xShift: 6.6045 crossingAngle: -45.0112 axialRotation: -70.6256 zShift: 3.37089 energy: -28.8745
MCAccept 20 xShift: 6.66283 crossingAngle: -45.0112 axialRotation: -70.6256 zShift: 3.37089 energy: -28.3025
MCAccept 21 xShift: 6.59863 crossingAngle: -45.0112 axialRotation: -70.6256 zShift: 3.37089 energy: -28.912
MCAccept 22 xShift: 6.59851 crossingAngle: -45.0112 axialRotation: -70.6256 zShift: 3.37089 energy: -28.9127
MCAccept 23 xShift: 6.59851 crossingAngle: -45.0112 axialRotation: -70.6256 zShift: 3.33443 energy: -28.6442
MCReject   xShift: 6.64094 crossingAngle: -45.0112 axialRotation: -70.6256 zShift: 3.33443 energy: -28.2691
MCAccept 24 xShift: 6.59851 crossingAngle: -44.9212 axialRotation: -70.6256 zShift: 3.33443 energy: -28.5249
MCAccept 25 xShift: 6.64157 crossingAngle: -44.9212 axialRotation: -70.6256 zShift: 3.33443 energy: -28.1674
MCAccept 26 xShift: 6.68929 crossingAngle: -44.9212 axialRotation: -70.6256 zShift: 3.33443 energy: -27.5606
MCAccept 27 xShift: 6.69221 crossingAngle: -44.9212 axialRotation: -70.6256 zShift: 3.33443 energy: -27.5154
MCAccept 28 xShift: 6.69221 crossingAngle: -44.9212 axialRotation: -70.6256 zShift: 3.29899 energy: -27.0152
MCReject   xShift: 6.69221 crossingAngle: -44.9212 axialRotation: -70.6256 zShift: 3.15614 energy: -22.8098
MCAccept 29 xShift: 6.68565 crossingAngle: -44.9212 axialRotation: -70.6256 zShift: 3.29899 energy: -27.1105
MCAccept 30 xShift: 6.66675 crossingAngle: -44.9212 axialRotation: -70.6256 zShift: 3.29899 energy: -27.3629
MCReject   xShift: 6.7306 crossingAngle: -44.9212 axialRotation: -70.6256 zShift: 3.29899 energy: -26.3573
MCAccept 31 xShift: 6.66675 crossingAngle: -44.8518 axialRotation: -70.6256 zShift: 3.29899 energy: -27.2682
MCAccept 32 xShift: 6.66675 crossingAngle: -44.8518 axialRotation: -70.6256 zShift: 3.29741 energy: -27.2396
MCReject   xShift: 6.75698 crossingAngle: -44.8518 axialRotation: -70.6256 zShift: 3.29741 energy: -25.547
MCAccept 33 xShift: 6.66675 crossingAngle: -44.7791 axialRotation: -70.6256 zShift: 3.29741 energy: -27.128
MCAccept 34 xShift: 6.67805 crossingAngle: -44.7791 axialRotation: -70.6256 zShift: 3.29741 energy: -26.9925
MCAccept 35 xShift: 6.67805 crossingAngle: -44.8616 axialRotation: -70.6256 zShift: 3.29741 energy: -27.1114
MCAccept 36 xShift: 6.68029 crossingAngle: -44.8616 axialRotation: -70.6256 zShift: 3.29741 energy: -27.0819
MCAccept 37 xShift: 6.68029 crossingAngle: -44.8616 axialRotation: -70.6256 zShift: 3.28411 energy: -26.8267
MCAccept 38 xShift: 6.69118 crossingAngle: -44.8616 axialRotation: -70.6256 zShift: 3.28411 energy: -26.6795
MCAccept 39 xShift: 6.71206 crossingAngle: -44.8616 axialRotation: -70.6256 zShift: 3.28411 energy: -26.3661
MCAccept 40 xShift: 6.71206 crossingAngle: -44.8616 axialRotation: -70.6256 zShift: 3.20114 energy: -24.1713
MCAccept 41 xShift: 6.71206 crossingAngle: -44.8616 axialRotation: -70.6256 zShift: 3.2588 energy: -25.8265
MCReject   xShift: 6.71206 crossingAngle: -44.8616 axialRotation: -70.6256 zShift: 3.23969 energy: -25.346
MCReject   xShift: 6.71206 crossingAngle: -44.6144 axialRotation: -70.6256 zShift: 3.2588 energy: -25.3642
MCAccept 42 xShift: 6.71206 crossingAngle: -45.059 axialRotation: -70.6256 zShift: 3.2588 energy: -26.1056
MCAccept 43 xShift: 6.70796 crossingAngle: -45.059 axialRotation: -70.6256 zShift: 3.2588 energy: -26.1725
MCAccept 44 xShift: 6.7632 crossingAngle: -45.059 axialRotation: -70.6256 zShift: 3.2588 energy: -25.0483
MCAccept 45 xShift: 6.81116 crossingAngle: -45.059 axialRotation: -70.6256 zShift: 3.2588 energy: -24.181
MCAccept 46 xShift: 6.6995 crossingAngle: -45.059 axialRotation: -70.6256 zShift: 3.2588 energy: -26.3053
MCAccept 47 xShift: 6.6995 crossingAngle: -44.954 axialRotation: -70.6256 zShift: 3.2588 energy: -26.1577
MCAccept 48 xShift: 6.6995 crossingAngle: -44.7584 axialRotation: -70.6256 zShift: 3.2588 energy: -25.8201
MCAccept 49 xShift: 6.6995 crossingAngle: -44.4619 axialRotation: -70.6256 zShift: 3.2588 energy: -25.1483
MCReject   xShift: 6.6995 crossingAngle: -44.1808 axialRotation: -70.6256 zShift: 3.2588 energy: -24.2707
MCAccept 50 xShift: 6.6995 crossingAngle: -44.4619 axialRotation: -70.6256 zShift: 3.25726 energy: -25.102
MCAccept 51 xShift: 6.6995 crossingAngle: -44.4619 axialRotation: -70.6256 zShift: 3.37472 energy: -27.2998
MCReject   xShift: 6.7098 crossingAngle: -44.4619 axialRotation: -70.6256 zShift: 3.37472 energy: -27.1472
MCAccept 52 xShift: 6.6995 crossingAngle: -44.4619 axialRotation: -70.6256 zShift: 3.44769 energy: -27.3246
MCAccept 53 xShift: 6.6995 crossingAngle: -44.4619 axialRotation: -70.6256 zShift: 3.42683 energy: -27.4017
MCAccept 54 xShift: 6.73558 crossingAngle: -44.4619 axialRotation: -70.6256 zShift: 3.42683 energy: -26.9773
MCAccept 55 xShift: 6.73558 crossingAngle: -44.4619 axialRotation: -70.6256 zShift: 3.43607 energy: -27.0013
MCAccept 56 xShift: 6.73558 crossingAngle: -44.2917 axialRotation: -70.6256 zShift: 3.43607 energy: -26.861
MCAccept 57 xShift: 6.73558 crossingAngle: -44.3811 axialRotation: -70.6256 zShift: 3.43607 energy: -26.94
MCAccept 58 xShift: 6.73558 crossingAngle: -44.5037 axialRotation: -70.6256 zShift: 3.43607 energy: -27.0585
MCAccept 59 xShift: 6.73706 crossingAngle: -44.5037 axialRotation: -70.6256 zShift: 3.43607 energy: -27.0474
MCAccept 60 xShift: 6.73706 crossingAngle: -44.5037 axialRotation: -70.6256 zShift: 3.40362 energy: -26.8852
MCReject   xShift: 6.73706 crossingAngle: -44.5037 axialRotation: -70.6256 zShift: 3.34628 energy: -26.4327
MCAccept 61 xShift: 6.73706 crossingAngle: -44.5037 axialRotation: -70.6256 zShift: 3.38564 energy: -26.728
MCReject   xShift: 6.73706 crossingAngle: -44.5037 axialRotation: -70.6256 zShift: 3.24776 energy: -24.4595
MCAccept 62 xShift: 6.73706 crossingAngle: -44.9765 axialRotation: -70.6256 zShift: 3.38564 energy: -27.1375
MCAccept 63 xShift: 6.73706 crossingAngle: -44.8189 axialRotation: -70.6256 zShift: 3.38564 energy: -27.0413
MCAccept 64 xShift: 6.73706 crossingAngle: -44.9891 axialRotation: -70.6256 zShift: 3.38564 energy: -27.1436
MCAccept 65 xShift: 6.73706 crossingAngle: -44.9012 axialRotation: -70.6256 zShift: 3.38564 energy: -27.096
MCAccept 66 xShift: 6.80008 crossingAngle: -44.9012 axialRotation: -70.6256 zShift: 3.38564 energy: -26.309
MCAccept 67 xShift: 6.80008 crossingAngle: -44.6234 axialRotation: -70.6256 zShift: 3.38564 energy: -26.1459
MCReject   xShift: 6.87246 crossingAngle: -44.6234 axialRotation: -70.6256 zShift: 3.38564 energy: -25.1292
MCAccept 68 xShift: 6.75288 crossingAngle: -44.6234 axialRotation: -70.6256 zShift: 3.38564 energy: -26.7058
MCAccept 69 xShift: 6.75288 crossingAngle: -44.8793 axialRotation: -70.6256 zShift: 3.38564 energy: -26.9012
MCAccept 70 xShift: 6.72956 crossingAngle: -44.8793 axialRotation: -70.6256 zShift: 3.38564 energy: -27.1639
MCAccept 71 xShift: 6.72956 crossingAngle: -44.8793 axialRotation: -70.6256 zShift: 3.34237 energy: -26.8022
MCAccept 72 xShift: 6.76141 crossingAngle: -44.8793 axialRotation: -70.6256 zShift: 3.34237 energy: -26.2884
MCReject   xShift: 6.76141 crossingAngle: -44.8793 axialRotation: -70.6256 zShift: 3.27392 energy: -25.2121
MCAccept 73 xShift: 6.80874 crossingAngle: -44.8793 axialRotation: -70.6256 zShift: 3.34237 energy: -25.6289
MCAccept 74 xShift: 6.78241 crossingAngle: -44.8793 axialRotation: -70.6256 zShift: 3.34237 energy: -26.007
MCReject   xShift: 6.78241 crossingAngle: -44.8793 axialRotation: -70.6256 zShift: 3.28073 energy: -24.898
MCAccept 75 xShift: 6.82417 crossingAngle: -44.8793 axialRotation: -70.6256 zShift: 3.34237 energy: -25.4034
MCAccept 76 xShift: 6.82417 crossingAngle: -44.6775 axialRotation: -70.6256 zShift: 3.34237 energy: -25.2694
MCReject   xShift: 6.85335 crossingAngle: -44.6775 axialRotation: -70.6256 zShift: 3.34237 energy: -24.8365
MCAccept 77 xShift: 6.82417 crossingAngle: -44.6775 axialRotation: -70.6256 zShift: 3.35334 energy: -25.4372
MCReject   xShift: 6.85354 crossingAngle: -44.6775 axialRotation: -70.6256 zShift: 3.35334 energy: -25.0062
MCReject   xShift: 6.82417 crossingAngle: -44.6775 axialRotation: -70.6256 zShift: 3.33478 energy: -25.1454
MCReject   xShift: 6.82417 crossingAngle: -44.6775 axialRotation: -71.1738 zShift: 3.35334 energy: -25.1682
MCReject   xShift: 6.82417 crossingAngle: -44.6775 axialRotation: -70.6256 zShift: 3.35525 energy: -25.4651
MCReject   xShift: 6.82417 crossingAngle: -44.6217 axialRotation: -70.6256 zShift: 3.35334 energy: -25.396
MCReject   xShift: 6.82417 crossingAngle: -44.6775 axialRotation: -70.6256 zShift: 3.33122 energy: -25.085
MCReject   xShift: 6.82213 crossingAngle: -44.6775 axialRotation: -70.6256 zShift: 3.35334 energy: -25.467
MCReject   xShift: 6.84167 crossingAngle: -44.6775 axialRotation: -70.6256 zShift: 3.35334 energy: -25.1834
MCReject   xShift: 6.82417 crossingAngle: -44.6775 axialRotation: -71.1403 zShift: 3.35334 energy: -25.1848
MCReject   xShift: 6.85631 crossingAngle: -44.6775 axialRotation: -70.6256 zShift: 3.35334 energy: -24.9642
MCAccept 78 xShift: 6.8155 crossingAngle: -44.6775 axialRotation: -70.6256 zShift: 3.35334 energy: -25.3256
MCReject   xShift: 6.8155 crossingAngle: -44.6775 axialRotation: -70.6256 zShift: 3.28475 energy: -24.2812
MCAccept 79 xShift: 6.8155 crossingAngle: -44.6684 axialRotation: -70.6256 zShift: 3.35334 energy: -25.5556
MCAccept 80 xShift: 6.78697 crossingAngle: -44.6684 axialRotation: -70.6256 zShift: 3.35334 energy: -25.9447
MCReject   xShift: 6.78697 crossingAngle: -44.7624 axialRotation: -70.6256 zShift: 3.35334 energy: -25.7669
MCAccept 81 xShift: 6.78697 crossingAngle: -45.0994 axialRotation: -70.6256 zShift: 3.35334 energy: -26.2042
MCReject   xShift: 6.80298 crossingAngle: -45.0994 axialRotation: -70.6256 zShift: 3.35334 energy: -25.9685
MCAccept 82 xShift: 6.78697 crossingAngle: -44.8657 axialRotation: -70.6256 zShift: 3.35334 energy: -26.0885
MCAccept 83 xShift: 6.78697 crossingAngle: -45.2228 axialRotation: -70.6256 zShift: 3.35334 energy: -26.2496
MCAccept 84 xShift: 6.78697 crossingAngle: -45.2005 axialRotation: -70.6256 zShift: 3.35334 energy: -26.2428
MCReject   xShift: 6.78697 crossingAngle: -45.2005 axialRotation: -70.6256 zShift: 3.26812 energy: -24.8688
MCAccept 85 xShift: 6.78697 crossingAngle: -45.2005 axialRotation: -70.6256 zShift: 3.38504 energy: -26.5962
MCAccept 86 xShift: 6.77384 crossingAngle: -45.2005 axialRotation: -70.6256 zShift: 3.38504 energy: -26.7545
MCAccept 87 xShift: 6.75373 crossingAngle: -45.2005 axialRotation: -70.6256 zShift: 3.38504 energy: -27.012
MCAccept 88 xShift: 6.75373 crossingAngle: -45.2005 axialRotation: -70.6256 zShift: 3.37893 energy: -26.9587
MCReject   xShift: 6.75373 crossingAngle: -45.2005 axialRotation: -70.8657 zShift: 3.37893 energy: -26.946
MCAccept 89 xShift: 6.75373 crossingAngle: -45.2005 axialRotation: -70.6256 zShift: 3.37852 energy: -26.955
MCAccept 90 xShift: 6.75373 crossingAngle: -45.3897 axialRotation: -70.6256 zShift: 3.37852 energy: -27.017
MCAccept 91 xShift: 6.7205 crossingAngle: -45.3897 axialRotation: -70.6256 zShift: 3.37852 energy: -27.4024
MCAccept 92 xShift: 6.71505 crossingAngle: -45.3897 axialRotation: -70.6256 zShift: 3.37852 energy: -27.4692
MCAccept 93 xShift: 6.71505 crossingAngle: -45.4178 axialRotation: -70.6256 zShift: 3.37852 energy: -27.4758
MCAccept 94 xShift: 6.71505 crossingAngle: -45.4178 axialRotation: -70.6256 zShift: 3.33854 energy: -27.1105
MCAccept 95 xShift: 6.71505 crossingAngle: -45.4178 axialRotation: -70.6256 zShift: 3.3168 energy: -27.0908
MCAccept 96 xShift: 6.71505 crossingAngle: -45.4178 axialRotation: -70.6256 zShift: 3.29711 energy: -26.9117
MCAccept 97 xShift: 6.71505 crossingAngle: -45.5541 axialRotation: -70.6256 zShift: 3.29711 energy: -26.9209
MCReject   xShift: 6.71505 crossingAngle: -45.5541 axialRotation: -70.6256 zShift: 3.31134 energy: -27.03
MCReject   xShift: 6.71505 crossingAngle: -45.3437 axialRotation: -70.6256 zShift: 3.29711 energy: -26.8943
MCAccept 98 xShift: 6.68657 crossingAngle: -45.5541 axialRotation: -70.6256 zShift: 3.29711 energy: -27.5009
MCAccept 99 xShift: 6.65487 crossingAngle: -45.5541 axialRotation: -70.6256 zShift: 3.29711 energy: -28.0194
MCAccept 100 xShift: 6.65487 crossingAngle: -45.5541 axialRotation: -70.6256 zShift: 3.30666 energy: -28.1275
MCReject   xShift: 6.69446 crossingAngle: -45.5541 axialRotation: -70.6256 zShift: 3.30666 energy: -27.4547
MCReject   xShift: 6.65487 crossingAngle: -45.5541 axialRotation: -70.8211 zShift: 3.30666 energy: -28.0215
MCReject   xShift: 6.65487 crossingAngle: -45.5541 axialRotation: -70.6256 zShift: 3.24137 energy: -27.1415
MCAccept 101 xShift: 6.65487 crossingAngle: -45.5541 axialRotation: -70.6256 zShift: 3.33005 energy: -28.3406
MCAccept 102 xShift: 6.65487 crossingAngle: -45.5541 axialRotation: -70.6256 zShift: 3.38042 energy: -28.5426
MCAccept 103 xShift: 6.64606 crossingAngle: -45.5541 axialRotation: -70.6256 zShift: 3.38042 energy: -28.6739
MCAccept 104 xShift: 6.64606 crossingAngle: -45.3809 axialRotation: -70.6256 zShift: 3.38042 energy: -28.6763
MCAccept 105 xShift: 6.56568 crossingAngle: -45.3809 axialRotation: -70.6256 zShift: 3.38042 energy: -29.3662
MCReject   xShift: 6.56568 crossingAngle: -45.3809 axialRotation: -70.3197 zShift: 3.38042 energy: -29.2159
MCAccept 106 xShift: 6.56568 crossingAngle: -45.2446 axialRotation: -70.6256 zShift: 3.38042 energy: -29.2879
MCAccept 107 xShift: 6.56568 crossingAngle: -45.15 axialRotation: -70.6256 zShift: 3.38042 energy: -29.2142
MCAccept 108 xShift: 6.56568 crossingAngle: -45.3444 axialRotation: -70.6256 zShift: 3.38042 energy: -29.3483
MCAccept 109 xShift: 6.56568 crossingAngle: -45.3503 axialRotation: -70.6256 zShift: 3.38042 energy: -29.3513
MCReject   xShift: 6.56568 crossingAngle: -45.1317 axialRotation: -70.6256 zShift: 3.38042 energy: -29.1981
MCReject   xShift: 6.56568 crossingAngle: -45.2858 axialRotation: -70.6256 zShift: 3.38042 energy: -29.3149
MCAccept 110 xShift: 6.56568 crossingAngle: -45.3503 axialRotation: -70.6256 zShift: 3.38187 energy: -29.3511
MCAccept 111 xShift: 6.54907 crossingAngle: -45.3503 axialRotation: -70.6256 zShift: 3.38187 energy: -29.3991
MCAccept 112 xShift: 6.52395 crossingAngle: -45.3503 axialRotation: -70.6256 zShift: 3.38187 energy: -29.4079
MCAccept 113 xShift: 6.52395 crossingAngle: -45.3503 axialRotation: -70.6256 zShift: 3.37864 energy: -29.4139
MCReject   xShift: 6.52395 crossingAngle: -45.2801 axialRotation: -70.6256 zShift: 3.37864 energy: -29.3591
MCAccept 114 xShift: 6.52395 crossingAngle: -45.3503 axialRotation: -70.6256 zShift: 3.39052 energy: -29.3824
MCReject   xShift: 6.52395 crossingAngle: -45.3503 axialRotation: -70.3619 zShift: 3.39052 energy: -29.1654
MCReject   xShift: 6.52395 crossingAngle: -45.3503 axialRotation: -70.6507 zShift: 3.39052 energy: -29.3986
MCReject   xShift: 6.52395 crossingAngle: -45.3503 axialRotation: -70.4001 zShift: 3.39052 energy: -29.2025
MCReject   xShift: 6.52395 crossingAngle: -45.3503 axialRotation: -70.6256 zShift: 3.35084 energy: -29.3901
MCReject   xShift: 6.50587 crossingAngle: -45.3503 axialRotation: -70.6256 zShift: 3.39052 energy: -29.3293
MCReject   xShift: 6.52395 crossingAngle: -45.3503 axialRotation: -70.6256 zShift: 3.42657 energy: -29.1305
MCReject   xShift: 6.54375 crossingAngle: -45.3503 axialRotation: -70.6256 zShift: 3.39052 energy: -29.3906
MCAccept 115 xShift: 6.52395 crossingAngle: -45.649 axialRotation: -70.6256 zShift: 3.39052 energy: -29.5065
MCReject   xShift: 6.52395 crossingAngle: -45.649 axialRotation: -70.6256 zShift: 3.39138 energy: -29.5022
MCReject   xShift: 6.52395 crossingAngle: -45.649 axialRotation: -70.6256 zShift: 3.38603 energy: -29.5264
MCReject   xShift: 6.52395 crossingAngle: -45.6844 axialRotation: -70.6256 zShift: 3.39052 energy: -29.5119
MCReject   xShift: 6.52395 crossingAngle: -45.568 axialRotation: -70.6256 zShift: 3.39052 energy: -29.4869
MCReject   xShift: 6.52395 crossingAngle: -45.6504 axialRotation: -70.6256 zShift: 3.39052 energy: -29.5067
MCReject   xShift: 6.52395 crossingAngle: -45.4652 axialRotation: -70.6256 zShift: 3.39052 energy: -29.4475
MCReject   xShift: 6.52395 crossingAngle: -45.649 axialRotation: -70.2596 zShift: 3.39052 energy: -29.1534
MCReject   xShift: 6.52395 crossingAngle: -45.649 axialRotation: -70.6256 zShift: 3.38401 energy: -29.5343
MCReject   xShift: 6.52395 crossingAngle: -45.649 axialRotation: -70.5757 zShift: 3.39052 energy: -29.4676
MCReject   xShift: 6.52395 crossingAngle: -45.649 axialRotation: -70.7507 zShift: 3.39052 energy: -29.5919
MCReject   xShift: 6.52395 crossingAngle: -45.649 axialRotation: -70.7032 zShift: 3.39052 energy: -29.5614
MCReject   xShift: 6.52395 crossingAngle: -45.649 axialRotation: -70.6256 zShift: 3.42324 energy: -29.2608
MCReject   xShift: 6.52395 crossingAngle: -45.7459 axialRotation: -70.6256 zShift: 3.39052 energy: -29.5173
MCReject   xShift: 6.52395 crossingAngle: -45.649 axialRotation: -70.5028 zShift: 3.39052 energy: -29.4058
MCReject   xShift: 6.52395 crossingAngle: -45.649 axialRotation: -70.6256 zShift: 3.43529 energy: -29.1248
MCReject   xShift: 6.52395 crossingAngle: -45.649 axialRotation: -70.6256 zShift: 3.38454 energy: -29.5323
MCReject   xShift: 6.52395 crossingAngle: -45.649 axialRotation: -70.6256 zShift: 3.35827 energy: -29.5783
MCReject   xShift: 6.52618 crossingAngle: -45.649 axialRotation: -70.6256 zShift: 3.39052 energy: -29.5072
MCReject   xShift: 6.49159 crossingAngle: -45.649 axialRotation: -70.6256 zShift: 3.39052 energy: -29.4196
MCReject   xShift: 6.52395 crossingAngle: -45.649 axialRotation: -70.6331 zShift: 3.39052 energy: -29.5121
MCReject   xShift: 6.52395 crossingAngle: -45.649 axialRotation: -70.6256 zShift: 3.40168 energy: -29.4426
MCReject   xShift: 6.52395 crossingAngle: -45.4223 axialRotation: -70.6256 zShift: 3.39052 energy: -29.4259
MCReject   xShift: 6.51099 crossingAngle: -45.649 axialRotation: -70.6256 zShift: 3.39052 energy: -29.4892
MCReject   xShift: 6.52395 crossingAngle: -45.4784 axialRotation: -70.6256 zShift: 3.39052 energy: -29.4535
MCReject   xShift: 6.52395 crossingAngle: -45.649 axialRotation: -70.6256 zShift: 3.37576 energy: -29.56
MCReject   xShift: 6.52395 crossingAngle: -45.6169 axialRotation: -70.6256 zShift: 3.39052 energy: -29.4999
MCReject   xShift: 6.52395 crossingAngle: -45.649 axialRotation: -70.6256 zShift: 3.37897 energy: -29.5513
MCReject   xShift: 6.52395 crossingAngle: -45.649 axialRotation: -70.6256 zShift: 3.40638 energy: -29.4095
MCReject   xShift: 6.52395 crossingAngle: -45.649 axialRotation: -70.6256 zShift: 3.40518 energy: -29.4183
MCReject   xShift: 6.57923 crossingAngle: -45.649 axialRotation: -70.6256 zShift: 3.39052 energy: -29.34
MCReject   xShift: 6.52395 crossingAngle: -45.649 axialRotation: -70.6256 zShift: 3.47819 energy: -28.429
MCReject   xShift: 6.52395 crossingAngle: -45.7215 axialRotation: -70.6256 zShift: 3.39052 energy: -29.5158
MCReject   xShift: 6.47048 crossingAngle: -45.649 axialRotation: -70.6256 zShift: 3.39052 energy: -29.28
MCReject   xShift: 6.52395 crossingAngle: -45.649 axialRotation: -70.6256 zShift: 3.35184 energy: -29.5729
MCReject   xShift: 6.52395 crossingAngle: -45.649 axialRotation: -70.2733 zShift: 3.39052 energy: -29.1696
MCReject   xShift: 6.51995 crossingAngle: -45.649 axialRotation: -70.6256 zShift: 3.39052 energy: -29.5036
MCReject   xShift: 6.52395 crossingAngle: -45.649 axialRotation: -70.6256 zShift: 3.36102 energy: -29.5786
MCReject   xShift: 6.52395 crossingAngle: -45.505 axialRotation: -70.6256 zShift: 3.39052 energy: -29.4648
MCReject   xShift: 6.52395 crossingAngle: -45.649 axialRotation: -70.6256 zShift: 3.43001 energy: -29.1875
MCReject   xShift: 6.50004 crossingAngle: -45.649 axialRotation: -70.6256 zShift: 3.39052 energy: -29.4566
MCReject   xShift: 6.52395 crossingAngle: -45.649 axialRotation: -70.6256 zShift: 3.41131 energy: -29.3709
MCReject   xShift: 6.52395 crossingAngle: -45.851 axialRotation: -70.6256 zShift: 3.39052 energy: -29.5146
MCReject   xShift: 6.52395 crossingAngle: -45.649 axialRotation: -70.6256 zShift: 3.38054 energy: -29.5464
MCReject   xShift: 6.52395 crossingAngle: -45.649 axialRotation: -70.6256 zShift: 3.35812 energy: -29.5782
MCReject   xShift: 6.52395 crossingAngle: -45.649 axialRotation: -70.6256 zShift: 3.37737 energy: -29.5558
MCReject   xShift: 6.52395 crossingAngle: -45.649 axialRotation: -70.5387 zShift: 3.39052 energy: -29.437
MCReject   xShift: 6.52395 crossingAngle: -45.649 axialRotation: -70.387 zShift: 3.39052 energy: -29.2947
MCReject   xShift: 6.58024 crossingAngle: -45.649 axialRotation: -70.6256 zShift: 3.39052 energy: -29.3336
MCReject   xShift: 6.52395 crossingAngle: -45.649 axialRotation: -70.4235 zShift: 3.39052 energy: -29.3314
MCReject   xShift: 6.52395 crossingAngle: -45.649 axialRotation: -70.6256 zShift: 3.4428 energy: -29.0273
MCReject   xShift: 6.52395 crossingAngle: -45.6277 axialRotation: -70.6256 zShift: 3.39052 energy: -29.5023
MCReject   xShift: 6.52395 crossingAngle: -45.649 axialRotation: -70.6256 zShift: 3.4084 energy: -29.3942
MCReject   xShift: 6.52395 crossingAngle: -45.649 axialRotation: -70.4456 zShift: 3.39052 energy: -29.3529
MCReject   xShift: 6.49063 crossingAngle: -45.649 axialRotation: -70.6256 zShift: 3.39052 energy: -29.4147
MCReject   xShift: 6.51646 crossingAngle: -45.649 axialRotation: -70.6256 zShift: 3.39052 energy: -29.4993
MCReject   xShift: 6.52395 crossingAngle: -45.649 axialRotation: -70.6256 zShift: 3.44639 energy: -28.9771
MCReject   xShift: 6.52869 crossingAngle: -45.649 axialRotation: -70.6256 zShift: 3.39052 energy: -29.5072
MCReject   xShift: 6.52395 crossingAngle: -45.5658 axialRotation: -70.6256 zShift: 3.39052 energy: -29.4863
MCReject   xShift: 6.52395 crossingAngle: -45.649 axialRotation: -70.6256 zShift: 3.34681 energy: -29.5641
MCReject   xShift: 6.52395 crossingAngle: -45.649 axialRotation: -70.6256 zShift: 3.35056 energy: -29.571
MCReject   xShift: 6.52395 crossingAngle: -45.649 axialRotation: -70.8328 zShift: 3.39052 energy: -29.6391
MCReject   xShift: 6.52395 crossingAngle: -45.4519 axialRotation: -70.6256 zShift: 3.39052 energy: -29.4411
MCReject   xShift: 6.52395 crossingAngle: -45.649 axialRotation: -70.7635 zShift: 3.39052 energy: -29.5997
MCReject   xShift: 6.52395 crossingAngle: -45.649 axialRotation: -70.6542 zShift: 3.39052 energy: -29.5275
MCReject   xShift: 6.52395 crossingAngle: -45.6546 axialRotation: -70.6256 zShift: 3.39052 energy: -29.5074
MCReject   xShift: 6.53529 crossingAngle: -45.649 axialRotation: -70.6256 zShift: 3.39052 energy: -29.5033
MCReject   xShift: 6.50458 crossingAngle: -45.649 axialRotation: -70.6256 zShift: 3.39052 energy: -29.4722
MCReject   xShift: 6.55727 crossingAngle: -45.649 axialRotation: -70.6256 zShift: 3.39052 energy: -29.4508
MCReject   xShift: 6.52395 crossingAngle: -45.649 axialRotation: -70.6256 zShift: 3.37937 energy: -29.5501
MCReject   xShift: 6.51179 crossingAngle: -45.649 axialRotation: -70.6256 zShift: 3.39052 energy: -29.4909
MCReject   xShift: 6.52395 crossingAngle: -45.649 axialRotation: -70.678 zShift: 3.39052 energy: -29.5443
MCReject   xShift: 6.52395 crossingAngle: -45.7704 axialRotation: -70.6256 zShift: 3.39052 energy: -29.518
MCReject   xShift: 6.50499 crossingAngle: -45.649 axialRotation: -70.6256 zShift: 3.39052 energy: -29.4734
MCReject   xShift: 6.52395 crossingAngle: -45.6623 axialRotation: -70.6256 zShift: 3.39052 energy: -29.5087
MCReject   xShift: 6.52395 crossingAngle: -45.649 axialRotation: -70.6256 zShift: 3.41112 energy: -29.3726
MCReject   xShift: 6.52395 crossingAngle: -45.5087 axialRotation: -70.6256 zShift: 3.39052 energy: -29.4663
MCReject   xShift: 6.52395 crossingAngle: -45.649 axialRotation: -70.6256 zShift: 3.39077 energy: -29.5052
MCReject   xShift: 6.52395 crossingAngle: -45.649 axialRotation: -71.0522 zShift: 3.39052 energy: -29.7326
MCReject   xShift: 6.52395 crossingAngle: -45.649 axialRotation: -70.6256 zShift: 3.41939 energy: -29.299
MCReject   xShift: 6.52395 crossingAngle: -45.649 axialRotation: -70.3794 zShift: 3.39052 energy: -29.2869
MCReject   xShift: 6.52395 crossingAngle: -45.649 axialRotation: -70.6256 zShift: 3.38049 energy: -29.5466
MCReject   xShift: 6.52395 crossingAngle: -45.6184 axialRotation: -70.6256 zShift: 3.39052 energy: -29.5002
MCReject   xShift: 6.52395 crossingAngle: -45.837 axialRotation: -70.6256 zShift: 3.39052 energy: -29.5158
MCReject   xShift: 6.52395 crossingAngle: -45.649 axialRotation: -70.6256 zShift: 3.38814 energy: -29.5174
MCReject   xShift: 6.52395 crossingAngle: -45.649 axialRotation: -70.6256 zShift: 3.38319 energy: -29.5374
MCReject   xShift: 6.52395 crossingAngle: -45.7327 axialRotation: -70.6256 zShift: 3.39052 energy: -29.5166
MCReject   xShift: 6.52395 crossingAngle: -45.649 axialRotation: -70.6256 zShift: 3.38695 energy: -29.5226
MCReject   xShift: 6.52395 crossingAngle: -45.649 axialRotation: -70.7532 zShift: 3.39052 energy: -29.5935
MCReject   xShift: 6.52395 crossingAngle: -45.4809 axialRotation: -70.6256 zShift: 3.39052 energy: -29.4546
MCReject   xShift: 6.52395 crossingAngle: -45.649 axialRotation: -70.6837 zShift: 3.39052 energy: -29.5482
MCReject   xShift: 6.52395 crossingAngle: -45.649 axialRotation: -70.7259 zShift: 3.39052 energy: -29.5763
MCReject   xShift: 6.52395 crossingAngle: -45.649 axialRotation: -70.5775 zShift: 3.39052 energy: -29.4691
MCReject   xShift: 6.52395 crossingAngle: -45.8561 axialRotation: -70.6256 zShift: 3.39052 energy: -29.5142
MCReject   xShift: 6.5234 crossingAngle: -45.649 axialRotation: -70.6256 zShift: 3.39052 energy: -29.5062
MCReject   xShift: 6.50749 crossingAngle: -45.649 axialRotation: -70.6256 zShift: 3.39052 energy: -29.4806
MCReject   xShift: 6.52395 crossingAngle: -45.649 axialRotation: -70.4071 zShift: 3.39052 energy: -29.3151
MCReject   xShift: 6.52395 crossingAngle: -45.8429 axialRotation: -70.6256 zShift: 3.39052 energy: -29.5154
MCReject   xShift: 6.53034 crossingAngle: -45.649 axialRotation: -70.6256 zShift: 3.39052 energy: -29.5067
MCReject   xShift: 6.52395 crossingAngle: -45.649 axialRotation: -70.6256 zShift: 3.35217 energy: -29.5733
MCReject   xShift: 6.54615 crossingAngle: -45.649 axialRotation: -70.6256 zShift: 3.39052 energy: -29.4848
MCReject   xShift: 6.52395 crossingAngle: -45.649 axialRotation: -70.2125 zShift: 3.39052 energy: -29.0958
MCReject   xShift: 6.52395 crossingAngle: -45.649 axialRotation: -70.5357 zShift: 3.39052 energy: -29.4345
MCReject   xShift: 6.55297 crossingAngle: -45.649 axialRotation: -70.6256 zShift: 3.39052 energy: -29.4657
MCReject   xShift: 6.52395 crossingAngle: -45.649 axialRotation: -70.4138 zShift: 3.39052 energy: -29.3219
MCReject   xShift: 6.52395 crossingAngle: -45.649 axialRotation: -70.6256 zShift: 3.36224 energy: -29.5784
MCReject   xShift: 6.52395 crossingAngle: -45.5186 axialRotation: -70.6256 zShift: 3.39052 energy: -29.4701
MCReject   xShift: 6.5159 crossingAngle: -45.649 axialRotation: -70.6256 zShift: 3.39052 energy: -29.4984
MCReject   xShift: 6.52395 crossingAngle: -45.5404 axialRotation: -70.6256 zShift: 3.39052 energy: -29.478
MCReject   xShift: 6.52395 crossingAngle: -45.8073 axialRotation: -70.6256 zShift: 3.39052 energy: -29.5175
MCReject   xShift: 6.5486 crossingAngle: -45.649 axialRotation: -70.6256 zShift: 3.39052 energy: -29.4786
MCReject   xShift: 6.52395 crossingAngle: -45.649 axialRotation: -70.8196 zShift: 3.39052 energy: -29.6319
MCReject   xShift: 6.52395 crossingAngle: -45.2747 axialRotation: -70.6256 zShift: 3.39052 energy: -29.3267
MCReject   xShift: 6.52043 crossingAngle: -45.649 axialRotation: -70.6256 zShift: 3.39052 energy: -29.504
MCReject   xShift: 6.52395 crossingAngle: -45.649 axialRotation: -70.5446 zShift: 3.39052 energy: -29.442
MCReject   xShift: 6.52395 crossingAngle: -45.6523 axialRotation: -70.6256 zShift: 3.39052 energy: -29.507
MCReject   xShift: 6.55074 crossingAngle: -45.649 axialRotation: -70.6256 zShift: 3.39052 energy: -29.4726
MCReject   xShift: 6.52395 crossingAngle: -45.649 axialRotation: -70.8756 zShift: 3.39052 energy: -29.6609
MCReject   xShift: 6.52395 crossingAngle: -45.6095 axialRotation: -70.6256 zShift: 3.39052 energy: -29.4982
MCReject   xShift: 6.52395 crossingAngle: -45.5514 axialRotation: -70.6256 zShift: 3.39052 energy: -29.4817
MCReject   xShift: 6.53201 crossingAngle: -45.649 axialRotation: -70.6256 zShift: 3.39052 energy: -29.5059
MCReject   xShift: 6.52395 crossingAngle: -45.649 axialRotation: -70.6256 zShift: 3.35955 energy: -29.5786
MCReject   xShift: 6.52395 crossingAngle: -45.649 axialRotation: -70.6256 zShift: 3.39241 energy: -29.497
MCReject   xShift: 6.52395 crossingAngle: -45.8052 axialRotation: -70.6256 zShift: 3.39052 energy: -29.5176
MCReject   xShift: 6.52395 crossingAngle: -45.535 axialRotation: -70.6256 zShift: 3.39052 energy: -29.4761
MCReject   xShift: 6.52395 crossingAngle: -45.649 axialRotation: -70.5595 zShift: 3.39052 energy: -29.4544
MCReject   xShift: 6.52395 crossingAngle: -45.445 axialRotation: -70.6256 zShift: 3.39052 energy: -29.4377
MCReject   xShift: 6.52395 crossingAngle: -45.7171 axialRotation: -70.6256 zShift: 3.39052 energy: -29.5154
MCReject   xShift: 6.52395 crossingAngle: -45.649 axialRotation: -70.6256 zShift: 3.41339 energy: -29.3535
MCReject   xShift: 6.55754 crossingAngle: -45.649 axialRotation: -70.6256 zShift: 3.39052 energy: -29.4498
MCReject   xShift: 6.52395 crossingAngle: -45.649 axialRotation: -71.0948 zShift: 3.39052 energy: -29.7456
MCReject   xShift: 6.52395 crossingAngle: -45.649 axialRotation: -70.6256 zShift: 3.38408 energy: -29.5341
MCReject   xShift: 6.51481 crossingAngle: -45.649 axialRotation: -70.6256 zShift: 3.39052 energy: -29.4967
MCReject   xShift: 6.52395 crossingAngle: -45.649 axialRotation: -70.6256 zShift: 3.40029 energy: -29.4517
MCReject   xShift: 6.50501 crossingAngle: -45.649 axialRotation: -70.6256 zShift: 3.39052 energy: -29.4735
MCReject   xShift: 6.52395 crossingAngle: -45.7098 axialRotation: -70.6256 zShift: 3.39052 energy: -29.5148
MCReject   xShift: 6.48052 crossingAngle: -45.649 axialRotation: -70.6256 zShift: 3.39052 energy: -29.355
MCReject   xShift: 6.52395 crossingAngle: -45.649 axialRotation: -70.6256 zShift: 3.37287 energy: -29.5663
MCReject   xShift: 6.55729 crossingAngle: -45.649 axialRotation: -70.6256 zShift: 3.39052 energy: -29.4507
MCReject   xShift: 6.52395 crossingAngle: -45.649 axialRotation: -70.6256 zShift: 3.36588 energy: -29.5763
MCReject   xShift: 6.49481 crossingAngle: -45.649 axialRotation: -70.6256 zShift: 3.39052 energy: -29.4349
MCReject   xShift: 6.51582 crossingAngle: -45.649 axialRotation: -70.6256 zShift: 3.39052 energy: -29.4983
MCReject   xShift: 6.47565 crossingAngle: -45.649 axialRotation: -70.6256 zShift: 3.39052 energy: -29.3206
MCReject   xShift: 6.45746 crossingAngle: -45.649 axialRotation: -70.6256 zShift: 3.39052 energy: -29.1583
MCReject   xShift: 6.49589 crossingAngle: -45.649 axialRotation: -70.6256 zShift: 3.39052 energy: -29.4397
MCReject   xShift: 6.52395 crossingAngle: -45.4122 axialRotation: -70.6256 zShift: 3.39052 energy: -29.4204
MCReject   xShift: 6.50632 crossingAngle: -45.649 axialRotation: -70.6256 zShift: 3.39052 energy: -29.4774
MCReject   xShift: 6.47956 crossingAngle: -45.649 axialRotation: -70.6256 zShift: 3.39052 energy: -29.3485
MCReject   xShift: 6.52395 crossingAngle: -45.649 axialRotation: -70.6256 zShift: 3.36889 energy: -29.573
MCReject   xShift: 6.52395 crossingAngle: -45.649 axialRotation: -70.7502 zShift: 3.39052 energy: -29.5916
MCReject   xShift: 6.52395 crossingAngle: -45.8729 axialRotation: -70.6256 zShift: 3.39052 energy: -29.5123
MCReject   xShift: 6.52395 crossingAngle: -45.649 axialRotation: -70.1752 zShift: 3.39052 energy: -29.0481
MCReject   xShift: 6.52395 crossingAngle: -45.649 axialRotation: -70.6256 zShift: 3.40072 energy: -29.4489
MCReject   xShift: 6.52395 crossingAngle: -45.649 axialRotation: -70.8925 zShift: 3.39052 energy: -29.6691
MCReject   xShift: 6.52395 crossingAngle: -45.649 axialRotation: -70.1835 zShift: 3.39052 energy: -29.0589
MCReject   xShift: 6.56251 crossingAngle: -45.649 axialRotation: -70.6256 zShift: 3.39052 energy: -29.4295
MCReject   xShift: 6.52395 crossingAngle: -45.5507 axialRotation: -70.6256 zShift: 3.39052 energy: -29.4815
MCReject   xShift: 6.52395 crossingAngle: -45.5682 axialRotation: -70.6256 zShift: 3.39052 energy: -29.487
MCReject   xShift: 6.52395 crossingAngle: -45.649 axialRotation: -70.6256 zShift: 3.45795 energy: -28.7996
MCReject   xShift: 6.53535 crossingAngle: -45.649 axialRotation: -70.6256 zShift: 3.39052 energy: -29.5032
MCReject   xShift: 6.52395 crossingAngle: -45.649 axialRotation: -70.3872 zShift: 3.39052 energy: -29.295
MCReject   xShift: 6.54557 crossingAngle: -45.649 axialRotation: -70.6256 zShift: 3.39052 energy: -29.4862
MCReject   xShift: 6.52395 crossingAngle: -45.5089 axialRotation: -70.6256 zShift: 3.39052 energy: -29.4663
MCReject   xShift: 6.52395 crossingAngle: -45.649 axialRotation: -70.6256 zShift: 3.38278 energy: -29.5389
MCReject   xShift: 6.52395 crossingAngle: -45.8304 axialRotation: -70.6256 zShift: 3.39052 energy: -29.5163
MCReject   xShift: 6.52395 crossingAngle: -45.8888 axialRotation: -70.6256 zShift: 3.39052 energy: -29.5102
MCReject   xShift: 6.52395 crossingAngle: -45.649 axialRotation: -70.6256 zShift: 3.35337 energy: -29.5748
MCReject   xShift: 6.52395 crossingAngle: -45.649 axialRotation: -70.6256 zShift: 3.38576 energy: -29.5275
End Repack Cycles

***REPACK GEOMETRY***
xShift;        Before: 6.69097; After: 6.52395
crossingAngle; Before: -43.8564; After: -45.649
axialRotation; Before: -70.6256; After: -70.6256
zShift;        Before: 3.27355; After: 3.39052

axialRotationPrime; Before: 45.7757; After: 46.642
zShiftPrime;        Before: 2.46019; After: 2.59015

Energy;        Before: -16.3274; After: -29.5065

Completed all cycles. Accepted 172/384
Monte Carlo repack complete. Time: 126.333min

