***STARTING GEOMETRY***
xShift;        Before: 6.52424; After: 6.52424
crossingAngle; Before: -46.8017; After: -46.8017
axialRotation; Before: -86.6913; After: -86.6913
zShift;        Before: 5.59567; After: 5.59567

axialRotationPrime; Before: 45.1257; After: 45.1257
zShiftPrime;        Before: 4.77255; After: 4.77255

Starting Repack Cycles
MCAccept 0 xShift: 6.52424 crossingAngle: -46.5964 axialRotation: -86.6913 zShift: 5.59567 energy: -45.542
MCAccept 1 xShift: 6.52424 crossingAngle: -46.9295 axialRotation: -86.6913 zShift: 5.59567 energy: -45.5637
MCReject   xShift: 6.52424 crossingAngle: -46.9295 axialRotation: -86.6913 zShift: 5.60938 energy: -40.8217
MCAccept 2 xShift: 6.57293 crossingAngle: -46.9295 axialRotation: -86.6913 zShift: 5.59567 energy: -44.9516
MCAccept 3 xShift: 6.57293 crossingAngle: -46.9742 axialRotation: -86.6913 zShift: 5.59567 energy: -44.9408
MCAccept 4 xShift: 6.56648 crossingAngle: -46.9742 axialRotation: -86.6913 zShift: 5.59567 energy: -40.225
MCAccept 5 xShift: 6.56648 crossingAngle: -47.1903 axialRotation: -86.6913 zShift: 5.59567 energy: -44.9625
MCAccept 6 xShift: 6.45295 crossingAngle: -47.1903 axialRotation: -86.6913 zShift: 5.59567 energy: -45.8861
MCReject   xShift: 6.45295 crossingAngle: -47.1903 axialRotation: -86.502 zShift: 5.59567 energy: -40.4251
MCAccept 7 xShift: 6.37935 crossingAngle: -47.1903 axialRotation: -86.6913 zShift: 5.59567 energy: -45.3966
MCAccept 8 xShift: 6.37935 crossingAngle: -47.1903 axialRotation: -86.6913 zShift: 5.63339 energy: -45.7664
MCReject   xShift: 6.29943 crossingAngle: -47.1903 axialRotation: -86.6913 zShift: 5.63339 energy: -43.9434
MCReject   xShift: 6.37935 crossingAngle: -47.1903 axialRotation: -86.6913 zShift: 5.56871 energy: -45.1025
MCAccept 9 xShift: 6.37935 crossingAngle: -47.1903 axialRotation: -86.6913 zShift: 5.61931 energy: -45.634
MCReject   xShift: 6.38051 crossingAngle: -47.1903 axialRotation: -86.6913 zShift: 5.61931 energy: -45.6494
MCAccept 10 xShift: 6.37935 crossingAngle: -47.1808 axialRotation: -86.6913 zShift: 5.61931 energy: -41.9101
MCAccept 11 xShift: 6.47427 crossingAngle: -47.1808 axialRotation: -86.6913 zShift: 5.61931 energy: -40.942
MCReject   xShift: 6.43091 crossingAngle: -47.1808 axialRotation: -86.6913 zShift: 5.61931 energy: -40.8244
MCReject   xShift: 6.47687 crossingAngle: -47.1808 axialRotation: -86.6913 zShift: 5.61931 energy: -40.9389
MCAccept 12 xShift: 6.47427 crossingAngle: -47.1808 axialRotation: -86.6913 zShift: 5.53743 energy: -45.3119
MCReject   xShift: 6.47427 crossingAngle: -46.9658 axialRotation: -86.6913 zShift: 5.53743 energy: -40.2188
MCReject   xShift: 6.47427 crossingAngle: -47.1685 axialRotation: -86.6913 zShift: 5.53743 energy: -40.0184
MCReject   xShift: 6.50508 crossingAngle: -47.1808 axialRotation: -86.6913 zShift: 5.53743 energy: -39.9562
MCAccept 13 xShift: 6.48223 crossingAngle: -47.1808 axialRotation: -86.6913 zShift: 5.53743 energy: -45.2892
MCAccept 14 xShift: 6.48223 crossingAngle: -47.3943 axialRotation: -86.6913 zShift: 5.53743 energy: -45.1707
MCAccept 15 xShift: 6.48223 crossingAngle: -47.3943 axialRotation: -86.6913 zShift: 5.4908 energy: -44.653
MCAccept 16 xShift: 6.48223 crossingAngle: -47.3943 axialRotation: -86.6913 zShift: 5.54045 energy: -45.2022
MCAccept 17 xShift: 6.49933 crossingAngle: -47.3943 axialRotation: -86.6913 zShift: 5.54045 energy: -45.1142
MCAccept 18 xShift: 6.5002 crossingAngle: -47.3943 axialRotation: -86.6913 zShift: 5.54045 energy: -45.1085
MCAccept 19 xShift: 6.49557 crossingAngle: -47.3943 axialRotation: -86.6913 zShift: 5.54045 energy: -45.1372
MCAccept 20 xShift: 6.49557 crossingAngle: -47.3943 axialRotation: -86.6913 zShift: 5.53495 energy: -45.0812
MCAccept 21 xShift: 6.49557 crossingAngle: -47.6192 axialRotation: -86.6913 zShift: 5.53495 energy: -44.8947
MCReject   xShift: 6.49557 crossingAngle: -47.4283 axialRotation: -86.6913 zShift: 5.53495 energy: -45.0566
MCAccept 22 xShift: 6.49557 crossingAngle: -47.6689 axialRotation: -86.6913 zShift: 5.53495 energy: -44.8462
MCAccept 23 xShift: 6.49557 crossingAngle: -47.5906 axialRotation: -86.6913 zShift: 5.53495 energy: -44.9214
MCAccept 24 xShift: 6.50305 crossingAngle: -47.5906 axialRotation: -86.6913 zShift: 5.53495 energy: -44.8724
MCReject   xShift: 6.58158 crossingAngle: -47.5906 axialRotation: -86.6913 zShift: 5.53495 energy: -43.9182
MCReject   xShift: 6.50305 crossingAngle: -47.5906 axialRotation: -86.4378 zShift: 5.53495 energy: -44.5105
MCAccept 25 xShift: 6.50305 crossingAngle: -47.8651 axialRotation: -86.6913 zShift: 5.53495 energy: -44.5795
MCAccept 26 xShift: 6.50305 crossingAngle: -47.6936 axialRotation: -86.6913 zShift: 5.53495 energy: -44.7713
MCAccept 27 xShift: 6.52661 crossingAngle: -47.6936 axialRotation: -86.6913 zShift: 5.53495 energy: -44.5634
MCAccept 28 xShift: 6.52661 crossingAngle: -47.6936 axialRotation: -86.6913 zShift: 5.55165 energy: -44.732
MCAccept 29 xShift: 6.47326 crossingAngle: -47.6936 axialRotation: -86.6913 zShift: 5.55165 energy: -45.1064
MCReject   xShift: 6.47326 crossingAngle: -47.6936 axialRotation: -86.6913 zShift: 5.53024 energy: -44.8673
MCAccept 30 xShift: 6.47326 crossingAngle: -47.6936 axialRotation: -86.6913 zShift: 5.53387 energy: -44.9088
MCAccept 31 xShift: 6.47326 crossingAngle: -47.6936 axialRotation: -86.6913 zShift: 5.5082 energy: -44.6085
MCAccept 32 xShift: 6.47326 crossingAngle: -47.6936 axialRotation: -86.6913 zShift: 5.43398 energy: -43.6354
MCReject   xShift: 6.47326 crossingAngle: -47.6936 axialRotation: -86.6913 zShift: 5.37683 energy: -42.7733
MCAccept 33 xShift: 6.47591 crossingAngle: -47.6936 axialRotation: -86.6913 zShift: 5.43398 energy: -43.6341
MCAccept 34 xShift: 6.47591 crossingAngle: -47.8952 axialRotation: -86.6913 zShift: 5.43398 energy: -43.3749
MCReject   xShift: 6.47591 crossingAngle: -47.8952 axialRotation: -86.6913 zShift: 5.3365 energy: -41.8217
MCAccept 35 xShift: 6.47591 crossingAngle: -47.5951 axialRotation: -86.6913 zShift: 5.43398 energy: -43.7457
MCAccept 36 xShift: 6.47591 crossingAngle: -47.5951 axialRotation: -86.6913 zShift: 5.44057 energy: -43.8371
MCReject   xShift: 6.47591 crossingAngle: -47.8615 axialRotation: -86.6913 zShift: 5.44057 energy: -43.5153
MCAccept 37 xShift: 6.47591 crossingAngle: -47.6039 axialRotation: -86.6913 zShift: 5.44057 energy: -43.8277
MCReject   xShift: 6.38575 crossingAngle: -47.6039 axialRotation: -86.6913 zShift: 5.44057 energy: -43.1546
MCReject   xShift: 6.47591 crossingAngle: -47.6039 axialRotation: -86.6913 zShift: 5.38928 energy: -43.0798
MCAccept 38 xShift: 6.43457 crossingAngle: -47.6039 axialRotation: -86.6913 zShift: 5.44057 energy: -43.7143
MCAccept 39 xShift: 6.42695 crossingAngle: -47.6039 axialRotation: -86.6913 zShift: 5.44057 energy: -43.6593
MCAccept 40 xShift: 6.42695 crossingAngle: -47.6039 axialRotation: -86.6913 zShift: 5.44446 energy: -43.7182
MCAccept 41 xShift: 6.42695 crossingAngle: -47.3267 axialRotation: -86.6913 zShift: 5.44446 energy: -43.958
MCAccept 42 xShift: 6.42695 crossingAngle: -47.3267 axialRotation: -86.6913 zShift: 5.44071 energy: -43.9029
MCAccept 43 xShift: 6.42695 crossingAngle: -47.4822 axialRotation: -86.6913 zShift: 5.44071 energy: -43.7784
MCAccept 44 xShift: 6.42695 crossingAngle: -47.4822 axialRotation: -86.6913 zShift: 5.54357 energy: -45.1495
MCAccept 45 xShift: 6.48641 crossingAngle: -47.4822 axialRotation: -86.6913 zShift: 5.54357 energy: -45.153
MCAccept 46 xShift: 6.46542 crossingAngle: -47.4822 axialRotation: -86.6913 zShift: 5.54357 energy: -45.2179
MCAccept 47 xShift: 6.46542 crossingAngle: -47.2752 axialRotation: -86.6913 zShift: 5.54357 energy: -45.347
MCReject   xShift: 6.46542 crossingAngle: -47.1378 axialRotation: -86.6913 zShift: 5.54357 energy: -40.1158
MCAccept 48 xShift: 6.46542 crossingAngle: -47.0115 axialRotation: -86.6913 zShift: 5.54357 energy: -45.4332
MCReject   xShift: 6.48739 crossingAngle: -47.0115 axialRotation: -86.6913 zShift: 5.54357 energy: -40.2504
MCAccept 49 xShift: 6.44201 crossingAngle: -47.0115 axialRotation: -86.6913 zShift: 5.54357 energy: -45.4028
MCReject   xShift: 6.40828 crossingAngle: -47.0115 axialRotation: -86.6913 zShift: 5.54357 energy: -39.8064
MCAccept 50 xShift: 6.4419 crossingAngle: -47.0115 axialRotation: -86.6913 zShift: 5.54357 energy: -45.4024
MCReject   xShift: 6.4419 crossingAngle: -47.0115 axialRotation: -86.6913 zShift: 5.59741 energy: -40.7807
MCAccept 51 xShift: 6.4419 crossingAngle: -46.9023 axialRotation: -86.6913 zShift: 5.54357 energy: -45.4039
MCAccept 52 xShift: 6.49928 crossingAngle: -46.9023 axialRotation: -86.6913 zShift: 5.54357 energy: -45.3396
MCAccept 53 xShift: 6.49928 crossingAngle: -46.9023 axialRotation: -86.6913 zShift: 5.55431 energy: -45.4319
MCAccept 54 xShift: 6.49928 crossingAngle: -46.9023 axialRotation: -86.6913 zShift: 5.57717 energy: -45.6206
MCReject   xShift: 6.49928 crossingAngle: -46.568 axialRotation: -86.6913 zShift: 5.57717 energy: -40.8525
MCAccept 55 xShift: 6.49928 crossingAngle: -46.9023 axialRotation: -86.6913 zShift: 5.63028 energy: -46.0056
MCAccept 56 xShift: 6.5657 crossingAngle: -46.9023 axialRotation: -86.6913 zShift: 5.63028 energy: -45.2835
MCReject   xShift: 6.5657 crossingAngle: -46.9023 axialRotation: -87.1666 zShift: 5.63028 energy: -40.7016
MCReject   xShift: 6.5657 crossingAngle: -46.6081 axialRotation: -86.6913 zShift: 5.63028 energy: -40.7166
MCReject   xShift: 6.5657 crossingAngle: -46.9023 axialRotation: -86.577 zShift: 5.63028 energy: -40.4949
MCReject   xShift: 6.50635 crossingAngle: -46.9023 axialRotation: -86.6913 zShift: 5.63028 energy: -41.142
MCReject   xShift: 6.5657 crossingAngle: -46.9023 axialRotation: -86.7326 zShift: 5.63028 energy: -40.6026
MCAccept 57 xShift: 6.5657 crossingAngle: -46.9023 axialRotation: -86.6913 zShift: 5.62505 energy: -45.2528
MCReject   xShift: 6.5657 crossingAngle: -46.9023 axialRotation: -86.6913 zShift: 5.59919 energy: -40.3252
MCAccept 58 xShift: 6.5657 crossingAngle: -47.2352 axialRotation: -86.6913 zShift: 5.62505 energy: -45.1567
MCAccept 59 xShift: 6.5657 crossingAngle: -47.3041 axialRotation: -86.6913 zShift: 5.62505 energy: -45.1243
MCAccept 60 xShift: 6.5657 crossingAngle: -47.3394 axialRotation: -86.6913 zShift: 5.62505 energy: -45.1056
MCAccept 61 xShift: 6.5657 crossingAngle: -47.3394 axialRotation: -86.6913 zShift: 5.56427 energy: -44.6463
MCAccept 62 xShift: 6.5657 crossingAngle: -47.3394 axialRotation: -86.6913 zShift: 5.47912 energy: -43.8559
MCAccept 63 xShift: 6.5657 crossingAngle: -47.1999 axialRotation: -86.6913 zShift: 5.47912 energy: -43.9668
MCAccept 64 xShift: 6.58006 crossingAngle: -47.1999 axialRotation: -86.6913 zShift: 5.47912 energy: -43.7604
MCAccept 65 xShift: 6.58006 crossingAngle: -47.1999 axialRotation: -86.6913 zShift: 5.5133 energy: -44.082
MCReject   xShift: 6.58006 crossingAngle: -47.1999 axialRotation: -86.6913 zShift: 5.53539 energy: -39.2231
MCAccept 66 xShift: 6.5409 crossingAngle: -47.1999 axialRotation: -86.6913 zShift: 5.5133 energy: -44.6089
MCReject   xShift: 6.5409 crossingAngle: -47.1999 axialRotation: -86.6913 zShift: 5.51907 energy: -44.6639
MCReject   xShift: 6.5409 crossingAngle: -47.1999 axialRotation: -86.6913 zShift: 5.51951 energy: -39.491
MCAccept 67 xShift: 6.60699 crossingAngle: -47.1999 axialRotation: -86.6913 zShift: 5.5133 energy: -43.6203
MCAccept 68 xShift: 6.60699 crossingAngle: -47.4661 axialRotation: -86.6913 zShift: 5.5133 energy: -43.3898
MCAccept 69 xShift: 6.56819 crossingAngle: -47.4661 axialRotation: -86.6913 zShift: 5.5133 energy: -44.0479
MCAccept 70 xShift: 6.56819 crossingAngle: -47.4661 axialRotation: -86.6913 zShift: 5.48202 energy: -43.733
MCAccept 71 xShift: 6.56819 crossingAngle: -47.4661 axialRotation: -86.6913 zShift: 5.55347 energy: -44.4183
MCReject   xShift: 6.56819 crossingAngle: -47.4661 axialRotation: -86.6913 zShift: 5.60444 energy: -39.7518
MCReject   xShift: 6.56819 crossingAngle: -47.4661 axialRotation: -86.6913 zShift: 5.63146 energy: -40.0097
MCAccept 72 xShift: 6.56819 crossingAngle: -47.5311 axialRotation: -86.6913 zShift: 5.55347 energy: -44.3606
MCAccept 73 xShift: 6.56819 crossingAngle: -47.5311 axialRotation: -86.6913 zShift: 5.56409 energy: -44.4538
MCReject   xShift: 6.65369 crossingAngle: -47.5311 axialRotation: -86.6913 zShift: 5.56409 energy: -42.7398
MCReject   xShift: 6.56819 crossingAngle: -47.5311 axialRotation: -86.6913 zShift: 5.49635 energy: -43.8153
MCAccept 74 xShift: 6.56819 crossingAngle: -47.5311 axialRotation: -86.6913 zShift: 5.51416 energy: -43.9936
MCAccept 75 xShift: 6.57613 crossingAngle: -47.5311 axialRotation: -86.6913 zShift: 5.51416 energy: -43.8714
MCReject   xShift: 6.57613 crossingAngle: -47.5311 axialRotation: -86.0796 zShift: 5.51416 energy: -42.8227
MCAccept 76 xShift: 6.57613 crossingAngle: -47.5474 axialRotation: -86.6913 zShift: 5.51416 energy: -43.8549
MCAccept 77 xShift: 6.50695 crossingAngle: -47.5474 axialRotation: -86.6913 zShift: 5.51416 energy: -44.6623
MCAccept 78 xShift: 6.50695 crossingAngle: -47.2023 axialRotation: -86.6913 zShift: 5.51416 energy: -44.9187
MCAccept 79 xShift: 6.53959 crossingAngle: -47.2023 axialRotation: -86.6913 zShift: 5.51416 energy: -44.6302
MCAccept 80 xShift: 6.53959 crossingAngle: -47.5929 axialRotation: -86.6913 zShift: 5.51416 energy: -44.3108
MCAccept 81 xShift: 6.53959 crossingAngle: -47.3828 axialRotation: -86.6913 zShift: 5.51416 energy: -44.5026
MCAccept 82 xShift: 6.53959 crossingAngle: -47.3828 axialRotation: -86.6913 zShift: 5.50032 energy: -44.3622
MCAccept 83 xShift: 6.53959 crossingAngle: -46.9447 axialRotation: -86.6913 zShift: 5.50032 energy: -44.619
MCReject   xShift: 6.53959 crossingAngle: -47.2407 axialRotation: -86.6913 zShift: 5.50032 energy: -44.4695
MCReject   xShift: 6.53959 crossingAngle: -47.0964 axialRotation: -86.6913 zShift: 5.50032 energy: -39.397
MCAccept 84 xShift: 6.50102 crossingAngle: -46.9447 axialRotation: -86.6913 zShift: 5.50032 energy: -44.9151
MCReject   xShift: 6.54535 crossingAngle: -46.9447 axialRotation: -86.6913 zShift: 5.50032 energy: -44.5581
MCReject   xShift: 6.50102 crossingAngle: -47.1109 axialRotation: -86.6913 zShift: 5.50032 energy: -39.5857
MCAccept 85 xShift: 6.50102 crossingAngle: -46.9447 axialRotation: -86.6913 zShift: 5.46777 energy: -44.5683
MCAccept 86 xShift: 6.41343 crossingAngle: -46.9447 axialRotation: -86.6913 zShift: 5.46777 energy: -44.329
MCReject   xShift: 6.38145 crossingAngle: -46.9447 axialRotation: -86.6913 zShift: 5.46777 energy: -43.8777
MCReject   xShift: 6.41343 crossingAngle: -46.9447 axialRotation: -86.4081 zShift: 5.46777 energy: -43.8495
MCReject   xShift: 6.40518 crossingAngle: -46.9447 axialRotation: -86.6913 zShift: 5.46777 energy: -44.2337
MCReject   xShift: 6.41343 crossingAngle: -47.4952 axialRotation: -86.6913 zShift: 5.46777 energy: -44.0454
MCAccept 87 xShift: 6.41343 crossingAngle: -46.9447 axialRotation: -86.6913 zShift: 5.46719 energy: -44.3214
MCAccept 88 xShift: 6.43767 crossingAngle: -46.9447 axialRotation: -86.6913 zShift: 5.46719 energy: -44.5235
MCAccept 89 xShift: 6.43767 crossingAngle: -46.9447 axialRotation: -86.6913 zShift: 5.49767 energy: -44.8891
MCReject   xShift: 6.43767 crossingAngle: -46.4157 axialRotation: -86.6913 zShift: 5.49767 energy: -39.8895
MCReject   xShift: 6.4823 crossingAngle: -46.9447 axialRotation: -86.6913 zShift: 5.49767 energy: -39.7413
MCReject   xShift: 6.43767 crossingAngle: -46.8237 axialRotation: -86.6913 zShift: 5.49767 energy: -39.6406
MCAccept 90 xShift: 6.43767 crossingAngle: -46.9447 axialRotation: -86.6913 zShift: 5.50543 energy: -44.9788
MCAccept 91 xShift: 6.43767 crossingAngle: -46.9447 axialRotation: -86.6913 zShift: 5.51437 energy: -45.0794
MCReject   xShift: 6.43767 crossingAngle: -47.2896 axialRotation: -86.6913 zShift: 5.51437 energy: -44.9737
MCReject   xShift: 6.43767 crossingAngle: -46.9447 axialRotation: -86.7603 zShift: 5.51437 energy: -45.1481
MCReject   xShift: 6.40345 crossingAngle: -46.9447 axialRotation: -86.6913 zShift: 5.51437 energy: -44.8006
MCReject   xShift: 6.43767 crossingAngle: -46.9447 axialRotation: -86.399 zShift: 5.51437 energy: -44.697
MCReject   xShift: 6.43767 crossingAngle: -46.9447 axialRotation: -86.6913 zShift: 5.41511 energy: -43.833
MCReject   xShift: 6.43767 crossingAngle: -46.9447 axialRotation: -86.6913 zShift: 5.50129 energy: -44.9312
MCReject   xShift: 6.41153 crossingAngle: -46.9447 axialRotation: -86.6913 zShift: 5.51437 energy: -39.4903
MCReject   xShift: 6.43767 crossingAngle: -46.9447 axialRotation: -86.6913 zShift: 5.47795 energy: -44.654
MCReject   xShift: 6.43767 crossingAngle: -46.9447 axialRotation: -86.8783 zShift: 5.51437 energy: -40.0174
MCReject   xShift: 6.43767 crossingAngle: -46.9412 axialRotation: -86.6913 zShift: 5.51437 energy: -39.7756
MCReject   xShift: 6.43767 crossingAngle: -46.9447 axialRotation: -86.6913 zShift: 5.48632 energy: -39.3696
MCAccept 92 xShift: 6.47378 crossingAngle: -46.9447 axialRotation: -86.6913 zShift: 5.51437 energy: -45.144
MCReject   xShift: 6.47378 crossingAngle: -46.9447 axialRotation: -86.6913 zShift: 5.55373 energy: -40.4281
MCReject   xShift: 6.47378 crossingAngle: -46.9447 axialRotation: -86.6913 zShift: 5.4451 energy: -44.3658
MCReject   xShift: 6.42257 crossingAngle: -46.9447 axialRotation: -86.6913 zShift: 5.51437 energy: -39.6266
MCReject   xShift: 6.40824 crossingAngle: -46.9447 axialRotation: -86.6913 zShift: 5.51437 energy: -44.8537
MCReject   xShift: 6.47378 crossingAngle: -46.9447 axialRotation: -86.6913 zShift: 5.45224 energy: -44.4515
MCReject   xShift: 6.47378 crossingAngle: -46.9447 axialRotation: -86.6913 zShift: 5.51355 energy: -39.9379
MCReject   xShift: 6.47378 crossingAngle: -46.797 axialRotation: -86.6913 zShift: 5.51437 energy: -40.0616
MCReject   xShift: 6.47378 crossingAngle: -46.9447 axialRotation: -86.6913 zShift: 5.48314 energy: -44.8072
MCReject   xShift: 6.5295 crossingAngle: -46.9447 axialRotation: -86.6913 zShift: 5.51437 energy: -39.7983
MCReject   xShift: 6.47378 crossingAngle: -46.9447 axialRotation: -86.6913 zShift: 5.50219 energy: -39.7895
MCReject   xShift: 6.47378 crossingAngle: -47.2725 axialRotation: -86.6913 zShift: 5.51437 energy: -45.024
MCAccept 93 xShift: 6.47378 crossingAngle: -46.8492 axialRotation: -86.6913 zShift: 5.51437 energy: -45.1512
MCReject   xShift: 6.47378 crossingAngle: -46.8492 axialRotation: -86.6913 zShift: 5.51089 energy: -39.9813
MCReject   xShift: 6.47378 crossingAngle: -46.6084 axialRotation: -86.6913 zShift: 5.51437 energy: -40.1983
MCReject   xShift: 6.47378 crossingAngle: -46.8492 axialRotation: -86.6913 zShift: 5.4991 energy: -44.9941
MCReject   xShift: 6.53536 crossingAngle: -46.8492 axialRotation: -86.6913 zShift: 5.51437 energy: -39.838
MCAccept 94 xShift: 6.47378 crossingAngle: -46.8492 axialRotation: -86.6913 zShift: 5.54951 energy: -45.4836
MCAccept 95 xShift: 6.4878 crossingAngle: -46.8492 axialRotation: -86.6913 zShift: 5.54951 energy: -45.4472
MCReject   xShift: 6.4878 crossingAngle: -46.8492 axialRotation: -86.6913 zShift: 5.50654 energy: -45.0449
MCReject   xShift: 6.4878 crossingAngle: -46.8492 axialRotation: -87.0475 zShift: 5.54951 energy: -40.7307
MCReject   xShift: 6.49801 crossingAngle: -46.8492 axialRotation: -86.6913 zShift: 5.54951 energy: -40.4241
MCReject   xShift: 6.4878 crossingAngle: -46.8492 axialRotation: -86.7831 zShift: 5.54951 energy: -40.5398
MCReject   xShift: 6.49699 crossingAngle: -46.8492 axialRotation: -86.6913 zShift: 5.54951 energy: -40.4268
MCReject   xShift: 6.4878 crossingAngle: -46.7736 axialRotation: -86.6913 zShift: 5.54951 energy: -40.4982
MCReject   xShift: 6.4878 crossingAngle: -46.7662 axialRotation: -86.6913 zShift: 5.54951 energy: -40.5031
MCReject   xShift: 6.45768 crossingAngle: -46.8492 axialRotation: -86.6913 zShift: 5.54951 energy: -40.4102
MCAccept 96 xShift: 6.4878 crossingAngle: -46.9819 axialRotation: -86.6913 zShift: 5.54951 energy: -45.4394
MCAccept 97 xShift: 6.4878 crossingAngle: -46.9805 axialRotation: -86.6913 zShift: 5.54951 energy: -45.4396
MCReject   xShift: 6.4878 crossingAngle: -46.9805 axialRotation: -86.6913 zShift: 5.52378 energy: -40.0405
MCAccept 98 xShift: 6.4878 crossingAngle: -46.9805 axialRotation: -86.6913 zShift: 5.56039 energy: -45.5356
MCReject   xShift: 6.4878 crossingAngle: -46.9805 axialRotation: -86.854 zShift: 5.56039 energy: -40.6265
MCAccept 99 xShift: 6.43074 crossingAngle: -46.9805 axialRotation: -86.6913 zShift: 5.56039 energy: -45.5255
MCReject   xShift: 6.43074 crossingAngle: -46.9805 axialRotation: -86.3456 zShift: 5.56039 energy: -45.1482
MCReject   xShift: 6.43074 crossingAngle: -46.9805 axialRotation: -86.3887 zShift: 5.56039 energy: -45.2084
MCReject   xShift: 6.36526 crossingAngle: -46.9805 axialRotation: -86.6913 zShift: 5.56039 energy: -44.7716
MCReject   xShift: 6.41148 crossingAngle: -46.9805 axialRotation: -86.6913 zShift: 5.56039 energy: -40.0988
MCAccept 100 xShift: 6.43074 crossingAngle: -47.0081 axialRotation: -86.6913 zShift: 5.56039 energy: -45.5256
MCReject   xShift: 6.4077 crossingAngle: -47.0081 axialRotation: -86.6913 zShift: 5.56039 energy: -45.362
MCAccept 101 xShift: 6.43074 crossingAngle: -46.9573 axialRotation: -86.6913 zShift: 5.56039 energy: -45.5245
MCAccept 102 xShift: 6.43074 crossingAngle: -46.8885 axialRotation: -86.6913 zShift: 5.56039 energy: -45.5166
MCReject   xShift: 6.43074 crossingAngle: -46.8885 axialRotation: -86.6913 zShift: 5.55018 energy: -40.231
MCReject   xShift: 6.43654 crossingAngle: -46.8885 axialRotation: -86.6913 zShift: 5.56039 energy: -40.4023
MCAccept 103 xShift: 6.48773 crossingAngle: -46.8885 axialRotation: -86.6913 zShift: 5.56039 energy: -45.5397
MCReject   xShift: 6.52521 crossingAngle: -46.8885 axialRotation: -86.6913 zShift: 5.56039 energy: -45.2931
MCReject   xShift: 6.48773 crossingAngle: -46.8885 axialRotation: -86.9659 zShift: 5.56039 energy: -40.7631
MCReject   xShift: 6.489 crossingAngle: -46.8885 axialRotation: -86.6913 zShift: 5.56039 energy: -40.534
MCAccept 104 xShift: 6.48773 crossingAngle: -46.9082 axialRotation: -86.6913 zShift: 5.56039 energy: -45.5399
MCReject   xShift: 6.48773 crossingAngle: -46.9082 axialRotation: -86.6913 zShift: 5.52684 energy: -45.2385
MCReject   xShift: 6.48773 crossingAngle: -46.9082 axialRotation: -86.6913 zShift: 5.61633 energy: -41.0911
MCReject   xShift: 6.48773 crossingAngle: -46.9082 axialRotation: -86.6913 zShift: 5.55433 energy: -45.488
MCReject   xShift: 6.48773 crossingAngle: -46.9082 axialRotation: -86.3041 zShift: 5.56039 energy: -39.9767
MCReject   xShift: 6.44161 crossingAngle: -46.9082 axialRotation: -86.6913 zShift: 5.56039 energy: -40.4233
MCReject   xShift: 6.48773 crossingAngle: -46.9422 axialRotation: -86.6913 zShift: 5.56039 energy: -40.4982
MCReject   xShift: 6.48773 crossingAngle: -46.9082 axialRotation: -86.5043 zShift: 5.56039 energy: -45.387
MCAccept 105 xShift: 6.48773 crossingAngle: -46.9682 axialRotation: -86.6913 zShift: 5.56039 energy: -45.5371
MCAccept 106 xShift: 6.48773 crossingAngle: -46.9682 axialRotation: -86.6913 zShift: 5.60144 energy: -45.8669
MCReject   xShift: 6.48773 crossingAngle: -47.035 axialRotation: -86.6913 zShift: 5.60144 energy: -40.8587
MCReject   xShift: 6.48773 crossingAngle: -46.9682 axialRotation: -86.6913 zShift: 5.56591 energy: -40.5388
MCReject   xShift: 6.48773 crossingAngle: -46.95 axialRotation: -86.6913 zShift: 5.60144 energy: -40.9182
MCReject   xShift: 6.48773 crossingAngle: -46.5171 axialRotation: -86.6913 zShift: 5.60144 energy: -45.7636
MCAccept 107 xShift: 6.49281 crossingAngle: -46.9682 axialRotation: -86.6913 zShift: 5.60144 energy: -45.84
MCReject   xShift: 6.49281 crossingAngle: -46.9682 axialRotation: -86.6913 zShift: 5.5803 energy: -40.6796
MCReject   xShift: 6.53674 crossingAngle: -46.9682 axialRotation: -86.6913 zShift: 5.60144 energy: -45.4669
MCReject   xShift: 6.49281 crossingAngle: -46.9682 axialRotation: -86.6913 zShift: 5.59844 energy: -40.8618
MCAccept 108 xShift: 6.49281 crossingAngle: -46.9795 axialRotation: -86.6913 zShift: 5.60144 energy: -45.8401
MCAccept 109 xShift: 6.50784 crossingAngle: -46.9795 axialRotation: -86.6913 zShift: 5.60144 energy: -45.7395
MCReject   xShift: 6.50784 crossingAngle: -46.9795 axialRotation: -86.6913 zShift: 5.58473 energy: -40.6552
MCReject   xShift: 6.50784 crossingAngle: -46.9795 axialRotation: -86.5152 zShift: 5.60144 energy: -45.6372
MCReject   xShift: 6.50784 crossingAngle: -46.9795 axialRotation: -86.8364 zShift: 5.60144 energy: -40.9236
MCAccept 110 xShift: 6.50784 crossingAngle: -47.0389 axialRotation: -86.6913 zShift: 5.60144 energy: -45.7342
MCReject   xShift: 6.50784 crossingAngle: -47.0389 axialRotation: -86.6913 zShift: 5.57829 energy: -45.5565
MCReject   xShift: 6.50784 crossingAngle: -47.0389 axialRotation: -86.6913 zShift: 5.56283 energy: -40.3797
MCAccept 111 xShift: 6.50784 crossingAngle: -47.0389 axialRotation: -86.6913 zShift: 5.60271 energy: -45.7434
MCReject   xShift: 6.50784 crossingAngle: -47.0389 axialRotation: -86.5446 zShift: 5.60271 energy: -45.657
MCAccept 112 xShift: 6.50784 crossingAngle: -47.0046 axialRotation: -86.6913 zShift: 5.60271 energy: -45.7466
MCReject   xShift: 6.50784 crossingAngle: -47.0046 axialRotation: -86.6913 zShift: 5.60769 energy: -40.8579
MCReject   xShift: 6.50784 crossingAngle: -47.1651 axialRotation: -86.6913 zShift: 5.60271 energy: -40.6768
MCReject   xShift: 6.50784 crossingAngle: -47.0046 axialRotation: -86.6913 zShift: 5.57822 energy: -40.5703
MCReject   xShift: 6.50784 crossingAngle: -47.0046 axialRotation: -86.6913 zShift: 5.62338 energy: -41.0025
MCAccept 113 xShift: 6.51606 crossingAngle: -47.0046 axialRotation: -86.6913 zShift: 5.60271 energy: -45.6776
MCReject   xShift: 6.53588 crossingAngle: -47.0046 axialRotation: -86.6913 zShift: 5.60271 energy: -45.4771
MCAccept 114 xShift: 6.51606 crossingAngle: -47.0046 axialRotation: -86.6913 zShift: 5.64824 energy: -45.9827
MCReject   xShift: 6.50805 crossingAngle: -47.0046 axialRotation: -86.6913 zShift: 5.64824 energy: -41.2182
MCReject   xShift: 6.51606 crossingAngle: -46.994 axialRotation: -86.6913 zShift: 5.64824 energy: -41.1712
MCReject   xShift: 6.47326 crossingAngle: -47.0046 axialRotation: -86.6913 zShift: 5.64824 energy: -41.3472
MCReject   xShift: 6.51606 crossingAngle: -47.0046 axialRotation: -86.6913 zShift: 5.64174 energy: -45.9399
MCReject   xShift: 6.49552 crossingAngle: -47.0046 axialRotation: -86.6913 zShift: 5.64824 energy: -41.2851
MCReject   xShift: 6.49518 crossingAngle: -47.0046 axialRotation: -86.6913 zShift: 5.64824 energy: -41.2866
MCAccept 115 xShift: 6.51606 crossingAngle: -47.0046 axialRotation: -86.6913 zShift: 5.69927 energy: -46.2603
MCReject   xShift: 6.51606 crossingAngle: -47.0046 axialRotation: -86.4737 zShift: 5.69927 energy: -41.4498
MCReject   xShift: 6.51699 crossingAngle: -47.0046 axialRotation: -86.6913 zShift: 5.69927 energy: -41.5408
MCReject   xShift: 6.51606 crossingAngle: -47.0046 axialRotation: -86.6913 zShift: 5.72748 energy: -41.7301
MCReject   xShift: 6.53471 crossingAngle: -47.0046 axialRotation: -86.6913 zShift: 5.69927 energy: -41.3749
MCReject   xShift: 6.51606 crossingAngle: -46.8527 axialRotation: -86.6913 zShift: 5.69927 energy: -46.2359
MCReject   xShift: 6.51606 crossingAngle: -47.0046 axialRotation: -86.6913 zShift: 5.67238 energy: -46.1233
MCReject   xShift: 6.51606 crossingAngle: -47.0046 axialRotation: -86.6913 zShift: 5.71046 energy: -41.6231
MCReject   xShift: 6.51273 crossingAngle: -47.0046 axialRotation: -86.6913 zShift: 5.69927 energy: -41.5746
MCReject   xShift: 6.51606 crossingAngle: -47.1081 axialRotation: -86.6913 zShift: 5.69927 energy: -41.4865
MCAccept 116 xShift: 6.51296 crossingAngle: -47.0046 axialRotation: -86.6913 zShift: 5.69927 energy: -46.2928
MCReject   xShift: 6.51296 crossingAngle: -47.0046 axialRotation: -86.42 zShift: 5.69927 energy: -41.4386
MCReject   xShift: 6.51296 crossingAngle: -46.9636 axialRotation: -86.6913 zShift: 5.69927 energy: -41.5931
MCReject   xShift: 6.51296 crossingAngle: -47.0046 axialRotation: -86.4131 zShift: 5.69927 energy: -41.4337
MCReject   xShift: 6.51296 crossingAngle: -47.0046 axialRotation: -86.6373 zShift: 5.69927 energy: -41.5543
MCReject   xShift: 6.53722 crossingAngle: -47.0046 axialRotation: -86.6913 zShift: 5.69927 energy: -46.0242
MCReject   xShift: 6.56069 crossingAngle: -47.0046 axialRotation: -86.6913 zShift: 5.69927 energy: -45.7037
MCReject   xShift: 6.51296 crossingAngle: -47.0046 axialRotation: -86.9164 zShift: 5.69927 energy: -41.5943
MCReject   xShift: 6.51296 crossingAngle: -47.0046 axialRotation: -86.6913 zShift: 5.7172 energy: -41.6915
MCReject   xShift: 6.56959 crossingAngle: -47.0046 axialRotation: -86.6913 zShift: 5.69927 energy: -40.9368
MCAccept 117 xShift: 6.51296 crossingAngle: -47.0046 axialRotation: -86.6913 zShift: 5.7118 energy: -46.3519
MCReject   xShift: 6.51296 crossingAngle: -47.0046 axialRotation: -86.7963 zShift: 5.7118 energy: -41.6695
MCAccept 118 xShift: 6.5001 crossingAngle: -47.0046 axialRotation: -86.6913 zShift: 5.7118 energy: -46.4616
MCAccept 119 xShift: 6.5001 crossingAngle: -47.0046 axialRotation: -86.6913 zShift: 5.73158 energy: -46.5491
MCReject   xShift: 6.5001 crossingAngle: -47.0046 axialRotation: -86.6913 zShift: 5.71139 energy: -46.4622
MCReject   xShift: 6.5084 crossingAngle: -47.0046 axialRotation: -86.6913 zShift: 5.73158 energy: -46.4802
MCAccept 120 xShift: 6.5001 crossingAngle: -47.0046 axialRotation: -86.6913 zShift: 5.73349 energy: -46.5569
MCAccept 121 xShift: 6.5001 crossingAngle: -47.3515 axialRotation: -86.6913 zShift: 5.73349 energy: -46.5758
MCAccept 122 xShift: 6.5001 crossingAngle: -47.2242 axialRotation: -86.6913 zShift: 5.73349 energy: -46.5794
MCReject   xShift: 6.5001 crossingAngle: -47.4393 axialRotation: -86.6913 zShift: 5.73349 energy: -46.56
MCReject   xShift: 6.55037 crossingAngle: -47.2242 axialRotation: -86.6913 zShift: 5.73349 energy: -41.2711
MCReject   xShift: 6.4973 crossingAngle: -47.2242 axialRotation: -86.6913 zShift: 5.73349 energy: -41.7876
MCReject   xShift: 6.5001 crossingAngle: -47.2242 axialRotation: -86.6042 zShift: 5.73349 energy: -41.7435
MCAccept 123 xShift: 6.5001 crossingAngle: -47.2242 axialRotation: -86.6913 zShift: 5.73973 energy: -46.608
MCReject   xShift: 6.5001 crossingAngle: -47.2242 axialRotation: -86.7857 zShift: 5.73973 energy: -46.5854
MCReject   xShift: 6.5001 crossingAngle: -47.2242 axialRotation: -86.7592 zShift: 5.73973 energy: -46.5931
MCReject   xShift: 6.5001 crossingAngle: -47.2053 axialRotation: -86.6913 zShift: 5.73973 energy: -41.822
MCReject   xShift: 6.5001 crossingAngle: -47.2242 axialRotation: -86.3467 zShift: 5.73973 energy: -41.6537
MCReject   xShift: 6.5001 crossingAngle: -47.1039 axialRotation: -86.6913 zShift: 5.73973 energy: -46.6032
MCAccept 124 xShift: 6.49002 crossingAngle: -47.2242 axialRotation: -86.6913 zShift: 5.73973 energy: -46.6908
MCReject   xShift: 6.49002 crossingAngle: -47.3159 axialRotation: -86.6913 zShift: 5.73973 energy: -41.8165
MCReject   xShift: 6.49002 crossingAngle: -47.3439 axialRotation: -86.6913 zShift: 5.73973 energy: -41.7968
MCReject   xShift: 6.49002 crossingAngle: -47.2242 axialRotation: -86.5051 zShift: 5.73973 energy: -41.811
MCAccept 125 xShift: 6.49002 crossingAngle: -47.3889 axialRotation: -86.6913 zShift: 5.73973 energy: -46.6889
MCReject   xShift: 6.49002 crossingAngle: -47.3889 axialRotation: -86.557 zShift: 5.73973 energy: -41.705
MCReject   xShift: 6.49002 crossingAngle: -47.3889 axialRotation: -86.4423 zShift: 5.73973 energy: -46.6538
MCAccept 126 xShift: 6.49002 crossingAngle: -47.4054 axialRotation: -86.6913 zShift: 5.73973 energy: -46.6866
MCReject   xShift: 6.49002 crossingAngle: -47.4054 axialRotation: -86.3716 zShift: 5.73973 energy: -41.564
MCReject   xShift: 6.49002 crossingAngle: -47.4054 axialRotation: -86.6913 zShift: 5.72256 energy: -46.5937
MCReject   xShift: 6.49299 crossingAngle: -47.4054 axialRotation: -86.6913 zShift: 5.73973 energy: -41.7324
MCReject   xShift: 6.49002 crossingAngle: -47.4888 axialRotation: -86.6913 zShift: 5.73973 energy: -46.6692
MCReject   xShift: 6.49002 crossingAngle: -47.4054 axialRotation: -86.6913 zShift: 5.70779 energy: -46.5082
MCReject   xShift: 6.49002 crossingAngle: -47.281 axialRotation: -86.6913 zShift: 5.73973 energy: -41.8393
MCAccept 127 xShift: 6.45023 crossingAngle: -47.4054 axialRotation: -86.6913 zShift: 5.73973 energy: -46.8915
MCReject   xShift: 6.45023 crossingAngle: -47.4054 axialRotation: -86.8013 zShift: 5.73973 energy: -46.8733
MCReject   xShift: 6.45023 crossingAngle: -47.4054 axialRotation: -86.6913 zShift: 5.72425 energy: -41.7216
MCReject   xShift: 6.45023 crossingAngle: -47.4054 axialRotation: -86.421 zShift: 5.73973 energy: -43.2513
MCReject   xShift: 6.45023 crossingAngle: -47.4054 axialRotation: -86.8976 zShift: 5.73973 energy: -41.8837
MCAccept 128 xShift: 6.45023 crossingAngle: -47.3821 axialRotation: -86.6913 zShift: 5.73973 energy: -46.8927
MCReject   xShift: 6.45023 crossingAngle: -47.6094 axialRotation: -86.6913 zShift: 5.73973 energy: -41.6549
MCAccept 129 xShift: 6.45023 crossingAngle: -47.3821 axialRotation: -86.6913 zShift: 5.77141 energy: -47.0558
MCReject   xShift: 6.45023 crossingAngle: -47.6678 axialRotation: -86.6913 zShift: 5.77141 energy: -47.0202
MCReject   xShift: 6.45023 crossingAngle: -47.3821 axialRotation: -86.9092 zShift: 5.77141 energy: -46.9547
MCAccept 130 xShift: 6.45023 crossingAngle: -47.4523 axialRotation: -86.6913 zShift: 5.77141 energy: -47.0577
MCReject   xShift: 6.45023 crossingAngle: -47.3186 axialRotation: -86.6913 zShift: 5.77141 energy: -47.0474
MCReject   xShift: 6.45023 crossingAngle: -47.6478 axialRotation: -86.6913 zShift: 5.77141 energy: -41.8808
MCReject   xShift: 6.46836 crossingAngle: -47.4523 axialRotation: -86.6913 zShift: 5.77141 energy: -42.0316
MCReject   xShift: 6.45023 crossingAngle: -47.2283 axialRotation: -86.6913 zShift: 5.77141 energy: -42.1867
MCReject   xShift: 6.45023 crossingAngle: -47.4523 axialRotation: -86.4692 zShift: 5.77141 energy: -41.9789
MCReject   xShift: 6.45023 crossingAngle: -47.4523 axialRotation: -86.4292 zShift: 5.77141 energy: -47.0593
MCReject   xShift: 6.45023 crossingAngle: -47.5277 axialRotation: -86.6913 zShift: 5.77141 energy: -47.0519
MCReject   xShift: 6.45023 crossingAngle: -47.4914 axialRotation: -86.6913 zShift: 5.77141 energy: -47.0558
MCReject   xShift: 6.38989 crossingAngle: -47.4523 axialRotation: -86.6913 zShift: 5.77141 energy: -46.9124
MCReject   xShift: 6.42444 crossingAngle: -47.4523 axialRotation: -86.6913 zShift: 5.77141 energy: -41.9988
MCReject   xShift: 6.45023 crossingAngle: -47.4523 axialRotation: -86.6913 zShift: 5.78927 energy: -42.184
MCReject   xShift: 6.49963 crossingAngle: -47.4523 axialRotation: -86.6913 zShift: 5.77141 energy: -41.8728
MCReject   xShift: 6.45023 crossingAngle: -47.4523 axialRotation: -86.6913 zShift: 5.7617 energy: -41.984
MCReject   xShift: 6.45023 crossingAngle: -47.3253 axialRotation: -86.6913 zShift: 5.77141 energy: -47.0486
MCReject   xShift: 6.45023 crossingAngle: -47.4523 axialRotation: -86.7005 zShift: 5.77141 energy: -47.0557
MCReject   xShift: 6.45023 crossingAngle: -47.4751 axialRotation: -86.6913 zShift: 5.77141 energy: -47.0569
MCReject   xShift: 6.46958 crossingAngle: -47.4523 axialRotation: -86.6913 zShift: 5.77141 energy: -46.9784
MCAccept 131 xShift: 6.43335 crossingAngle: -47.4523 axialRotation: -86.6913 zShift: 5.77141 energy: -47.08
MCReject   xShift: 6.43335 crossingAngle: -47.4473 axialRotation: -86.6913 zShift: 5.77141 energy: -42.0354
MCReject   xShift: 6.43335 crossingAngle: -47.4523 axialRotation: -86.6913 zShift: 5.76714 energy: -41.9988
MCReject   xShift: 6.43335 crossingAngle: -47.4681 axialRotation: -86.6913 zShift: 5.77141 energy: -42.0196
MCReject   xShift: 6.43335 crossingAngle: -47.4778 axialRotation: -86.6913 zShift: 5.77141 energy: -42.0119
MCReject   xShift: 6.43335 crossingAngle: -47.3491 axialRotation: -86.6913 zShift: 5.77141 energy: -42.1016
MCReject   xShift: 6.43335 crossingAngle: -47.4523 axialRotation: -86.6159 zShift: 5.77141 energy: -42.0145
MCReject   xShift: 6.43335 crossingAngle: -47.4523 axialRotation: -86.6913 zShift: 5.76482 energy: -47.0452
MCReject   xShift: 6.43335 crossingAngle: -47.4523 axialRotation: -86.6913 zShift: 5.80405 energy: -42.2671
MCReject   xShift: 6.43335 crossingAngle: -47.4523 axialRotation: -86.6913 zShift: 5.75596 energy: -46.9966
MCAccept 132 xShift: 6.43081 crossingAngle: -47.4523 axialRotation: -86.6913 zShift: 5.77141 energy: -47.0793
MCReject   xShift: 6.43081 crossingAngle: -47.3429 axialRotation: -86.6913 zShift: 5.77141 energy: -47.068
MCReject   xShift: 6.43081 crossingAngle: -47.2217 axialRotation: -86.6913 zShift: 5.77141 energy: -47.0327
MCReject   xShift: 6.46309 crossingAngle: -47.4523 axialRotation: -86.6913 zShift: 5.77141 energy: -42.0443
MCAccept 133 xShift: 6.43081 crossingAngle: -47.4523 axialRotation: -86.6913 zShift: 5.7945 energy: -47.193
MCAccept 134 xShift: 6.43081 crossingAngle: -47.4523 axialRotation: -86.6913 zShift: 5.80997 energy: -47.2614
MCReject   xShift: 6.43081 crossingAngle: -47.4523 axialRotation: -86.6913 zShift: 5.78577 energy: -47.1517
MCReject   xShift: 6.43081 crossingAngle: -47.4523 axialRotation: -86.6913 zShift: 5.80656 energy: -47.2468
End Repack Cycles

***REPACK GEOMETRY***
xShift;        Before: 6.52424; After: 6.43081
crossingAngle; Before: -46.8017; After: -47.4523
axialRotation; Before: -86.6913; After: -86.6913
zShift;        Before: 5.59567; After: 5.80997

axialRotationPrime; Before: 45.1257; After: 46.7132
zShiftPrime;        Before: 4.77255; After: 5.01067

Energy;        Before: -35.162; After: -47.2614

Completed all cycles. Accepted 192/397
Monte Carlo repack complete. Time: 91.2333min

