***STARTING GEOMETRY***
xShift;        Before: 6.52395; After: 6.52395
crossingAngle; Before: -45.649; After: -45.649
axialRotation; Before: -70.6256; After: -70.6256
zShift;        Before: 3.39052; After: 3.39052

axialRotationPrime; Before: 46.642; After: 46.642
zShiftPrime;        Before: 2.59015; After: 2.59015

Starting Repack Cycles
MCAccept 0 xShift: 6.58074 crossingAngle: -45.649 axialRotation: -70.6256 zShift: 3.39052 energy: -30.447
MCAccept 1 xShift: 6.57871 crossingAngle: -45.649 axialRotation: -70.6256 zShift: 3.39052 energy: -30.4659
MCAccept 2 xShift: 6.57871 crossingAngle: -45.649 axialRotation: -70.6256 zShift: 3.39004 energy: -30.4644
MCAccept 3 xShift: 6.57871 crossingAngle: -45.649 axialRotation: -70.6256 zShift: 3.36148 energy: -30.3362
MCAccept 4 xShift: 6.57871 crossingAngle: -45.649 axialRotation: -70.6256 zShift: 3.37556 energy: -30.4076
MCAccept 5 xShift: 6.63432 crossingAngle: -45.649 axialRotation: -70.6256 zShift: 3.37556 energy: -29.7502
MCAccept 6 xShift: 6.67828 crossingAngle: -45.649 axialRotation: -70.6256 zShift: 3.37556 energy: -28.7871
MCAccept 7 xShift: 6.67828 crossingAngle: -45.9012 axialRotation: -70.6256 zShift: 3.37556 energy: -28.7542
MCAccept 8 xShift: 6.67828 crossingAngle: -45.8011 axialRotation: -70.6256 zShift: 3.37556 energy: -28.8656
MCAccept 9 xShift: 6.67828 crossingAngle: -45.4945 axialRotation: -70.6256 zShift: 3.37556 energy: -28.824
MCAccept 10 xShift: 6.67828 crossingAngle: -45.431 axialRotation: -70.6256 zShift: 3.37556 energy: -28.8269
MCAccept 11 xShift: 6.68764 crossingAngle: -45.431 axialRotation: -70.6256 zShift: 3.37556 energy: -28.7924
MCAccept 12 xShift: 6.6961 crossingAngle: -45.431 axialRotation: -70.6256 zShift: 3.37556 energy: -28.5791
MCAccept 13 xShift: 6.6961 crossingAngle: -45.431 axialRotation: -70.6256 zShift: 3.41361 energy: -28.6315
MCAccept 14 xShift: 6.6961 crossingAngle: -45.5136 axialRotation: -70.6256 zShift: 3.41361 energy: -28.6361
MCAccept 15 xShift: 6.6961 crossingAngle: -45.5136 axialRotation: -70.6256 zShift: 3.41601 energy: -28.6473
MCAccept 16 xShift: 6.6961 crossingAngle: -45.5345 axialRotation: -70.6256 zShift: 3.41601 energy: -28.8156
MCAccept 17 xShift: 6.66866 crossingAngle: -45.5345 axialRotation: -70.6256 zShift: 3.41601 energy: -28.917
MCAccept 18 xShift: 6.66866 crossingAngle: -45.5345 axialRotation: -70.6256 zShift: 3.42222 energy: -29.0671
MCAccept 19 xShift: 6.60252 crossingAngle: -45.5345 axialRotation: -70.6256 zShift: 3.42222 energy: -28.5271
MCAccept 20 xShift: 6.60252 crossingAngle: -45.726 axialRotation: -70.6256 zShift: 3.42222 energy: -30.2918
MCAccept 21 xShift: 6.60252 crossingAngle: -45.3886 axialRotation: -70.6256 zShift: 3.42222 energy: -30.2436
MCReject   xShift: 6.60252 crossingAngle: -45.3886 axialRotation: -70.6256 zShift: 3.3794 energy: -28.4053
MCAccept 22 xShift: 6.60252 crossingAngle: -45.3886 axialRotation: -70.6256 zShift: 3.43447 energy: -30.081
MCAccept 23 xShift: 6.54856 crossingAngle: -45.3886 axialRotation: -70.6256 zShift: 3.43447 energy: -30.4337
MCAccept 24 xShift: 6.54856 crossingAngle: -45.0932 axialRotation: -70.6256 zShift: 3.43447 energy: -28.4166
MCReject   xShift: 6.54352 crossingAngle: -45.0932 axialRotation: -70.6256 zShift: 3.43447 energy: -28.3718
MCReject   xShift: 6.54856 crossingAngle: -45.0932 axialRotation: -70.6256 zShift: 3.51176 energy: -28.1295
MCAccept 25 xShift: 6.54856 crossingAngle: -45.0932 axialRotation: -70.6256 zShift: 3.44366 energy: -29.9762
MCAccept 26 xShift: 6.54856 crossingAngle: -45.0932 axialRotation: -70.6256 zShift: 3.4693 energy: -30.3133
MCAccept 27 xShift: 6.54856 crossingAngle: -45.629 axialRotation: -70.6256 zShift: 3.4693 energy: -30.464
MCAccept 28 xShift: 6.54856 crossingAngle: -45.629 axialRotation: -70.6256 zShift: 3.46688 energy: -30.2981
MCAccept 29 xShift: 6.54856 crossingAngle: -45.6135 axialRotation: -70.6256 zShift: 3.46688 energy: -28.725
MCAccept 30 xShift: 6.54856 crossingAngle: -45.5386 axialRotation: -70.6256 zShift: 3.46688 energy: -30.2645
MCAccept 31 xShift: 6.57322 crossingAngle: -45.5386 axialRotation: -70.6256 zShift: 3.46688 energy: -30.4814
MCReject   xShift: 6.57322 crossingAngle: -45.5386 axialRotation: -70.6256 zShift: 3.4541 energy: -28.6237
MCReject   xShift: 6.53044 crossingAngle: -45.5386 axialRotation: -70.6256 zShift: 3.46688 energy: -28.6772
MCReject   xShift: 6.65656 crossingAngle: -45.5386 axialRotation: -70.6256 zShift: 3.46688 energy: -27.4718
MCReject   xShift: 6.57322 crossingAngle: -45.4294 axialRotation: -70.6256 zShift: 3.46688 energy: -28.5033
MCAccept 32 xShift: 6.52301 crossingAngle: -45.5386 axialRotation: -70.6256 zShift: 3.46688 energy: -30.4891
MCAccept 33 xShift: 6.46969 crossingAngle: -45.5386 axialRotation: -70.6256 zShift: 3.46688 energy: -28.4762
MCAccept 34 xShift: 6.46969 crossingAngle: -45.5386 axialRotation: -70.6256 zShift: 3.38617 energy: -30.7358
MCReject   xShift: 6.3732 crossingAngle: -45.5386 axialRotation: -70.6256 zShift: 3.38617 energy: -29.6426
MCAccept 35 xShift: 6.46969 crossingAngle: -45.5386 axialRotation: -70.6256 zShift: 3.41144 energy: -30.7459
MCAccept 36 xShift: 6.53286 crossingAngle: -45.5386 axialRotation: -70.6256 zShift: 3.41144 energy: -30.7626
MCAccept 37 xShift: 6.53286 crossingAngle: -45.5386 axialRotation: -70.6256 zShift: 3.4253 energy: -30.765
MCAccept 38 xShift: 6.53286 crossingAngle: -45.8899 axialRotation: -70.6256 zShift: 3.4253 energy: -30.8795
MCAccept 39 xShift: 6.53286 crossingAngle: -45.8899 axialRotation: -70.6256 zShift: 3.4672 energy: -30.5816
MCAccept 40 xShift: 6.53286 crossingAngle: -45.8899 axialRotation: -70.6256 zShift: 3.45718 energy: -30.8102
MCAccept 41 xShift: 6.55197 crossingAngle: -45.8899 axialRotation: -70.6256 zShift: 3.45718 energy: -30.5311
MCAccept 42 xShift: 6.55197 crossingAngle: -45.9551 axialRotation: -70.6256 zShift: 3.45718 energy: -30.7125
MCAccept 43 xShift: 6.55197 crossingAngle: -45.9551 axialRotation: -70.6256 zShift: 3.39158 energy: -30.7427
MCAccept 44 xShift: 6.55197 crossingAngle: -45.9551 axialRotation: -70.6256 zShift: 3.40399 energy: -30.7624
MCAccept 45 xShift: 6.59735 crossingAngle: -45.9551 axialRotation: -70.6256 zShift: 3.40399 energy: -30.3212
MCAccept 46 xShift: 6.59735 crossingAngle: -46.2185 axialRotation: -70.6256 zShift: 3.40399 energy: -30.2915
MCAccept 47 xShift: 6.59735 crossingAngle: -46.3202 axialRotation: -70.6256 zShift: 3.40399 energy: -30.2902
MCAccept 48 xShift: 6.53314 crossingAngle: -46.3202 axialRotation: -70.6256 zShift: 3.40399 energy: -30.855
MCAccept 49 xShift: 6.53314 crossingAngle: -46.4221 axialRotation: -70.6256 zShift: 3.40399 energy: -30.8311
MCAccept 50 xShift: 6.53399 crossingAngle: -46.4221 axialRotation: -70.6256 zShift: 3.40399 energy: -30.8269
MCAccept 51 xShift: 6.53399 crossingAngle: -46.9363 axialRotation: -70.6256 zShift: 3.40399 energy: -30.7159
MCAccept 52 xShift: 6.53399 crossingAngle: -46.9363 axialRotation: -70.6256 zShift: 3.35522 energy: -30.3659
MCAccept 53 xShift: 6.53399 crossingAngle: -46.9363 axialRotation: -70.6256 zShift: 3.26231 energy: -30.0052
MCAccept 54 xShift: 6.53399 crossingAngle: -46.7761 axialRotation: -70.6256 zShift: 3.26231 energy: -30.0512
MCAccept 55 xShift: 6.53399 crossingAngle: -46.7761 axialRotation: -70.6256 zShift: 3.28626 energy: -30.2325
MCAccept 56 xShift: 6.53399 crossingAngle: -46.808 axialRotation: -70.6256 zShift: 3.28626 energy: -30.2197
MCAccept 57 xShift: 6.53399 crossingAngle: -46.7113 axialRotation: -70.6256 zShift: 3.28626 energy: -30.2559
MCAccept 58 xShift: 6.53399 crossingAngle: -46.7113 axialRotation: -70.6256 zShift: 3.23927 energy: -29.8597
MCAccept 59 xShift: 6.58049 crossingAngle: -46.7113 axialRotation: -70.6256 zShift: 3.23927 energy: -29.3283
MCAccept 60 xShift: 6.58049 crossingAngle: -46.7113 axialRotation: -70.6256 zShift: 3.20083 energy: -28.9081
MCReject   xShift: 6.58049 crossingAngle: -46.7113 axialRotation: -70.6256 zShift: 3.15806 energy: -28.1166
MCAccept 61 xShift: 6.58049 crossingAngle: -46.7113 axialRotation: -70.6256 zShift: 3.0958 energy: -27.322
MCAccept 62 xShift: 6.58049 crossingAngle: -46.7113 axialRotation: -70.6256 zShift: 3.17278 energy: -28.5491
MCReject   xShift: 6.58049 crossingAngle: -46.7113 axialRotation: -70.7566 zShift: 3.17278 energy: -28.4397
MCAccept 63 xShift: 6.5977 crossingAngle: -46.7113 axialRotation: -70.6256 zShift: 3.17278 energy: -28.3135
MCAccept 64 xShift: 6.5977 crossingAngle: -46.7113 axialRotation: -70.6256 zShift: 3.21152 energy: -28.7941
MCReject   xShift: 6.5977 crossingAngle: -46.7113 axialRotation: -70.6256 zShift: 3.18722 energy: -28.3036
MCAccept 65 xShift: 6.5977 crossingAngle: -47.0719 axialRotation: -70.6256 zShift: 3.21152 energy: -28.771
MCAccept 66 xShift: 6.5977 crossingAngle: -47.0719 axialRotation: -70.6256 zShift: 3.28658 energy: -29.4489
MCAccept 67 xShift: 6.5977 crossingAngle: -46.513 axialRotation: -70.6256 zShift: 3.28658 energy: -29.5745
MCAccept 68 xShift: 6.5977 crossingAngle: -47.202 axialRotation: -70.6256 zShift: 3.28658 energy: -29.3847
MCAccept 69 xShift: 6.5977 crossingAngle: -47.202 axialRotation: -70.6256 zShift: 3.27151 energy: -29.2777
MCReject   xShift: 6.5977 crossingAngle: -47.202 axialRotation: -70.6256 zShift: 3.22818 energy: -28.7122
MCReject   xShift: 6.5977 crossingAngle: -47.202 axialRotation: -71.2342 zShift: 3.27151 energy: -27.4113
MCReject   xShift: 6.66287 crossingAngle: -47.202 axialRotation: -70.6256 zShift: 3.27151 energy: -28.0411
MCReject   xShift: 6.5977 crossingAngle: -47.202 axialRotation: -70.6256 zShift: 3.17788 energy: -28.362
MCAccept 70 xShift: 6.5977 crossingAngle: -47.202 axialRotation: -70.6256 zShift: 3.27444 energy: -29.2993
MCAccept 71 xShift: 6.5977 crossingAngle: -47.2418 axialRotation: -70.6256 zShift: 3.27444 energy: -29.2717
MCAccept 72 xShift: 6.56112 crossingAngle: -47.2418 axialRotation: -70.6256 zShift: 3.27444 energy: -29.7589
MCAccept 73 xShift: 6.56112 crossingAngle: -47.1686 axialRotation: -70.6256 zShift: 3.27444 energy: -29.7857
MCAccept 74 xShift: 6.56112 crossingAngle: -47.6392 axialRotation: -70.6256 zShift: 3.27444 energy: -29.5109
MCAccept 75 xShift: 6.56112 crossingAngle: -47.4746 axialRotation: -70.6256 zShift: 3.27444 energy: -29.6223
MCAccept 76 xShift: 6.55799 crossingAngle: -47.4746 axialRotation: -70.6256 zShift: 3.27444 energy: -29.6648
MCReject   xShift: 6.55799 crossingAngle: -47.4746 axialRotation: -70.6256 zShift: 3.24082 energy: -29.4179
MCAccept 77 xShift: 6.55799 crossingAngle: -47.4746 axialRotation: -70.6256 zShift: 3.27322 energy: -29.6567
MCReject   xShift: 6.55799 crossingAngle: -47.4746 axialRotation: -70.6256 zShift: 3.21883 energy: -29.2231
MCAccept 78 xShift: 6.55799 crossingAngle: -47.4746 axialRotation: -70.6256 zShift: 3.29598 energy: -29.7955
MCAccept 79 xShift: 6.55799 crossingAngle: -47.0916 axialRotation: -70.6256 zShift: 3.29598 energy: -30.0115
MCAccept 80 xShift: 6.51994 crossingAngle: -47.0916 axialRotation: -70.6256 zShift: 3.29598 energy: -30.3435
MCAccept 81 xShift: 6.51994 crossingAngle: -46.9945 axialRotation: -70.6256 zShift: 3.29598 energy: -30.139
MCReject   xShift: 6.51994 crossingAngle: -46.9945 axialRotation: -70.6256 zShift: 3.24883 energy: -29.9888
MCAccept 82 xShift: 6.46661 crossingAngle: -46.9945 axialRotation: -70.6256 zShift: 3.29598 energy: -30.6071
MCAccept 83 xShift: 6.46661 crossingAngle: -47.2822 axialRotation: -70.6256 zShift: 3.29598 energy: -30.5195
MCReject   xShift: 6.46661 crossingAngle: -47.2822 axialRotation: -69.883 zShift: 3.29598 energy: -30.081
MCAccept 84 xShift: 6.46661 crossingAngle: -46.9506 axialRotation: -70.6256 zShift: 3.29598 energy: -30.6265
MCAccept 85 xShift: 6.41252 crossingAngle: -46.9506 axialRotation: -70.6256 zShift: 3.29598 energy: -30.5791
MCReject   xShift: 6.41252 crossingAngle: -46.9506 axialRotation: -70.3244 zShift: 3.29598 energy: -30.395
MCAccept 86 xShift: 6.41252 crossingAngle: -46.9506 axialRotation: -70.6256 zShift: 3.35371 energy: -30.679
MCAccept 87 xShift: 6.41252 crossingAngle: -46.7494 axialRotation: -70.6256 zShift: 3.35371 energy: -30.7527
MCAccept 88 xShift: 6.41252 crossingAngle: -46.4589 axialRotation: -70.6256 zShift: 3.35371 energy: -30.7905
MCReject   xShift: 6.3719 crossingAngle: -46.4589 axialRotation: -70.6256 zShift: 3.35371 energy: -30.3331
MCAccept 89 xShift: 6.41252 crossingAngle: -46.4589 axialRotation: -70.6256 zShift: 3.32829 energy: -30.7436
MCReject   xShift: 6.41252 crossingAngle: -46.4589 axialRotation: -70.2435 zShift: 3.32829 energy: -30.4401
MCAccept 90 xShift: 6.41252 crossingAngle: -46.4589 axialRotation: -70.6256 zShift: 3.33804 energy: -30.7676
MCReject   xShift: 6.41252 crossingAngle: -46.3702 axialRotation: -70.6256 zShift: 3.33804 energy: -30.7577
MCAccept 91 xShift: 6.41252 crossingAngle: -46.4735 axialRotation: -70.6256 zShift: 3.33804 energy: -30.7683
MCAccept 92 xShift: 6.42016 crossingAngle: -46.4735 axialRotation: -70.6256 zShift: 3.33804 energy: -30.8185
MCAccept 93 xShift: 6.43171 crossingAngle: -46.4735 axialRotation: -70.6256 zShift: 3.33804 energy: -30.8772
MCAccept 94 xShift: 6.43171 crossingAngle: -46.4735 axialRotation: -70.6256 zShift: 3.34939 energy: -30.9019
MCAccept 95 xShift: 6.46957 crossingAngle: -46.4735 axialRotation: -70.6256 zShift: 3.34939 energy: -30.972
MCAccept 96 xShift: 6.45054 crossingAngle: -46.4735 axialRotation: -70.6256 zShift: 3.34939 energy: -30.9614
MCReject   xShift: 6.45054 crossingAngle: -46.4735 axialRotation: -70.4404 zShift: 3.34939 energy: -30.8508
MCAccept 97 xShift: 6.45054 crossingAngle: -46.4735 axialRotation: -70.6256 zShift: 3.32425 energy: -30.8817
MCAccept 98 xShift: 6.45054 crossingAngle: -46.4735 axialRotation: -70.6256 zShift: 3.321 energy: -30.868
MCAccept 99 xShift: 6.46093 crossingAngle: -46.4735 axialRotation: -70.6256 zShift: 3.321 energy: -30.8729
MCAccept 100 xShift: 6.47348 crossingAngle: -46.4735 axialRotation: -70.6256 zShift: 3.321 energy: -30.8604
MCAccept 101 xShift: 6.47348 crossingAngle: -46.4735 axialRotation: -70.6256 zShift: 3.32126 energy: -30.8616
MCAccept 102 xShift: 6.50972 crossingAngle: -46.4735 axialRotation: -70.6256 zShift: 3.32126 energy: -30.7219
MCReject   xShift: 6.53173 crossingAngle: -46.4735 axialRotation: -70.6256 zShift: 3.32126 energy: -30.5681
MCAccept 103 xShift: 6.50972 crossingAngle: -46.5077 axialRotation: -70.6256 zShift: 3.32126 energy: -30.7151
MCReject   xShift: 6.50972 crossingAngle: -46.5077 axialRotation: -70.6256 zShift: 3.30513 energy: -30.6214
MCAccept 104 xShift: 6.50972 crossingAngle: -46.3367 axialRotation: -70.6256 zShift: 3.32126 energy: -30.7379
MCAccept 105 xShift: 6.50972 crossingAngle: -46.4132 axialRotation: -70.6256 zShift: 3.32126 energy: -30.7312
MCAccept 106 xShift: 6.50972 crossingAngle: -46.4132 axialRotation: -70.6256 zShift: 3.35338 energy: -30.8746
MCAccept 107 xShift: 6.48286 crossingAngle: -46.4132 axialRotation: -70.6256 zShift: 3.35338 energy: -30.9728
MCAccept 108 xShift: 6.48286 crossingAngle: -46.3882 axialRotation: -70.6256 zShift: 3.35338 energy: -30.9756
MCAccept 109 xShift: 6.48286 crossingAngle: -46.4217 axialRotation: -70.6256 zShift: 3.35338 energy: -30.9716
MCReject   xShift: 6.48286 crossingAngle: -46.6071 axialRotation: -70.6256 zShift: 3.35338 energy: -30.9304
MCAccept 110 xShift: 6.4587 crossingAngle: -46.4217 axialRotation: -70.6256 zShift: 3.35338 energy: -30.986
MCReject   xShift: 6.4587 crossingAngle: -46.4217 axialRotation: -70.6256 zShift: 3.3485 energy: -30.974
MCReject   xShift: 6.4587 crossingAngle: -46.4217 axialRotation: -70.6256 zShift: 3.32446 energy: -30.6069
MCReject   xShift: 6.50739 crossingAngle: -46.4217 axialRotation: -70.6256 zShift: 3.35338 energy: -30.8846
MCAccept 111 xShift: 6.4587 crossingAngle: -46.3061 axialRotation: -70.6256 zShift: 3.35338 energy: -30.9867
MCAccept 112 xShift: 6.4587 crossingAngle: -46.3061 axialRotation: -70.6256 zShift: 3.36662 energy: -31.0129
MCAccept 113 xShift: 6.47623 crossingAngle: -46.3061 axialRotation: -70.6256 zShift: 3.36662 energy: -31.0216
MCReject   xShift: 6.4959 crossingAngle: -46.3061 axialRotation: -70.6256 zShift: 3.36662 energy: -30.9849
MCReject   xShift: 6.51435 crossingAngle: -46.3061 axialRotation: -70.6256 zShift: 3.36662 energy: -30.9092
MCAccept 114 xShift: 6.47623 crossingAngle: -46.3061 axialRotation: -70.6256 zShift: 3.3797 energy: -31.0399
MCAccept 115 xShift: 6.47623 crossingAngle: -46.2604 axialRotation: -70.6256 zShift: 3.3797 energy: -31.0407
MCReject   xShift: 6.47623 crossingAngle: -46.0087 axialRotation: -70.6256 zShift: 3.3797 energy: -31.0063
MCReject   xShift: 6.47623 crossingAngle: -46.2604 axialRotation: -70.6256 zShift: 3.35821 energy: -31.002
MCReject   xShift: 6.44637 crossingAngle: -46.2604 axialRotation: -70.6256 zShift: 3.3797 energy: -30.9859
MCReject   xShift: 6.50645 crossingAngle: -46.2604 axialRotation: -70.6256 zShift: 3.3797 energy: -30.9789
MCReject   xShift: 6.47623 crossingAngle: -46.18 axialRotation: -70.6256 zShift: 3.3797 energy: -30.7642
MCReject   xShift: 6.48889 crossingAngle: -46.2604 axialRotation: -70.6256 zShift: 3.3797 energy: -31.0284
MCReject   xShift: 6.50888 crossingAngle: -46.2604 axialRotation: -70.6256 zShift: 3.3797 energy: -30.9692
MCReject   xShift: 6.47623 crossingAngle: -46.2604 axialRotation: -70.4627 zShift: 3.3797 energy: -30.9372
MCReject   xShift: 6.47623 crossingAngle: -46.2604 axialRotation: -70.3444 zShift: 3.3797 energy: -30.845
MCReject   xShift: 6.47623 crossingAngle: -46.2604 axialRotation: -70.6256 zShift: 3.34145 energy: -30.9471
MCReject   xShift: 6.47623 crossingAngle: -46.2604 axialRotation: -70.6256 zShift: 3.38129 energy: -31.0422
MCReject   xShift: 6.47623 crossingAngle: -46.2604 axialRotation: -70.6256 zShift: 3.37601 energy: -31.0367
MCReject   xShift: 6.50159 crossingAngle: -46.2604 axialRotation: -70.6256 zShift: 3.3797 energy: -30.7422
MCReject   xShift: 6.49728 crossingAngle: -46.2604 axialRotation: -70.6256 zShift: 3.3797 energy: -31.0093
MCReject   xShift: 6.48623 crossingAngle: -46.2604 axialRotation: -70.6256 zShift: 3.3797 energy: -31.0327
MCReject   xShift: 6.47623 crossingAngle: -46.2604 axialRotation: -70.6256 zShift: 3.3509 energy: -30.9807
MCReject   xShift: 6.47623 crossingAngle: -46.2604 axialRotation: -70.6256 zShift: 3.39311 energy: -31.0465
MCReject   xShift: 6.47623 crossingAngle: -46.2477 axialRotation: -70.6256 zShift: 3.3797 energy: -30.764
MCReject   xShift: 6.49164 crossingAngle: -46.2604 axialRotation: -70.6256 zShift: 3.3797 energy: -31.0231
MCReject   xShift: 6.47623 crossingAngle: -46.2604 axialRotation: -70.2064 zShift: 3.3797 energy: -30.7189
MCReject   xShift: 6.47623 crossingAngle: -46.2604 axialRotation: -70.6256 zShift: 3.35681 energy: -30.9982
MCReject   xShift: 6.45414 crossingAngle: -46.2604 axialRotation: -70.6256 zShift: 3.3797 energy: -31.0121
MCReject   xShift: 6.47623 crossingAngle: -46.458 axialRotation: -70.6256 zShift: 3.3797 energy: -31.0218
MCReject   xShift: 6.47623 crossingAngle: -46.2604 axialRotation: -70.6957 zShift: 3.3797 energy: -31.0772
MCReject   xShift: 6.47623 crossingAngle: -46.2604 axialRotation: -70.6256 zShift: 3.41369 energy: -31.0271
MCReject   xShift: 6.47623 crossingAngle: -46.2604 axialRotation: -70.6256 zShift: 3.38989 energy: -31.0464
MCReject   xShift: 6.47623 crossingAngle: -46.2635 axialRotation: -70.6256 zShift: 3.3797 energy: -31.0408
MCReject   xShift: 6.47623 crossingAngle: -46.2604 axialRotation: -70.6256 zShift: 3.4099 energy: -31.0333
MCReject   xShift: 6.46731 crossingAngle: -46.2604 axialRotation: -70.6256 zShift: 3.3797 energy: -31.0371
MCReject   xShift: 6.47549 crossingAngle: -46.2604 axialRotation: -70.6256 zShift: 3.3797 energy: -31.0408
MCReject   xShift: 6.47623 crossingAngle: -46.2604 axialRotation: -70.6256 zShift: 3.3226 energy: -30.8599
MCReject   xShift: 6.46958 crossingAngle: -46.2604 axialRotation: -70.6256 zShift: 3.3797 energy: -31.039
MCReject   xShift: 6.47623 crossingAngle: -46.2604 axialRotation: -70.8898 zShift: 3.3797 energy: -31.1539
MCReject   xShift: 6.47623 crossingAngle: -46.2604 axialRotation: -70.6256 zShift: 3.3368 energy: -30.9281
MCReject   xShift: 6.51971 crossingAngle: -46.2604 axialRotation: -70.6256 zShift: 3.3797 energy: -30.9178
MCReject   xShift: 6.43931 crossingAngle: -46.2604 axialRotation: -70.6256 zShift: 3.3797 energy: -30.9545
MCReject   xShift: 6.47623 crossingAngle: -46.4221 axialRotation: -70.6256 zShift: 3.3797 energy: -31.0282
MCReject   xShift: 6.45095 crossingAngle: -46.2604 axialRotation: -70.6256 zShift: 3.3797 energy: -31.0024
MCReject   xShift: 6.47623 crossingAngle: -46.2604 axialRotation: -70.6506 zShift: 3.3797 energy: -31.0543
MCReject   xShift: 6.47623 crossingAngle: -46.2604 axialRotation: -70.6256 zShift: 3.33059 energy: -30.9001
MCReject   xShift: 6.47623 crossingAngle: -46.2604 axialRotation: -70.6256 zShift: 3.3697 energy: -31.0272
MCReject   xShift: 6.48273 crossingAngle: -46.2604 axialRotation: -70.6256 zShift: 3.3797 energy: -31.0369
MCReject   xShift: 6.47623 crossingAngle: -46.2604 axialRotation: -70.6256 zShift: 3.42433 energy: -31.0033
MCReject   xShift: 6.47623 crossingAngle: -46.2604 axialRotation: -70.4916 zShift: 3.3797 energy: -30.9575
MCReject   xShift: 6.47623 crossingAngle: -46.2604 axialRotation: -70.6256 zShift: 3.40059 energy: -30.7766
MCReject   xShift: 6.46864 crossingAngle: -46.2604 axialRotation: -70.6256 zShift: 3.3797 energy: -31.0383
MCReject   xShift: 6.47623 crossingAngle: -46.2604 axialRotation: -70.1481 zShift: 3.3797 energy: -30.6595
MCReject   xShift: 6.45746 crossingAngle: -46.2604 axialRotation: -70.6256 zShift: 3.3797 energy: -30.7236
MCReject   xShift: 6.49477 crossingAngle: -46.2604 axialRotation: -70.6256 zShift: 3.3797 energy: -31.0159
MCReject   xShift: 6.47623 crossingAngle: -45.982 axialRotation: -70.6256 zShift: 3.3797 energy: -30.9993
MCReject   xShift: 6.47623 crossingAngle: -46.2604 axialRotation: -70.7564 zShift: 3.3797 energy: -31.105
MCReject   xShift: 6.43365 crossingAngle: -46.2604 axialRotation: -70.6256 zShift: 3.3797 energy: -30.9239
MCReject   xShift: 6.47623 crossingAngle: -46.2604 axialRotation: -70.6256 zShift: 3.41973 energy: -31.0148
MCReject   xShift: 6.48867 crossingAngle: -46.2604 axialRotation: -70.6256 zShift: 3.3797 energy: -31.0288
MCReject   xShift: 6.46931 crossingAngle: -46.2604 axialRotation: -70.6256 zShift: 3.3797 energy: -31.0388
MCReject   xShift: 6.47623 crossingAngle: -46.2604 axialRotation: -70.6256 zShift: 3.35404 energy: -30.9903
MCReject   xShift: 6.42811 crossingAngle: -46.2604 axialRotation: -70.6256 zShift: 3.3797 energy: -30.8892
MCReject   xShift: 6.40938 crossingAngle: -46.2604 axialRotation: -70.6256 zShift: 3.3797 energy: -30.739
MCReject   xShift: 6.50918 crossingAngle: -46.2604 axialRotation: -70.6256 zShift: 3.3797 energy: -30.9679
MCReject   xShift: 6.46678 crossingAngle: -46.2604 axialRotation: -70.6256 zShift: 3.3797 energy: -31.0365
MCReject   xShift: 6.47623 crossingAngle: -46.2604 axialRotation: -70.6659 zShift: 3.3797 energy: -31.0623
MCReject   xShift: 6.47623 crossingAngle: -46.2604 axialRotation: -70.6256 zShift: 3.37331 energy: -31.033
MCReject   xShift: 6.47623 crossingAngle: -46.2604 axialRotation: -70.7592 zShift: 3.3797 energy: -31.1062
MCReject   xShift: 6.47623 crossingAngle: -46.2604 axialRotation: -70.6256 zShift: 3.35249 energy: -30.9857
MCReject   xShift: 6.47623 crossingAngle: -46.2604 axialRotation: -70.6256 zShift: 3.41605 energy: -31.0227
MCReject   xShift: 6.48968 crossingAngle: -46.2604 axialRotation: -70.6256 zShift: 3.3797 energy: -31.027
MCReject   xShift: 6.46507 crossingAngle: -46.2604 axialRotation: -70.6256 zShift: 3.3797 energy: -31.0345
MCReject   xShift: 6.47623 crossingAngle: -46.2793 axialRotation: -70.6256 zShift: 3.3797 energy: -31.0407
MCReject   xShift: 6.47623 crossingAngle: -46.2604 axialRotation: -70.6256 zShift: 3.35628 energy: -30.9968
MCReject   xShift: 6.44551 crossingAngle: -46.2604 axialRotation: -70.6256 zShift: 3.3797 energy: -30.9825
MCReject   xShift: 6.50436 crossingAngle: -46.2604 axialRotation: -70.6256 zShift: 3.3797 energy: -30.9867
MCReject   xShift: 6.47623 crossingAngle: -46.3909 axialRotation: -70.6256 zShift: 3.3797 energy: -31.0327
MCReject   xShift: 6.47623 crossingAngle: -46.2604 axialRotation: -70.6256 zShift: 3.36178 energy: -30.7244
MCReject   xShift: 6.47623 crossingAngle: -46.418 axialRotation: -70.6256 zShift: 3.3797 energy: -31.0288
MCReject   xShift: 6.49838 crossingAngle: -46.2604 axialRotation: -70.6256 zShift: 3.3797 energy: -31.0062
MCReject   xShift: 6.47623 crossingAngle: -46.5103 axialRotation: -70.6256 zShift: 3.3797 energy: -31.0104
MCReject   xShift: 6.47623 crossingAngle: -45.9741 axialRotation: -70.6256 zShift: 3.3797 energy: -30.9971
MCReject   xShift: 6.47623 crossingAngle: -46.2604 axialRotation: -70.6256 zShift: 3.38901 energy: -31.0463
MCReject   xShift: 6.47623 crossingAngle: -46.2604 axialRotation: -70.6256 zShift: 3.40574 energy: -31.0387
MCReject   xShift: 6.44971 crossingAngle: -46.2604 axialRotation: -70.6256 zShift: 3.3797 energy: -30.9982
MCReject   xShift: 6.47623 crossingAngle: -46.1948 axialRotation: -70.6256 zShift: 3.3797 energy: -31.0379
MCReject   xShift: 6.47623 crossingAngle: -46.5043 axialRotation: -70.6256 zShift: 3.3797 energy: -31.0118
MCReject   xShift: 6.47623 crossingAngle: -46.6501 axialRotation: -70.6256 zShift: 3.3797 energy: -30.9677
MCReject   xShift: 6.47623 crossingAngle: -46.2604 axialRotation: -70.6256 zShift: 3.36164 energy: -31.0106
MCReject   xShift: 6.47623 crossingAngle: -46.2604 axialRotation: -70.6256 zShift: 3.35993 energy: -31.0064
MCReject   xShift: 6.47623 crossingAngle: -46.1031 axialRotation: -70.6256 zShift: 3.3797 energy: -31.0256
MCReject   xShift: 6.47623 crossingAngle: -46.4326 axialRotation: -70.6256 zShift: 3.3797 energy: -31.0264
MCReject   xShift: 6.47623 crossingAngle: -46.4253 axialRotation: -70.6256 zShift: 3.3797 energy: -31.0276
MCReject   xShift: 6.47623 crossingAngle: -46.1172 axialRotation: -70.6256 zShift: 3.3797 energy: -31.0281
MCReject   xShift: 6.52387 crossingAngle: -46.2604 axialRotation: -70.6256 zShift: 3.3797 energy: -30.8946
MCReject   xShift: 6.47623 crossingAngle: -46.2604 axialRotation: -70.4528 zShift: 3.3797 energy: -30.93
MCReject   xShift: 6.47623 crossingAngle: -46.2604 axialRotation: -70.6391 zShift: 3.3797 energy: -31.0481
MCReject   xShift: 6.47623 crossingAngle: -46.3549 axialRotation: -70.6256 zShift: 3.3797 energy: -31.0367
MCReject   xShift: 6.47623 crossingAngle: -46.2604 axialRotation: -70.6256 zShift: 3.3841 energy: -31.0442
MCReject   xShift: 6.52783 crossingAngle: -46.2604 axialRotation: -70.6256 zShift: 3.3797 energy: -30.8708
MCReject   xShift: 6.47623 crossingAngle: -46.2604 axialRotation: -70.6334 zShift: 3.3797 energy: -31.045
MCReject   xShift: 6.47623 crossingAngle: -46.2604 axialRotation: -70.5473 zShift: 3.3797 energy: -30.9943
MCReject   xShift: 6.47623 crossingAngle: -46.2991 axialRotation: -70.6256 zShift: 3.3797 energy: -31.0402
MCReject   xShift: 6.47623 crossingAngle: -46.2604 axialRotation: -70.6256 zShift: 3.4263 energy: -30.7434
MCReject   xShift: 6.47623 crossingAngle: -46.2604 axialRotation: -70.6256 zShift: 3.38681 energy: -31.0456
MCReject   xShift: 6.47623 crossingAngle: -46.2759 axialRotation: -70.6256 zShift: 3.3797 energy: -31.0407
MCReject   xShift: 6.47623 crossingAngle: -46.3638 axialRotation: -70.6256 zShift: 3.3797 energy: -31.0358
MCReject   xShift: 6.47623 crossingAngle: -46.2604 axialRotation: -70.6597 zShift: 3.3797 energy: -31.0591
MCReject   xShift: 6.4847 crossingAngle: -46.2604 axialRotation: -70.6256 zShift: 3.3797 energy: -31.0347
MCReject   xShift: 6.47623 crossingAngle: -46.2604 axialRotation: -70.6256 zShift: 3.36141 energy: -31.01
MCReject   xShift: 6.47623 crossingAngle: -46.2604 axialRotation: -70.6256 zShift: 3.35492 energy: -30.9929
MCReject   xShift: 6.47623 crossingAngle: -45.9624 axialRotation: -70.6256 zShift: 3.3797 energy: -30.9936
MCReject   xShift: 6.47623 crossingAngle: -46.2604 axialRotation: -70.6256 zShift: 3.44698 energy: -30.9238
MCReject   xShift: 6.47623 crossingAngle: -46.3377 axialRotation: -70.6256 zShift: 3.3797 energy: -31.0381
MCReject   xShift: 6.4563 crossingAngle: -46.2604 axialRotation: -70.6256 zShift: 3.3797 energy: -31.0178
MCReject   xShift: 6.43788 crossingAngle: -46.2604 axialRotation: -70.6256 zShift: 3.3797 energy: -30.9473
MCReject   xShift: 6.47623 crossingAngle: -46.0983 axialRotation: -70.6256 zShift: 3.3797 energy: -31.0247
MCReject   xShift: 6.4548 crossingAngle: -46.2604 axialRotation: -70.6256 zShift: 3.3797 energy: -31.0139
MCReject   xShift: 6.47623 crossingAngle: -46.2434 axialRotation: -70.6256 zShift: 3.3797 energy: -31.0405
MCReject   xShift: 6.47623 crossingAngle: -46.2604 axialRotation: -70.2712 zShift: 3.3797 energy: -30.7807
MCReject   xShift: 6.47623 crossingAngle: -46.2604 axialRotation: -70.6256 zShift: 3.35029 energy: -30.9787
MCReject   xShift: 6.47623 crossingAngle: -46.2604 axialRotation: -70.6256 zShift: 3.32626 energy: -30.8789
MCReject   xShift: 6.46931 crossingAngle: -46.2604 axialRotation: -70.6256 zShift: 3.3797 energy: -31.0388
MCReject   xShift: 6.4898 crossingAngle: -46.2604 axialRotation: -70.6256 zShift: 3.3797 energy: -31.0267
MCReject   xShift: 6.47623 crossingAngle: -46.2604 axialRotation: -70.1465 zShift: 3.3797 energy: -30.431
MCReject   xShift: 6.47623 crossingAngle: -46.2604 axialRotation: -70.3518 zShift: 3.3797 energy: -30.8513
MCReject   xShift: 6.47623 crossingAngle: -46.2604 axialRotation: -70.6256 zShift: 3.35012 energy: -30.9782
MCReject   xShift: 6.47623 crossingAngle: -45.9714 axialRotation: -70.6256 zShift: 3.3797 energy: -30.9963
MCReject   xShift: 6.52294 crossingAngle: -46.2604 axialRotation: -70.6256 zShift: 3.3797 energy: -30.8999
MCReject   xShift: 6.47623 crossingAngle: -46.3098 axialRotation: -70.6256 zShift: 3.3797 energy: -31.0398
MCReject   xShift: 6.47623 crossingAngle: -46.2604 axialRotation: -70.7297 zShift: 3.3797 energy: -31.0932
MCReject   xShift: 6.47623 crossingAngle: -46.2858 axialRotation: -70.6256 zShift: 3.3797 energy: -31.0406
MCReject   xShift: 6.47623 crossingAngle: -46.2604 axialRotation: -70.6256 zShift: 3.37931 energy: -31.0404
MCReject   xShift: 6.51501 crossingAngle: -46.2604 axialRotation: -70.6256 zShift: 3.3797 energy: -30.9417
MCReject   xShift: 6.51061 crossingAngle: -46.2604 axialRotation: -70.6256 zShift: 3.3797 energy: -30.9619
MCReject   xShift: 6.47623 crossingAngle: -46.2604 axialRotation: -70.6285 zShift: 3.3797 energy: -31.0423
MCReject   xShift: 6.47623 crossingAngle: -46.2604 axialRotation: -70.6256 zShift: 3.40429 energy: -31.0403
MCReject   xShift: 6.47623 crossingAngle: -46.2604 axialRotation: -70.6256 zShift: 3.32598 energy: -30.8775
MCReject   xShift: 6.47623 crossingAngle: -46.2604 axialRotation: -70.7763 zShift: 3.3797 energy: -31.1134
MCReject   xShift: 6.47623 crossingAngle: -46.2604 axialRotation: -70.8782 zShift: 3.3797 energy: -31.1503
MCReject   xShift: 6.47623 crossingAngle: -46.2604 axialRotation: -70.3547 zShift: 3.3797 energy: -30.8536
MCReject   xShift: 6.47623 crossingAngle: -46.2604 axialRotation: -70.6256 zShift: 3.36728 energy: -31.0227
MCReject   xShift: 6.47623 crossingAngle: -46.2604 axialRotation: -70.3749 zShift: 3.3797 energy: -30.8702
MCReject   xShift: 6.47119 crossingAngle: -46.2604 axialRotation: -70.6256 zShift: 3.3797 energy: -31.0399
MCReject   xShift: 6.47623 crossingAngle: -46.1415 axialRotation: -70.6256 zShift: 3.3797 energy: -31.032
MCReject   xShift: 6.47126 crossingAngle: -46.2604 axialRotation: -70.6256 zShift: 3.3797 energy: -31.04
MCReject   xShift: 6.47623 crossingAngle: -46.2604 axialRotation: -70.6256 zShift: 3.33887 energy: -30.9367
MCReject   xShift: 6.47623 crossingAngle: -46.2604 axialRotation: -70.6256 zShift: 3.35316 energy: -30.9877
MCReject   xShift: 6.47623 crossingAngle: -46.2604 axialRotation: -70.6472 zShift: 3.3797 energy: -31.0525
MCReject   xShift: 6.47623 crossingAngle: -46.2604 axialRotation: -70.6256 zShift: 3.43934 energy: -30.9552
MCReject   xShift: 6.47623 crossingAngle: -46.2604 axialRotation: -70.6256 zShift: 3.39882 energy: -31.0446
MCReject   xShift: 6.50618 crossingAngle: -46.2604 axialRotation: -70.6256 zShift: 3.3797 energy: -30.9799
MCReject   xShift: 6.47623 crossingAngle: -46.2604 axialRotation: -70.9649 zShift: 3.3797 energy: -31.1742
MCReject   xShift: 6.47623 crossingAngle: -46.2604 axialRotation: -70.6256 zShift: 3.37978 energy: -31.0408
MCReject   xShift: 6.47623 crossingAngle: -46.4717 axialRotation: -70.6256 zShift: 3.3797 energy: -31.0191
MCReject   xShift: 6.47623 crossingAngle: -46.2604 axialRotation: -70.9144 zShift: 3.3797 energy: -31.1611
MCReject   xShift: 6.47623 crossingAngle: -46.2697 axialRotation: -70.6256 zShift: 3.3797 energy: -31.0408
MCReject   xShift: 6.47623 crossingAngle: -46.2604 axialRotation: -70.3341 zShift: 3.3797 energy: -30.5918
MCReject   xShift: 6.48454 crossingAngle: -46.2604 axialRotation: -70.6256 zShift: 3.3797 energy: -31.0349
MCReject   xShift: 6.47623 crossingAngle: -46.2604 axialRotation: -70.689 zShift: 3.3797 energy: -31.074
MCReject   xShift: 6.47623 crossingAngle: -46.2604 axialRotation: -70.6256 zShift: 3.3829 energy: -31.0434
MCReject   xShift: 6.47623 crossingAngle: -46.3548 axialRotation: -70.6256 zShift: 3.3797 energy: -31.0367
MCReject   xShift: 6.47623 crossingAngle: -46.2604 axialRotation: -70.6256 zShift: 3.35661 energy: -30.9977
MCReject   xShift: 6.46756 crossingAngle: -46.2604 axialRotation: -70.6256 zShift: 3.3797 energy: -31.0373
MCReject   xShift: 6.47623 crossingAngle: -46.3079 axialRotation: -70.6256 zShift: 3.3797 energy: -31.0399
MCReject   xShift: 6.49582 crossingAngle: -46.2604 axialRotation: -70.6256 zShift: 3.3797 energy: -31.0132
MCReject   xShift: 6.47623 crossingAngle: -46.2604 axialRotation: -70.6256 zShift: 3.39458 energy: -31.0463
MCReject   xShift: 6.46315 crossingAngle: -46.2604 axialRotation: -70.6256 zShift: 3.3797 energy: -31.0317
MCReject   xShift: 6.4616 crossingAngle: -46.2604 axialRotation: -70.6256 zShift: 3.3797 energy: -31.0292
MCReject   xShift: 6.43906 crossingAngle: -46.2604 axialRotation: -70.6256 zShift: 3.3797 energy: -30.9533
MCReject   xShift: 6.47623 crossingAngle: -46.1744 axialRotation: -70.6256 zShift: 3.3797 energy: -31.036
MCReject   xShift: 6.47623 crossingAngle: -46.2604 axialRotation: -70.6256 zShift: 3.36908 energy: -31.0261
MCReject   xShift: 6.51335 crossingAngle: -46.2604 axialRotation: -70.6256 zShift: 3.3797 energy: -30.9496
MCReject   xShift: 6.47623 crossingAngle: -46.2604 axialRotation: -70.7258 zShift: 3.3797 energy: -31.0915
MCReject   xShift: 6.47623 crossingAngle: -46.2604 axialRotation: -70.6256 zShift: 3.36556 energy: -31.0193
MCReject   xShift: 6.46025 crossingAngle: -46.2604 axialRotation: -70.6256 zShift: 3.3797 energy: -31.0266
MCReject   xShift: 6.47623 crossingAngle: -46.2604 axialRotation: -70.4501 zShift: 3.3797 energy: -30.928
MCReject   xShift: 6.47623 crossingAngle: -46.2604 axialRotation: -70.6256 zShift: 3.41275 energy: -31.0287
MCReject   xShift: 6.47623 crossingAngle: -46.2604 axialRotation: -70.769 zShift: 3.3797 energy: -31.1104
MCReject   xShift: 6.43647 crossingAngle: -46.2604 axialRotation: -70.6256 zShift: 3.3797 energy: -30.9398
MCReject   xShift: 6.47623 crossingAngle: -46.2604 axialRotation: -70.6256 zShift: 3.40137 energy: -31.0429
MCReject   xShift: 6.47623 crossingAngle: -46.4659 axialRotation: -70.6256 zShift: 3.3797 energy: -31.0202
MCReject   xShift: 6.4543 crossingAngle: -46.2604 axialRotation: -70.6256 zShift: 3.3797 energy: -31.0125
MCReject   xShift: 6.47623 crossingAngle: -46.3283 axialRotation: -70.6256 zShift: 3.3797 energy: -31.0388
MCReject   xShift: 6.46974 crossingAngle: -46.2604 axialRotation: -70.6256 zShift: 3.3797 energy: -31.0391
MCReject   xShift: 6.47623 crossingAngle: -46.2604 axialRotation: -70.6256 zShift: 3.34078 energy: -30.9444
MCReject   xShift: 6.47623 crossingAngle: -46.2604 axialRotation: -70.3775 zShift: 3.3797 energy: -30.8723
MCReject   xShift: 6.47623 crossingAngle: -46.3213 axialRotation: -70.6256 zShift: 3.3797 energy: -31.0392
MCReject   xShift: 6.46794 crossingAngle: -46.2604 axialRotation: -70.6256 zShift: 3.3797 energy: -31.0377
MCReject   xShift: 6.47623 crossingAngle: -46.5297 axialRotation: -70.6256 zShift: 3.3797 energy: -31.0055
MCReject   xShift: 6.54742 crossingAngle: -46.2604 axialRotation: -70.6256 zShift: 3.3797 energy: -30.7283
MCReject   xShift: 6.47623 crossingAngle: -46.3082 axialRotation: -70.6256 zShift: 3.3797 energy: -31.0398
MCReject   xShift: 6.47623 crossingAngle: -46.0218 axialRotation: -70.6256 zShift: 3.3797 energy: -31.0094
MCReject   xShift: 6.47623 crossingAngle: -46.4596 axialRotation: -70.6256 zShift: 3.3797 energy: -31.0215
MCReject   xShift: 6.47623 crossingAngle: -46.2604 axialRotation: -70.6256 zShift: 3.36252 energy: -31.0126
MCReject   xShift: 6.47623 crossingAngle: -46.2604 axialRotation: -70.6317 zShift: 3.3797 energy: -31.0441
MCReject   xShift: 6.47623 crossingAngle: -46.0282 axialRotation: -70.6256 zShift: 3.3797 energy: -31.0108
MCReject   xShift: 6.47623 crossingAngle: -46.2604 axialRotation: -70.5418 zShift: 3.3797 energy: -30.9908
MCReject   xShift: 6.47623 crossingAngle: -46.2604 axialRotation: -70.6256 zShift: 3.42074 energy: -31.0124
MCReject   xShift: 6.47623 crossingAngle: -46.4457 axialRotation: -70.6256 zShift: 3.3797 energy: -31.0241
MCReject   xShift: 6.44661 crossingAngle: -46.2604 axialRotation: -70.6256 zShift: 3.3797 energy: -30.9868
MCReject   xShift: 6.47623 crossingAngle: -46.2604 axialRotation: -70.8249 zShift: 3.3797 energy: -31.1322
MCReject   xShift: 6.47999 crossingAngle: -46.2604 axialRotation: -70.6256 zShift: 3.3797 energy: -31.0392
MCReject   xShift: 6.47623 crossingAngle: -46.2604 axialRotation: -70.6256 zShift: 3.36214 energy: -31.0118
MCReject   xShift: 6.47623 crossingAngle: -46.0145 axialRotation: -70.6256 zShift: 3.3797 energy: -31.0077
MCReject   xShift: 6.47623 crossingAngle: -46.2604 axialRotation: -70.6256 zShift: 3.35492 energy: -30.9929
MCReject   xShift: 6.47623 crossingAngle: -46.2604 axialRotation: -70.6256 zShift: 3.4017 energy: -31.0426
MCReject   xShift: 6.51456 crossingAngle: -46.2604 axialRotation: -70.6256 zShift: 3.3797 energy: -30.9439
MCReject   xShift: 6.47623 crossingAngle: -46.2604 axialRotation: -70.5305 zShift: 3.3797 energy: -30.9835
MCReject   xShift: 6.47623 crossingAngle: -46.1482 axialRotation: -70.6256 zShift: 3.3797 energy: -31.0329
End Repack Cycles

***REPACK GEOMETRY***
xShift;        Before: 6.52395; After: 6.47623
crossingAngle; Before: -45.649; After: -46.2604
axialRotation; Before: -70.6256; After: -70.6256
zShift;        Before: 3.39052; After: 3.3797

axialRotationPrime; Before: 46.642; After: 46.5619
zShiftPrime;        Before: 2.59015; After: 2.57812

Energy;        Before: -25.4014; After: -31.0407

Completed all cycles. Accepted 168/405
Monte Carlo repack complete. Time: 138.767min

