***STARTING GEOMETRY***
xShift;        Before: 6.50392; After: 6.50392
crossingAngle; Before: -35.3229; After: -35.3229
axialRotation; Before: -81.7407; After: -81.7407
zShift;        Before: 6.60334; After: 6.60334

axialRotationPrime; Before: 58.0906; After: 58.0906
zShiftPrime;        Before: 5.9747; After: 5.9747

Starting Repack Cycles
MCAccept 0 xShift: 6.47994 crossingAngle: -35.3229 axialRotation: -81.7407 zShift: 6.60334 energy: -31.7763
MCReject   xShift: 6.47994 crossingAngle: -35.3229 axialRotation: -81.7407 zShift: 6.67146 energy: -31.7487
MCAccept 1 xShift: 6.44389 crossingAngle: -35.3229 axialRotation: -81.7407 zShift: 6.60334 energy: -31.1619
MCAccept 2 xShift: 6.50948 crossingAngle: -35.3229 axialRotation: -81.7407 zShift: 6.60334 energy: -31.6075
MCReject   xShift: 6.50948 crossingAngle: -35.3229 axialRotation: -81.5273 zShift: 6.60334 energy: -31.0232
MCAccept 3 xShift: 6.46611 crossingAngle: -35.3229 axialRotation: -81.7407 zShift: 6.60334 energy: -31.6643
MCAccept 4 xShift: 6.38865 crossingAngle: -35.3229 axialRotation: -81.7407 zShift: 6.60334 energy: -30.9881
MCAccept 5 xShift: 6.38865 crossingAngle: -35.8406 axialRotation: -81.7407 zShift: 6.60334 energy: -31.3268
MCAccept 6 xShift: 6.38865 crossingAngle: -36.1552 axialRotation: -81.7407 zShift: 6.60334 energy: -31.3183
MCAccept 7 xShift: 6.32232 crossingAngle: -36.1552 axialRotation: -81.7407 zShift: 6.60334 energy: -29.8764
MCAccept 8 xShift: 6.32232 crossingAngle: -36.4793 axialRotation: -81.7407 zShift: 6.60334 energy: -29.8149
MCAccept 9 xShift: 6.32232 crossingAngle: -36.0913 axialRotation: -81.7407 zShift: 6.60334 energy: -29.8763
MCAccept 10 xShift: 6.32232 crossingAngle: -36.5236 axialRotation: -81.7407 zShift: 6.60334 energy: -29.7991
MCAccept 11 xShift: 6.32232 crossingAngle: -36.8353 axialRotation: -81.7407 zShift: 6.60334 energy: -29.6432
MCAccept 12 xShift: 6.32232 crossingAngle: -37.1909 axialRotation: -81.7407 zShift: 6.60334 energy: -29.3801
MCAccept 13 xShift: 6.3542 crossingAngle: -37.1909 axialRotation: -81.7407 zShift: 6.60334 energy: -30.1681
MCAccept 14 xShift: 6.3542 crossingAngle: -37.1476 axialRotation: -81.7407 zShift: 6.60334 energy: -30.2051
MCAccept 15 xShift: 6.31873 crossingAngle: -37.1476 axialRotation: -81.7407 zShift: 6.60334 energy: -29.3107
MCAccept 16 xShift: 6.37237 crossingAngle: -37.1476 axialRotation: -81.7407 zShift: 6.60334 energy: -30.4518
MCAccept 17 xShift: 6.37237 crossingAngle: -36.7905 axialRotation: -81.7407 zShift: 6.60334 energy: -30.8068
MCReject   xShift: 6.37237 crossingAngle: -36.7905 axialRotation: -81.7407 zShift: 6.57233 energy: -30.68
MCAccept 18 xShift: 6.37237 crossingAngle: -36.7287 axialRotation: -81.7407 zShift: 6.60334 energy: -30.8448
MCAccept 19 xShift: 6.44608 crossingAngle: -36.7287 axialRotation: -81.7407 zShift: 6.60334 energy: -31.5197
MCAccept 20 xShift: 6.44608 crossingAngle: -37.0037 axialRotation: -81.7407 zShift: 6.60334 energy: -31.3198
MCAccept 21 xShift: 6.44475 crossingAngle: -37.0037 axialRotation: -81.7407 zShift: 6.60334 energy: -31.2301
MCAccept 22 xShift: 6.44475 crossingAngle: -37.2552 axialRotation: -81.7407 zShift: 6.60334 energy: -31.0171
MCAccept 23 xShift: 6.46976 crossingAngle: -37.2552 axialRotation: -81.7407 zShift: 6.60334 energy: -31.1167
MCAccept 24 xShift: 6.46976 crossingAngle: -37.0867 axialRotation: -81.7407 zShift: 6.60334 energy: -31.2624
MCAccept 25 xShift: 6.4583 crossingAngle: -37.0867 axialRotation: -81.7407 zShift: 6.60334 energy: -31.2681
MCAccept 26 xShift: 6.4583 crossingAngle: -37.0641 axialRotation: -81.7407 zShift: 6.60334 energy: -31.2869
MCReject   xShift: 6.4583 crossingAngle: -37.0641 axialRotation: -81.3309 zShift: 6.60334 energy: -30.8874
MCAccept 27 xShift: 6.4583 crossingAngle: -36.9568 axialRotation: -81.7407 zShift: 6.60334 energy: -31.3732
MCReject   xShift: 6.4583 crossingAngle: -37.1368 axialRotation: -81.7407 zShift: 6.60334 energy: -31.1409
MCAccept 28 xShift: 6.4583 crossingAngle: -36.8614 axialRotation: -81.7407 zShift: 6.60334 energy: -31.3581
MCAccept 29 xShift: 6.4865 crossingAngle: -36.8614 axialRotation: -81.7407 zShift: 6.60334 energy: -31.4017
MCAccept 30 xShift: 6.45777 crossingAngle: -36.8614 axialRotation: -81.7407 zShift: 6.60334 energy: -31.3578
MCAccept 31 xShift: 6.45777 crossingAngle: -36.519 axialRotation: -81.7407 zShift: 6.60334 energy: -31.5733
MCAccept 32 xShift: 6.43123 crossingAngle: -36.519 axialRotation: -81.7407 zShift: 6.60334 energy: -31.5866
MCAccept 33 xShift: 6.43123 crossingAngle: -36.2919 axialRotation: -81.7407 zShift: 6.60334 energy: -31.686
MCAccept 34 xShift: 6.43123 crossingAngle: -36.8379 axialRotation: -81.7407 zShift: 6.60334 energy: -31.3913
MCAccept 35 xShift: 6.45893 crossingAngle: -36.8379 axialRotation: -81.7407 zShift: 6.60334 energy: -31.4626
MCAccept 36 xShift: 6.45602 crossingAngle: -36.8379 axialRotation: -81.7407 zShift: 6.60334 energy: -31.3734
MCAccept 37 xShift: 6.45602 crossingAngle: -37.2754 axialRotation: -81.7407 zShift: 6.60334 energy: -31.0172
MCAccept 38 xShift: 6.42558 crossingAngle: -37.2754 axialRotation: -81.7407 zShift: 6.60334 energy: -31.0042
MCAccept 39 xShift: 6.42558 crossingAngle: -37.2253 axialRotation: -81.7407 zShift: 6.60334 energy: -30.9645
MCAccept 40 xShift: 6.41547 crossingAngle: -37.2253 axialRotation: -81.7407 zShift: 6.60334 energy: -30.9827
MCAccept 41 xShift: 6.4306 crossingAngle: -37.2253 axialRotation: -81.7407 zShift: 6.60334 energy: -31.0765
MCAccept 42 xShift: 6.42778 crossingAngle: -37.2253 axialRotation: -81.7407 zShift: 6.60334 energy: -30.9768
MCAccept 43 xShift: 6.43974 crossingAngle: -37.2253 axialRotation: -81.7407 zShift: 6.60334 energy: -31.0292
MCAccept 44 xShift: 6.43974 crossingAngle: -37.0893 axialRotation: -81.7407 zShift: 6.60334 energy: -31.146
MCAccept 45 xShift: 6.43974 crossingAngle: -36.9408 axialRotation: -81.7407 zShift: 6.60334 energy: -31.3508
MCAccept 46 xShift: 6.46655 crossingAngle: -36.9408 axialRotation: -81.7407 zShift: 6.60334 energy: -31.3838
MCReject   xShift: 6.46655 crossingAngle: -36.9408 axialRotation: -81.6508 zShift: 6.60334 energy: -31.3077
MCAccept 47 xShift: 6.46655 crossingAngle: -36.9386 axialRotation: -81.7407 zShift: 6.60334 energy: -31.2996
MCAccept 48 xShift: 6.45417 crossingAngle: -36.9386 axialRotation: -81.7407 zShift: 6.60334 energy: -31.3844
MCReject   xShift: 6.45417 crossingAngle: -37.2281 axialRotation: -81.7407 zShift: 6.60334 energy: -30.7231
MCAccept 49 xShift: 6.44539 crossingAngle: -36.9386 axialRotation: -81.7407 zShift: 6.60334 energy: -31.369
MCAccept 50 xShift: 6.44539 crossingAngle: -37.3233 axialRotation: -81.7407 zShift: 6.60334 energy: -31.0397
MCAccept 51 xShift: 6.41718 crossingAngle: -37.3233 axialRotation: -81.7407 zShift: 6.60334 energy: -30.8202
MCAccept 52 xShift: 6.43594 crossingAngle: -37.3233 axialRotation: -81.7407 zShift: 6.60334 energy: -30.9258
MCReject   xShift: 6.43594 crossingAngle: -37.3233 axialRotation: -81.968 zShift: 6.60334 energy: -30.7553
MCAccept 53 xShift: 6.38734 crossingAngle: -37.3233 axialRotation: -81.7407 zShift: 6.60334 energy: -30.517
MCAccept 54 xShift: 6.38734 crossingAngle: -37.5147 axialRotation: -81.7407 zShift: 6.60334 energy: -30.4138
MCAccept 55 xShift: 6.41363 crossingAngle: -37.5147 axialRotation: -81.7407 zShift: 6.60334 energy: -30.6059
MCAccept 56 xShift: 6.42204 crossingAngle: -37.5147 axialRotation: -81.7407 zShift: 6.60334 energy: -30.6666
MCAccept 57 xShift: 6.43533 crossingAngle: -37.5147 axialRotation: -81.7407 zShift: 6.60334 energy: -30.3815
MCAccept 58 xShift: 6.44752 crossingAngle: -37.5147 axialRotation: -81.7407 zShift: 6.60334 energy: -30.7748
MCAccept 59 xShift: 6.44752 crossingAngle: -38.0079 axialRotation: -81.7407 zShift: 6.60334 energy: -30.307
MCAccept 60 xShift: 6.47888 crossingAngle: -38.0079 axialRotation: -81.7407 zShift: 6.60334 energy: -30.4007
MCAccept 61 xShift: 6.47888 crossingAngle: -37.6278 axialRotation: -81.7407 zShift: 6.60334 energy: -30.65
MCReject   xShift: 6.47888 crossingAngle: -37.6278 axialRotation: -81.1546 zShift: 6.60334 energy: -30.1266
MCAccept 62 xShift: 6.47888 crossingAngle: -37.5154 axialRotation: -81.7407 zShift: 6.60334 energy: -30.8538
MCReject   xShift: 6.47888 crossingAngle: -37.5154 axialRotation: -81.7407 zShift: 6.5932 energy: -30.7377
MCAccept 63 xShift: 6.47888 crossingAngle: -37.6753 axialRotation: -81.7407 zShift: 6.60334 energy: -30.6003
MCAccept 64 xShift: 6.48601 crossingAngle: -37.6753 axialRotation: -81.7407 zShift: 6.60334 energy: -30.5816
MCReject   xShift: 6.48601 crossingAngle: -37.6753 axialRotation: -81.3074 zShift: 6.60334 energy: -30.2276
MCAccept 65 xShift: 6.46938 crossingAngle: -37.6753 axialRotation: -81.7407 zShift: 6.60334 energy: -30.6177
MCAccept 66 xShift: 6.46982 crossingAngle: -37.6753 axialRotation: -81.7407 zShift: 6.60334 energy: -30.6172
MCReject   xShift: 6.46982 crossingAngle: -37.6753 axialRotation: -81.6548 zShift: 6.60334 energy: -30.2257
MCReject   xShift: 6.46982 crossingAngle: -37.6753 axialRotation: -81.3902 zShift: 6.60334 energy: -30.401
MCReject   xShift: 6.46982 crossingAngle: -37.6753 axialRotation: -81.7407 zShift: 6.6243 energy: -30.669
MCReject   xShift: 6.46982 crossingAngle: -37.5528 axialRotation: -81.7407 zShift: 6.60334 energy: -30.4233
MCAccept 67 xShift: 6.46982 crossingAngle: -37.1724 axialRotation: -81.7407 zShift: 6.60334 energy: -30.7834
MCAccept 68 xShift: 6.46982 crossingAngle: -37.211 axialRotation: -81.7407 zShift: 6.60334 energy: -31.071
MCAccept 69 xShift: 6.46982 crossingAngle: -36.7108 axialRotation: -81.7407 zShift: 6.60334 energy: -31.5455
MCReject   xShift: 6.46982 crossingAngle: -36.7108 axialRotation: -81.7407 zShift: 6.59015 energy: -31.5166
MCAccept 70 xShift: 6.46982 crossingAngle: -36.5251 axialRotation: -81.7407 zShift: 6.60334 energy: -31.6585
MCReject   xShift: 6.46982 crossingAngle: -36.5251 axialRotation: -81.6809 zShift: 6.60334 energy: -31.5136
MCReject   xShift: 6.46982 crossingAngle: -36.5251 axialRotation: -81.2747 zShift: 6.60334 energy: -31.0614
MCReject   xShift: 6.50664 crossingAngle: -36.5251 axialRotation: -81.7407 zShift: 6.60334 energy: -31.526
MCAccept 71 xShift: 6.47111 crossingAngle: -36.5251 axialRotation: -81.7407 zShift: 6.60334 energy: -31.657
MCReject   xShift: 6.47111 crossingAngle: -36.5251 axialRotation: -80.85 zShift: 6.60334 energy: -30.0223
MCReject   xShift: 6.47111 crossingAngle: -36.5251 axialRotation: -81.5446 zShift: 6.60334 energy: -30.9734
MCAccept 72 xShift: 6.47111 crossingAngle: -36.2293 axialRotation: -81.7407 zShift: 6.60334 energy: -31.7942
MCReject   xShift: 6.46835 crossingAngle: -36.2293 axialRotation: -81.7407 zShift: 6.60334 energy: -31.7036
MCReject   xShift: 6.44861 crossingAngle: -36.2293 axialRotation: -81.7407 zShift: 6.60334 energy: -31.6828
MCReject   xShift: 6.47111 crossingAngle: -36.2293 axialRotation: -81.7407 zShift: 6.49346 energy: -31.1538
MCAccept 73 xShift: 6.46456 crossingAngle: -36.2293 axialRotation: -81.7407 zShift: 6.60334 energy: -31.7971
MCReject   xShift: 6.42561 crossingAngle: -36.2293 axialRotation: -81.7407 zShift: 6.60334 energy: -31.2036
MCReject   xShift: 6.46456 crossingAngle: -36.2293 axialRotation: -81.4854 zShift: 6.60334 energy: -31.511
MCReject   xShift: 6.46456 crossingAngle: -36.2293 axialRotation: -81.7407 zShift: 6.54623 energy: -31.689
MCReject   xShift: 6.46456 crossingAngle: -36.2293 axialRotation: -81.5001 zShift: 6.60334 energy: -31.4353
MCReject   xShift: 6.49597 crossingAngle: -36.2293 axialRotation: -81.7407 zShift: 6.60334 energy: -31.6359
MCReject   xShift: 6.46456 crossingAngle: -36.6218 axialRotation: -81.7407 zShift: 6.60334 energy: -31.606
MCReject   xShift: 6.46456 crossingAngle: -36.2293 axialRotation: -81.7407 zShift: 6.53158 energy: -31.5658
MCAccept 74 xShift: 6.47787 crossingAngle: -36.2293 axialRotation: -81.7407 zShift: 6.60334 energy: -31.7845
MCAccept 75 xShift: 6.47787 crossingAngle: -36.3002 axialRotation: -81.7407 zShift: 6.60334 energy: -31.6649
MCReject   xShift: 6.47787 crossingAngle: -36.3002 axialRotation: -81.8941 zShift: 6.60334 energy: -31.492
MCAccept 76 xShift: 6.429 crossingAngle: -36.3002 axialRotation: -81.7407 zShift: 6.60334 energy: -31.6705
MCAccept 77 xShift: 6.429 crossingAngle: -36.1288 axialRotation: -81.7407 zShift: 6.60334 energy: -31.721
MCReject   xShift: 6.429 crossingAngle: -36.6096 axialRotation: -81.7407 zShift: 6.60334 energy: -31.5257
MCReject   xShift: 6.429 crossingAngle: -36.2662 axialRotation: -81.7407 zShift: 6.60334 energy: -31.6823
MCAccept 78 xShift: 6.429 crossingAngle: -35.973 axialRotation: -81.7407 zShift: 6.60334 energy: -31.7459
MCAccept 79 xShift: 6.429 crossingAngle: -35.9236 axialRotation: -81.7407 zShift: 6.60334 energy: -31.7493
MCAccept 80 xShift: 6.44658 crossingAngle: -35.9236 axialRotation: -81.7407 zShift: 6.60334 energy: -31.7388
MCAccept 81 xShift: 6.44658 crossingAngle: -36.0622 axialRotation: -81.7407 zShift: 6.60334 energy: -31.8158
MCAccept 82 xShift: 6.44658 crossingAngle: -36.0145 axialRotation: -81.7407 zShift: 6.60334 energy: -31.8245
MCAccept 83 xShift: 6.45516 crossingAngle: -36.0145 axialRotation: -81.7407 zShift: 6.60334 energy: -31.8462
MCAccept 84 xShift: 6.45516 crossingAngle: -36.0046 axialRotation: -81.7407 zShift: 6.60334 energy: -31.848
MCAccept 85 xShift: 6.45516 crossingAngle: -35.7838 axialRotation: -81.7407 zShift: 6.60334 energy: -31.8639
MCReject   xShift: 6.44583 crossingAngle: -35.7838 axialRotation: -81.7407 zShift: 6.60334 energy: -31.4141
MCReject   xShift: 6.45516 crossingAngle: -35.7838 axialRotation: -81.953 zShift: 6.60334 energy: -31.6674
MCReject   xShift: 6.41282 crossingAngle: -35.7838 axialRotation: -81.7407 zShift: 6.60334 energy: -31.6127
MCAccept 86 xShift: 6.48878 crossingAngle: -35.7838 axialRotation: -81.7407 zShift: 6.60334 energy: -31.8548
MCAccept 87 xShift: 6.48994 crossingAngle: -35.7838 axialRotation: -81.7407 zShift: 6.60334 energy: -31.8515
MCReject   xShift: 6.48994 crossingAngle: -35.7838 axialRotation: -81.7407 zShift: 6.4932 energy: -31.2003
MCReject   xShift: 6.48994 crossingAngle: -35.7838 axialRotation: -81.7236 zShift: 6.60334 energy: -31.7368
MCReject   xShift: 6.48994 crossingAngle: -35.8779 axialRotation: -81.7407 zShift: 6.60334 energy: -31.4538
MCReject   xShift: 6.48994 crossingAngle: -35.5603 axialRotation: -81.7407 zShift: 6.60334 energy: -31.3516
MCReject   xShift: 6.50353 crossingAngle: -35.7838 axialRotation: -81.7407 zShift: 6.60334 energy: -31.7997
MCReject   xShift: 6.43149 crossingAngle: -35.7838 axialRotation: -81.7407 zShift: 6.60334 energy: -31.7626
MCAccept 88 xShift: 6.4706 crossingAngle: -35.7838 axialRotation: -81.7407 zShift: 6.60334 energy: -31.8807
MCReject   xShift: 6.44305 crossingAngle: -35.7838 axialRotation: -81.7407 zShift: 6.60334 energy: -31.8239
MCReject   xShift: 6.4706 crossingAngle: -35.7838 axialRotation: -81.5211 zShift: 6.60334 energy: -31.4994
MCReject   xShift: 6.52943 crossingAngle: -35.7838 axialRotation: -81.7407 zShift: 6.60334 energy: -31.5417
MCReject   xShift: 6.4706 crossingAngle: -35.8729 axialRotation: -81.7407 zShift: 6.60334 energy: -31.7809
MCReject   xShift: 6.4706 crossingAngle: -35.7708 axialRotation: -81.7407 zShift: 6.60334 energy: -31.7839
MCReject   xShift: 6.5064 crossingAngle: -35.7838 axialRotation: -81.7407 zShift: 6.60334 energy: -31.3105
MCReject   xShift: 6.4706 crossingAngle: -35.7838 axialRotation: -81.7407 zShift: 6.57235 energy: -31.8444
MCReject   xShift: 6.44082 crossingAngle: -35.7838 axialRotation: -81.7407 zShift: 6.60334 energy: -31.7154
MCReject   xShift: 6.45751 crossingAngle: -35.7838 axialRotation: -81.7407 zShift: 6.60334 energy: -31.8688
MCReject   xShift: 6.4922 crossingAngle: -35.7838 axialRotation: -81.7407 zShift: 6.60334 energy: -31.8446
MCReject   xShift: 6.46191 crossingAngle: -35.7838 axialRotation: -81.7407 zShift: 6.60334 energy: -31.8758
MCReject   xShift: 6.4706 crossingAngle: -35.7838 axialRotation: -82.4145 zShift: 6.60334 energy: -32.0578
MCReject   xShift: 6.4706 crossingAngle: -35.7627 axialRotation: -81.7407 zShift: 6.60334 energy: -31.7837
MCReject   xShift: 6.4706 crossingAngle: -35.6328 axialRotation: -81.7407 zShift: 6.60334 energy: -31.8703
MCReject   xShift: 6.4706 crossingAngle: -35.7838 axialRotation: -81.644 zShift: 6.60334 energy: -31.2631
MCReject   xShift: 6.4706 crossingAngle: -35.7838 axialRotation: -81.7327 zShift: 6.60334 energy: -31.8712
MCReject   xShift: 6.4706 crossingAngle: -35.8179 axialRotation: -81.7407 zShift: 6.60334 energy: -31.88
MCReject   xShift: 6.4706 crossingAngle: -35.7838 axialRotation: -81.7407 zShift: 6.67621 energy: -31.9113
MCReject   xShift: 6.4706 crossingAngle: -35.9431 axialRotation: -81.7407 zShift: 6.60334 energy: -31.7734
MCReject   xShift: 6.45515 crossingAngle: -35.7838 axialRotation: -81.7407 zShift: 6.60334 energy: -31.8638
MCReject   xShift: 6.4706 crossingAngle: -35.7082 axialRotation: -81.7407 zShift: 6.60334 energy: -31.8783
MCReject   xShift: 6.4706 crossingAngle: -35.7838 axialRotation: -81.7407 zShift: 6.61851 energy: -31.4611
MCReject   xShift: 6.4706 crossingAngle: -35.7838 axialRotation: -82.0301 zShift: 6.60334 energy: -31.7578
MCReject   xShift: 6.4706 crossingAngle: -35.7838 axialRotation: -81.8893 zShift: 6.60334 energy: -31.5484
MCReject   xShift: 6.4706 crossingAngle: -35.8141 axialRotation: -81.7407 zShift: 6.60334 energy: -31.7838
MCReject   xShift: 6.4706 crossingAngle: -35.7838 axialRotation: -81.7407 zShift: 6.66665 energy: -31.8119
MCReject   xShift: 6.4706 crossingAngle: -35.7838 axialRotation: -81.735 zShift: 6.60334 energy: -31.7772
MCReject   xShift: 6.4706 crossingAngle: -35.7838 axialRotation: -81.7073 zShift: 6.60334 energy: -31.342
MCReject   xShift: 6.4706 crossingAngle: -35.5756 axialRotation: -81.7407 zShift: 6.60334 energy: -31.8604
MCReject   xShift: 6.4706 crossingAngle: -35.7941 axialRotation: -81.7407 zShift: 6.60334 energy: -31.8806
MCReject   xShift: 6.49612 crossingAngle: -35.7838 axialRotation: -81.7407 zShift: 6.60334 energy: -31.831
MCReject   xShift: 6.4706 crossingAngle: -35.7838 axialRotation: -81.7407 zShift: 6.62492 energy: -31.898
MCReject   xShift: 6.4706 crossingAngle: -35.6122 axialRotation: -81.7407 zShift: 6.60334 energy: -31.8671
MCReject   xShift: 6.4706 crossingAngle: -35.7838 axialRotation: -81.7407 zShift: 6.58684 energy: -31.863
MCReject   xShift: 6.42505 crossingAngle: -35.7838 axialRotation: -81.7407 zShift: 6.60334 energy: -31.7182
MCReject   xShift: 6.47766 crossingAngle: -35.7838 axialRotation: -81.7407 zShift: 6.60334 energy: -31.4794
MCReject   xShift: 6.4706 crossingAngle: -35.7838 axialRotation: -81.7407 zShift: 6.47341 energy: -31.2627
MCReject   xShift: 6.4706 crossingAngle: -35.7838 axialRotation: -81.7407 zShift: 6.62637 energy: -31.899
MCReject   xShift: 6.4706 crossingAngle: -35.6509 axialRotation: -81.7407 zShift: 6.60334 energy: -31.4458
MCReject   xShift: 6.4706 crossingAngle: -35.7838 axialRotation: -81.7407 zShift: 6.47446 energy: -31.265
MCReject   xShift: 6.44414 crossingAngle: -35.7838 axialRotation: -81.7407 zShift: 6.60334 energy: -31.8285
MCReject   xShift: 6.4706 crossingAngle: -35.7838 axialRotation: -81.6551 zShift: 6.60334 energy: -31.6787
MCReject   xShift: 6.4706 crossingAngle: -35.7838 axialRotation: -81.8427 zShift: 6.60334 energy: -31.9003
MCReject   xShift: 6.4706 crossingAngle: -36.1016 axialRotation: -81.7407 zShift: 6.60334 energy: -31.7417
MCReject   xShift: 6.45539 crossingAngle: -35.7838 axialRotation: -81.7407 zShift: 6.60334 energy: -31.8644
MCReject   xShift: 6.4706 crossingAngle: -35.7838 axialRotation: -81.8885 zShift: 6.60334 energy: -32.0457
MCReject   xShift: 6.43196 crossingAngle: -35.7838 axialRotation: -81.7407 zShift: 6.60334 energy: -31.6665
MCReject   xShift: 6.4706 crossingAngle: -35.7838 axialRotation: -81.3908 zShift: 6.60334 energy: -31.3069
MCReject   xShift: 6.4706 crossingAngle: -35.7838 axialRotation: -81.5393 zShift: 6.60334 energy: -31.1953
MCReject   xShift: 6.4706 crossingAngle: -35.8919 axialRotation: -81.7407 zShift: 6.60334 energy: -31.875
MCReject   xShift: 6.4706 crossingAngle: -35.7838 axialRotation: -81.7407 zShift: 6.74689 energy: -31.7547
MCReject   xShift: 6.47341 crossingAngle: -35.7838 axialRotation: -81.7407 zShift: 6.60334 energy: -31.7833
MCReject   xShift: 6.4706 crossingAngle: -35.7838 axialRotation: -81.7407 zShift: 6.58346 energy: -31.7633
MCReject   xShift: 6.4706 crossingAngle: -35.7838 axialRotation: -81.2473 zShift: 6.60334 energy: -31.1715
MCReject   xShift: 6.48674 crossingAngle: -35.7838 axialRotation: -81.7407 zShift: 6.60334 energy: -31.8601
MCReject   xShift: 6.45166 crossingAngle: -35.7838 axialRotation: -81.7407 zShift: 6.60334 energy: -31.8548
MCReject   xShift: 6.4706 crossingAngle: -35.7838 axialRotation: -81.7407 zShift: 6.58698 energy: -31.4673
MCReject   xShift: 6.51068 crossingAngle: -35.7838 axialRotation: -81.7407 zShift: 6.60334 energy: -31.6683
MCReject   xShift: 6.4706 crossingAngle: -35.7838 axialRotation: -81.9108 zShift: 6.60334 energy: -32.0689
MCReject   xShift: 6.4706 crossingAngle: -35.5224 axialRotation: -81.7407 zShift: 6.60334 energy: -31.848
MCReject   xShift: 6.4706 crossingAngle: -35.7838 axialRotation: -82.032 zShift: 6.60334 energy: -31.5357
MCReject   xShift: 6.47934 crossingAngle: -35.7838 axialRotation: -81.7407 zShift: 6.60334 energy: -31.778
MCReject   xShift: 6.4706 crossingAngle: -35.7838 axialRotation: -81.9677 zShift: 6.60334 energy: -31.6983
MCReject   xShift: 6.4706 crossingAngle: -35.7838 axialRotation: -81.3515 zShift: 6.60334 energy: -31.3434
MCReject   xShift: 6.4706 crossingAngle: -35.7838 axialRotation: -81.7407 zShift: 6.69976 energy: -31.8016
MCReject   xShift: 6.4706 crossingAngle: -36.026 axialRotation: -81.7407 zShift: 6.60334 energy: -31.331
MCReject   xShift: 6.4706 crossingAngle: -35.4271 axialRotation: -81.7407 zShift: 6.60334 energy: -31.4175
MCReject   xShift: 6.4706 crossingAngle: -35.7838 axialRotation: -81.7407 zShift: 6.63654 energy: -31.9046
MCReject   xShift: 6.52233 crossingAngle: -35.7838 axialRotation: -81.7407 zShift: 6.60334 energy: -31.6883
MCReject   xShift: 6.49121 crossingAngle: -35.7838 axialRotation: -81.7407 zShift: 6.60334 energy: -31.4591
MCReject   xShift: 6.4706 crossingAngle: -35.7838 axialRotation: -81.7407 zShift: 6.67017 energy: -31.3863
MCReject   xShift: 6.44557 crossingAngle: -35.7838 axialRotation: -81.7407 zShift: 6.60334 energy: -31.736
MCReject   xShift: 6.4706 crossingAngle: -35.905 axialRotation: -81.7407 zShift: 6.60334 energy: -31.778
MCReject   xShift: 6.4706 crossingAngle: -35.7838 axialRotation: -81.7407 zShift: 6.68561 energy: -31.9092
MCReject   xShift: 6.4706 crossingAngle: -35.7838 axialRotation: -81.5892 zShift: 6.60334 energy: -31.6901
MCReject   xShift: 6.4706 crossingAngle: -35.7218 axialRotation: -81.7407 zShift: 6.60334 energy: -31.7819
MCReject   xShift: 6.4706 crossingAngle: -35.7838 axialRotation: -81.7407 zShift: 6.60544 energy: -31.7859
MCReject   xShift: 6.4706 crossingAngle: -35.7838 axialRotation: -81.7407 zShift: 6.54952 energy: -31.8095
MCReject   xShift: 6.4706 crossingAngle: -35.7796 axialRotation: -81.7407 zShift: 6.60334 energy: -31.2272
MCReject   xShift: 6.49619 crossingAngle: -35.7838 axialRotation: -81.7407 zShift: 6.60334 energy: -31.8308
MCReject   xShift: 6.4706 crossingAngle: -35.7838 axialRotation: -81.6453 zShift: 6.60334 energy: -31.7633
MCReject   xShift: 6.46283 crossingAngle: -35.7838 axialRotation: -81.7407 zShift: 6.60334 energy: -31.7797
MCReject   xShift: 6.45298 crossingAngle: -35.7838 axialRotation: -81.7407 zShift: 6.60334 energy: -31.7607
MCReject   xShift: 6.4706 crossingAngle: -35.7521 axialRotation: -81.7407 zShift: 6.60334 energy: -31.7834
MCReject   xShift: 6.4706 crossingAngle: -35.7838 axialRotation: -81.7407 zShift: 6.68764 energy: -31.9086
MCReject   xShift: 6.4706 crossingAngle: -35.7838 axialRotation: -81.725 zShift: 6.60334 energy: -31.4603
MCReject   xShift: 6.4706 crossingAngle: -35.7838 axialRotation: -81.7407 zShift: 6.62905 energy: -31.8025
MCReject   xShift: 6.4706 crossingAngle: -35.7838 axialRotation: -81.6142 zShift: 6.60334 energy: -31.7232
MCReject   xShift: 6.4706 crossingAngle: -35.7838 axialRotation: -81.491 zShift: 6.60334 energy: -31.5542
MCReject   xShift: 6.49139 crossingAngle: -35.7838 axialRotation: -81.7407 zShift: 6.60334 energy: -31.8472
MCReject   xShift: 6.45256 crossingAngle: -35.7838 axialRotation: -81.7407 zShift: 6.60334 energy: -31.8573
MCReject   xShift: 6.49907 crossingAngle: -35.7838 axialRotation: -81.7407 zShift: 6.60334 energy: -31.8194
MCReject   xShift: 6.4706 crossingAngle: -35.7163 axialRotation: -81.7407 zShift: 6.60334 energy: -31.8788
MCReject   xShift: 6.4706 crossingAngle: -35.6147 axialRotation: -81.7407 zShift: 6.60334 energy: -31.8676
MCReject   xShift: 6.4706 crossingAngle: -35.2824 axialRotation: -81.7407 zShift: 6.60334 energy: -31.2242
MCReject   xShift: 6.4706 crossingAngle: -35.7405 axialRotation: -81.7407 zShift: 6.60334 energy: -31.88
MCReject   xShift: 6.4706 crossingAngle: -35.7838 axialRotation: -81.7407 zShift: 6.61822 energy: -31.7959
MCReject   xShift: 6.4706 crossingAngle: -35.8037 axialRotation: -81.7407 zShift: 6.60334 energy: -31.8805
MCReject   xShift: 6.4706 crossingAngle: -35.7746 axialRotation: -81.7407 zShift: 6.60334 energy: -31.7839
MCReject   xShift: 6.4706 crossingAngle: -36.0646 axialRotation: -81.7407 zShift: 6.60334 energy: -31.845
MCReject   xShift: 6.44821 crossingAngle: -35.7838 axialRotation: -81.7407 zShift: 6.60334 energy: -31.7458
MCReject   xShift: 6.45875 crossingAngle: -35.7838 axialRotation: -81.7407 zShift: 6.60334 energy: -31.7737
MCReject   xShift: 6.4706 crossingAngle: -35.9079 axialRotation: -81.7407 zShift: 6.60334 energy: -31.8732
MCReject   xShift: 6.4706 crossingAngle: -35.7838 axialRotation: -81.628 zShift: 6.60334 energy: -31.6439
MCReject   xShift: 6.4706 crossingAngle: -35.7838 axialRotation: -81.7407 zShift: 6.52347 energy: -31.3608
MCReject   xShift: 6.4706 crossingAngle: -35.7895 axialRotation: -81.7407 zShift: 6.60334 energy: -31.784
MCReject   xShift: 6.4706 crossingAngle: -35.7838 axialRotation: -81.75 zShift: 6.60334 energy: -31.8917
MCReject   xShift: 6.4706 crossingAngle: -35.7505 axialRotation: -81.7407 zShift: 6.60334 energy: -31.8803
MCReject   xShift: 6.4706 crossingAngle: -35.7838 axialRotation: -81.7407 zShift: 6.62255 energy: -31.4879
MCReject   xShift: 6.4706 crossingAngle: -35.9253 axialRotation: -81.7407 zShift: 6.60334 energy: -31.8711
MCReject   xShift: 6.46591 crossingAngle: -35.7838 axialRotation: -81.7407 zShift: 6.60334 energy: -31.7825
MCReject   xShift: 6.4706 crossingAngle: -35.7838 axialRotation: -81.7407 zShift: 6.61138 energy: -31.3862
MCReject   xShift: 6.4706 crossingAngle: -35.7838 axialRotation: -81.7407 zShift: 6.48077 energy: -31.2789
MCReject   xShift: 6.4706 crossingAngle: -35.7838 axialRotation: -81.7407 zShift: 6.69103 energy: -31.806
MCReject   xShift: 6.49949 crossingAngle: -35.7838 axialRotation: -81.7407 zShift: 6.60334 energy: -31.8177
MCReject   xShift: 6.4706 crossingAngle: -35.7838 axialRotation: -81.7486 zShift: 6.60334 energy: -31.4625
MCReject   xShift: 6.4706 crossingAngle: -35.7438 axialRotation: -81.7407 zShift: 6.60334 energy: -31.8801
MCReject   xShift: 6.4706 crossingAngle: -35.4343 axialRotation: -81.7407 zShift: 6.60334 energy: -31.8204
MCReject   xShift: 6.4706 crossingAngle: -35.7838 axialRotation: -81.8698 zShift: 6.60334 energy: -31.624
MCReject   xShift: 6.4706 crossingAngle: -35.7838 axialRotation: -81.7407 zShift: 6.60318 energy: -31.8806
MCReject   xShift: 6.4706 crossingAngle: -35.7838 axialRotation: -81.7407 zShift: 6.5272 energy: -31.7688
MCReject   xShift: 6.4706 crossingAngle: -35.7838 axialRotation: -81.7511 zShift: 6.60334 energy: -31.8929
MCReject   xShift: 6.4706 crossingAngle: -35.7838 axialRotation: -81.788 zShift: 6.60334 energy: -31.4374
MCReject   xShift: 6.4706 crossingAngle: -35.7838 axialRotation: -81.6684 zShift: 6.60334 energy: -31.6956
MCReject   xShift: 6.4706 crossingAngle: -35.4845 axialRotation: -81.7407 zShift: 6.60334 energy: -31.5074
MCReject   xShift: 6.4706 crossingAngle: -35.7838 axialRotation: -81.7407 zShift: 6.64276 energy: -31.8084
MCReject   xShift: 6.4706 crossingAngle: -35.7305 axialRotation: -81.7407 zShift: 6.60334 energy: -31.7824
MCReject   xShift: 6.4706 crossingAngle: -35.881 axialRotation: -81.7407 zShift: 6.60334 energy: -31.876
MCReject   xShift: 6.4706 crossingAngle: -35.6427 axialRotation: -81.7407 zShift: 6.60334 energy: -31.4705
MCReject   xShift: 6.4706 crossingAngle: -35.7838 axialRotation: -82.0144 zShift: 6.60334 energy: -32.0754
MCReject   xShift: 6.4706 crossingAngle: -35.754 axialRotation: -81.7407 zShift: 6.60334 energy: -31.8804
MCReject   xShift: 6.45166 crossingAngle: -35.7838 axialRotation: -81.7407 zShift: 6.60334 energy: -31.4125
MCReject   xShift: 6.4706 crossingAngle: -35.8999 axialRotation: -81.7407 zShift: 6.60334 energy: -31.7785
MCReject   xShift: 6.4706 crossingAngle: -35.9304 axialRotation: -81.7407 zShift: 6.60334 energy: -31.8704
MCReject   xShift: 6.4706 crossingAngle: -35.7838 axialRotation: -81.7407 zShift: 6.59924 energy: -31.7802
MCReject   xShift: 6.4706 crossingAngle: -35.7721 axialRotation: -81.7407 zShift: 6.60334 energy: -31.4533
MCReject   xShift: 6.4706 crossingAngle: -35.7322 axialRotation: -81.7407 zShift: 6.60334 energy: -31.8797
MCReject   xShift: 6.4706 crossingAngle: -35.7838 axialRotation: -81.7407 zShift: 6.68078 energy: -31.4815
MCReject   xShift: 6.4706 crossingAngle: -35.7802 axialRotation: -81.7407 zShift: 6.60334 energy: -31.4533
MCReject   xShift: 6.41004 crossingAngle: -35.7838 axialRotation: -81.7407 zShift: 6.60334 energy: -31.1003
MCReject   xShift: 6.4706 crossingAngle: -35.7838 axialRotation: -81.7407 zShift: 6.63866 energy: -31.9055
MCReject   xShift: 6.4706 crossingAngle: -35.7838 axialRotation: -81.7407 zShift: 6.57476 energy: -31.8477
MCReject   xShift: 6.4706 crossingAngle: -35.6768 axialRotation: -81.7407 zShift: 6.60334 energy: -31.8757
MCReject   xShift: 6.4706 crossingAngle: -35.7838 axialRotation: -81.7407 zShift: 6.51292 energy: -31.6476
MCReject   xShift: 6.46622 crossingAngle: -35.7838 axialRotation: -81.7407 zShift: 6.60334 energy: -31.7827
MCReject   xShift: 6.4706 crossingAngle: -35.7838 axialRotation: -81.7407 zShift: 6.50953 energy: -31.3643
MCReject   xShift: 6.4706 crossingAngle: -35.7244 axialRotation: -81.7407 zShift: 6.60334 energy: -31.8793
MCReject   xShift: 6.4706 crossingAngle: -35.8425 axialRotation: -81.7407 zShift: 6.60334 energy: -31.8789
MCReject   xShift: 6.4706 crossingAngle: -35.9352 axialRotation: -81.7407 zShift: 6.60334 energy: -31.7745
MCReject   xShift: 6.4706 crossingAngle: -35.7838 axialRotation: -81.7407 zShift: 6.61488 energy: -31.8908
MCReject   xShift: 6.4706 crossingAngle: -35.8009 axialRotation: -81.7407 zShift: 6.60334 energy: -31.8805
MCReject   xShift: 6.4706 crossingAngle: -35.7838 axialRotation: -81.2119 zShift: 6.60334 energy: -31.0113
MCReject   xShift: 6.4706 crossingAngle: -35.8112 axialRotation: -81.7407 zShift: 6.60334 energy: -31.8803
MCReject   xShift: 6.46631 crossingAngle: -35.7838 axialRotation: -81.7407 zShift: 6.60334 energy: -31.3521
MCReject   xShift: 6.4706 crossingAngle: -35.8253 axialRotation: -81.7407 zShift: 6.60334 energy: -31.8798
MCReject   xShift: 6.4706 crossingAngle: -36.0022 axialRotation: -81.7407 zShift: 6.60334 energy: -31.764
MCReject   xShift: 6.4706 crossingAngle: -35.7838 axialRotation: -81.7407 zShift: 6.66252 energy: -31.4891
MCReject   xShift: 6.4706 crossingAngle: -35.7838 axialRotation: -81.4957 zShift: 6.60334 energy: -31.5609
MCReject   xShift: 6.4706 crossingAngle: -35.6344 axialRotation: -81.7407 zShift: 6.60334 energy: -31.8706
MCReject   xShift: 6.4706 crossingAngle: -35.9085 axialRotation: -81.7407 zShift: 6.60334 energy: -31.8732
MCReject   xShift: 6.4706 crossingAngle: -35.7419 axialRotation: -81.7407 zShift: 6.60334 energy: -31.783
MCReject   xShift: 6.4706 crossingAngle: -35.7838 axialRotation: -81.7407 zShift: 6.6259 energy: -31.8987
MCReject   xShift: 6.4706 crossingAngle: -35.7838 axialRotation: -81.7943 zShift: 6.60334 energy: -31.9429
MCReject   xShift: 6.48852 crossingAngle: -35.7838 axialRotation: -81.7407 zShift: 6.60334 energy: -31.4653
MCReject   xShift: 6.4706 crossingAngle: -35.8308 axialRotation: -81.7407 zShift: 6.60334 energy: -31.7833
MCReject   xShift: 6.43332 crossingAngle: -35.7838 axialRotation: -81.7407 zShift: 6.60334 energy: -31.6749
MCReject   xShift: 6.47162 crossingAngle: -35.7838 axialRotation: -81.7407 zShift: 6.60334 energy: -31.4795
MCReject   xShift: 6.4706 crossingAngle: -35.7838 axialRotation: -81.7407 zShift: 6.64553 energy: -31.8093
MCReject   xShift: 6.4706 crossingAngle: -35.7838 axialRotation: -81.7407 zShift: 6.56232 energy: -31.4162
MCReject   xShift: 6.45856 crossingAngle: -35.7838 axialRotation: -81.7407 zShift: 6.60334 energy: -31.8708
MCReject   xShift: 6.4706 crossingAngle: -35.5115 axialRotation: -81.7407 zShift: 6.60334 energy: -31.845
MCReject   xShift: 6.4706 crossingAngle: -35.7838 axialRotation: -81.7407 zShift: 6.54684 energy: -31.4234
MCReject   xShift: 6.4706 crossingAngle: -35.9659 axialRotation: -81.7407 zShift: 6.60334 energy: -31.8651
MCReject   xShift: 6.47783 crossingAngle: -35.7838 axialRotation: -81.7407 zShift: 6.60334 energy: -31.8761
MCReject   xShift: 6.4706 crossingAngle: -35.7838 axialRotation: -81.7283 zShift: 6.60334 energy: -31.4642
MCReject   xShift: 6.4706 crossingAngle: -35.7838 axialRotation: -81.7407 zShift: 6.57757 energy: -31.8515
MCReject   xShift: 6.4706 crossingAngle: -35.7838 axialRotation: -81.7407 zShift: 6.68027 energy: -31.9106
MCReject   xShift: 6.4706 crossingAngle: -35.7838 axialRotation: -81.4739 zShift: 6.60334 energy: -31.5295
MCReject   xShift: 6.52274 crossingAngle: -35.7838 axialRotation: -81.7407 zShift: 6.60334 energy: -31.6854
MCReject   xShift: 6.4706 crossingAngle: -36.0228 axialRotation: -81.7407 zShift: 6.60334 energy: -31.8544
MCReject   xShift: 6.4706 crossingAngle: -35.7838 axialRotation: -81.5449 zShift: 6.60334 energy: -31.6301
End Repack Cycles

***REPACK GEOMETRY***
xShift;        Before: 6.50392; After: 6.4706
crossingAngle; Before: -35.3229; After: -35.7838
axialRotation; Before: -81.7407; After: -81.7407
zShift;        Before: 6.60334; After: 6.60334

axialRotationPrime; Before: 58.0906; After: 58.0906
zShiftPrime;        Before: 5.9747; After: 5.9747

Energy;        Before: -16.4687; After: -31.8807

Completed all cycles. Accepted 170/394
Monte Carlo repack complete. Time: 82.6min

