03_02_2023
Self Consistent Mean Field Start Time: Thu Mar  2 20:02:09 2023
Elapsed time of program: 0.285min

Running Self Consistent Mean Field
Initial Sequence:   LLLGYLLGTLLGTLLSTLILI
Best Sequence:      LLLGYLLGTLLGTLLSTLILI
Interface Sequence: L--GY--GT-LGT-LST--L-
Total Energy:       -36.1
VDW:                -68.3
HBOND:              -99
Self Consistent Mean Field End Time: Thu Mar  2 20:53:34 2023
Elapsed time of program: 51.7min

Monte Carlo Sequence Search Replicate 0 Start Time: Thu Mar  2 20:53:42 2023
Elapsed time of program: 51.8min

  - SelfPairManager energy calculation 0 Start Time: Thu Mar  2 20:53:55 2023
Elapsed time of program: 52min

  - SelfPairManager energy calculation 0 End Time: Thu Mar  2 20:54:32 2023
Elapsed time of program: 52.7min

- End monte carlo sequence search #0: 66.6min; Monte Carlo ended at Temp: 0.547

- Best Sequence: LLLTLLLGILLGFLLAVLILI; Energy w/ baseline: -18.8
Monte Carlo Sequence Search Replicate 0 End Time: Thu Mar  2 22:01:06 2023
Elapsed time of program: 119min

Compute Monomer Energy Start Time: Thu Mar  2 22:01:29 2023
Elapsed time of program: 120min

-Dimer - Monomer = -373 - -346 = -26.8
Compute Monomer Energy End Time: Thu Mar  2 22:04:12 2023
Elapsed time of program: 122min

Backbone optimize replicate 0 Start Time: Thu Mar  2 22:04:12 2023
Elapsed time of program: 122min

Backbone optimize replicate 0 End Time: Thu Mar  2 23:36:18 2023
Elapsed time of program: 214min

Monte Carlo Sequence Search Replicate 1 Start Time: Thu Mar  2 23:36:19 2023
Elapsed time of program: 214min

  - SelfPairManager energy calculation 1 Start Time: Thu Mar  2 23:36:33 2023
Elapsed time of program: 215min

  - SelfPairManager energy calculation 1 End Time: Thu Mar  2 23:37:11 2023
Elapsed time of program: 215min

- End monte carlo sequence search #1: 59.3min; Monte Carlo ended at Temp: 0.547

- Best Sequence: LLLAYLLGILLGVLLSLLILI; Energy w/ baseline: -27.4
Monte Carlo Sequence Search Replicate 1 End Time: Fri Mar  3 00:36:27 2023
Elapsed time of program: 275min

Compute Monomer Energy Start Time: Fri Mar  3 00:36:49 2023
Elapsed time of program: 275min

-Dimer - Monomer = -385 - -363 = -21.9
Compute Monomer Energy End Time: Fri Mar  3 00:40:34 2023
Elapsed time of program: 279min

Backbone optimize replicate 1 Start Time: Fri Mar  3 00:40:34 2023
Elapsed time of program: 279min

Backbone optimize replicate 1 End Time: Fri Mar  3 03:34:56 2023
Elapsed time of program: 453min

Monte Carlo Sequence Search Replicate 2 Start Time: Fri Mar  3 03:34:57 2023
Elapsed time of program: 453min

  - SelfPairManager energy calculation 2 Start Time: Fri Mar  3 03:35:12 2023
Elapsed time of program: 453min

  - SelfPairManager energy calculation 2 End Time: Fri Mar  3 03:35:49 2023
Elapsed time of program: 454min

- End monte carlo sequence search #2: 67.8min; Monte Carlo ended at Temp: 0.547

- Best Sequence: LLLALLLGILLGFLLSTLILI; Energy w/ baseline: -31.5
Monte Carlo Sequence Search Replicate 2 End Time: Fri Mar  3 04:43:39 2023
Elapsed time of program: 522min

Compute Monomer Energy Start Time: Fri Mar  3 04:44:05 2023
Elapsed time of program: 522min

-Dimer - Monomer = -390 - -362 = -28.7
Compute Monomer Energy End Time: Fri Mar  3 04:46:58 2023
Elapsed time of program: 525min

Backbone optimize replicate 2 Start Time: Fri Mar  3 04:46:58 2023
Elapsed time of program: 525min

Backbone optimize replicate 2 End Time: Fri Mar  3 07:31:42 2023
Elapsed time of program: 690min

Monte Carlo Sequence Search Replicate 3 Start Time: Fri Mar  3 07:31:42 2023
Elapsed time of program: 690min

  - SelfPairManager energy calculation 3 Start Time: Fri Mar  3 07:31:58 2023
Elapsed time of program: 690min

  - SelfPairManager energy calculation 3 End Time: Fri Mar  3 07:32:36 2023
Elapsed time of program: 691min

- End monte carlo sequence search #3: 68min; Monte Carlo ended at Temp: 0.547

- Best Sequence: LLLALLLGILLGFLLSTLILI; Energy w/ baseline: -29.5
Monte Carlo Sequence Search Replicate 3 End Time: Fri Mar  3 08:40:34 2023
Elapsed time of program: 759min

Sequence,RotamerValues,Interface,InterfaceSequence,Seed,Density,Baseline,Dimer,Dimerw/Baseline,HBONDDimer,HBONDDimerOptimize,HBONDDimerPreOptimize,HBONDMonomer,IMM1Dimer,IMM1DimerOptimize,IMM1DimerPreOptimize,IMM1Monomer,Monomer,MonomerSasa,OptimizeSasa,PreBBOptimizeSasa,SequenceEntropy,SequenceProbability,Total,TotalPreOptimize,Totalw/Entropy,VDWDimer,VDWDimerOptimize,VDWDimerPreOptimize,VDWMonomer,acceptCycleNumber,acceptTemp,endAxialRotation,endAxialRotationPrime,endCrossingAngle,endXShift,endZShift,endZShiftPrime,firstRepackEnergy,preOptimizeAxialRotation,preOptimizeAxialRotationPrime,preOptimizeCrossingAngle,preOptimizeEnergy,preOptimizeXShift,preOptimizeZShift,preOptimizeZShiftPrime,preRepackTotal,replicateNumber,startAxialRotation,startAxialRotationPrime,startCrossingAngle,startXShift,startZShift,startZShiftPrime,
LLLALLLGILLGFLLSTLILI,133002200310021003312,000110011001100110000,L--AL--GI-LGF-LST--L-,1.67781e+09,1,358.957,-390.458,-31.501,-83.3864,-82.7761,-83.2495,-74.1477,-218.91,-220.94,-218.904,-237.505,-361.76,4473.15,3642.74,3556.16,49.0751,0.000251088,-32.6704,-28.5722,17.5741,-88.1612,-90.7147,-88.1786,-50.1078,467,124.21,-81.7774,52.3923,-47.6846,6.68644,5.83957,5.12546,-33.7406,-81.7774,50.6653,-47.0989,-28.5722,6.68007,5.60642,4.8664,-28.6975,2,-81.7774,50.2073,-43.0207,6.749,5.54459,4.7977,
LLLAYLLGILLGVLLSLLILI,133002200310021003312,000110011001100110000,L--AY--GI-LGV-LSL--L-,1.67781e+09,1,357.953,-385.398,-27.4445,-65.4879,-73.0943,-65.3495,-60.5031,-219.868,-219.678,-219.861,-243.247,-363.491,4460.36,3598.18,3603.39,49.3505,0.000239674,-31.7871,-21.7785,21.906,-100.042,-102.506,-100.06,-59.7416,490,66.6396,-81.7774,50.6653,-47.0989,6.68007,5.60642,4.8664,-28.6466,-81.7774,52.1112,-46.3305,-21.7785,6.55934,5.80161,5.08328,-21.9063,1,-81.7774,50.2073,-43.0207,6.749,5.54459,4.7977,
LLLTLLLGILLGFLLAVLILI,133002200310021003312,000110011001100110000,L--TL--GI-LGF-LAV--L-,1.67781e+09,1,354.105,-372.902,-18.7968,-54.7333,-54.4669,-54.5265,-45.1579,-221.447,-223.744,-221.446,-242.414,-346.077,4548.49,3674.16,3563.03,45.8438,0.000433384,-39.0511,-26.6339,27.047,-96.7212,-106.917,-96.7383,-58.5052,473,25.0484,-81.7774,52.1112,-46.3305,6.55934,5.80161,5.08328,-33.031,-81.7774,50.2073,-43.0207,-26.6339,6.749,5.54459,4.7977,-26.8248,0,-81.7774,50.2073,-43.0207,6.749,5.54459,4.7977,
Total Time: 759 minutes
