03_03_2023
Self Consistent Mean Field Start Time: Fri Mar  3 00:40:45 2023
Elapsed time of program: 0.306min

Running Self Consistent Mean Field
Initial Sequence:   LLLGYLLGTLLGTLLGTLILI
Best Sequence:      LLLGYLLGTLLGTLLGTLILI
Interface Sequence: L--GY--GT-LGT-LGT--L-
Total Energy:       -24.4
VDW:                -57.4
HBOND:              -92
Self Consistent Mean Field End Time: Fri Mar  3 01:33:04 2023
Elapsed time of program: 52.6min

Monte Carlo Sequence Search Replicate 0 Start Time: Fri Mar  3 01:33:11 2023
Elapsed time of program: 52.7min

  - SelfPairManager energy calculation 0 Start Time: Fri Mar  3 01:33:25 2023
Elapsed time of program: 53min

  - SelfPairManager energy calculation 0 End Time: Fri Mar  3 01:34:09 2023
Elapsed time of program: 53.7min

- End monte carlo sequence search #0: 53.6min; Monte Carlo ended at Temp: 0.547

- Best Sequence: LLLAVLLGLLLGTLLGFLILI; Energy w/ baseline: -12.8
Monte Carlo Sequence Search Replicate 0 End Time: Fri Mar  3 02:27:43 2023
Elapsed time of program: 107min

Compute Monomer Energy Start Time: Fri Mar  3 02:28:05 2023
Elapsed time of program: 108min

-Dimer - Monomer = -353 - -342 = -11.3
Compute Monomer Energy End Time: Fri Mar  3 02:30:26 2023
Elapsed time of program: 110min

Backbone optimize replicate 0 Start Time: Fri Mar  3 02:30:27 2023
Elapsed time of program: 110min

Backbone optimize replicate 0 End Time: Fri Mar  3 04:24:07 2023
Elapsed time of program: 224min

Monte Carlo Sequence Search Replicate 1 Start Time: Fri Mar  3 04:24:08 2023
Elapsed time of program: 224min

  - SelfPairManager energy calculation 1 Start Time: Fri Mar  3 04:24:22 2023
Elapsed time of program: 224min

  - SelfPairManager energy calculation 1 End Time: Fri Mar  3 04:25:01 2023
Elapsed time of program: 225min

- End monte carlo sequence search #1: 61.3min; Monte Carlo ended at Temp: 0.547

- Best Sequence: LLLTLLLGVLLGLLLGFLILI; Energy w/ baseline: -24.3
Monte Carlo Sequence Search Replicate 1 End Time: Fri Mar  3 05:26:21 2023
Elapsed time of program: 286min

Compute Monomer Energy Start Time: Fri Mar  3 05:26:45 2023
Elapsed time of program: 286min

-Dimer - Monomer = -374 - -348 = -26.4
Compute Monomer Energy End Time: Fri Mar  3 05:29:32 2023
Elapsed time of program: 289min

Backbone optimize replicate 1 Start Time: Fri Mar  3 05:29:33 2023
Elapsed time of program: 289min

Backbone optimize replicate 1 End Time: Fri Mar  3 07:34:27 2023
Elapsed time of program: 414min

Monte Carlo Sequence Search Replicate 2 Start Time: Fri Mar  3 07:34:28 2023
Elapsed time of program: 414min

  - SelfPairManager energy calculation 2 Start Time: Fri Mar  3 07:34:43 2023
Elapsed time of program: 414min

  - SelfPairManager energy calculation 2 End Time: Fri Mar  3 07:35:26 2023
Elapsed time of program: 415min

- End monte carlo sequence search #2: 57.2min; Monte Carlo ended at Temp: 0.547

- Best Sequence: LLLALLLGVLLGTLLGFLILI; Energy w/ baseline: -25.7
Monte Carlo Sequence Search Replicate 2 End Time: Fri Mar  3 08:32:36 2023
Elapsed time of program: 472min

Compute Monomer Energy Start Time: Fri Mar  3 08:33:00 2023
Elapsed time of program: 473min

-Dimer - Monomer = -366 - -342 = -24.4
Compute Monomer Energy End Time: Fri Mar  3 08:35:36 2023
Elapsed time of program: 475min

Backbone optimize replicate 2 Start Time: Fri Mar  3 08:35:36 2023
Elapsed time of program: 475min

Backbone optimize replicate 2 End Time: Fri Mar  3 09:47:44 2023
Elapsed time of program: 547min

Monte Carlo Sequence Search Replicate 3 Start Time: Fri Mar  3 09:47:45 2023
Elapsed time of program: 547min

  - SelfPairManager energy calculation 3 Start Time: Fri Mar  3 09:48:00 2023
Elapsed time of program: 548min

  - SelfPairManager energy calculation 3 End Time: Fri Mar  3 09:48:42 2023
Elapsed time of program: 548min

- End monte carlo sequence search #3: 58.8min; Monte Carlo ended at Temp: 0.547

- Best Sequence: LLLAFLLGTLLGVLLGLLILI; Energy w/ baseline: -29.1
Monte Carlo Sequence Search Replicate 3 End Time: Fri Mar  3 10:47:30 2023
Elapsed time of program: 607min

Compute Monomer Energy Start Time: Fri Mar  3 10:47:53 2023
Elapsed time of program: 607min

-Dimer - Monomer = -371 - -337 = -33.7
Compute Monomer Energy End Time: Fri Mar  3 10:50:34 2023
Elapsed time of program: 610min

Backbone optimize replicate 3 Start Time: Fri Mar  3 10:50:34 2023
Elapsed time of program: 610min

Backbone optimize replicate 3 End Time: Fri Mar  3 12:49:08 2023
Elapsed time of program: 729min

Monte Carlo Sequence Search Replicate 4 Start Time: Fri Mar  3 12:49:09 2023
Elapsed time of program: 729min

  - SelfPairManager energy calculation 4 Start Time: Fri Mar  3 12:49:23 2023
Elapsed time of program: 729min

  - SelfPairManager energy calculation 4 End Time: Fri Mar  3 12:50:11 2023
Elapsed time of program: 730min

- End monte carlo sequence search #4: 58.9min; Monte Carlo ended at Temp: 0.547

- Best Sequence: LLLAFLLGVLLGTLLGLLILI; Energy w/ baseline: -28.2
Monte Carlo Sequence Search Replicate 4 End Time: Fri Mar  3 13:49:07 2023
Elapsed time of program: 789min

Compute Monomer Energy Start Time: Fri Mar  3 13:49:33 2023
Elapsed time of program: 789min

-Dimer - Monomer = -370 - -340 = -30.3
Compute Monomer Energy End Time: Fri Mar  3 13:52:17 2023
Elapsed time of program: 792min

Backbone optimize replicate 4 Start Time: Fri Mar  3 13:52:17 2023
Elapsed time of program: 792min

Backbone optimize replicate 4 End Time: Fri Mar  3 15:42:05 2023
Elapsed time of program: 902min

Sequence,RotamerValues,Interface,InterfaceSequence,Seed,Density,Baseline,Dimer,Dimerw/Baseline,HBONDDimer,HBONDDimerOptimize,HBONDDimerPreOptimize,HBONDMonomer,IMM1Dimer,IMM1DimerOptimize,IMM1DimerPreOptimize,IMM1Monomer,Monomer,MonomerSasa,OptimizeSasa,PreBBOptimizeSasa,SequenceEntropy,SequenceProbability,Total,TotalPreOptimize,Totalw/Entropy,VDWDimer,VDWDimerOptimize,VDWDimerPreOptimize,VDWMonomer,acceptCycleNumber,acceptTemp,endAxialRotation,endAxialRotationPrime,endCrossingAngle,endXShift,endZShift,endZShiftPrime,firstRepackEnergy,preOptimizeAxialRotation,preOptimizeAxialRotationPrime,preOptimizeCrossingAngle,preOptimizeEnergy,preOptimizeXShift,preOptimizeZShift,preOptimizeZShiftPrime,preRepackTotal,replicateNumber,startAxialRotation,startAxialRotationPrime,startCrossingAngle,startXShift,startZShift,startZShiftPrime,
LLLAFLLGTLLGVLLGLLILI,133002200210031003212,000110011001100110000,L--AF--GT-LGV-LGL--L-,1.67783e+09,1,341.788,-370.916,-29.1281,-71.4212,-71.1733,-71.2075,-58.9275,-210.4,-212.661,-210.393,-230.142,-337.256,4434.14,3518.71,3498.93,54.4382,0.000101481,-38.3782,-33.4627,25.3101,-89.0942,-91.7998,-89.1182,-48.1856,441,431.524,-92.5815,40.3215,-36.7071,6.38127,5.83063,4.93545,-38.4921,-92.5815,40.5685,-36.2341,-33.4627,6.36501,5.86397,4.9725,-33.6603,3,-92.5815,39.7325,-40.3169,6.7382,5.75111,4.8471,
LLLAFLLGVLLGTLLGLLILI,133002200210031003212,000110011001100110000,L--AF--GV-LGT-LGL--L-,1.67783e+09,1,342.038,-370.257,-28.2196,-71.4099,-71.1554,-71.1964,-58.9223,-210.429,-212.674,-210.421,-233.846,-339.998,4455.01,3468.5,3523.25,54.4382,0.000101481,-35.5018,-30.0617,26.2185,-88.4182,-91.6708,-88.4423,-47.23,435,231.516,-92.5815,40.354,-36.6567,6.38613,5.83501,4.94032,-34.9913,-92.5815,40.3215,-36.7071,-30.0617,6.38127,5.83063,4.93545,-30.259,4,-92.5815,39.7325,-40.3169,6.7382,5.75111,4.8471,
LLLALLLGVLLGTLLGFLILI,133002200210031003212,000110011001100110000,L--AL--GV-LGT-LGF--L-,1.67783e+09,1,340.316,-365.968,-25.6522,-70.1703,-71.2357,-69.9498,-58.9223,-213.623,-213.118,-213.616,-232.849,-341.608,4399.99,3588.77,3568.83,54.4382,0.000101481,-31.9796,-24.1567,28.786,-82.175,-89.2333,-82.1987,-49.836,507,19.1815,-92.5815,40.5685,-36.2341,6.36501,5.86397,4.9725,-30.5588,-92.5815,41.3736,-37.8744,-24.1567,6.4184,5.97266,5.09326,-24.3601,2,-92.5815,39.7325,-40.3169,6.7382,5.75111,4.8471,
LLLAVLLGLLLGTLLGFLILI,133002200210031003212,000110011001100110000,L--AV--GL-LGT-LGF--L-,1.67783e+09,1,340.669,-353.485,-12.8155,-64.408,-68.2546,-64.1947,-58.9223,-211.325,-212.9,-211.318,-233.404,-342.201,4403.57,3688.42,3661.85,54.4382,0.000101481,-24.1072,-11.0881,41.6227,-77.7518,-85.1529,-77.7763,-49.8743,477,177.29,-92.5815,41.4681,-38.9055,6.56059,5.98542,5.10744,-17.5868,-92.5815,39.7325,-40.3169,-11.0881,6.7382,5.75111,4.8471,-11.2842,0,-92.5815,39.7325,-40.3169,6.7382,5.75111,4.8471,
LLLTLLLGVLLGLLLGFLILI,133002200210031003212,000110011001100110000,L--TL--GV-LGL-LGF--L-,1.67783e+09,1,350.169,-374.452,-24.2834,-54.7238,-56.2082,-54.5015,-45.1579,-220.508,-219.7,-220.506,-241.619,-348.049,4479.57,3588.79,3587.83,56.2386,7.48689e-05,-33.2148,-26.1987,31.9552,-99.2209,-105.356,-99.2402,-61.2726,496,51.0312,-92.5815,41.3736,-37.8744,6.4184,5.97266,5.09326,-32.779,-92.5815,41.4681,-38.9055,-26.1987,6.56059,5.98542,5.10744,-26.4029,1,-92.5815,39.7325,-40.3169,6.7382,5.75111,4.8471,
Total Time: 902 minutes
