03_03_2023
Self Consistent Mean Field Start Time: Fri Mar  3 01:44:14 2023
Elapsed time of program: 0.297min

Running Self Consistent Mean Field
Initial Sequence:   LLLGYLLGTLLGTLLGTLILI
Best Sequence:      LLLGYLLGTLLGTLLGTLILI
Interface Sequence: L--GY--GT-LGT-LGT--L-
Total Energy:       -28.9
VDW:                -58.8
HBOND:              -94.6
Self Consistent Mean Field End Time: Fri Mar  3 02:35:29 2023
Elapsed time of program: 51.5min

Monte Carlo Sequence Search Replicate 0 Start Time: Fri Mar  3 02:35:38 2023
Elapsed time of program: 51.7min

  - SelfPairManager energy calculation 0 Start Time: Fri Mar  3 02:35:51 2023
Elapsed time of program: 51.9min

  - SelfPairManager energy calculation 0 End Time: Fri Mar  3 02:36:33 2023
Elapsed time of program: 52.6min

- End monte carlo sequence search #0: 57.1min; Monte Carlo ended at Temp: 0.547

- Best Sequence: LLLTFLLGVLLGLLLGALILI; Energy w/ baseline: -21.2
Monte Carlo Sequence Search Replicate 0 End Time: Fri Mar  3 03:33:40 2023
Elapsed time of program: 110min

Compute Monomer Energy Start Time: Fri Mar  3 03:34:15 2023
Elapsed time of program: 110min

-Dimer - Monomer = -363 - -336 = -27.1
Compute Monomer Energy End Time: Fri Mar  3 03:36:39 2023
Elapsed time of program: 113min

Backbone optimize replicate 0 Start Time: Fri Mar  3 03:36:39 2023
Elapsed time of program: 113min

Backbone optimize replicate 0 End Time: Fri Mar  3 05:08:23 2023
Elapsed time of program: 204min

Monte Carlo Sequence Search Replicate 1 Start Time: Fri Mar  3 05:08:24 2023
Elapsed time of program: 204min

  - SelfPairManager energy calculation 1 Start Time: Fri Mar  3 05:08:38 2023
Elapsed time of program: 205min

  - SelfPairManager energy calculation 1 End Time: Fri Mar  3 05:09:19 2023
Elapsed time of program: 205min

- End monte carlo sequence search #1: 55.4min; Monte Carlo ended at Temp: 0.547

- Best Sequence: LLLAFLLGVLLGLLLGTLILI; Energy w/ baseline: -26.1
Monte Carlo Sequence Search Replicate 1 End Time: Fri Mar  3 06:04:44 2023
Elapsed time of program: 261min

Compute Monomer Energy Start Time: Fri Mar  3 06:05:08 2023
Elapsed time of program: 261min

-Dimer - Monomer = -369 - -340 = -29.6
Compute Monomer Energy End Time: Fri Mar  3 06:07:48 2023
Elapsed time of program: 264min

Backbone optimize replicate 1 Start Time: Fri Mar  3 06:07:48 2023
Elapsed time of program: 264min

Backbone optimize replicate 1 End Time: Fri Mar  3 07:51:27 2023
Elapsed time of program: 368min

Monte Carlo Sequence Search Replicate 2 Start Time: Fri Mar  3 07:51:27 2023
Elapsed time of program: 368min

  - SelfPairManager energy calculation 2 Start Time: Fri Mar  3 07:51:41 2023
Elapsed time of program: 368min

  - SelfPairManager energy calculation 2 End Time: Fri Mar  3 07:52:21 2023
Elapsed time of program: 368min

- End monte carlo sequence search #2: 57.5min; Monte Carlo ended at Temp: 0.547

- Best Sequence: LLLAFLLGVLLGLLLGTLILI; Energy w/ baseline: -28.2
Monte Carlo Sequence Search Replicate 2 End Time: Fri Mar  3 08:49:54 2023
Elapsed time of program: 426min

Sequence,RotamerValues,Interface,InterfaceSequence,Seed,Density,Baseline,Dimer,Dimerw/Baseline,HBONDDimer,HBONDDimerOptimize,HBONDDimerPreOptimize,HBONDMonomer,IMM1Dimer,IMM1DimerOptimize,IMM1DimerPreOptimize,IMM1Monomer,Monomer,MonomerSasa,OptimizeSasa,PreBBOptimizeSasa,SequenceEntropy,SequenceProbability,Total,TotalPreOptimize,Totalw/Entropy,VDWDimer,VDWDimerOptimize,VDWDimerPreOptimize,VDWMonomer,acceptCycleNumber,acceptTemp,endAxialRotation,endAxialRotationPrime,endCrossingAngle,endXShift,endZShift,endZShiftPrime,firstRepackEnergy,preOptimizeAxialRotation,preOptimizeAxialRotationPrime,preOptimizeCrossingAngle,preOptimizeEnergy,preOptimizeXShift,preOptimizeZShift,preOptimizeZShiftPrime,preRepackTotal,replicateNumber,startAxialRotation,startAxialRotationPrime,startCrossingAngle,startXShift,startZShift,startZShiftPrime,
LLLAFLLGVLLGLLLGTLILI,133002200310031003212,000110011001100110000,L--AF--GV-LGL-LGT--L-,1.67783e+09,1,342.971,-369.117,-26.1463,-70.5986,-70.9733,-70.3849,-58.948,-210.739,-210.531,-210.73,-233.863,-339.548,4481.51,3478.43,3446.77,54.4382,0.000101481,-37.8101,-29.3706,28.2919,-87.78,-95.8546,-87.8041,-46.7369,468,177.29,-87.213,38.2046,-35.534,6.38123,4.73957,3.81264,-28.687,-87.213,37.8663,-37.9706,-29.3706,6.36902,4.6939,3.76189,-29.5689,1,-87.213,39.461,-38.899,6.5512,4.90918,4.0011,
LLLTFLLGVLLGLLLGALILI,133002200310031003212,000110011001100110000,L--TF--GV-LGL-LGA--L-,1.67783e+09,1,341.732,-362.947,-21.2146,-53.2567,-56.6009,-52.9887,-45.1579,-215.573,-213.979,-215.57,-237.729,-335.799,4530.54,3469.15,3443.18,54.4382,0.000101481,-37.6168,-26.9011,33.2236,-94.117,-102.836,-94.1407,-52.9116,491,135.765,-87.213,37.8663,-37.9706,6.36902,4.6939,3.76189,-33.1494,-87.213,39.461,-38.899,-26.9011,6.5512,4.90918,4.0011,-27.1479,0,-87.213,39.461,-38.899,6.5512,4.90918,4.0011,
Total Time: 426 minutes
