***STARTING GEOMETRY***
xShift;        Before: 7.17867; After: 7.17867
crossingAngle; Before: -44.6175; After: -44.6175
axialRotation; Before: -73.2508; After: -73.2508
zShift;        Before: 4.60615; After: 4.60615

axialRotationPrime; Before: 52.7299; After: 52.7299
zShiftPrime;        Before: 3.8971; After: 3.8971

Starting Repack Cycles
MCAccept 0 xShift: 7.17867 crossingAngle: -44.6175 axialRotation: -73.2508 zShift: 4.63208 energy: -17.2194
MCAccept 1 xShift: 7.17867 crossingAngle: -44.6175 axialRotation: -73.2508 zShift: 4.57649 energy: -16.8962
MCAccept 2 xShift: 7.19263 crossingAngle: -44.6175 axialRotation: -73.2508 zShift: 4.57649 energy: -16.909
MCAccept 3 xShift: 7.19263 crossingAngle: -44.6763 axialRotation: -73.2508 zShift: 4.57649 energy: -17.64
MCAccept 4 xShift: 7.19263 crossingAngle: -44.6763 axialRotation: -73.2508 zShift: 4.52849 energy: -16.8799
MCReject   xShift: 7.19263 crossingAngle: -44.6787 axialRotation: -73.2508 zShift: 4.52849 energy: -16.3752
MCAccept 5 xShift: 7.19263 crossingAngle: -44.5994 axialRotation: -73.2508 zShift: 4.52849 energy: -16.9606
MCAccept 6 xShift: 7.17372 crossingAngle: -44.5994 axialRotation: -73.2508 zShift: 4.52849 energy: -17.1198
MCAccept 7 xShift: 7.17372 crossingAngle: -44.4239 axialRotation: -73.2508 zShift: 4.52849 energy: -16.8962
MCAccept 8 xShift: 7.17372 crossingAngle: -44.4239 axialRotation: -73.2508 zShift: 4.58309 energy: -16.9384
MCAccept 9 xShift: 7.17541 crossingAngle: -44.4239 axialRotation: -73.2508 zShift: 4.58309 energy: -17.2031
MCAccept 10 xShift: 7.17541 crossingAngle: -44.4239 axialRotation: -73.2508 zShift: 4.65241 energy: -17.331
MCAccept 11 xShift: 7.16261 crossingAngle: -44.4239 axialRotation: -73.2508 zShift: 4.65241 energy: -18.0962
MCAccept 12 xShift: 7.16261 crossingAngle: -44.4239 axialRotation: -73.2508 zShift: 4.60716 energy: -17.6622
MCAccept 13 xShift: 7.17741 crossingAngle: -44.4239 axialRotation: -73.2508 zShift: 4.60716 energy: -17.5775
MCAccept 14 xShift: 7.19883 crossingAngle: -44.4239 axialRotation: -73.2508 zShift: 4.60716 energy: -17.2022
MCAccept 15 xShift: 7.19883 crossingAngle: -44.5526 axialRotation: -73.2508 zShift: 4.60716 energy: -17.6047
MCAccept 16 xShift: 7.19883 crossingAngle: -44.5526 axialRotation: -73.2508 zShift: 4.71447 energy: -17.9615
MCAccept 17 xShift: 7.19883 crossingAngle: -44.5526 axialRotation: -73.2508 zShift: 4.75362 energy: -18.3557
MCAccept 18 xShift: 7.19883 crossingAngle: -44.5526 axialRotation: -73.2508 zShift: 4.78737 energy: -18.5437
MCAccept 19 xShift: 7.19883 crossingAngle: -44.4248 axialRotation: -73.2508 zShift: 4.78737 energy: -18.0616
MCAccept 20 xShift: 7.19883 crossingAngle: -44.4248 axialRotation: -73.2508 zShift: 4.87313 energy: -19.0138
MCAccept 21 xShift: 7.19883 crossingAngle: -44.3937 axialRotation: -73.2508 zShift: 4.87313 energy: -18.8201
MCAccept 22 xShift: 7.19883 crossingAngle: -44.3937 axialRotation: -73.2508 zShift: 4.82379 energy: -18.7791
MCAccept 23 xShift: 7.19883 crossingAngle: -44.4295 axialRotation: -73.2508 zShift: 4.82379 energy: -18.775
MCAccept 24 xShift: 7.19883 crossingAngle: -44.4295 axialRotation: -73.2508 zShift: 4.83642 energy: -18.6503
MCReject   xShift: 7.19883 crossingAngle: -44.4295 axialRotation: -73.5653 zShift: 4.83642 energy: -18.5375
MCAccept 25 xShift: 7.19883 crossingAngle: -44.6418 axialRotation: -73.2508 zShift: 4.83642 energy: -18.7637
MCAccept 26 xShift: 7.19883 crossingAngle: -44.6418 axialRotation: -73.2508 zShift: 4.80978 energy: -18.4403
MCAccept 27 xShift: 7.19883 crossingAngle: -44.6071 axialRotation: -73.2508 zShift: 4.80978 energy: -18.6381
MCAccept 28 xShift: 7.19883 crossingAngle: -44.6071 axialRotation: -73.2508 zShift: 4.86686 energy: -18.7551
MCAccept 29 xShift: 7.19883 crossingAngle: -44.6071 axialRotation: -73.2508 zShift: 4.8573 energy: -18.8917
MCAccept 30 xShift: 7.19883 crossingAngle: -44.6071 axialRotation: -73.2508 zShift: 4.83847 energy: -18.7927
MCAccept 31 xShift: 7.19883 crossingAngle: -44.6071 axialRotation: -73.2508 zShift: 4.82367 energy: -18.3679
MCAccept 32 xShift: 7.19883 crossingAngle: -44.6071 axialRotation: -73.2508 zShift: 4.75134 energy: -18.3095
MCAccept 33 xShift: 7.19883 crossingAngle: -44.6071 axialRotation: -73.2508 zShift: 4.76755 energy: -18.4024
MCAccept 34 xShift: 7.19883 crossingAngle: -44.5533 axialRotation: -73.2508 zShift: 4.76755 energy: -18.2588
MCAccept 35 xShift: 7.19883 crossingAngle: -44.5533 axialRotation: -73.2508 zShift: 4.70986 energy: -18.1022
MCAccept 36 xShift: 7.19883 crossingAngle: -44.5533 axialRotation: -73.2508 zShift: 4.7242 energy: -18.0167
MCAccept 37 xShift: 7.19883 crossingAngle: -44.2488 axialRotation: -73.2508 zShift: 4.7242 energy: -17.6061
MCAccept 38 xShift: 7.19883 crossingAngle: -44.2488 axialRotation: -73.2508 zShift: 4.78002 energy: -18.0259
MCReject   xShift: 7.27318 crossingAngle: -44.2488 axialRotation: -73.2508 zShift: 4.78002 energy: -16.8756
MCAccept 39 xShift: 7.18608 crossingAngle: -44.2488 axialRotation: -73.2508 zShift: 4.78002 energy: -18.668
MCAccept 40 xShift: 7.18608 crossingAngle: -44.2488 axialRotation: -73.2508 zShift: 4.79804 energy: -17.9963
MCAccept 41 xShift: 7.18608 crossingAngle: -44.2488 axialRotation: -73.2508 zShift: 4.82836 energy: -18.2212
MCAccept 42 xShift: 7.18608 crossingAngle: -44.2488 axialRotation: -73.2508 zShift: 4.85778 energy: -18.8195
MCAccept 43 xShift: 7.18608 crossingAngle: -44.4249 axialRotation: -73.2508 zShift: 4.85778 energy: -18.8541
MCReject   xShift: 7.30491 crossingAngle: -44.4249 axialRotation: -73.2508 zShift: 4.85778 energy: -16.749
MCAccept 44 xShift: 7.18729 crossingAngle: -44.4249 axialRotation: -73.2508 zShift: 4.85778 energy: -19.0365
MCAccept 45 xShift: 7.18729 crossingAngle: -44.589 axialRotation: -73.2508 zShift: 4.85778 energy: -18.9974
MCAccept 46 xShift: 7.18729 crossingAngle: -44.589 axialRotation: -73.2508 zShift: 4.83838 energy: -18.7129
MCAccept 47 xShift: 7.18729 crossingAngle: -44.7367 axialRotation: -73.2508 zShift: 4.83838 energy: -18.809
MCReject   xShift: 7.18729 crossingAngle: -44.7367 axialRotation: -73.2508 zShift: 4.79653 energy: -18.5725
MCAccept 48 xShift: 7.11189 crossingAngle: -44.7367 axialRotation: -73.2508 zShift: 4.83838 energy: -18.943
MCAccept 49 xShift: 7.15405 crossingAngle: -44.7367 axialRotation: -73.2508 zShift: 4.83838 energy: -18.9781
MCAccept 50 xShift: 7.15405 crossingAngle: -44.7942 axialRotation: -73.2508 zShift: 4.83838 energy: -18.9317
MCAccept 51 xShift: 7.15405 crossingAngle: -44.7942 axialRotation: -73.2508 zShift: 4.81063 energy: -18.7748
MCAccept 52 xShift: 7.15405 crossingAngle: -44.7942 axialRotation: -73.2508 zShift: 4.82111 energy: -18.8345
MCAccept 53 xShift: 7.15405 crossingAngle: -44.9057 axialRotation: -73.2508 zShift: 4.82111 energy: -18.7249
MCAccept 54 xShift: 7.15405 crossingAngle: -44.9397 axialRotation: -73.2508 zShift: 4.82111 energy: -18.5128
MCAccept 55 xShift: 7.1589 crossingAngle: -44.9397 axialRotation: -73.2508 zShift: 4.82111 energy: -18.6741
MCAccept 56 xShift: 7.1589 crossingAngle: -45.0436 axialRotation: -73.2508 zShift: 4.82111 energy: -18.5504
MCAccept 57 xShift: 7.1589 crossingAngle: -45.4886 axialRotation: -73.2508 zShift: 4.82111 energy: -18.53
MCReject   xShift: 7.1589 crossingAngle: -45.4886 axialRotation: -73.2508 zShift: 4.78811 energy: -18.0725
MCReject   xShift: 7.1589 crossingAngle: -45.4886 axialRotation: -73.2508 zShift: 4.85006 energy: -19.0869
MCReject   xShift: 7.1589 crossingAngle: -45.4886 axialRotation: -73.2508 zShift: 4.77666 energy: -19.0037
MCReject   xShift: 7.1589 crossingAngle: -45.4886 axialRotation: -73.2508 zShift: 4.81164 energy: -18.1706
MCReject   xShift: 7.19805 crossingAngle: -45.4886 axialRotation: -73.2508 zShift: 4.82111 energy: -18.4736
MCReject   xShift: 7.1589 crossingAngle: -45.4886 axialRotation: -73.2508 zShift: 4.91635 energy: -18.2713
MCReject   xShift: 7.1589 crossingAngle: -45.4527 axialRotation: -73.2508 zShift: 4.82111 energy: -18.1333
MCAccept 58 xShift: 7.1589 crossingAngle: -45.4398 axialRotation: -73.2508 zShift: 4.82111 energy: -17.9433
MCAccept 59 xShift: 7.1589 crossingAngle: -45.0858 axialRotation: -73.2508 zShift: 4.82111 energy: -18.4958
MCAccept 60 xShift: 7.1589 crossingAngle: -44.9283 axialRotation: -73.2508 zShift: 4.82111 energy: -18.6867
MCAccept 61 xShift: 7.1589 crossingAngle: -44.9283 axialRotation: -73.2508 zShift: 4.91462 energy: -19.2192
MCReject   xShift: 7.1589 crossingAngle: -44.9283 axialRotation: -73.0755 zShift: 4.91462 energy: -18.4519
MCAccept 62 xShift: 7.09201 crossingAngle: -44.9283 axialRotation: -73.2508 zShift: 4.91462 energy: -18.8492
MCAccept 63 xShift: 7.04691 crossingAngle: -44.9283 axialRotation: -73.2508 zShift: 4.91462 energy: -18.2171
MCAccept 64 xShift: 7.04691 crossingAngle: -44.964 axialRotation: -73.2508 zShift: 4.91462 energy: -18.3725
MCReject   xShift: 6.95534 crossingAngle: -44.964 axialRotation: -73.2508 zShift: 4.91462 energy: -15.3102
MCAccept 65 xShift: 7.04691 crossingAngle: -44.964 axialRotation: -73.2508 zShift: 4.92563 energy: -18.2329
MCAccept 66 xShift: 7.04691 crossingAngle: -44.964 axialRotation: -73.2508 zShift: 4.93838 energy: -18.4944
MCReject   xShift: 7.04691 crossingAngle: -44.964 axialRotation: -73.4103 zShift: 4.93838 energy: -18.3178
MCReject   xShift: 7.0027 crossingAngle: -44.964 axialRotation: -73.2508 zShift: 4.93838 energy: -17.3601
MCAccept 67 xShift: 7.01945 crossingAngle: -44.964 axialRotation: -73.2508 zShift: 4.93838 energy: -17.8536
MCAccept 68 xShift: 7.01945 crossingAngle: -44.7814 axialRotation: -73.2508 zShift: 4.93838 energy: -17.8219
MCAccept 69 xShift: 7.01945 crossingAngle: -44.7814 axialRotation: -73.2508 zShift: 4.91642 energy: -17.9309
MCAccept 70 xShift: 7.01945 crossingAngle: -44.7814 axialRotation: -73.2508 zShift: 4.9771 energy: -18.1918
MCAccept 71 xShift: 7.01945 crossingAngle: -44.5658 axialRotation: -73.2508 zShift: 4.9771 energy: -18.2528
MCAccept 72 xShift: 7.01945 crossingAngle: -44.5924 axialRotation: -73.2508 zShift: 4.9771 energy: -18.2531
MCAccept 73 xShift: 7.08637 crossingAngle: -44.5924 axialRotation: -73.2508 zShift: 4.9771 energy: -19.2604
MCAccept 74 xShift: 7.08637 crossingAngle: -44.5924 axialRotation: -73.2508 zShift: 4.90961 energy: -19.1923
MCAccept 75 xShift: 7.08637 crossingAngle: -44.6357 axialRotation: -73.2508 zShift: 4.90961 energy: -19.1772
MCAccept 76 xShift: 7.08637 crossingAngle: -45.1292 axialRotation: -73.2508 zShift: 4.90961 energy: -18.529
MCReject   xShift: 7.08637 crossingAngle: -45.1292 axialRotation: -73.2508 zShift: 4.82035 energy: -18.1834
MCAccept 77 xShift: 7.11934 crossingAngle: -45.1292 axialRotation: -73.2508 zShift: 4.90961 energy: -18.4315
MCAccept 78 xShift: 7.11934 crossingAngle: -45.3218 axialRotation: -73.2508 zShift: 4.90961 energy: -18.6808
MCAccept 79 xShift: 7.11934 crossingAngle: -45.3218 axialRotation: -73.2508 zShift: 4.98623 energy: -19.3408
MCReject   xShift: 7.11934 crossingAngle: -45.4955 axialRotation: -73.2508 zShift: 4.98623 energy: -19.0409
MCAccept 80 xShift: 7.11934 crossingAngle: -45.0792 axialRotation: -73.2508 zShift: 4.98623 energy: -19.4358
MCAccept 81 xShift: 7.16378 crossingAngle: -45.0792 axialRotation: -73.2508 zShift: 4.98623 energy: -19.401
MCAccept 82 xShift: 7.1564 crossingAngle: -45.0792 axialRotation: -73.2508 zShift: 4.98623 energy: -18.8222
MCAccept 83 xShift: 7.22919 crossingAngle: -45.0792 axialRotation: -73.2508 zShift: 4.98623 energy: -19.1071
MCAccept 84 xShift: 7.25389 crossingAngle: -45.0792 axialRotation: -73.2508 zShift: 4.98623 energy: -19.0224
MCAccept 85 xShift: 7.25389 crossingAngle: -44.873 axialRotation: -73.2508 zShift: 4.98623 energy: -18.8692
MCAccept 86 xShift: 7.25136 crossingAngle: -44.873 axialRotation: -73.2508 zShift: 4.98623 energy: -18.8997
MCAccept 87 xShift: 7.23897 crossingAngle: -44.873 axialRotation: -73.2508 zShift: 4.98623 energy: -19.2267
MCReject   xShift: 7.23897 crossingAngle: -44.1623 axialRotation: -73.2508 zShift: 4.98623 energy: -18.5522
MCAccept 88 xShift: 7.23897 crossingAngle: -44.7518 axialRotation: -73.2508 zShift: 4.98623 energy: -19.2143
MCAccept 89 xShift: 7.23897 crossingAngle: -44.6207 axialRotation: -73.2508 zShift: 4.98623 energy: -18.973
MCAccept 90 xShift: 7.23897 crossingAngle: -44.6207 axialRotation: -73.2508 zShift: 4.95953 energy: -18.9894
MCReject   xShift: 7.30456 crossingAngle: -44.6207 axialRotation: -73.2508 zShift: 4.95953 energy: -17.871
MCReject   xShift: 7.23897 crossingAngle: -44.6207 axialRotation: -73.225 zShift: 4.95953 energy: -18.7737
MCAccept 91 xShift: 7.24894 crossingAngle: -44.6207 axialRotation: -73.2508 zShift: 4.95953 energy: -18.8863
MCAccept 92 xShift: 7.24894 crossingAngle: -44.3681 axialRotation: -73.2508 zShift: 4.95953 energy: -18.5872
MCReject   xShift: 7.24894 crossingAngle: -44.3681 axialRotation: -73.2508 zShift: 4.90343 energy: -17.8226
MCAccept 93 xShift: 7.24894 crossingAngle: -44.0153 axialRotation: -73.2508 zShift: 4.95953 energy: -18.4972
MCAccept 94 xShift: 7.24894 crossingAngle: -44.1401 axialRotation: -73.2508 zShift: 4.95953 energy: -18.2116
MCReject   xShift: 7.2346 crossingAngle: -44.1401 axialRotation: -73.2508 zShift: 4.95953 energy: -18.1772
MCReject   xShift: 7.24894 crossingAngle: -44.1401 axialRotation: -73.2508 zShift: 4.87388 energy: -17.9775
MCReject   xShift: 7.24894 crossingAngle: -44.1401 axialRotation: -73.2508 zShift: 4.97857 energy: -18.064
MCAccept 95 xShift: 7.22691 crossingAngle: -44.1401 axialRotation: -73.2508 zShift: 4.95953 energy: -18.2174
MCAccept 96 xShift: 7.22489 crossingAngle: -44.1401 axialRotation: -73.2508 zShift: 4.95953 energy: -18.2892
MCReject   xShift: 7.22489 crossingAngle: -44.1401 axialRotation: -73.2508 zShift: 4.8918 energy: -18.2212
MCAccept 97 xShift: 7.19572 crossingAngle: -44.1401 axialRotation: -73.2508 zShift: 4.95953 energy: -19.0222
MCReject   xShift: 7.23157 crossingAngle: -44.1401 axialRotation: -73.2508 zShift: 4.95953 energy: -18.4232
MCAccept 98 xShift: 7.19572 crossingAngle: -44.1401 axialRotation: -73.2508 zShift: 4.91524 energy: -18.3692
MCAccept 99 xShift: 7.21926 crossingAngle: -44.1401 axialRotation: -73.2508 zShift: 4.91524 energy: -18.6634
MCReject   xShift: 7.23355 crossingAngle: -44.1401 axialRotation: -73.2508 zShift: 4.91524 energy: -17.8052
MCReject   xShift: 7.23838 crossingAngle: -44.1401 axialRotation: -73.2508 zShift: 4.91524 energy: -17.9855
MCAccept 100 xShift: 7.21926 crossingAngle: -44.1401 axialRotation: -73.2508 zShift: 4.91609 energy: -18.4154
MCAccept 101 xShift: 7.21926 crossingAngle: -44.138 axialRotation: -73.2508 zShift: 4.91609 energy: -18.1618
MCAccept 102 xShift: 7.21926 crossingAngle: -44.138 axialRotation: -73.2508 zShift: 4.8822 energy: -18.7438
MCReject   xShift: 7.21926 crossingAngle: -44.138 axialRotation: -73.2508 zShift: 4.81781 energy: -17.8447
MCReject   xShift: 7.21926 crossingAngle: -44.138 axialRotation: -73.2508 zShift: 4.86071 energy: -18.0124
MCReject   xShift: 7.20698 crossingAngle: -44.138 axialRotation: -73.2508 zShift: 4.8822 energy: -18.0691
MCReject   xShift: 7.21926 crossingAngle: -44.138 axialRotation: -73.3023 zShift: 4.8822 energy: -18.1604
MCAccept 103 xShift: 7.21926 crossingAngle: -44.138 axialRotation: -73.2508 zShift: 4.89709 energy: -18.5978
MCAccept 104 xShift: 7.21926 crossingAngle: -44.138 axialRotation: -73.2508 zShift: 4.83982 energy: -18.5745
MCReject   xShift: 7.21926 crossingAngle: -44.138 axialRotation: -73.2508 zShift: 4.80337 energy: -17.9746
MCAccept 105 xShift: 7.21926 crossingAngle: -44.2693 axialRotation: -73.2508 zShift: 4.83982 energy: -18.4408
MCAccept 106 xShift: 7.21926 crossingAngle: -44.3775 axialRotation: -73.2508 zShift: 4.83982 energy: -18.6444
MCReject   xShift: 7.23079 crossingAngle: -44.3775 axialRotation: -73.2508 zShift: 4.83982 energy: -17.3052
MCAccept 107 xShift: 7.21926 crossingAngle: -44.3775 axialRotation: -73.2508 zShift: 4.86835 energy: -18.5889
MCAccept 108 xShift: 7.21926 crossingAngle: -44.534 axialRotation: -73.2508 zShift: 4.86835 energy: -18.5763
MCReject   xShift: 7.27114 crossingAngle: -44.534 axialRotation: -73.2508 zShift: 4.86835 energy: -17.9898
MCReject   xShift: 7.21926 crossingAngle: -44.676 axialRotation: -73.2508 zShift: 4.86835 energy: -18.5217
MCAccept 109 xShift: 7.21926 crossingAngle: -44.2276 axialRotation: -73.2508 zShift: 4.86835 energy: -18.7419
MCReject   xShift: 7.21926 crossingAngle: -44.2276 axialRotation: -73.385 zShift: 4.86835 energy: -18.0159
MCReject   xShift: 7.22079 crossingAngle: -44.2276 axialRotation: -73.2508 zShift: 4.86835 energy: -18.2179
MCReject   xShift: 7.25943 crossingAngle: -44.2276 axialRotation: -73.2508 zShift: 4.86835 energy: -18.1809
MCReject   xShift: 7.21926 crossingAngle: -44.2276 axialRotation: -73.6091 zShift: 4.86835 energy: -17.9509
MCReject   xShift: 7.21926 crossingAngle: -44.2276 axialRotation: -73.2508 zShift: 4.91174 energy: -18.2527
MCReject   xShift: 7.21926 crossingAngle: -44.2276 axialRotation: -73.2508 zShift: 4.87656 energy: -18.2348
MCReject   xShift: 7.21926 crossingAngle: -43.8661 axialRotation: -73.2508 zShift: 4.86835 energy: -17.9674
MCReject   xShift: 7.21926 crossingAngle: -44.2145 axialRotation: -73.2508 zShift: 4.86835 energy: -18.0798
MCReject   xShift: 7.21926 crossingAngle: -44.2091 axialRotation: -73.2508 zShift: 4.86835 energy: -18.537
MCReject   xShift: 7.17436 crossingAngle: -44.2276 axialRotation: -73.2508 zShift: 4.86835 energy: -18.6419
MCReject   xShift: 7.21926 crossingAngle: -44.2552 axialRotation: -73.2508 zShift: 4.86835 energy: -18.2427
MCReject   xShift: 7.21926 crossingAngle: -44.2276 axialRotation: -73.2508 zShift: 4.91462 energy: -18.3851
MCReject   xShift: 7.18912 crossingAngle: -44.2276 axialRotation: -73.2508 zShift: 4.86835 energy: -18.505
MCAccept 110 xShift: 7.19584 crossingAngle: -44.2276 axialRotation: -73.2508 zShift: 4.86835 energy: -18.9746
MCReject   xShift: 7.21738 crossingAngle: -44.2276 axialRotation: -73.2508 zShift: 4.86835 energy: -18.0594
MCReject   xShift: 7.19584 crossingAngle: -44.2276 axialRotation: -73.1831 zShift: 4.86835 energy: -18.5301
MCReject   xShift: 7.19584 crossingAngle: -44.2276 axialRotation: -73.3928 zShift: 4.86835 energy: -18.2237
MCReject   xShift: 7.19584 crossingAngle: -44.2753 axialRotation: -73.2508 zShift: 4.86835 energy: -18.9945
MCReject   xShift: 7.2338 crossingAngle: -44.2276 axialRotation: -73.2508 zShift: 4.86835 energy: -18.0626
MCReject   xShift: 7.19584 crossingAngle: -44.2276 axialRotation: -73.6203 zShift: 4.86835 energy: -18.2328
MCAccept 111 xShift: 7.20312 crossingAngle: -44.2276 axialRotation: -73.2508 zShift: 4.86835 energy: -18.713
MCReject   xShift: 7.20312 crossingAngle: -44.2276 axialRotation: -73.1991 zShift: 4.86835 energy: -17.9187
MCAccept 112 xShift: 7.18679 crossingAngle: -44.2276 axialRotation: -73.2508 zShift: 4.86835 energy: -18.8465
MCAccept 113 xShift: 7.18679 crossingAngle: -44.1686 axialRotation: -73.2508 zShift: 4.86835 energy: -18.8101
MCAccept 114 xShift: 7.15406 crossingAngle: -44.1686 axialRotation: -73.2508 zShift: 4.86835 energy: -18.68
MCReject   xShift: 7.15406 crossingAngle: -43.9972 axialRotation: -73.2508 zShift: 4.86835 energy: -18.3138
MCReject   xShift: 7.15406 crossingAngle: -44.1686 axialRotation: -73.3513 zShift: 4.86835 energy: -18.4005
MCReject   xShift: 7.15406 crossingAngle: -44.1686 axialRotation: -73.2769 zShift: 4.86835 energy: -19.1449
MCReject   xShift: 7.15406 crossingAngle: -44.2165 axialRotation: -73.2508 zShift: 4.86835 energy: -18.663
MCReject   xShift: 7.15406 crossingAngle: -44.2154 axialRotation: -73.2508 zShift: 4.86835 energy: -18.9937
MCReject   xShift: 7.15406 crossingAngle: -44.1686 axialRotation: -73.2508 zShift: 4.82973 energy: -18.2903
MCReject   xShift: 7.15406 crossingAngle: -44.1686 axialRotation: -73.2508 zShift: 4.85489 energy: -18.0359
MCReject   xShift: 7.17726 crossingAngle: -44.1686 axialRotation: -73.2508 zShift: 4.86835 energy: -19.0714
MCAccept 115 xShift: 7.14907 crossingAngle: -44.1686 axialRotation: -73.2508 zShift: 4.86835 energy: -19.174
MCReject   xShift: 7.10232 crossingAngle: -44.1686 axialRotation: -73.2508 zShift: 4.86835 energy: -18.8503
MCReject   xShift: 7.14907 crossingAngle: -44.1686 axialRotation: -73.4024 zShift: 4.86835 energy: -18.4854
MCReject   xShift: 7.14907 crossingAngle: -44.1686 axialRotation: -73.5277 zShift: 4.86835 energy: -18.9002
MCReject   xShift: 7.14907 crossingAngle: -44.0697 axialRotation: -73.2508 zShift: 4.86835 energy: -18.3519
MCReject   xShift: 7.14907 crossingAngle: -44.1686 axialRotation: -73.2508 zShift: 4.88805 energy: -19.0369
MCReject   xShift: 7.14907 crossingAngle: -44.1686 axialRotation: -73.2508 zShift: 4.90547 energy: -19.0932
MCReject   xShift: 7.14907 crossingAngle: -44.1686 axialRotation: -73.2508 zShift: 4.81793 energy: -18.4986
MCReject   xShift: 7.14907 crossingAngle: -44.027 axialRotation: -73.2508 zShift: 4.86835 energy: -19.0328
MCReject   xShift: 7.14907 crossingAngle: -44.4946 axialRotation: -73.2508 zShift: 4.86835 energy: -19.0645
MCReject   xShift: 7.14907 crossingAngle: -44.1686 axialRotation: -73.3001 zShift: 4.86835 energy: -19.1351
MCReject   xShift: 7.14907 crossingAngle: -44.1686 axialRotation: -73.2808 zShift: 4.86835 energy: -18.4111
MCReject   xShift: 7.14907 crossingAngle: -44.1656 axialRotation: -73.2508 zShift: 4.86835 energy: -18.6346
MCReject   xShift: 7.15517 crossingAngle: -44.1686 axialRotation: -73.2508 zShift: 4.86835 energy: -17.8768
MCReject   xShift: 7.14907 crossingAngle: -44.0392 axialRotation: -73.2508 zShift: 4.86835 energy: -18.8399
MCReject   xShift: 7.14907 crossingAngle: -44.1686 axialRotation: -73.5433 zShift: 4.86835 energy: -18.8806
MCReject   xShift: 7.14471 crossingAngle: -44.1686 axialRotation: -73.2508 zShift: 4.86835 energy: -18.6476
MCReject   xShift: 7.14907 crossingAngle: -44.1686 axialRotation: -73.7428 zShift: 4.86835 energy: -18.5862
MCReject   xShift: 7.14907 crossingAngle: -44.1686 axialRotation: -73.2508 zShift: 4.82839 energy: -18.825
MCReject   xShift: 7.1347 crossingAngle: -44.1686 axialRotation: -73.2508 zShift: 4.86835 energy: -18.6332
MCReject   xShift: 7.14907 crossingAngle: -44.1432 axialRotation: -73.2508 zShift: 4.86835 energy: -18.4559
MCAccept 116 xShift: 7.13373 crossingAngle: -44.1686 axialRotation: -73.2508 zShift: 4.86835 energy: -19.1779
MCReject   xShift: 7.13373 crossingAngle: -44.1686 axialRotation: -73.2508 zShift: 4.83232 energy: -18.5053
MCReject   xShift: 7.13373 crossingAngle: -44.1686 axialRotation: -73.1889 zShift: 4.86835 energy: -18.7237
MCReject   xShift: 7.13373 crossingAngle: -44.1686 axialRotation: -73.2508 zShift: 4.84855 energy: -18.4116
MCReject   xShift: 7.13373 crossingAngle: -44.0433 axialRotation: -73.2508 zShift: 4.86835 energy: -19.052
MCReject   xShift: 7.13373 crossingAngle: -43.9202 axialRotation: -73.2508 zShift: 4.86835 energy: -18.8678
MCReject   xShift: 7.13373 crossingAngle: -44.1686 axialRotation: -73.2508 zShift: 4.83959 energy: -18.3305
MCReject   xShift: 7.13373 crossingAngle: -44.1686 axialRotation: -73.1396 zShift: 4.86835 energy: -18.705
MCReject   xShift: 7.13373 crossingAngle: -44.1686 axialRotation: -73.2508 zShift: 4.8813 energy: -19.0154
MCReject   xShift: 7.18837 crossingAngle: -44.1686 axialRotation: -73.2508 zShift: 4.86835 energy: -18.5304
MCReject   xShift: 7.13373 crossingAngle: -43.9026 axialRotation: -73.2508 zShift: 4.86835 energy: -18.0858
MCReject   xShift: 7.13373 crossingAngle: -44.4029 axialRotation: -73.2508 zShift: 4.86835 energy: -18.7429
MCReject   xShift: 7.13373 crossingAngle: -44.1686 axialRotation: -73.351 zShift: 4.86835 energy: -18.8831
MCReject   xShift: 7.10147 crossingAngle: -44.1686 axialRotation: -73.2508 zShift: 4.86835 energy: -18.2799
MCReject   xShift: 7.13373 crossingAngle: -44.1686 axialRotation: -73.2402 zShift: 4.86835 energy: -18.434
MCReject   xShift: 7.10107 crossingAngle: -44.1686 axialRotation: -73.2508 zShift: 4.86835 energy: -18.5401
MCAccept 117 xShift: 7.16202 crossingAngle: -44.1686 axialRotation: -73.2508 zShift: 4.86835 energy: -19.1417
MCReject   xShift: 7.16202 crossingAngle: -44.1686 axialRotation: -73.11 zShift: 4.86835 energy: -19.0271
MCReject   xShift: 7.15159 crossingAngle: -44.1686 axialRotation: -73.2508 zShift: 4.86835 energy: -18.9662
MCReject   xShift: 7.19744 crossingAngle: -44.1686 axialRotation: -73.2508 zShift: 4.86835 energy: -18.3957
MCReject   xShift: 7.16202 crossingAngle: -44.2024 axialRotation: -73.2508 zShift: 4.86835 energy: -18.4783
MCReject   xShift: 7.16202 crossingAngle: -44.1686 axialRotation: -72.9689 zShift: 4.86835 energy: -18.7313
MCReject   xShift: 7.16202 crossingAngle: -44.1686 axialRotation: -73.1969 zShift: 4.86835 energy: -18.4911
MCReject   xShift: 7.16202 crossingAngle: -44.1686 axialRotation: -73.2508 zShift: 4.84726 energy: -18.5348
MCReject   xShift: 7.16202 crossingAngle: -44.1686 axialRotation: -73.2508 zShift: 4.92118 energy: -18.5776
MCReject   xShift: 7.16202 crossingAngle: -44.0454 axialRotation: -73.2508 zShift: 4.86835 energy: -18.8203
MCReject   xShift: 7.16202 crossingAngle: -44.1686 axialRotation: -73.2508 zShift: 4.93357 energy: -18.88
MCReject   xShift: 7.19705 crossingAngle: -44.1686 axialRotation: -73.2508 zShift: 4.86835 energy: -18.2666
MCReject   xShift: 7.15845 crossingAngle: -44.1686 axialRotation: -73.2508 zShift: 4.86835 energy: -18.4676
MCAccept 118 xShift: 7.14312 crossingAngle: -44.1686 axialRotation: -73.2508 zShift: 4.86835 energy: -19.1801
MCReject   xShift: 7.14312 crossingAngle: -43.7779 axialRotation: -73.2508 zShift: 4.86835 energy: -18.5839
MCReject   xShift: 7.07107 crossingAngle: -44.1686 axialRotation: -73.2508 zShift: 4.86835 energy: -18.5376
MCReject   xShift: 7.14312 crossingAngle: -44.1686 axialRotation: -73.6705 zShift: 4.86835 energy: -18.1921
MCAccept 119 xShift: 7.14312 crossingAngle: -44.3653 axialRotation: -73.2508 zShift: 4.86835 energy: -19.2683
MCReject   xShift: 7.15809 crossingAngle: -44.3653 axialRotation: -73.2508 zShift: 4.86835 energy: -19.2383
MCAccept 120 xShift: 7.10767 crossingAngle: -44.3653 axialRotation: -73.2508 zShift: 4.86835 energy: -18.9888
MCReject   xShift: 7.10767 crossingAngle: -44.3653 axialRotation: -73.2508 zShift: 4.7901 energy: -18.8494
MCAccept 121 xShift: 7.10767 crossingAngle: -44.3653 axialRotation: -73.2508 zShift: 4.89927 energy: -19.1064
MCReject   xShift: 7.10767 crossingAngle: -44.3653 axialRotation: -73.5377 zShift: 4.89927 energy: -18.8718
MCAccept 122 xShift: 7.10767 crossingAngle: -44.6984 axialRotation: -73.2508 zShift: 4.89927 energy: -19.2595
MCReject   xShift: 7.10767 crossingAngle: -44.6984 axialRotation: -73.1635 zShift: 4.89927 energy: -19.0622
MCReject   xShift: 7.12101 crossingAngle: -44.6984 axialRotation: -73.2508 zShift: 4.89927 energy: -19.1216
MCReject   xShift: 7.10767 crossingAngle: -44.6984 axialRotation: -73.2508 zShift: 4.86771 energy: -18.5737
MCReject   xShift: 7.10767 crossingAngle: -44.5151 axialRotation: -73.2508 zShift: 4.89927 energy: -18.7931
MCReject   xShift: 7.10767 crossingAngle: -44.6984 axialRotation: -73.2508 zShift: 4.88437 energy: -19.1863
MCReject   xShift: 7.10767 crossingAngle: -44.6984 axialRotation: -73.5293 zShift: 4.89927 energy: -19.0029
MCReject   xShift: 7.10767 crossingAngle: -44.6984 axialRotation: -73.2508 zShift: 4.87569 energy: -19.143
MCReject   xShift: 7.10767 crossingAngle: -44.6984 axialRotation: -73.4281 zShift: 4.89927 energy: -19.0372
MCReject   xShift: 7.10767 crossingAngle: -44.9044 axialRotation: -73.2508 zShift: 4.89927 energy: -18.9081
MCReject   xShift: 7.10767 crossingAngle: -44.6984 axialRotation: -73.2508 zShift: 4.902 energy: -19.0768
MCReject   xShift: 7.10767 crossingAngle: -44.6984 axialRotation: -73.2508 zShift: 4.88936 energy: -19.211
MCReject   xShift: 7.10089 crossingAngle: -44.6984 axialRotation: -73.2508 zShift: 4.89927 energy: -19.2179
MCAccept 123 xShift: 7.10767 crossingAngle: -44.6046 axialRotation: -73.2508 zShift: 4.89927 energy: -19.303
MCReject   xShift: 7.10308 crossingAngle: -44.6046 axialRotation: -73.2508 zShift: 4.89927 energy: -19.276
MCReject   xShift: 7.12512 crossingAngle: -44.6046 axialRotation: -73.2508 zShift: 4.89927 energy: -19.173
MCReject   xShift: 7.10767 crossingAngle: -44.6046 axialRotation: -73.1879 zShift: 4.89927 energy: -19.1126
MCReject   xShift: 7.10767 crossingAngle: -44.6046 axialRotation: -73.0337 zShift: 4.89927 energy: -19.111
MCReject   xShift: 7.10767 crossingAngle: -44.6046 axialRotation: -73.5841 zShift: 4.89927 energy: -18.9686
MCAccept 124 xShift: 7.10767 crossingAngle: -44.6046 axialRotation: -73.2508 zShift: 4.94064 energy: -19.4879
MCReject   xShift: 7.10767 crossingAngle: -44.848 axialRotation: -73.2508 zShift: 4.94064 energy: -19.3621
MCReject   xShift: 7.10767 crossingAngle: -44.6046 axialRotation: -73.2508 zShift: 4.93412 energy: -19.2562
MCReject   xShift: 7.10767 crossingAngle: -44.6046 axialRotation: -73.2508 zShift: 4.91785 energy: -19.1864
MCAccept 125 xShift: 7.11185 crossingAngle: -44.6046 axialRotation: -73.2508 zShift: 4.94064 energy: -19.5099
MCReject   xShift: 7.11185 crossingAngle: -44.6046 axialRotation: -72.9492 zShift: 4.94064 energy: -19.3308
MCReject   xShift: 7.11185 crossingAngle: -44.6899 axialRotation: -73.2508 zShift: 4.94064 energy: -19.4813
MCReject   xShift: 7.11185 crossingAngle: -44.3844 axialRotation: -73.2508 zShift: 4.94064 energy: -19.4949
MCReject   xShift: 7.11185 crossingAngle: -44.5715 axialRotation: -73.2508 zShift: 4.94064 energy: -19.3112
MCAccept 126 xShift: 7.12842 crossingAngle: -44.6046 axialRotation: -73.2508 zShift: 4.94064 energy: -19.5655
MCReject   xShift: 7.13463 crossingAngle: -44.6046 axialRotation: -73.2508 zShift: 4.94064 energy: -19.3721
MCReject   xShift: 7.17985 crossingAngle: -44.6046 axialRotation: -73.2508 zShift: 4.94064 energy: -19.2508
MCReject   xShift: 7.12842 crossingAngle: -44.6046 axialRotation: -73.2508 zShift: 4.90147 energy: -19.0454
MCAccept 127 xShift: 7.12842 crossingAngle: -44.6046 axialRotation: -73.2508 zShift: 4.94478 energy: -19.5838
MCAccept 128 xShift: 7.12842 crossingAngle: -44.6046 axialRotation: -73.2508 zShift: 4.95258 energy: -19.618
MCReject   xShift: 7.12842 crossingAngle: -44.5337 axialRotation: -73.2508 zShift: 4.95258 energy: -19.0932
MCReject   xShift: 7.095 crossingAngle: -44.6046 axialRotation: -73.2508 zShift: 4.95258 energy: -19.2438
MCReject   xShift: 7.15022 crossingAngle: -44.6046 axialRotation: -73.2508 zShift: 4.95258 energy: -19.6202
MCReject   xShift: 7.12842 crossingAngle: -44.6046 axialRotation: -73.3163 zShift: 4.95258 energy: -18.8577
MCReject   xShift: 7.12842 crossingAngle: -44.6046 axialRotation: -73.2508 zShift: 4.91738 energy: -19.4606
MCReject   xShift: 7.15258 crossingAngle: -44.6046 axialRotation: -73.2508 zShift: 4.95258 energy: -19.6158
MCAccept 129 xShift: 7.12842 crossingAngle: -44.6046 axialRotation: -73.2508 zShift: 4.97454 energy: -19.712
MCAccept 130 xShift: 7.12842 crossingAngle: -44.5842 axialRotation: -73.2508 zShift: 4.97454 energy: -19.7141
MCReject   xShift: 7.12842 crossingAngle: -44.5179 axialRotation: -73.2508 zShift: 4.97454 energy: -19.5037
MCReject   xShift: 7.12842 crossingAngle: -44.6834 axialRotation: -73.2508 zShift: 4.97454 energy: -19.6939
MCReject   xShift: 7.12842 crossingAngle: -44.5842 axialRotation: -73.2508 zShift: 4.9644 energy: -19.6717
MCReject   xShift: 7.12842 crossingAngle: -44.5842 axialRotation: -72.9734 zShift: 4.97454 energy: -19.5629
MCReject   xShift: 7.12842 crossingAngle: -44.5842 axialRotation: -73.2508 zShift: 4.95314 energy: -19.6239
MCReject   xShift: 7.12842 crossingAngle: -44.5842 axialRotation: -73.2508 zShift: 4.95446 energy: -19.6295
MCReject   xShift: 7.12842 crossingAngle: -44.4121 axialRotation: -73.2508 zShift: 4.97454 energy: -19.6873
MCReject   xShift: 7.08476 crossingAngle: -44.5842 axialRotation: -73.2508 zShift: 4.97454 energy: -19.4463
MCReject   xShift: 7.12842 crossingAngle: -44.3238 axialRotation: -73.2508 zShift: 4.97454 energy: -19.639
MCReject   xShift: 7.13776 crossingAngle: -44.5842 axialRotation: -73.2508 zShift: 4.97454 energy: -19.519
MCReject   xShift: 7.17719 crossingAngle: -44.5842 axialRotation: -73.2508 zShift: 4.97454 energy: -19.4176
MCReject   xShift: 7.12842 crossingAngle: -44.5842 axialRotation: -73.2508 zShift: 4.98204 energy: -19.5362
MCAccept 131 xShift: 7.1313 crossingAngle: -44.5842 axialRotation: -73.2508 zShift: 4.97454 energy: -19.7193
MCAccept 132 xShift: 7.12801 crossingAngle: -44.5842 axialRotation: -73.2508 zShift: 4.97454 energy: -19.7133
MCReject   xShift: 7.12816 crossingAngle: -44.5842 axialRotation: -73.2508 zShift: 4.97454 energy: -19.5058
MCReject   xShift: 7.12801 crossingAngle: -44.5842 axialRotation: -73.2508 zShift: 4.97711 energy: -19.5157
MCReject   xShift: 7.1006 crossingAngle: -44.5842 axialRotation: -73.2508 zShift: 4.97454 energy: -19.376
MCReject   xShift: 7.12801 crossingAngle: -44.6787 axialRotation: -73.2508 zShift: 4.97454 energy: -19.6945
MCReject   xShift: 7.12801 crossingAngle: -44.6748 axialRotation: -73.2508 zShift: 4.97454 energy: -19.4908
MCReject   xShift: 7.12801 crossingAngle: -44.5313 axialRotation: -73.2508 zShift: 4.97454 energy: -19.7138
MCReject   xShift: 7.12801 crossingAngle: -44.5842 axialRotation: -73.5311 zShift: 4.97454 energy: -19.5533
MCReject   xShift: 7.12801 crossingAngle: -44.5842 axialRotation: -73.2508 zShift: 4.96 energy: -19.6523
MCReject   xShift: 7.12801 crossingAngle: -44.5842 axialRotation: -73.2681 zShift: 4.97454 energy: -19.7067
MCReject   xShift: 7.12801 crossingAngle: -44.5528 axialRotation: -73.2508 zShift: 4.97454 energy: -19.7145
MCReject   xShift: 7.12801 crossingAngle: -44.5842 axialRotation: -73.2694 zShift: 4.97454 energy: -19.498
MCReject   xShift: 7.09663 crossingAngle: -44.5842 axialRotation: -73.2508 zShift: 4.97454 energy: -19.3453
MCReject   xShift: 7.12801 crossingAngle: -44.8079 axialRotation: -73.2508 zShift: 4.97454 energy: -19.6352
MCReject   xShift: 7.12801 crossingAngle: -44.5842 axialRotation: -73.828 zShift: 4.97454 energy: -19.4251
MCReject   xShift: 7.12801 crossingAngle: -44.5842 axialRotation: -73.3154 zShift: 4.97454 energy: -19.6866
MCReject   xShift: 7.12801 crossingAngle: -44.5842 axialRotation: -73.4908 zShift: 4.97454 energy: -19.3705
MCReject   xShift: 7.12801 crossingAngle: -44.5842 axialRotation: -73.2508 zShift: 4.92836 energy: -18.7797
MCReject   xShift: 7.11941 crossingAngle: -44.5842 axialRotation: -73.2508 zShift: 4.97454 energy: -19.6884
MCReject   xShift: 7.12801 crossingAngle: -44.485 axialRotation: -73.2508 zShift: 4.97454 energy: -19.708
MCReject   xShift: 7.12801 crossingAngle: -44.5842 axialRotation: -73.2508 zShift: 4.96241 energy: -19.4564
MCReject   xShift: 7.12801 crossingAngle: -44.5842 axialRotation: -73.6183 zShift: 4.97454 energy: -19.2628
MCReject   xShift: 7.12801 crossingAngle: -44.5842 axialRotation: -73.2387 zShift: 4.97454 energy: -19.7176
MCReject   xShift: 7.12801 crossingAngle: -44.5345 axialRotation: -73.2508 zShift: 4.97454 energy: -19.5046
MCReject   xShift: 7.12801 crossingAngle: -44.5842 axialRotation: -73.2508 zShift: 4.99386 energy: -19.5814
MCReject   xShift: 7.12801 crossingAngle: -44.5842 axialRotation: -73.2508 zShift: 4.97672 energy: -19.5142
MCReject   xShift: 7.10072 crossingAngle: -44.5842 axialRotation: -73.2508 zShift: 4.97454 energy: -19.3769
MCReject   xShift: 7.12801 crossingAngle: -44.5842 axialRotation: -73.0426 zShift: 4.97454 energy: -19.7606
MCReject   xShift: 7.1338 crossingAngle: -44.5842 axialRotation: -73.2508 zShift: 4.97454 energy: -19.5154
MCReject   xShift: 7.13279 crossingAngle: -44.5842 axialRotation: -73.2508 zShift: 4.97454 energy: -19.5141
MCReject   xShift: 7.12801 crossingAngle: -44.5842 axialRotation: -73.2508 zShift: 4.97274 energy: -19.7058
MCReject   xShift: 7.14424 crossingAngle: -44.5842 axialRotation: -73.2508 zShift: 4.97454 energy: -19.5191
MCReject   xShift: 7.12801 crossingAngle: -44.5842 axialRotation: -73.1644 zShift: 4.97454 energy: -19.7399
MCReject   xShift: 7.15605 crossingAngle: -44.5842 axialRotation: -73.2508 zShift: 4.97454 energy: -19.5019
MCReject   xShift: 7.12801 crossingAngle: -44.5842 axialRotation: -73.2508 zShift: 4.97255 energy: -19.4975
MCReject   xShift: 7.12801 crossingAngle: -44.5842 axialRotation: -72.8741 zShift: 4.97454 energy: -19.7588
MCReject   xShift: 7.11906 crossingAngle: -44.5842 axialRotation: -73.2508 zShift: 4.97454 energy: -19.4785
MCReject   xShift: 7.12801 crossingAngle: -44.5842 axialRotation: -72.7369 zShift: 4.97454 energy: -19.7326
MCReject   xShift: 7.12801 crossingAngle: -44.7349 axialRotation: -73.2508 zShift: 4.97454 energy: -18.936
MCReject   xShift: 7.11369 crossingAngle: -44.5842 axialRotation: -73.2508 zShift: 4.97454 energy: -19.4553
MCReject   xShift: 7.12801 crossingAngle: -44.5842 axialRotation: -73.2822 zShift: 4.97454 energy: -19.4925
MCReject   xShift: 7.12801 crossingAngle: -44.5842 axialRotation: -73.6162 zShift: 4.97454 energy: -19.4807
MCReject   xShift: 7.1291 crossingAngle: -44.5842 axialRotation: -73.2508 zShift: 4.97454 energy: -19.5078
MCReject   xShift: 7.1016 crossingAngle: -44.5842 axialRotation: -73.2508 zShift: 4.97454 energy: -19.5936
MCReject   xShift: 7.12801 crossingAngle: -44.7808 axialRotation: -73.2508 zShift: 4.97454 energy: -19.4491
MCReject   xShift: 7.12801 crossingAngle: -44.8083 axialRotation: -73.2508 zShift: 4.97454 energy: -19.4342
MCReject   xShift: 7.12801 crossingAngle: -44.5842 axialRotation: -73.4464 zShift: 4.97454 energy: -19.6141
MCReject   xShift: 7.13326 crossingAngle: -44.5842 axialRotation: -73.2508 zShift: 4.97454 energy: -19.7221
MCReject   xShift: 7.13386 crossingAngle: -44.5842 axialRotation: -73.2508 zShift: 4.97454 energy: -19.7228
MCReject   xShift: 7.12801 crossingAngle: -44.5274 axialRotation: -73.2508 zShift: 4.97454 energy: -19.5039
MCReject   xShift: 7.17575 crossingAngle: -44.5842 axialRotation: -73.2508 zShift: 4.97454 energy: -19.4254
End Repack Cycles

***REPACK GEOMETRY***
xShift;        Before: 7.17867; After: 7.12801
crossingAngle; Before: -44.6175; After: -44.5842
axialRotation; Before: -73.2508; After: -73.2508
zShift;        Before: 4.60615; After: 4.97454

axialRotationPrime; Before: 52.7299; After: 55.4587
zShiftPrime;        Before: 3.8971; After: 4.30642

Energy;        Before: -11.6828; After: -19.7133

Completed all cycles. Accepted 180/393
Monte Carlo repack complete. Time: 54.9min

