03_03_2023
Self Consistent Mean Field Start Time: Fri Mar  3 01:55:24 2023
Elapsed time of program: 0.3min

Running Self Consistent Mean Field
Initial Sequence:   LLLYYLLGTLLGYLLSTLILI
Best Sequence:      LLLYYLLGTLLGYLLSTLILI
Interface Sequence: L--YY--GT-LGY-LST--L-
Total Energy:       -29.7
VDW:                -45.3
HBOND:              -92.5
Self Consistent Mean Field End Time: Fri Mar  3 02:46:53 2023
Elapsed time of program: 51.8min

Monte Carlo Sequence Search Replicate 0 Start Time: Fri Mar  3 02:47:01 2023
Elapsed time of program: 51.9min

  - SelfPairManager energy calculation 0 Start Time: Fri Mar  3 02:47:14 2023
Elapsed time of program: 52.1min

  - SelfPairManager energy calculation 0 End Time: Fri Mar  3 02:47:57 2023
Elapsed time of program: 52.9min

- End monte carlo sequence search #0: 68.8min; Monte Carlo ended at Temp: 0.547

- Best Sequence: LLLTFLLGLLLGYLLSVLILI; Energy w/ baseline: -19.6
Monte Carlo Sequence Search Replicate 0 End Time: Fri Mar  3 03:56:45 2023
Elapsed time of program: 122min

Compute Monomer Energy Start Time: Fri Mar  3 03:57:08 2023
Elapsed time of program: 122min

-Dimer - Monomer = -368 - -353 = -15.8
Compute Monomer Energy End Time: Fri Mar  3 04:01:53 2023
Elapsed time of program: 127min

Backbone optimize replicate 0 Start Time: Fri Mar  3 04:01:53 2023
Elapsed time of program: 127min

Backbone optimize replicate 0 End Time: Fri Mar  3 07:40:47 2023
Elapsed time of program: 346min

Monte Carlo Sequence Search Replicate 1 Start Time: Fri Mar  3 07:40:48 2023
Elapsed time of program: 346min

  - SelfPairManager energy calculation 1 Start Time: Fri Mar  3 07:41:03 2023
Elapsed time of program: 346min

  - SelfPairManager energy calculation 1 End Time: Fri Mar  3 07:41:45 2023
Elapsed time of program: 347min

- End monte carlo sequence search #1: 67.2min; Monte Carlo ended at Temp: 0.547

- Best Sequence: LLLAYLLGVLLGLLLSFLILI; Energy w/ baseline: -20.1
Monte Carlo Sequence Search Replicate 1 End Time: Fri Mar  3 08:48:54 2023
Elapsed time of program: 414min

Compute Monomer Energy Start Time: Fri Mar  3 08:49:15 2023
Elapsed time of program: 414min

-Dimer - Monomer = -361 - -349 = -11.7
Compute Monomer Energy End Time: Fri Mar  3 08:53:32 2023
Elapsed time of program: 418min

Backbone optimize replicate 1 Start Time: Fri Mar  3 08:53:32 2023
Elapsed time of program: 418min

Backbone optimize replicate 1 End Time: Fri Mar  3 13:19:16 2023
Elapsed time of program: 684min

Monte Carlo Sequence Search Replicate 2 Start Time: Fri Mar  3 13:19:17 2023
Elapsed time of program: 684min

  - SelfPairManager energy calculation 2 Start Time: Fri Mar  3 13:19:32 2023
Elapsed time of program: 684min

  - SelfPairManager energy calculation 2 End Time: Fri Mar  3 13:20:12 2023
Elapsed time of program: 685min

- End monte carlo sequence search #2: 68.6min; Monte Carlo ended at Temp: 0.547

- Best Sequence: LLLAYLLGVLLGLLLSFLILI; Energy w/ baseline: -22
Monte Carlo Sequence Search Replicate 2 End Time: Fri Mar  3 14:28:47 2023
Elapsed time of program: 754min

Sequence,RotamerValues,Interface,InterfaceSequence,Seed,Density,Baseline,Dimer,Dimerw/Baseline,HBONDDimer,HBONDDimerOptimize,HBONDDimerPreOptimize,HBONDMonomer,IMM1Dimer,IMM1DimerOptimize,IMM1DimerPreOptimize,IMM1Monomer,Monomer,MonomerSasa,OptimizeSasa,PreBBOptimizeSasa,SequenceEntropy,SequenceProbability,Total,TotalPreOptimize,Totalw/Entropy,VDWDimer,VDWDimerOptimize,VDWDimerPreOptimize,VDWMonomer,acceptCycleNumber,acceptTemp,endAxialRotation,endAxialRotationPrime,endCrossingAngle,endXShift,endZShift,endZShiftPrime,firstRepackEnergy,preOptimizeAxialRotation,preOptimizeAxialRotationPrime,preOptimizeCrossingAngle,preOptimizeEnergy,preOptimizeXShift,preOptimizeZShift,preOptimizeZShiftPrime,preRepackTotal,replicateNumber,startAxialRotation,startAxialRotationPrime,startCrossingAngle,startXShift,startZShift,startZShiftPrime,
LLLAYLLGVLLGLLLSFLILI,133002200210031003212,000110011001100110000,L--AY--GV-LGL-LSF--L-,1.67783e+09,1,341.181,-361.235,-20.0538,-67.5234,-69.5032,-67.3756,-60.4659,-218.853,-219.897,-218.844,-243.902,-349.494,4492.79,3721.45,3613.29,50.5985,0.000194116,-22.7425,-11.6037,30.5448,-74.859,-82.8364,-74.8776,-45.1257,479,46.6879,-85.0833,43.7264,-43.9595,7.04504,5.16557,4.32146,-14.9734,-85.0833,44.2212,-43.1483,-11.6037,7.14398,5.23236,4.39568,-11.7415,1,-85.0833,46.26,-43.2731,7.339,5.5076,4.7015,
LLLTFLLGLLLGYLLSVLILI,133002200210031003212,000110011001100110000,L--TF--GL-LGY-LSV--L-,1.67783e+09,1,348.752,-368.398,-19.6457,-62.2027,-65.0224,-62.0516,-60.4062,-226.875,-226.634,-226.873,-248.285,-352.598,4561.25,3635.98,3573.29,55.1758,8.95922e-05,-26.1,-15.6601,35.5301,-79.32,-87.0417,-79.3341,-43.9071,491,20.966,-85.0833,44.2212,-43.1483,7.14398,5.23236,4.39568,-16.4933,-85.0833,46.26,-43.2731,-15.6601,7.339,5.5076,4.7015,-15.7996,0,-85.0833,46.26,-43.2731,7.339,5.5076,4.7015,
Total Time: 754 minutes
