03_02_2023
Self Consistent Mean Field Start Time: Thu Mar  2 20:45:05 2023
Elapsed time of program: 0.304min

Running Self Consistent Mean Field
Initial Sequence:   LLLTFLLGTLLGTLLGYLILI
Best Sequence:      LLLTFLLGTLLGTLLGYLILI
Interface Sequence: L--TF--GT-LGT-LGY--LI
Total Energy:       245
VDW:                216
HBOND:              -79.2
Self Consistent Mean Field End Time: Thu Mar  2 21:36:58 2023
Elapsed time of program: 52.2min

Monte Carlo Sequence Search Replicate 0 Start Time: Thu Mar  2 21:37:06 2023
Elapsed time of program: 52.3min

  - SelfPairManager energy calculation 0 Start Time: Thu Mar  2 21:37:21 2023
Elapsed time of program: 52.6min

  - SelfPairManager energy calculation 0 End Time: Thu Mar  2 21:38:05 2023
Elapsed time of program: 53.3min

- End monte carlo sequence search #0: 68.6min; Monte Carlo ended at Temp: 0.547

- Best Sequence: LLLTYLLAVLLGLLLGFLILI; Energy w/ baseline: 252
Monte Carlo Sequence Search Replicate 0 End Time: Thu Mar  2 22:46:40 2023
Elapsed time of program: 122min

Compute Monomer Energy Start Time: Thu Mar  2 22:47:03 2023
Elapsed time of program: 122min

-Dimer - Monomer = -86.2 - -340 = 254
Compute Monomer Energy End Time: Thu Mar  2 22:51:21 2023
Elapsed time of program: 127min

Backbone optimize replicate 0 Start Time: Thu Mar  2 22:51:21 2023
Elapsed time of program: 127min

Backbone optimize replicate 0 End Time: Fri Mar  3 02:16:54 2023
Elapsed time of program: 332min

Monte Carlo Sequence Search Replicate 1 Start Time: Fri Mar  3 02:16:55 2023
Elapsed time of program: 332min

  - SelfPairManager energy calculation 1 Start Time: Fri Mar  3 02:17:10 2023
Elapsed time of program: 332min

  - SelfPairManager energy calculation 1 End Time: Fri Mar  3 02:17:52 2023
Elapsed time of program: 333min

- End monte carlo sequence search #1: 64.5min; Monte Carlo ended at Temp: 0.547

- Best Sequence: LLLVFLLAILLGLLLGTLILI; Energy w/ baseline: -13.7
Monte Carlo Sequence Search Replicate 1 End Time: Fri Mar  3 03:22:19 2023
Elapsed time of program: 398min

Compute Monomer Energy Start Time: Fri Mar  3 03:22:42 2023
Elapsed time of program: 398min

-Dimer - Monomer = -367 - -348 = -19.6
Compute Monomer Energy End Time: Fri Mar  3 03:26:28 2023
Elapsed time of program: 402min

Backbone optimize replicate 1 Start Time: Fri Mar  3 03:26:29 2023
Elapsed time of program: 402min

Backbone optimize replicate 1 End Time: Fri Mar  3 05:06:49 2023
Elapsed time of program: 502min

Monte Carlo Sequence Search Replicate 2 Start Time: Fri Mar  3 05:06:50 2023
Elapsed time of program: 502min

  - SelfPairManager energy calculation 2 Start Time: Fri Mar  3 05:07:02 2023
Elapsed time of program: 502min

  - SelfPairManager energy calculation 2 End Time: Fri Mar  3 05:07:33 2023
Elapsed time of program: 503min

- End monte carlo sequence search #2: 83min; Monte Carlo ended at Temp: 0.547

- Best Sequence: LLLTFLLAILLGVLLALLILI; Energy w/ baseline: -12.7
Monte Carlo Sequence Search Replicate 2 End Time: Fri Mar  3 06:30:31 2023
Elapsed time of program: 586min

Compute Monomer Energy Start Time: Fri Mar  3 06:31:18 2023
Elapsed time of program: 587min

-Dimer - Monomer = -369 - -349 = -19.7
Compute Monomer Energy End Time: Fri Mar  3 06:35:10 2023
Elapsed time of program: 590min

Backbone optimize replicate 2 Start Time: Fri Mar  3 06:35:10 2023
Elapsed time of program: 590min

Backbone optimize replicate 2 End Time: Fri Mar  3 09:44:07 2023
Elapsed time of program: 779min

Monte Carlo Sequence Search Replicate 3 Start Time: Fri Mar  3 09:44:08 2023
Elapsed time of program: 779min

  - SelfPairManager energy calculation 3 Start Time: Fri Mar  3 09:44:22 2023
Elapsed time of program: 780min

  - SelfPairManager energy calculation 3 End Time: Fri Mar  3 09:45:07 2023
Elapsed time of program: 780min

- End monte carlo sequence search #3: 90.4min; Monte Carlo ended at Temp: 0.547

- Best Sequence: LLLLYLLATLLGVLLAFLILI; Energy w/ baseline: -20.8
Monte Carlo Sequence Search Replicate 3 End Time: Fri Mar  3 11:15:29 2023
Elapsed time of program: 871min

Compute Monomer Energy Start Time: Fri Mar  3 11:16:19 2023
Elapsed time of program: 872min

-Dimer - Monomer = -361 - -337 = -24.8
Compute Monomer Energy End Time: Fri Mar  3 11:21:38 2023
Elapsed time of program: 877min

Backbone optimize replicate 3 Start Time: Fri Mar  3 11:21:39 2023
Elapsed time of program: 877min

Backbone optimize replicate 3 End Time: Fri Mar  3 15:20:54 2023
Elapsed time of program: 1.12e+03min

Monte Carlo Sequence Search Replicate 4 Start Time: Fri Mar  3 15:20:55 2023
Elapsed time of program: 1.12e+03min

  - SelfPairManager energy calculation 4 Start Time: Fri Mar  3 15:21:07 2023
Elapsed time of program: 1.12e+03min

  - SelfPairManager energy calculation 4 End Time: Fri Mar  3 15:21:49 2023
Elapsed time of program: 1.12e+03min

- End monte carlo sequence search #4: 53.6min; Monte Carlo ended at Temp: 0.547

- Best Sequence: LLLYLLLAILLGTLLSFLILI; Energy w/ baseline: -29.2
Monte Carlo Sequence Search Replicate 4 End Time: Fri Mar  3 16:15:23 2023
Elapsed time of program: 1.17e+03min

Compute Monomer Energy Start Time: Fri Mar  3 16:15:47 2023
Elapsed time of program: 1.17e+03min

-Dimer - Monomer = -383 - -364 = -18.9
Compute Monomer Energy End Time: Fri Mar  3 16:19:45 2023
Elapsed time of program: 1.17e+03min

Backbone optimize replicate 4 Start Time: Fri Mar  3 16:19:45 2023
Elapsed time of program: 1.17e+03min

Backbone optimize replicate 4 End Time: Fri Mar  3 18:01:59 2023
Elapsed time of program: 1.28e+03min

Sequence,RotamerValues,Interface,InterfaceSequence,Seed,Density,Baseline,Dimer,Dimerw/Baseline,HBONDDimer,HBONDDimerOptimize,HBONDDimerPreOptimize,HBONDMonomer,IMM1Dimer,IMM1DimerOptimize,IMM1DimerPreOptimize,IMM1Monomer,Monomer,MonomerSasa,OptimizeSasa,PreBBOptimizeSasa,SequenceEntropy,SequenceProbability,Total,TotalPreOptimize,Totalw/Entropy,VDWDimer,VDWDimerOptimize,VDWDimerPreOptimize,VDWMonomer,acceptCycleNumber,acceptTemp,endAxialRotation,endAxialRotationPrime,endCrossingAngle,endXShift,endZShift,endZShiftPrime,firstRepackEnergy,preOptimizeAxialRotation,preOptimizeAxialRotationPrime,preOptimizeCrossingAngle,preOptimizeEnergy,preOptimizeXShift,preOptimizeZShift,preOptimizeZShiftPrime,preRepackTotal,replicateNumber,startAxialRotation,startAxialRotationPrime,startCrossingAngle,startXShift,startZShift,startZShiftPrime,
LLLLYLLATLLGVLLAFLILI,133002300210031003201,000110011001100110000,L--LY--AT-LGV-LAF--LI,1.67781e+09,1,340.589,-361.418,-20.8289,-68.9021,-69.2016,-68.7077,-58.9275,-222.826,-226.218,-222.825,-239.749,-336.601,4530.52,3700.31,3573.54,48.1158,0.000295257,-35.284,-24.6388,27.2868,-69.6896,-76.4656,-69.7072,-37.9247,490,72.839,-69.0276,48.692,-48.8702,6.95856,3.42757,2.65795,-27.9831,-69.0276,46.1918,-47.9186,-24.6388,6.89428,3.09003,2.28291,-24.8168,3,-69.0276,38.4457,-43.5682,6.8046,2.04431,1.121,
LLLTFLLAILLGVLLALLILI,133002300210031003201,000110011001100110000,L--TF--AI-LGV-LAL--LI,1.67781e+09,1,356.08,-368.791,-12.7115,-51.461,-51.7531,-51.2743,-45.1579,-227.045,-228.354,-227.043,-243.603,-349.118,4531.53,3608.63,3602.2,42.7643,0.000729105,-26.2619,-19.5005,30.0528,-90.285,-95.2728,-90.301,-60.3569,476,302.327,-69.0276,46.1918,-47.9186,6.89428,3.09003,2.28291,-24.7019,-69.0276,45.0694,-46.4569,-19.5005,6.95373,2.93852,2.11456,-19.6729,2,-69.0276,38.4457,-43.5682,6.8046,2.04431,1.121,
LLLTYLLAVLLGLLLGFLILI,133002300210031003201,000110011001100110000,L--TY--AV-LGL-LGF--LI,1.67781e+09,1,338.659,-86.2371,252.421,-55.4688,-54.4025,-55.2596,-45.1579,-226.135,-228.959,-226.132,-248.88,-340.495,4548.5,3672.63,3471,51.1953,0.000175503,-27.3298,254.451,303.617,195.367,-84.463,195.348,-46.457,434,7.20993,-69.0276,44.7322,-46.0396,6.90849,2.89299,2.06397,105.13,-69.0276,38.4457,-43.5682,254.451,6.8046,2.04431,1.121,254.258,0,-69.0276,38.4457,-43.5682,6.8046,2.04431,1.121,
LLLVFLLAILLGLLLGTLILI,133002300210031003201,000110011001100110000,L--VF--AI-LGL-LGT--LI,1.67781e+09,1,353.696,-367.426,-13.7296,-65.3456,-65.0602,-65.1548,-58.948,-218.446,-219.206,-218.445,-238.077,-347.844,4545.04,3666.31,3555.38,45.8438,0.000433384,-24.7258,-19.408,32.1143,-83.6345,-88.3038,-83.6525,-50.8186,481,39.0787,-69.0276,45.0694,-46.4569,6.95373,2.93852,2.11456,-24.6193,-69.0276,44.7322,-46.0396,-19.408,6.90849,2.89299,2.06397,-19.5818,1,-69.0276,38.4457,-43.5682,6.8046,2.04431,1.121,
LLLYLLLAILLGTLLSFLILI,133002300210031003201,000110011001100110000,L--YL--AI-LGT-LSF--LI,1.67781e+09,1,353.287,-382.508,-29.2205,-74.0384,-73.5257,-73.9152,-74.1783,-232.747,-234.605,-232.746,-249.393,-363.648,4587.16,3945.56,3705.76,48.2326,0.000289489,-25.3799,-18.7486,19.0121,-75.7226,-80.8971,-75.7352,-40.0767,515,29.9257,-69.0276,50.7209,-48.5344,7.03307,3.70146,2.96228,-23.3592,-69.0276,48.692,-48.8702,-18.7486,6.95856,3.42757,2.65795,-18.8602,4,-69.0276,38.4457,-43.5682,6.8046,2.04431,1.121,
Total Time: 1277 minutes
