***STARTING GEOMETRY***
xShift;        Before: 6.49963; After: 6.49963
crossingAngle; Before: -36.2235; After: -36.2235
axialRotation; Before: -78.3342; After: -78.3342
zShift;        Before: 3.86766; After: 3.86766

axialRotationPrime; Before: 41.6113; After: 41.6113
zShiftPrime;        Before: 2.99183; After: 2.99183

Starting Repack Cycles
MCAccept 0 xShift: 6.49963 crossingAngle: -36.2235 axialRotation: -78.3342 zShift: 3.83542 energy: -47.169
MCAccept 1 xShift: 6.49963 crossingAngle: -35.3167 axialRotation: -78.3342 zShift: 3.83542 energy: -48.1691
MCReject   xShift: 6.49963 crossingAngle: -35.3167 axialRotation: -78.3342 zShift: 3.71244 energy: -44.6995
MCAccept 2 xShift: 6.49963 crossingAngle: -35.1088 axialRotation: -78.3342 zShift: 3.83542 energy: -48.2367
MCAccept 3 xShift: 6.49963 crossingAngle: -35.1088 axialRotation: -78.3342 zShift: 3.86525 energy: -48.7554
MCAccept 4 xShift: 6.49963 crossingAngle: -35.547 axialRotation: -78.3342 zShift: 3.86525 energy: -48.5847
MCAccept 5 xShift: 6.49963 crossingAngle: -35.547 axialRotation: -78.3342 zShift: 3.91518 energy: -49.1899
MCAccept 6 xShift: 6.49963 crossingAngle: -35.547 axialRotation: -78.3342 zShift: 3.89867 energy: -49.085
MCAccept 7 xShift: 6.47834 crossingAngle: -35.547 axialRotation: -78.3342 zShift: 3.89867 energy: -49.3268
MCAccept 8 xShift: 6.385 crossingAngle: -35.547 axialRotation: -78.3342 zShift: 3.89867 energy: -50.124
MCAccept 9 xShift: 6.385 crossingAngle: -35.8936 axialRotation: -78.3342 zShift: 3.89867 energy: -49.9938
MCAccept 10 xShift: 6.385 crossingAngle: -35.8936 axialRotation: -78.3342 zShift: 3.86235 energy: -49.3311
MCAccept 11 xShift: 6.385 crossingAngle: -35.6179 axialRotation: -78.3342 zShift: 3.86235 energy: -49.3666
MCAccept 12 xShift: 6.38137 crossingAngle: -35.6179 axialRotation: -78.3342 zShift: 3.86235 energy: -49.4644
MCReject   xShift: 6.38137 crossingAngle: -35.6179 axialRotation: -78.3342 zShift: 3.71164 energy: -44.458
MCAccept 13 xShift: 6.32924 crossingAngle: -35.6179 axialRotation: -78.3342 zShift: 3.86235 energy: -49.1234
MCReject   xShift: 6.29536 crossingAngle: -35.6179 axialRotation: -78.3342 zShift: 3.86235 energy: -48.578
MCAccept 14 xShift: 6.32924 crossingAngle: -35.6713 axialRotation: -78.3342 zShift: 3.86235 energy: -49.0167
MCAccept 15 xShift: 6.32924 crossingAngle: -35.6713 axialRotation: -78.3342 zShift: 3.85898 energy: -48.9418
MCReject   xShift: 6.23691 crossingAngle: -35.6713 axialRotation: -78.3342 zShift: 3.85898 energy: -47.1472
MCAccept 16 xShift: 6.32924 crossingAngle: -35.6233 axialRotation: -78.3342 zShift: 3.85898 energy: -49.0485
MCAccept 17 xShift: 6.4405 crossingAngle: -35.6233 axialRotation: -78.3342 zShift: 3.85898 energy: -49.1748
MCAccept 18 xShift: 6.4405 crossingAngle: -35.5847 axialRotation: -78.3342 zShift: 3.85898 energy: -49.1954
MCReject   xShift: 6.4405 crossingAngle: -35.5847 axialRotation: -78.3342 zShift: 3.81552 energy: -48.238
MCAccept 19 xShift: 6.47886 crossingAngle: -35.5847 axialRotation: -78.3342 zShift: 3.85898 energy: -48.7671
MCReject   xShift: 6.47886 crossingAngle: -35.5847 axialRotation: -78.3342 zShift: 3.72223 energy: -45.0622
MCReject   xShift: 6.47886 crossingAngle: -35.5847 axialRotation: -78.3342 zShift: 3.78513 energy: -47.0821
MCReject   xShift: 6.47886 crossingAngle: -35.5847 axialRotation: -78.7329 zShift: 3.85898 energy: -47.9853
MCReject   xShift: 6.55278 crossingAngle: -35.5847 axialRotation: -78.3342 zShift: 3.85898 energy: -47.3826
MCAccept 20 xShift: 6.47886 crossingAngle: -35.5847 axialRotation: -78.3342 zShift: 3.8422 energy: -48.3503
MCReject   xShift: 6.54178 crossingAngle: -35.5847 axialRotation: -78.3342 zShift: 3.8422 energy: -47.3327
MCAccept 21 xShift: 6.43682 crossingAngle: -35.5847 axialRotation: -78.3342 zShift: 3.8422 energy: -48.8835
MCAccept 22 xShift: 6.41769 crossingAngle: -35.5847 axialRotation: -78.3342 zShift: 3.8422 energy: -48.8952
MCAccept 23 xShift: 6.41769 crossingAngle: -35.2513 axialRotation: -78.3342 zShift: 3.8422 energy: -49.0564
MCAccept 24 xShift: 6.36127 crossingAngle: -35.2513 axialRotation: -78.3342 zShift: 3.8422 energy: -48.7957
MCAccept 25 xShift: 6.36127 crossingAngle: -35.0573 axialRotation: -78.3342 zShift: 3.8422 energy: -48.7739
MCAccept 26 xShift: 6.36127 crossingAngle: -34.782 axialRotation: -78.3342 zShift: 3.8422 energy: -48.4607
MCAccept 27 xShift: 6.36127 crossingAngle: -34.782 axialRotation: -78.3342 zShift: 3.84253 energy: -48.4684
MCReject   xShift: 6.34881 crossingAngle: -34.782 axialRotation: -78.3342 zShift: 3.84253 energy: -48.1907
MCAccept 28 xShift: 6.36127 crossingAngle: -34.782 axialRotation: -78.3342 zShift: 3.80846 energy: -47.5627
MCAccept 29 xShift: 6.36127 crossingAngle: -34.8326 axialRotation: -78.3342 zShift: 3.80846 energy: -47.5312
MCAccept 30 xShift: 6.36127 crossingAngle: -35.0933 axialRotation: -78.3342 zShift: 3.80846 energy: -47.902
MCAccept 31 xShift: 6.3541 crossingAngle: -35.0933 axialRotation: -78.3342 zShift: 3.80846 energy: -47.8147
MCAccept 32 xShift: 6.35503 crossingAngle: -35.0933 axialRotation: -78.3342 zShift: 3.80846 energy: -47.8267
MCAccept 33 xShift: 6.35503 crossingAngle: -35.0933 axialRotation: -78.3342 zShift: 3.82332 energy: -48.1513
MCAccept 34 xShift: 6.46219 crossingAngle: -35.0933 axialRotation: -78.3342 zShift: 3.82332 energy: -48.4008
MCAccept 35 xShift: 6.46219 crossingAngle: -35.0933 axialRotation: -78.3342 zShift: 3.78974 energy: -47.5697
MCAccept 36 xShift: 6.46219 crossingAngle: -35.2581 axialRotation: -78.3342 zShift: 3.78974 energy: -47.5447
MCAccept 37 xShift: 6.46219 crossingAngle: -35.445 axialRotation: -78.3342 zShift: 3.78974 energy: -47.4697
MCReject   xShift: 6.46219 crossingAngle: -35.445 axialRotation: -78.3342 zShift: 3.76042 energy: -46.5969
MCAccept 38 xShift: 6.46219 crossingAngle: -35.1924 axialRotation: -78.3342 zShift: 3.78974 energy: -47.4658
MCAccept 39 xShift: 6.46444 crossingAngle: -35.1924 axialRotation: -78.3342 zShift: 3.78974 energy: -47.5431
MCAccept 40 xShift: 6.46444 crossingAngle: -35.1924 axialRotation: -78.3342 zShift: 3.77305 energy: -47.0668
MCAccept 41 xShift: 6.46444 crossingAngle: -35.2632 axialRotation: -78.3342 zShift: 3.77305 energy: -47.0489
MCAccept 42 xShift: 6.46444 crossingAngle: -35.434 axialRotation: -78.3342 zShift: 3.77305 energy: -46.8838
MCReject   xShift: 6.50335 crossingAngle: -35.434 axialRotation: -78.3342 zShift: 3.77305 energy: -46.55
MCAccept 43 xShift: 6.46444 crossingAngle: -35.434 axialRotation: -78.3342 zShift: 3.80074 energy: -47.7495
MCAccept 44 xShift: 6.46444 crossingAngle: -35.2227 axialRotation: -78.3342 zShift: 3.80074 energy: -47.8278
MCAccept 45 xShift: 6.46444 crossingAngle: -35.2227 axialRotation: -78.3342 zShift: 3.82995 energy: -48.5164
MCAccept 46 xShift: 6.45497 crossingAngle: -35.2227 axialRotation: -78.3342 zShift: 3.82995 energy: -48.5978
MCReject   xShift: 6.3071 crossingAngle: -35.2227 axialRotation: -78.3342 zShift: 3.82995 energy: -47.7511
MCAccept 47 xShift: 6.45497 crossingAngle: -35.0514 axialRotation: -78.3342 zShift: 3.82995 energy: -48.5965
MCAccept 48 xShift: 6.45497 crossingAngle: -35.0514 axialRotation: -78.3342 zShift: 3.91354 energy: -49.9062
MCAccept 49 xShift: 6.45497 crossingAngle: -35.23 axialRotation: -78.3342 zShift: 3.91354 energy: -49.856
MCAccept 50 xShift: 6.45497 crossingAngle: -34.7725 axialRotation: -78.3342 zShift: 3.91354 energy: -49.6164
MCAccept 51 xShift: 6.44519 crossingAngle: -34.7725 axialRotation: -78.3342 zShift: 3.91354 energy: -49.7813
MCReject   xShift: 6.44519 crossingAngle: -34.7725 axialRotation: -78.3342 zShift: 3.85869 energy: -49.0804
MCAccept 52 xShift: 6.44519 crossingAngle: -34.7725 axialRotation: -78.3342 zShift: 4.02816 energy: -50.2838
MCAccept 53 xShift: 6.44519 crossingAngle: -35.1556 axialRotation: -78.3342 zShift: 4.02816 energy: -50.65
MCAccept 54 xShift: 6.44519 crossingAngle: -35.2469 axialRotation: -78.3342 zShift: 4.02816 energy: -50.712
MCAccept 55 xShift: 6.44519 crossingAngle: -35.6318 axialRotation: -78.3342 zShift: 4.02816 energy: -50.7998
MCAccept 56 xShift: 6.44519 crossingAngle: -35.4804 axialRotation: -78.3342 zShift: 4.02816 energy: -50.7969
MCAccept 57 xShift: 6.44519 crossingAngle: -35.2769 axialRotation: -78.3342 zShift: 4.02816 energy: -50.7287
MCAccept 58 xShift: 6.46453 crossingAngle: -35.2769 axialRotation: -78.3342 zShift: 4.02816 energy: -50.4645
MCAccept 59 xShift: 6.46453 crossingAngle: -35.1775 axialRotation: -78.3342 zShift: 4.02816 energy: -50.409
MCAccept 60 xShift: 6.46453 crossingAngle: -35.1775 axialRotation: -78.3342 zShift: 3.97413 energy: -50.2448
MCAccept 61 xShift: 6.46453 crossingAngle: -35.1775 axialRotation: -78.3342 zShift: 3.96005 energy: -50.1849
MCAccept 62 xShift: 6.46453 crossingAngle: -35.1775 axialRotation: -78.3342 zShift: 3.92789 energy: -49.8815
MCAccept 63 xShift: 6.46453 crossingAngle: -35.1775 axialRotation: -78.3342 zShift: 4.01425 energy: -50.4004
MCAccept 64 xShift: 6.46453 crossingAngle: -34.9987 axialRotation: -78.3342 zShift: 4.01425 energy: -50.2686
MCAccept 65 xShift: 6.46453 crossingAngle: -34.9987 axialRotation: -78.3342 zShift: 4.07091 energy: -49.8675
MCAccept 66 xShift: 6.46453 crossingAngle: -35.2746 axialRotation: -78.3342 zShift: 4.07091 energy: -50.3718
MCAccept 67 xShift: 6.46453 crossingAngle: -35.2746 axialRotation: -78.3342 zShift: 4.16494 energy: -50.7302
MCAccept 68 xShift: 6.46453 crossingAngle: -35.3193 axialRotation: -78.3342 zShift: 4.16494 energy: -50.6813
MCAccept 69 xShift: 6.47883 crossingAngle: -35.3193 axialRotation: -78.3342 zShift: 4.16494 energy: -50.6287
MCAccept 70 xShift: 6.47883 crossingAngle: -35.3193 axialRotation: -78.3342 zShift: 4.2138 energy: -51.209
MCAccept 71 xShift: 6.52919 crossingAngle: -35.3193 axialRotation: -78.3342 zShift: 4.2138 energy: -50.6642
MCAccept 72 xShift: 6.52919 crossingAngle: -35.3193 axialRotation: -78.3342 zShift: 4.26898 energy: -51.0567
MCAccept 73 xShift: 6.52919 crossingAngle: -35.3193 axialRotation: -78.3342 zShift: 4.34076 energy: -51.3045
MCAccept 74 xShift: 6.52919 crossingAngle: -35.3193 axialRotation: -78.3342 zShift: 4.2891 energy: -51.1707
MCAccept 75 xShift: 6.52919 crossingAngle: -34.7033 axialRotation: -78.3342 zShift: 4.2891 energy: -51.3622
MCAccept 76 xShift: 6.52919 crossingAngle: -34.7535 axialRotation: -78.3342 zShift: 4.2891 energy: -51.3592
MCAccept 77 xShift: 6.52919 crossingAngle: -34.7535 axialRotation: -78.3342 zShift: 4.31191 energy: -51.3831
MCAccept 78 xShift: 6.52919 crossingAngle: -34.4572 axialRotation: -78.3342 zShift: 4.31191 energy: -51.3009
MCReject   xShift: 6.52919 crossingAngle: -34.4572 axialRotation: -78.0204 zShift: 4.31191 energy: -50.9803
MCAccept 79 xShift: 6.55541 crossingAngle: -34.4572 axialRotation: -78.3342 zShift: 4.31191 energy: -51.0063
MCAccept 80 xShift: 6.55541 crossingAngle: -34.4572 axialRotation: -78.3342 zShift: 4.27773 energy: -51.0021
MCAccept 81 xShift: 6.56131 crossingAngle: -34.4572 axialRotation: -78.3342 zShift: 4.27773 energy: -50.9322
MCReject   xShift: 6.63144 crossingAngle: -34.4572 axialRotation: -78.3342 zShift: 4.27773 energy: -49.8048
MCAccept 82 xShift: 6.56131 crossingAngle: -34.4572 axialRotation: -78.3342 zShift: 4.306 energy: -50.9506
MCAccept 83 xShift: 6.54551 crossingAngle: -34.4572 axialRotation: -78.3342 zShift: 4.306 energy: -51.1354
MCAccept 84 xShift: 6.54551 crossingAngle: -34.5535 axialRotation: -78.3342 zShift: 4.306 energy: -51.1675
MCAccept 85 xShift: 6.54551 crossingAngle: -34.5535 axialRotation: -78.3342 zShift: 4.28501 energy: -51.1573
MCReject   xShift: 6.54551 crossingAngle: -34.5535 axialRotation: -78.8658 zShift: 4.28501 energy: -50.9184
MCAccept 86 xShift: 6.54551 crossingAngle: -34.5535 axialRotation: -78.3342 zShift: 4.30327 energy: -51.1685
MCReject   xShift: 6.54551 crossingAngle: -34.5535 axialRotation: -77.9585 zShift: 4.30327 energy: -51.0021
MCAccept 87 xShift: 6.55468 crossingAngle: -34.5535 axialRotation: -78.3342 zShift: 4.30327 energy: -51.0512
MCAccept 88 xShift: 6.55468 crossingAngle: -34.2671 axialRotation: -78.3342 zShift: 4.30327 energy: -50.9277
MCAccept 89 xShift: 6.55468 crossingAngle: -34.0773 axialRotation: -78.3342 zShift: 4.30327 energy: -50.7729
MCAccept 90 xShift: 6.55468 crossingAngle: -34.0773 axialRotation: -78.3342 zShift: 4.28195 energy: -50.8336
MCAccept 91 xShift: 6.55468 crossingAngle: -34.0773 axialRotation: -78.3342 zShift: 4.25979 energy: -50.847
MCAccept 92 xShift: 6.55468 crossingAngle: -34.3906 axialRotation: -78.3342 zShift: 4.25979 energy: -50.9618
MCAccept 93 xShift: 6.55686 crossingAngle: -34.3906 axialRotation: -78.3342 zShift: 4.25979 energy: -50.9316
MCAccept 94 xShift: 6.55686 crossingAngle: -34.3932 axialRotation: -78.3342 zShift: 4.25979 energy: -50.932
MCAccept 95 xShift: 6.55686 crossingAngle: -34.3932 axialRotation: -78.3342 zShift: 4.34426 energy: -50.8463
MCAccept 96 xShift: 6.53271 crossingAngle: -34.3932 axialRotation: -78.3342 zShift: 4.34426 energy: -51.0883
MCReject   xShift: 6.53271 crossingAngle: -34.3932 axialRotation: -77.8493 zShift: 4.34426 energy: -50.4626
MCReject   xShift: 6.53271 crossingAngle: -34.3932 axialRotation: -78.3342 zShift: 4.3887 energy: -50.6958
MCAccept 97 xShift: 6.53271 crossingAngle: -34.3932 axialRotation: -78.3342 zShift: 4.31005 energy: -51.2362
MCAccept 98 xShift: 6.54295 crossingAngle: -34.3932 axialRotation: -78.3342 zShift: 4.31005 energy: -51.1276
MCAccept 99 xShift: 6.539 crossingAngle: -34.3932 axialRotation: -78.3342 zShift: 4.31005 energy: -51.171
MCReject   xShift: 6.539 crossingAngle: -34.3932 axialRotation: -78.1617 zShift: 4.31005 energy: -50.9712
MCAccept 100 xShift: 6.539 crossingAngle: -34.5217 axialRotation: -78.3342 zShift: 4.31005 energy: -51.2299
MCAccept 101 xShift: 6.539 crossingAngle: -34.5217 axialRotation: -78.3342 zShift: 4.27339 energy: -51.2128
MCReject   xShift: 6.539 crossingAngle: -34.3283 axialRotation: -78.3342 zShift: 4.27339 energy: -51.168
MCAccept 102 xShift: 6.539 crossingAngle: -34.5217 axialRotation: -78.3342 zShift: 4.31979 energy: -51.2125
MCReject   xShift: 6.539 crossingAngle: -34.5217 axialRotation: -77.8438 zShift: 4.31979 energy: -50.8099
MCAccept 103 xShift: 6.539 crossingAngle: -34.5217 axialRotation: -78.3342 zShift: 4.29165 energy: -51.2373
MCAccept 104 xShift: 6.539 crossingAngle: -34.5427 axialRotation: -78.3342 zShift: 4.29165 energy: -51.2417
MCReject   xShift: 6.539 crossingAngle: -34.3645 axialRotation: -78.3342 zShift: 4.29165 energy: -51.1842
MCAccept 105 xShift: 6.539 crossingAngle: -34.5427 axialRotation: -78.3342 zShift: 4.30724 energy: -51.24
MCReject   xShift: 6.539 crossingAngle: -34.5427 axialRotation: -78.3055 zShift: 4.30724 energy: -51.2347
MCAccept 106 xShift: 6.539 crossingAngle: -34.5957 axialRotation: -78.3342 zShift: 4.30724 energy: -51.2541
MCReject   xShift: 6.59311 crossingAngle: -34.5957 axialRotation: -78.3342 zShift: 4.30724 energy: -50.5613
MCReject   xShift: 6.539 crossingAngle: -34.5957 axialRotation: -78.3342 zShift: 4.36075 energy: -51.0843
MCAccept 107 xShift: 6.539 crossingAngle: -34.5957 axialRotation: -78.3342 zShift: 4.31765 energy: -51.2439
MCReject   xShift: 6.539 crossingAngle: -34.5957 axialRotation: -78.0181 zShift: 4.31765 energy: -51.0753
MCReject   xShift: 6.539 crossingAngle: -34.5957 axialRotation: -77.9105 zShift: 4.31765 energy: -50.9683
MCAccept 108 xShift: 6.539 crossingAngle: -34.6163 axialRotation: -78.3342 zShift: 4.31765 energy: -51.2498
MCAccept 109 xShift: 6.539 crossingAngle: -34.6163 axialRotation: -78.3342 zShift: 4.31628 energy: -51.2516
MCAccept 110 xShift: 6.50865 crossingAngle: -34.6163 axialRotation: -78.3342 zShift: 4.31628 energy: -51.533
MCAccept 111 xShift: 6.50865 crossingAngle: -34.7777 axialRotation: -78.3342 zShift: 4.31628 energy: -51.5695
MCAccept 112 xShift: 6.50865 crossingAngle: -34.7501 axialRotation: -78.3342 zShift: 4.31628 energy: -51.566
MCAccept 113 xShift: 6.50865 crossingAngle: -34.7501 axialRotation: -78.3342 zShift: 4.30385 energy: -51.5705
MCReject   xShift: 6.50865 crossingAngle: -34.7501 axialRotation: -78.1449 zShift: 4.30385 energy: -51.5131
MCReject   xShift: 6.50865 crossingAngle: -34.7501 axialRotation: -78.8166 zShift: 4.30385 energy: -51.4155
MCAccept 114 xShift: 6.50865 crossingAngle: -34.9478 axialRotation: -78.3342 zShift: 4.30385 energy: -51.5592
MCAccept 115 xShift: 6.50865 crossingAngle: -34.8601 axialRotation: -78.3342 zShift: 4.30385 energy: -51.5682
MCAccept 116 xShift: 6.50865 crossingAngle: -34.7259 axialRotation: -78.3342 zShift: 4.30385 energy: -51.5686
MCReject   xShift: 6.50865 crossingAngle: -34.9948 axialRotation: -78.3342 zShift: 4.30385 energy: -51.556
MCReject   xShift: 6.54443 crossingAngle: -34.7259 axialRotation: -78.3342 zShift: 4.30385 energy: -51.2033
MCReject   xShift: 6.57635 crossingAngle: -34.7259 axialRotation: -78.3342 zShift: 4.30385 energy: -50.8056
MCReject   xShift: 6.5623 crossingAngle: -34.7259 axialRotation: -78.3342 zShift: 4.30385 energy: -50.9854
MCReject   xShift: 6.50865 crossingAngle: -34.7259 axialRotation: -78.3342 zShift: 4.33005 energy: -51.5365
MCAccept 117 xShift: 6.50899 crossingAngle: -34.7259 axialRotation: -78.3342 zShift: 4.30385 energy: -51.5659
MCAccept 118 xShift: 6.50899 crossingAngle: -34.834 axialRotation: -78.3342 zShift: 4.30385 energy: -51.5675
MCAccept 119 xShift: 6.42366 crossingAngle: -34.834 axialRotation: -78.3342 zShift: 4.30385 energy: -51.803
MCReject   xShift: 6.42366 crossingAngle: -34.834 axialRotation: -78.3342 zShift: 4.34333 energy: -51.6248
MCReject   xShift: 6.42366 crossingAngle: -34.8906 axialRotation: -78.3342 zShift: 4.30385 energy: -51.6368
MCReject   xShift: 6.42366 crossingAngle: -34.834 axialRotation: -78.0131 zShift: 4.30385 energy: -51.4102
MCReject   xShift: 6.42366 crossingAngle: -34.834 axialRotation: -78.3342 zShift: 4.2839 energy: -51.8234
MCReject   xShift: 6.46497 crossingAngle: -34.834 axialRotation: -78.3342 zShift: 4.30385 energy: -51.8052
MCReject   xShift: 6.42366 crossingAngle: -34.834 axialRotation: -78.0785 zShift: 4.30385 energy: -51.515
MCReject   xShift: 6.4753 crossingAngle: -34.834 axialRotation: -78.3342 zShift: 4.30385 energy: -51.7613
MCReject   xShift: 6.42366 crossingAngle: -34.834 axialRotation: -78.1189 zShift: 4.30385 energy: -51.5731
MCReject   xShift: 6.46068 crossingAngle: -34.834 axialRotation: -78.3342 zShift: 4.30385 energy: -51.8185
MCReject   xShift: 6.38685 crossingAngle: -34.834 axialRotation: -78.3342 zShift: 4.30385 energy: -51.5222
MCReject   xShift: 6.42366 crossingAngle: -34.819 axialRotation: -78.3342 zShift: 4.30385 energy: -51.7983
MCReject   xShift: 6.42366 crossingAngle: -34.6986 axialRotation: -78.3342 zShift: 4.30385 energy: -51.7466
MCReject   xShift: 6.42366 crossingAngle: -34.834 axialRotation: -78.3342 zShift: 4.28062 energy: -51.8223
MCReject   xShift: 6.42366 crossingAngle: -34.834 axialRotation: -78.3342 zShift: 4.35733 energy: -51.516
MCReject   xShift: 6.42366 crossingAngle: -35.0875 axialRotation: -78.3342 zShift: 4.30385 energy: -51.8458
MCReject   xShift: 6.45771 crossingAngle: -34.834 axialRotation: -78.3342 zShift: 4.30385 energy: -51.826
MCReject   xShift: 6.42366 crossingAngle: -34.834 axialRotation: -78.3342 zShift: 4.32529 energy: -51.7294
MCReject   xShift: 6.44139 crossingAngle: -34.834 axialRotation: -78.3342 zShift: 4.30385 energy: -51.8407
MCReject   xShift: 6.42366 crossingAngle: -34.834 axialRotation: -78.3342 zShift: 4.29023 energy: -51.8219
MCReject   xShift: 6.42366 crossingAngle: -34.834 axialRotation: -78.1255 zShift: 4.30385 energy: -51.5821
MCReject   xShift: 6.42366 crossingAngle: -34.991 axialRotation: -78.3342 zShift: 4.30385 energy: -51.8311
MCReject   xShift: 6.42511 crossingAngle: -34.834 axialRotation: -78.3342 zShift: 4.30385 energy: -51.8083
MCReject   xShift: 6.42366 crossingAngle: -34.834 axialRotation: -78.3342 zShift: 4.29904 energy: -51.8121
MCReject   xShift: 6.42366 crossingAngle: -34.834 axialRotation: -78.3342 zShift: 4.26303 energy: -51.7964
MCReject   xShift: 6.42366 crossingAngle: -34.7991 axialRotation: -78.3342 zShift: 4.30385 energy: -51.7914
MCReject   xShift: 6.42366 crossingAngle: -34.834 axialRotation: -78.2239 zShift: 4.30385 energy: -51.7017
MCReject   xShift: 6.39769 crossingAngle: -34.834 axialRotation: -78.3342 zShift: 4.30385 energy: -51.6358
MCReject   xShift: 6.40615 crossingAngle: -34.834 axialRotation: -78.3342 zShift: 4.30385 energy: -51.7058
MCReject   xShift: 6.42366 crossingAngle: -34.834 axialRotation: -78.3342 zShift: 4.27273 energy: -51.8147
MCReject   xShift: 6.42366 crossingAngle: -34.8657 axialRotation: -78.3342 zShift: 4.30385 energy: -51.8119
MCReject   xShift: 6.42366 crossingAngle: -35.0611 axialRotation: -78.3342 zShift: 4.30385 energy: -51.8435
MCReject   xShift: 6.40389 crossingAngle: -34.834 axialRotation: -78.3342 zShift: 4.30385 energy: -51.6887
MCReject   xShift: 6.42366 crossingAngle: -34.834 axialRotation: -78.3342 zShift: 4.33137 energy: -51.6986
MCReject   xShift: 6.42366 crossingAngle: -34.834 axialRotation: -77.8191 zShift: 4.30385 energy: -50.9071
MCAccept 120 xShift: 6.44006 crossingAngle: -34.834 axialRotation: -78.3342 zShift: 4.30385 energy: -51.8399
MCReject   xShift: 6.44006 crossingAngle: -34.9209 axialRotation: -78.3342 zShift: 4.30385 energy: -51.8562
MCReject   xShift: 6.44006 crossingAngle: -34.8634 axialRotation: -78.3342 zShift: 4.30385 energy: -51.8467
MCReject   xShift: 6.44712 crossingAngle: -34.834 axialRotation: -78.3342 zShift: 4.30385 energy: -51.8407
MCReject   xShift: 6.44006 crossingAngle: -34.834 axialRotation: -78.1209 zShift: 4.30385 energy: -51.6414
MCReject   xShift: 6.44006 crossingAngle: -34.814 axialRotation: -78.3342 zShift: 4.30385 energy: -51.8344
MCReject   xShift: 6.44006 crossingAngle: -34.834 axialRotation: -78.0867 zShift: 4.30385 energy: -51.598
MCReject   xShift: 6.44006 crossingAngle: -34.7575 axialRotation: -78.3342 zShift: 4.30385 energy: -51.8157
MCReject   xShift: 6.48654 crossingAngle: -34.834 axialRotation: -78.3342 zShift: 4.30385 energy: -51.7125
MCReject   xShift: 6.44006 crossingAngle: -34.9849 axialRotation: -78.3342 zShift: 4.30385 energy: -51.8623
MCReject   xShift: 6.44006 crossingAngle: -34.8545 axialRotation: -78.3342 zShift: 4.30385 energy: -51.8448
MCReject   xShift: 6.44006 crossingAngle: -34.834 axialRotation: -78.1305 zShift: 4.30385 energy: -51.6528
MCReject   xShift: 6.44006 crossingAngle: -35.0838 axialRotation: -78.3342 zShift: 4.30385 energy: -51.8743
MCReject   xShift: 6.44006 crossingAngle: -34.8142 axialRotation: -78.3342 zShift: 4.30385 energy: -51.8345
MCReject   xShift: 6.44006 crossingAngle: -34.7076 axialRotation: -78.3342 zShift: 4.30385 energy: -51.7948
MCReject   xShift: 6.44006 crossingAngle: -34.834 axialRotation: -78.3342 zShift: 4.2242 energy: -51.6643
MCReject   xShift: 6.44006 crossingAngle: -34.834 axialRotation: -78.3342 zShift: 4.29283 energy: -51.8526
MCReject   xShift: 6.42433 crossingAngle: -34.834 axialRotation: -78.3342 zShift: 4.30385 energy: -51.8055
MCReject   xShift: 6.44006 crossingAngle: -34.834 axialRotation: -78.3342 zShift: 4.28823 energy: -51.854
MCReject   xShift: 6.44006 crossingAngle: -34.6966 axialRotation: -78.3342 zShift: 4.30385 energy: -51.7897
MCReject   xShift: 6.44006 crossingAngle: -34.834 axialRotation: -78.3342 zShift: 4.36025 energy: -51.5584
MCReject   xShift: 6.44006 crossingAngle: -34.6474 axialRotation: -78.3342 zShift: 4.30385 energy: -51.7643
MCReject   xShift: 6.45229 crossingAngle: -34.834 axialRotation: -78.3342 zShift: 4.30385 energy: -51.8359
MCReject   xShift: 6.44006 crossingAngle: -34.834 axialRotation: -78.1884 zShift: 4.30385 energy: -51.7173
MCReject   xShift: 6.44006 crossingAngle: -34.834 axialRotation: -78.3342 zShift: 4.28059 energy: -51.8511
MCReject   xShift: 6.44006 crossingAngle: -34.834 axialRotation: -78.3342 zShift: 4.27077 energy: -51.8382
MCReject   xShift: 6.44006 crossingAngle: -34.8948 axialRotation: -78.3342 zShift: 4.30385 energy: -51.8526
MCReject   xShift: 6.44006 crossingAngle: -34.834 axialRotation: -78.3403 zShift: 4.30385 energy: -51.8438
MCReject   xShift: 6.44006 crossingAngle: -34.834 axialRotation: -78.0712 zShift: 4.30385 energy: -51.5772
MCReject   xShift: 6.44006 crossingAngle: -34.9832 axialRotation: -78.3342 zShift: 4.30385 energy: -51.862
MCReject   xShift: 6.44006 crossingAngle: -34.834 axialRotation: -78.3342 zShift: 4.27934 energy: -51.8501
MCReject   xShift: 6.44006 crossingAngle: -34.7243 axialRotation: -78.3342 zShift: 4.30385 energy: -51.8023
MCReject   xShift: 6.44006 crossingAngle: -34.834 axialRotation: -78.3342 zShift: 4.25814 energy: -51.8133
MCReject   xShift: 6.44006 crossingAngle: -34.8084 axialRotation: -78.3342 zShift: 4.30385 energy: -51.8328
MCReject   xShift: 6.44006 crossingAngle: -34.834 axialRotation: -78.3342 zShift: 4.32802 energy: -51.7645
MCReject   xShift: 6.44006 crossingAngle: -34.834 axialRotation: -78.3342 zShift: 4.31035 energy: -51.8261
MCReject   xShift: 6.4095 crossingAngle: -34.834 axialRotation: -78.3342 zShift: 4.30385 energy: -51.5344
MCReject   xShift: 6.4138 crossingAngle: -34.834 axialRotation: -78.3342 zShift: 4.30385 energy: -51.756
MCReject   xShift: 6.42767 crossingAngle: -34.834 axialRotation: -78.3342 zShift: 4.30385 energy: -51.8167
MCReject   xShift: 6.44006 crossingAngle: -34.834 axialRotation: -78.3342 zShift: 4.29946 energy: -51.8466
MCReject   xShift: 6.44006 crossingAngle: -34.834 axialRotation: -78.3342 zShift: 4.31509 energy: -51.813
MCReject   xShift: 6.44885 crossingAngle: -34.834 axialRotation: -78.3342 zShift: 4.30385 energy: -51.8396
MCReject   xShift: 6.44006 crossingAngle: -34.936 axialRotation: -78.3342 zShift: 4.30385 energy: -51.8579
MCReject   xShift: 6.44006 crossingAngle: -34.834 axialRotation: -78.3342 zShift: 4.34826 energy: -51.6496
MCReject   xShift: 6.44006 crossingAngle: -34.9694 axialRotation: -78.3342 zShift: 4.30385 energy: -51.8604
MCReject   xShift: 6.44006 crossingAngle: -34.834 axialRotation: -78.2531 zShift: 4.30385 energy: -51.7785
MCReject   xShift: 6.44006 crossingAngle: -34.652 axialRotation: -78.3342 zShift: 4.30385 energy: -51.7668
MCReject   xShift: 6.42876 crossingAngle: -34.834 axialRotation: -78.3342 zShift: 4.30385 energy: -51.8199
MCReject   xShift: 6.44006 crossingAngle: -34.834 axialRotation: -78.3342 zShift: 4.29289 energy: -51.8526
MCReject   xShift: 6.44006 crossingAngle: -34.834 axialRotation: -78.3342 zShift: 4.29171 energy: -51.8531
MCReject   xShift: 6.44006 crossingAngle: -34.6854 axialRotation: -78.3342 zShift: 4.30385 energy: -51.7842
MCReject   xShift: 6.44006 crossingAngle: -34.8637 axialRotation: -78.3342 zShift: 4.30385 energy: -51.8468
MCReject   xShift: 6.44006 crossingAngle: -34.834 axialRotation: -78.7628 zShift: 4.30385 energy: -51.8954
MCReject   xShift: 6.44006 crossingAngle: -34.834 axialRotation: -78.3342 zShift: 4.30145 energy: -51.8438
MCReject   xShift: 6.44006 crossingAngle: -34.834 axialRotation: -78.402 zShift: 4.30385 energy: -51.8783
MCReject   xShift: 6.44006 crossingAngle: -34.834 axialRotation: -78.3342 zShift: 4.31419 energy: -51.8157
MCReject   xShift: 6.4523 crossingAngle: -34.834 axialRotation: -78.3342 zShift: 4.30385 energy: -51.6942
MCReject   xShift: 6.44006 crossingAngle: -34.5676 axialRotation: -78.3342 zShift: 4.30385 energy: -51.7144
MCReject   xShift: 6.44006 crossingAngle: -34.9221 axialRotation: -78.3342 zShift: 4.30385 energy: -51.8564
MCReject   xShift: 6.44006 crossingAngle: -34.834 axialRotation: -78.3158 zShift: 4.30385 energy: -51.8274
MCReject   xShift: 6.44006 crossingAngle: -34.834 axialRotation: -78.2166 zShift: 4.30385 energy: -51.7453
MCReject   xShift: 6.44006 crossingAngle: -34.834 axialRotation: -77.8987 zShift: 4.30385 energy: -51.3061
MCReject   xShift: 6.44006 crossingAngle: -34.834 axialRotation: -78.3342 zShift: 4.32695 energy: -51.7693
MCReject   xShift: 6.44006 crossingAngle: -34.834 axialRotation: -77.7165 zShift: 4.30385 energy: -50.9407
MCReject   xShift: 6.44006 crossingAngle: -34.834 axialRotation: -77.8681 zShift: 4.30385 energy: -51.2527
MCReject   xShift: 6.44006 crossingAngle: -34.834 axialRotation: -78.3342 zShift: 4.33959 energy: -51.7047
MCReject   xShift: 6.44006 crossingAngle: -34.731 axialRotation: -78.3342 zShift: 4.30385 energy: -51.8051
MCReject   xShift: 6.41875 crossingAngle: -34.834 axialRotation: -78.3342 zShift: 4.30385 energy: -51.7821
MCReject   xShift: 6.45246 crossingAngle: -34.834 axialRotation: -78.3342 zShift: 4.30385 energy: -51.8357
MCReject   xShift: 6.44006 crossingAngle: -34.834 axialRotation: -78.3342 zShift: 4.32245 energy: -51.7878
MCReject   xShift: 6.44998 crossingAngle: -34.834 axialRotation: -78.3342 zShift: 4.30385 energy: -51.8386
MCReject   xShift: 6.44006 crossingAngle: -34.8308 axialRotation: -78.3342 zShift: 4.30385 energy: -51.8391
MCReject   xShift: 6.49727 crossingAngle: -34.834 axialRotation: -78.3342 zShift: 4.30385 energy: -51.6524
MCReject   xShift: 6.44006 crossingAngle: -34.834 axialRotation: -78.3342 zShift: 4.31549 energy: -51.8118
MCReject   xShift: 6.51238 crossingAngle: -34.834 axialRotation: -78.3342 zShift: 4.30385 energy: -51.5393
MCReject   xShift: 6.44006 crossingAngle: -35.0613 axialRotation: -78.3342 zShift: 4.30385 energy: -51.8731
MCReject   xShift: 6.38541 crossingAngle: -34.834 axialRotation: -78.3342 zShift: 4.30385 energy: -51.505
MCReject   xShift: 6.44006 crossingAngle: -34.834 axialRotation: -78.3342 zShift: 4.33949 energy: -51.7053
MCReject   xShift: 6.44006 crossingAngle: -34.5096 axialRotation: -78.3342 zShift: 4.30385 energy: -51.6712
MCReject   xShift: 6.44006 crossingAngle: -34.834 axialRotation: -78.3039 zShift: 4.30385 energy: -51.819
MCReject   xShift: 6.44006 crossingAngle: -34.834 axialRotation: -78.3342 zShift: 4.26911 energy: -51.835
MCReject   xShift: 6.44006 crossingAngle: -34.834 axialRotation: -78.4673 zShift: 4.30385 energy: -51.9046
MCReject   xShift: 6.40249 crossingAngle: -34.834 axialRotation: -78.3342 zShift: 4.30385 energy: -51.6775
MCReject   xShift: 6.44006 crossingAngle: -34.834 axialRotation: -78.2031 zShift: 4.30385 energy: -51.7322
MCReject   xShift: 6.44006 crossingAngle: -34.834 axialRotation: -78.3342 zShift: 4.31009 energy: -51.8267
MCReject   xShift: 6.44006 crossingAngle: -34.834 axialRotation: -78.3342 zShift: 4.29787 energy: -51.8484
MCReject   xShift: 6.44006 crossingAngle: -34.834 axialRotation: -78.7023 zShift: 4.30385 energy: -51.9142
MCReject   xShift: 6.44006 crossingAngle: -34.6343 axialRotation: -78.3342 zShift: 4.30385 energy: -51.7568
MCReject   xShift: 6.44006 crossingAngle: -34.7957 axialRotation: -78.3342 zShift: 4.30385 energy: -51.8289
MCReject   xShift: 6.44006 crossingAngle: -34.834 axialRotation: -78.1765 zShift: 4.30385 energy: -51.7048
MCReject   xShift: 6.46426 crossingAngle: -34.834 axialRotation: -78.3342 zShift: 4.30385 energy: -51.8076
MCReject   xShift: 6.41125 crossingAngle: -34.834 axialRotation: -78.3342 zShift: 4.30385 energy: -51.7407
MCReject   xShift: 6.44006 crossingAngle: -34.834 axialRotation: -78.511 zShift: 4.30385 energy: -51.9163
MCReject   xShift: 6.44006 crossingAngle: -34.834 axialRotation: -78.3342 zShift: 4.31892 energy: -51.8006
MCReject   xShift: 6.44006 crossingAngle: -34.834 axialRotation: -77.8752 zShift: 4.30385 energy: -51.2655
MCReject   xShift: 6.40944 crossingAngle: -34.834 axialRotation: -78.3342 zShift: 4.30385 energy: -51.7289
MCReject   xShift: 6.44006 crossingAngle: -34.834 axialRotation: -78.3342 zShift: 4.29096 energy: -51.8534
MCReject   xShift: 6.44006 crossingAngle: -34.8167 axialRotation: -78.3342 zShift: 4.30385 energy: -51.8352
MCReject   xShift: 6.44006 crossingAngle: -34.6795 axialRotation: -78.3342 zShift: 4.30385 energy: -51.6375
MCReject   xShift: 6.44006 crossingAngle: -34.881 axialRotation: -78.3342 zShift: 4.30385 energy: -51.8502
MCReject   xShift: 6.44006 crossingAngle: -34.834 axialRotation: -78.3342 zShift: 4.32295 energy: -51.7858
MCReject   xShift: 6.44006 crossingAngle: -34.834 axialRotation: -78.3342 zShift: 4.30399 energy: -51.8396
MCReject   xShift: 6.44006 crossingAngle: -34.834 axialRotation: -78.3342 zShift: 4.33724 energy: -51.7182
MCReject   xShift: 6.44006 crossingAngle: -34.7108 axialRotation: -78.3342 zShift: 4.30385 energy: -51.6501
MCReject   xShift: 6.44006 crossingAngle: -34.834 axialRotation: -78.3342 zShift: 4.30432 energy: -51.839
MCReject   xShift: 6.44006 crossingAngle: -34.9272 axialRotation: -78.3342 zShift: 4.30385 energy: -51.857
MCReject   xShift: 6.4329 crossingAngle: -34.834 axialRotation: -78.3342 zShift: 4.30385 energy: -51.8299
MCReject   xShift: 6.44006 crossingAngle: -35.018 axialRotation: -78.3342 zShift: 4.30385 energy: -51.6973
MCReject   xShift: 6.41325 crossingAngle: -34.834 axialRotation: -78.3342 zShift: 4.30385 energy: -51.7528
MCReject   xShift: 6.44006 crossingAngle: -34.802 axialRotation: -78.3342 zShift: 4.30385 energy: -51.6776
MCReject   xShift: 6.44006 crossingAngle: -34.834 axialRotation: -78.3342 zShift: 4.3071 energy: -51.8336
MCReject   xShift: 6.44006 crossingAngle: -34.834 axialRotation: -78.4441 zShift: 4.30385 energy: -51.8964
MCReject   xShift: 6.39589 crossingAngle: -34.834 axialRotation: -78.3342 zShift: 4.30385 energy: -51.6188
MCReject   xShift: 6.44804 crossingAngle: -34.834 axialRotation: -78.3342 zShift: 4.30385 energy: -51.8402
MCReject   xShift: 6.44006 crossingAngle: -34.834 axialRotation: -78.845 zShift: 4.30385 energy: -51.8556
MCReject   xShift: 6.42988 crossingAngle: -34.834 axialRotation: -78.3342 zShift: 4.30385 energy: -51.8229
MCReject   xShift: 6.44006 crossingAngle: -34.8267 axialRotation: -78.3342 zShift: 4.30385 energy: -51.838
MCReject   xShift: 6.44006 crossingAngle: -34.834 axialRotation: -78.3342 zShift: 4.33276 energy: -51.7419
MCReject   xShift: 6.4238 crossingAngle: -34.834 axialRotation: -78.3342 zShift: 4.30385 energy: -51.8036
MCReject   xShift: 6.44006 crossingAngle: -34.834 axialRotation: -78.3342 zShift: 4.3019 energy: -51.8431
MCReject   xShift: 6.44204 crossingAngle: -34.834 axialRotation: -78.3342 zShift: 4.30385 energy: -51.6876
MCReject   xShift: 6.45229 crossingAngle: -34.834 axialRotation: -78.3342 zShift: 4.30385 energy: -51.8359
MCReject   xShift: 6.44006 crossingAngle: -34.834 axialRotation: -78.3342 zShift: 4.29552 energy: -51.8507
MCReject   xShift: 6.41506 crossingAngle: -34.834 axialRotation: -78.3342 zShift: 4.30385 energy: -51.7631
MCReject   xShift: 6.44006 crossingAngle: -34.834 axialRotation: -78.0524 zShift: 4.30385 energy: -51.5512
MCReject   xShift: 6.44006 crossingAngle: -34.834 axialRotation: -78.3342 zShift: 4.31432 energy: -51.8153
MCReject   xShift: 6.44006 crossingAngle: -34.834 axialRotation: -78.3342 zShift: 4.29022 energy: -51.8537
MCReject   xShift: 6.44006 crossingAngle: -34.834 axialRotation: -78.7652 zShift: 4.30385 energy: -51.8945
MCReject   xShift: 6.4388 crossingAngle: -34.834 axialRotation: -78.3342 zShift: 4.30385 energy: -51.8388
MCReject   xShift: 6.44006 crossingAngle: -34.834 axialRotation: -78.4595 zShift: 4.30385 energy: -51.7285
MCReject   xShift: 6.44006 crossingAngle: -34.834 axialRotation: -78.3342 zShift: 4.30091 energy: -51.8446
MCReject   xShift: 6.44006 crossingAngle: -34.834 axialRotation: -78.0586 zShift: 4.30385 energy: -51.5599
MCReject   xShift: 6.40688 crossingAngle: -34.834 axialRotation: -78.3342 zShift: 4.30385 energy: -51.7112
MCReject   xShift: 6.44006 crossingAngle: -34.4941 axialRotation: -78.3342 zShift: 4.30385 energy: -51.6586
MCReject   xShift: 6.45618 crossingAngle: -34.834 axialRotation: -78.3342 zShift: 4.30385 energy: -51.8293
MCReject   xShift: 6.44006 crossingAngle: -34.6371 axialRotation: -78.3342 zShift: 4.30385 energy: -51.7584
MCReject   xShift: 6.44006 crossingAngle: -34.834 axialRotation: -78.3342 zShift: 4.32869 energy: -51.7615
MCReject   xShift: 6.44006 crossingAngle: -34.7798 axialRotation: -78.3342 zShift: 4.30385 energy: -51.8237
MCReject   xShift: 6.41456 crossingAngle: -34.834 axialRotation: -78.3342 zShift: 4.30385 energy: -51.7603
MCReject   xShift: 6.44006 crossingAngle: -34.834 axialRotation: -78.4942 zShift: 4.30385 energy: -51.9124
MCReject   xShift: 6.44006 crossingAngle: -34.834 axialRotation: -78.3342 zShift: 4.2993 energy: -51.8468
MCReject   xShift: 6.44006 crossingAngle: -34.834 axialRotation: -78.3342 zShift: 4.31754 energy: -51.8053
MCReject   xShift: 6.44006 crossingAngle: -34.9641 axialRotation: -78.3342 zShift: 4.30385 energy: -51.8601
MCReject   xShift: 6.44006 crossingAngle: -34.834 axialRotation: -78.5562 zShift: 4.30385 energy: -51.9237
MCReject   xShift: 6.44006 crossingAngle: -34.834 axialRotation: -78.3342 zShift: 4.27777 energy: -51.8485
MCReject   xShift: 6.44006 crossingAngle: -34.9379 axialRotation: -78.3342 zShift: 4.30385 energy: -51.8581
MCReject   xShift: 6.44006 crossingAngle: -34.8989 axialRotation: -78.3342 zShift: 4.30385 energy: -51.8532
MCReject   xShift: 6.44006 crossingAngle: -34.8208 axialRotation: -78.3342 zShift: 4.30385 energy: -51.8363
End Repack Cycles

***REPACK GEOMETRY***
xShift;        Before: 6.49963; After: 6.44006
crossingAngle; Before: -36.2235; After: -34.834
axialRotation; Before: -78.3342; After: -78.3342
zShift;        Before: 3.86766; After: 4.30385

axialRotationPrime; Before: 41.6113; After: 44.8423
zShiftPrime;        Before: 2.99183; After: 3.47648

Energy;        Before: -40.6481; After: -51.8399

Completed all cycles. Accepted 175/393
Monte Carlo repack complete. Time: 122.333min

