03_03_2023
Self Consistent Mean Field Start Time: Fri Mar  3 01:00:37 2023
Elapsed time of program: 0.311min

Running Self Consistent Mean Field
Initial Sequence:   LLLGYLLGTLLGYLLGTLILI
Best Sequence:      LLLGYLLGTLLGYLLGTLILI
Interface Sequence: L--GY--GT-LGY-LGT--L-
Total Energy:       -28.9
VDW:                -58.3
HBOND:              -81.8
Self Consistent Mean Field End Time: Fri Mar  3 01:53:35 2023
Elapsed time of program: 53.3min

Monte Carlo Sequence Search Replicate 0 Start Time: Fri Mar  3 01:53:42 2023
Elapsed time of program: 53.4min

  - SelfPairManager energy calculation 0 Start Time: Fri Mar  3 01:53:55 2023
Elapsed time of program: 53.6min

  - SelfPairManager energy calculation 0 End Time: Fri Mar  3 01:54:34 2023
Elapsed time of program: 54.3min

- End monte carlo sequence search #0: 70.6min; Monte Carlo ended at Temp: 0.547

- Best Sequence: LLLAYLLGVLLGLLLAFLILI; Energy w/ baseline: -12.4
Monte Carlo Sequence Search Replicate 0 End Time: Fri Mar  3 03:05:12 2023
Elapsed time of program: 125min

Compute Monomer Energy Start Time: Fri Mar  3 03:05:37 2023
Elapsed time of program: 125min

-Dimer - Monomer = -346 - -334 = -12.1
Compute Monomer Energy End Time: Fri Mar  3 03:09:35 2023
Elapsed time of program: 129min

Backbone optimize replicate 0 Start Time: Fri Mar  3 03:09:35 2023
Elapsed time of program: 129min

Backbone optimize replicate 0 End Time: Fri Mar  3 06:29:56 2023
Elapsed time of program: 330min

Monte Carlo Sequence Search Replicate 1 Start Time: Fri Mar  3 06:29:57 2023
Elapsed time of program: 330min

  - SelfPairManager energy calculation 1 Start Time: Fri Mar  3 06:30:14 2023
Elapsed time of program: 330min

  - SelfPairManager energy calculation 1 End Time: Fri Mar  3 06:31:00 2023
Elapsed time of program: 331min

- End monte carlo sequence search #1: 76min; Monte Carlo ended at Temp: 0.547

- Best Sequence: LLLAYLLGTLLGFLLSLLILI; Energy w/ baseline: -25.8
Monte Carlo Sequence Search Replicate 1 End Time: Fri Mar  3 07:47:02 2023
Elapsed time of program: 407min

Compute Monomer Energy Start Time: Fri Mar  3 07:47:28 2023
Elapsed time of program: 407min

-Dimer - Monomer = -372 - -355 = -16.9
Compute Monomer Energy End Time: Fri Mar  3 07:52:26 2023
Elapsed time of program: 412min

Backbone optimize replicate 1 Start Time: Fri Mar  3 07:52:26 2023
Elapsed time of program: 412min

Backbone optimize replicate 1 End Time: Fri Mar  3 11:35:25 2023
Elapsed time of program: 635min

Monte Carlo Sequence Search Replicate 2 Start Time: Fri Mar  3 11:35:26 2023
Elapsed time of program: 635min

  - SelfPairManager energy calculation 2 Start Time: Fri Mar  3 11:35:42 2023
Elapsed time of program: 635min

  - SelfPairManager energy calculation 2 End Time: Fri Mar  3 11:36:29 2023
Elapsed time of program: 636min

- End monte carlo sequence search #2: 67.5min; Monte Carlo ended at Temp: 0.547

- Best Sequence: LLLAFLLGTLLGLLLSVLILI; Energy w/ baseline: -26.4
Monte Carlo Sequence Search Replicate 2 End Time: Fri Mar  3 12:44:02 2023
Elapsed time of program: 704min

Compute Monomer Energy Start Time: Fri Mar  3 12:44:25 2023
Elapsed time of program: 704min

-Dimer - Monomer = -381 - -359 = -21.9
Compute Monomer Energy End Time: Fri Mar  3 12:47:20 2023
Elapsed time of program: 707min

Backbone optimize replicate 2 Start Time: Fri Mar  3 12:47:20 2023
Elapsed time of program: 707min

Backbone optimize replicate 2 End Time: Fri Mar  3 15:40:24 2023
Elapsed time of program: 880min

Monte Carlo Sequence Search Replicate 3 Start Time: Fri Mar  3 15:40:25 2023
Elapsed time of program: 880min

  - SelfPairManager energy calculation 3 Start Time: Fri Mar  3 15:40:41 2023
Elapsed time of program: 880min

  - SelfPairManager energy calculation 3 End Time: Fri Mar  3 15:41:25 2023
Elapsed time of program: 881min

- End monte carlo sequence search #3: 61.9min; Monte Carlo ended at Temp: 0.547

- Best Sequence: LLLALLLGTLLGFLLSILILI; Energy w/ baseline: -27.3
Monte Carlo Sequence Search Replicate 3 End Time: Fri Mar  3 16:43:16 2023
Elapsed time of program: 943min

Compute Monomer Energy Start Time: Fri Mar  3 16:43:38 2023
Elapsed time of program: 943min

-Dimer - Monomer = -386 - -364 = -21.7
Compute Monomer Energy End Time: Fri Mar  3 16:46:45 2023
Elapsed time of program: 946min

Backbone optimize replicate 3 Start Time: Fri Mar  3 16:46:45 2023
Elapsed time of program: 946min

Backbone optimize replicate 3 End Time: Fri Mar  3 19:01:45 2023
Elapsed time of program: 1.08e+03min

Monte Carlo Sequence Search Replicate 4 Start Time: Fri Mar  3 19:01:46 2023
Elapsed time of program: 1.08e+03min

  - SelfPairManager energy calculation 4 Start Time: Fri Mar  3 19:02:02 2023
Elapsed time of program: 1.08e+03min

  - SelfPairManager energy calculation 4 End Time: Fri Mar  3 19:02:44 2023
Elapsed time of program: 1.08e+03min

- End monte carlo sequence search #4: 56.3min; Monte Carlo ended at Temp: 0.547

- Best Sequence: LLLAVLLGTLLGLLLSFLILI; Energy w/ baseline: -30.8
Monte Carlo Sequence Search Replicate 4 End Time: Fri Mar  3 19:59:04 2023
Elapsed time of program: 1.14e+03min

Compute Monomer Energy Start Time: Fri Mar  3 19:59:28 2023
Elapsed time of program: 1.14e+03min

-Dimer - Monomer = -383 - -362 = -21.1
Compute Monomer Energy End Time: Fri Mar  3 20:02:17 2023
Elapsed time of program: 1.14e+03min

Backbone optimize replicate 4 Start Time: Fri Mar  3 20:02:17 2023
Elapsed time of program: 1.14e+03min

Backbone optimize replicate 4 End Time: Fri Mar  3 21:58:49 2023
Elapsed time of program: 1.26e+03min

Sequence,RotamerValues,Interface,InterfaceSequence,Seed,Density,Baseline,Dimer,Dimerw/Baseline,HBONDDimer,HBONDDimerOptimize,HBONDDimerPreOptimize,HBONDMonomer,IMM1Dimer,IMM1DimerOptimize,IMM1DimerPreOptimize,IMM1Monomer,Monomer,MonomerSasa,OptimizeSasa,PreBBOptimizeSasa,SequenceEntropy,SequenceProbability,Total,TotalPreOptimize,Totalw/Entropy,VDWDimer,VDWDimerOptimize,VDWDimerPreOptimize,VDWMonomer,acceptCycleNumber,acceptTemp,endAxialRotation,endAxialRotationPrime,endCrossingAngle,endXShift,endZShift,endZShiftPrime,firstRepackEnergy,preOptimizeAxialRotation,preOptimizeAxialRotationPrime,preOptimizeCrossingAngle,preOptimizeEnergy,preOptimizeXShift,preOptimizeZShift,preOptimizeZShiftPrime,preRepackTotal,replicateNumber,startAxialRotation,startAxialRotationPrime,startCrossingAngle,startXShift,startZShift,startZShiftPrime,
LLLAFLLGTLLGLLLSVLILI,133002200310031003212,000110011001100110000,L--AF--GT-LGL-LSV--L-,1.67783e+09,0.98,354.63,-380.989,-26.359,-84.9885,-79.3771,-84.8498,-74.2355,-214.927,-215.955,-214.918,-236.9,-359.061,4462.59,3566.54,3525.28,48.8354,0.000261463,-31.4308,-21.7987,22.4764,-81.0736,-95.1596,-81.0915,-47.9256,465,177.29,-91.43,48.2927,-41.6865,6.46984,6.73401,5.9584,-28.4349,-91.43,48.2927,-40.8499,-21.7987,6.65426,6.73401,5.9584,-21.9278,2,-91.43,48.2927,-36.5962,7.0472,6.73401,5.9584,
LLLALLLGTLLGFLLSILILI,133002200310031003212,000110011001100110000,L--AL--GT-LGF-LSI--L-,1.67783e+09,0.98,358.62,-385.873,-27.2532,-79.3445,-81.6743,-79.2075,-74.1954,-217.695,-218.405,-217.688,-238.242,-364.193,4419.99,3628.95,3526.62,49.0751,0.000251088,-33.1784,-21.5529,21.8219,-88.8337,-97.2919,-88.8511,-51.7558,486,10.291,-91.43,48.2927,-43.1035,6.34026,6.73401,5.9584,-28.5098,-91.43,48.2927,-41.6865,-21.5529,6.46984,6.73401,5.9584,-21.6795,3,-91.43,48.2927,-36.5962,7.0472,6.73401,5.9584,
LLLAVLLGTLLGLLLSFLILI,133002200310031003212,000110011001100110000,L--AV--GT-LGL-LSF--L-,1.67783e+09,0.98,352.381,-383.193,-30.8114,-80.2173,-82.21,-80.0785,-74.2355,-214.71,-215.097,-214.702,-236.634,-362.092,4378.67,3676.41,3571.69,48.8354,0.000261463,-32.3507,-20.9725,18.024,-88.2657,-97.1349,-88.2831,-51.2221,452,563.509,-91.43,48.2927,-44.327,6.35708,6.73401,5.9584,-28.727,-91.43,48.2927,-43.1035,-20.9725,6.34026,6.73401,5.9584,-21.101,4,-91.43,48.2927,-36.5962,7.0472,6.73401,5.9584,
LLLAYLLGTLLGFLLSLLILI,133002200310031003212,000110011001100110000,L--AY--GT-LGF-LSL--L-,1.67783e+09,0.98,346.316,-372.129,-25.8129,-84.4169,-86.3689,-84.2777,-74.1954,-218.561,-220.071,-218.552,-243.976,-355.217,4526.76,3669.96,3556.03,54.4266,0.00010168,-28.4036,-16.7834,28.6137,-69.1518,-77.1807,-69.1705,-37.0451,462,361.194,-91.43,48.2927,-40.8499,6.65426,6.73401,5.9584,-23.3943,-91.43,48.2927,-39.0654,-16.7834,6.84736,6.73401,5.9584,-16.9126,1,-91.43,48.2927,-36.5962,7.0472,6.73401,5.9584,
LLLAYLLGVLLGLLLAFLILI,133002200310031003212,000110011001100110000,L--AY--GV-LGL-LAF--L-,1.67783e+09,0.98,333.799,-346.219,-12.4201,-54.235,-55.1542,-54.0258,-45.1579,-215.208,-217.129,-215.199,-241.799,-334.107,4521.99,3658.12,3518.44,50.7215,0.000190128,-23.2275,-11.9174,38.3014,-76.7757,-85.051,-76.7989,-47.1495,491,162.201,-91.43,48.2927,-39.0654,6.84736,6.73401,5.9584,-18.5213,-91.43,48.2927,-36.5962,-11.9174,7.0472,6.73401,5.9584,-12.1121,0,-91.43,48.2927,-36.5962,7.0472,6.73401,5.9584,
Total Time: 1259 minutes
