***STARTING GEOMETRY***
xShift;        Before: 6.40963; After: 6.40963
crossingAngle; Before: -37.7218; After: -37.7218
axialRotation; Before: -90.0074; After: -90.0074
zShift;        Before: 5.05139; After: 5.05139

axialRotationPrime; Before: 37.4095; After: 37.4095
zShiftPrime;        Before: 4.11253; After: 4.11253

Starting Repack Cycles
MCAccept 0 xShift: 6.40963 crossingAngle: -37.7218 axialRotation: -90.0074 zShift: 4.97968 energy: -29.9293
MCAccept 1 xShift: 6.41213 crossingAngle: -37.7218 axialRotation: -90.0074 zShift: 4.97968 energy: -29.9311
MCAccept 2 xShift: 6.41213 crossingAngle: -38.1676 axialRotation: -90.0074 zShift: 4.97968 energy: -29.7225
MCAccept 3 xShift: 6.41213 crossingAngle: -37.7817 axialRotation: -90.0074 zShift: 4.97968 energy: -29.9151
MCReject   xShift: 6.4827 crossingAngle: -37.7817 axialRotation: -90.0074 zShift: 4.97968 energy: -29.0586
MCAccept 4 xShift: 6.41213 crossingAngle: -38.0412 axialRotation: -90.0074 zShift: 4.97968 energy: -29.8105
MCAccept 5 xShift: 6.41213 crossingAngle: -38.1412 axialRotation: -90.0074 zShift: 4.97968 energy: -29.4909
MCAccept 6 xShift: 6.41213 crossingAngle: -38.415 axialRotation: -90.0074 zShift: 4.97968 energy: -29.5864
MCAccept 7 xShift: 6.41213 crossingAngle: -38.415 axialRotation: -90.0074 zShift: 5.03263 energy: -29.1518
MCAccept 8 xShift: 6.41213 crossingAngle: -38.7886 axialRotation: -90.0074 zShift: 5.03263 energy: -29.081
MCAccept 9 xShift: 6.36728 crossingAngle: -38.7886 axialRotation: -90.0074 zShift: 5.03263 energy: -29.5448
MCAccept 10 xShift: 6.32012 crossingAngle: -38.7886 axialRotation: -90.0074 zShift: 5.03263 energy: -29.6523
MCAccept 11 xShift: 6.27469 crossingAngle: -38.7886 axialRotation: -90.0074 zShift: 5.03263 energy: -29.3829
MCAccept 12 xShift: 6.27469 crossingAngle: -38.7886 axialRotation: -90.0074 zShift: 5.11625 energy: -28.3932
MCReject   xShift: 6.27469 crossingAngle: -38.7886 axialRotation: -90.4153 zShift: 5.11625 energy: -27.1599
MCAccept 13 xShift: 6.30265 crossingAngle: -38.7886 axialRotation: -90.0074 zShift: 5.11625 energy: -28.6474
MCAccept 14 xShift: 6.30265 crossingAngle: -38.7886 axialRotation: -90.0074 zShift: 5.12474 energy: -28.8547
MCAccept 15 xShift: 6.30265 crossingAngle: -38.8266 axialRotation: -90.0074 zShift: 5.12474 energy: -28.456
MCAccept 16 xShift: 6.30265 crossingAngle: -38.7467 axialRotation: -90.0074 zShift: 5.12474 energy: -28.8619
MCAccept 17 xShift: 6.32367 crossingAngle: -38.7467 axialRotation: -90.0074 zShift: 5.12474 energy: -28.917
MCAccept 18 xShift: 6.32367 crossingAngle: -38.3821 axialRotation: -90.0074 zShift: 5.12474 energy: -28.7964
MCAccept 19 xShift: 6.32367 crossingAngle: -38.3359 axialRotation: -90.0074 zShift: 5.12474 energy: -29.0873
MCAccept 20 xShift: 6.32367 crossingAngle: -38.5856 axialRotation: -90.0074 zShift: 5.12474 energy: -28.7085
MCAccept 21 xShift: 6.32367 crossingAngle: -38.5856 axialRotation: -90.0074 zShift: 5.1399 energy: -28.786
MCReject   xShift: 6.27668 crossingAngle: -38.5856 axialRotation: -90.0074 zShift: 5.1399 energy: -27.9607
MCAccept 22 xShift: 6.32367 crossingAngle: -38.5856 axialRotation: -90.0074 zShift: 5.09409 energy: -29.0794
MCAccept 23 xShift: 6.29076 crossingAngle: -38.5856 axialRotation: -90.0074 zShift: 5.09409 energy: -28.7869
MCAccept 24 xShift: 6.29076 crossingAngle: -38.9394 axialRotation: -90.0074 zShift: 5.09409 energy: -28.6937
MCAccept 25 xShift: 6.29076 crossingAngle: -38.9394 axialRotation: -90.0074 zShift: 5.23219 energy: -26.5702
MCAccept 26 xShift: 6.37644 crossingAngle: -38.9394 axialRotation: -90.0074 zShift: 5.23219 energy: -26.2895
MCAccept 27 xShift: 6.37644 crossingAngle: -38.9394 axialRotation: -90.0074 zShift: 5.20698 energy: -26.7336
MCAccept 28 xShift: 6.46388 crossingAngle: -38.9394 axialRotation: -90.0074 zShift: 5.20698 energy: -26.4174
MCAccept 29 xShift: 6.47591 crossingAngle: -38.9394 axialRotation: -90.0074 zShift: 5.20698 energy: -26.3106
MCAccept 30 xShift: 6.47591 crossingAngle: -39.6037 axialRotation: -90.0074 zShift: 5.20698 energy: -26.0991
MCAccept 31 xShift: 6.44383 crossingAngle: -39.6037 axialRotation: -90.0074 zShift: 5.20698 energy: -26.3702
MCAccept 32 xShift: 6.44383 crossingAngle: -40.0488 axialRotation: -90.0074 zShift: 5.20698 energy: -26.1648
MCAccept 33 xShift: 6.44383 crossingAngle: -40.0488 axialRotation: -90.0074 zShift: 5.2439 energy: -25.4127
MCAccept 34 xShift: 6.43794 crossingAngle: -40.0488 axialRotation: -90.0074 zShift: 5.2439 energy: -25.8118
MCAccept 35 xShift: 6.43794 crossingAngle: -40.0488 axialRotation: -90.0074 zShift: 5.2111 energy: -26.1638
MCAccept 36 xShift: 6.40654 crossingAngle: -40.0488 axialRotation: -90.0074 zShift: 5.2111 energy: -26.3912
MCAccept 37 xShift: 6.40654 crossingAngle: -39.5006 axialRotation: -90.0074 zShift: 5.2111 energy: -26.2168
MCAccept 38 xShift: 6.40654 crossingAngle: -39.4641 axialRotation: -90.0074 zShift: 5.2111 energy: -26.5573
MCReject   xShift: 6.40654 crossingAngle: -39.4641 axialRotation: -90.2048 zShift: 5.2111 energy: -26.126
MCAccept 39 xShift: 6.40654 crossingAngle: -39.4641 axialRotation: -90.0074 zShift: 5.1934 energy: -26.7583
MCAccept 40 xShift: 6.37897 crossingAngle: -39.4641 axialRotation: -90.0074 zShift: 5.1934 energy: -26.8756
MCAccept 41 xShift: 6.34911 crossingAngle: -39.4641 axialRotation: -90.0074 zShift: 5.1934 energy: -26.8744
MCReject   xShift: 6.34911 crossingAngle: -39.4641 axialRotation: -90.0074 zShift: 5.21633 energy: -26.5517
MCAccept 42 xShift: 6.34911 crossingAngle: -39.1787 axialRotation: -90.0074 zShift: 5.1934 energy: -26.9735
MCAccept 43 xShift: 6.34911 crossingAngle: -39.4386 axialRotation: -90.0074 zShift: 5.1934 energy: -26.5823
MCReject   xShift: 6.34911 crossingAngle: -39.4386 axialRotation: -90.0074 zShift: 5.20437 energy: -26.7305
MCAccept 44 xShift: 6.34911 crossingAngle: -39.4386 axialRotation: -90.0074 zShift: 5.16271 energy: -27.2377
MCAccept 45 xShift: 6.34911 crossingAngle: -39.3951 axialRotation: -90.0074 zShift: 5.16271 energy: -27.6221
MCReject   xShift: 6.34911 crossingAngle: -39.3951 axialRotation: -90.1921 zShift: 5.16271 energy: -26.5885
MCAccept 46 xShift: 6.39861 crossingAngle: -39.3951 axialRotation: -90.0074 zShift: 5.16271 energy: -27.137
MCAccept 47 xShift: 6.39861 crossingAngle: -39.7844 axialRotation: -90.0074 zShift: 5.16271 energy: -26.9863
MCAccept 48 xShift: 6.39861 crossingAngle: -39.8945 axialRotation: -90.0074 zShift: 5.16271 energy: -26.936
MCAccept 49 xShift: 6.39861 crossingAngle: -39.7617 axialRotation: -90.0074 zShift: 5.16271 energy: -26.9963
MCAccept 50 xShift: 6.39861 crossingAngle: -39.7617 axialRotation: -90.0074 zShift: 5.19133 energy: -26.7311
MCAccept 51 xShift: 6.39861 crossingAngle: -39.7617 axialRotation: -90.0074 zShift: 5.20473 energy: -26.5857
MCReject   xShift: 6.39861 crossingAngle: -39.7617 axialRotation: -90.476 zShift: 5.20473 energy: -25.5256
MCAccept 52 xShift: 6.39861 crossingAngle: -39.7617 axialRotation: -90.0074 zShift: 5.24785 energy: -26.0267
MCAccept 53 xShift: 6.46534 crossingAngle: -39.7617 axialRotation: -90.0074 zShift: 5.24785 energy: -25.6621
MCAccept 54 xShift: 6.46534 crossingAngle: -39.7617 axialRotation: -90.0074 zShift: 5.28097 energy: -25.2144
MCAccept 55 xShift: 6.46534 crossingAngle: -39.9592 axialRotation: -90.0074 zShift: 5.28097 energy: -25.159
MCReject   xShift: 6.46534 crossingAngle: -40.215 axialRotation: -90.0074 zShift: 5.28097 energy: -24.7291
MCAccept 56 xShift: 6.46534 crossingAngle: -39.7849 axialRotation: -90.0074 zShift: 5.28097 energy: -25.1914
MCAccept 57 xShift: 6.46534 crossingAngle: -39.7966 axialRotation: -90.0074 zShift: 5.28097 energy: -25.1896
MCAccept 58 xShift: 6.46534 crossingAngle: -40.1789 axialRotation: -90.0074 zShift: 5.28097 energy: -25.1223
MCAccept 59 xShift: 6.46534 crossingAngle: -40.1789 axialRotation: -90.0074 zShift: 5.19111 energy: -25.6935
MCAccept 60 xShift: 6.46534 crossingAngle: -40.1789 axialRotation: -90.0074 zShift: 5.19774 energy: -25.9976
MCAccept 61 xShift: 6.41086 crossingAngle: -40.1789 axialRotation: -90.0074 zShift: 5.19774 energy: -26.1254
MCAccept 62 xShift: 6.41086 crossingAngle: -40.1408 axialRotation: -90.0074 zShift: 5.19774 energy: -26.4486
MCAccept 63 xShift: 6.41086 crossingAngle: -40.5618 axialRotation: -90.0074 zShift: 5.19774 energy: -26.2541
MCAccept 64 xShift: 6.42162 crossingAngle: -40.5618 axialRotation: -90.0074 zShift: 5.19774 energy: -26.1655
MCAccept 65 xShift: 6.42162 crossingAngle: -40.3231 axialRotation: -90.0074 zShift: 5.19774 energy: -26.3004
MCAccept 66 xShift: 6.42162 crossingAngle: -40.0476 axialRotation: -90.0074 zShift: 5.19774 energy: -26.4267
MCAccept 67 xShift: 6.39767 crossingAngle: -40.0476 axialRotation: -90.0074 zShift: 5.19774 energy: -26.2328
MCAccept 68 xShift: 6.39767 crossingAngle: -40.2695 axialRotation: -90.0074 zShift: 5.19774 energy: -26.4761
MCAccept 69 xShift: 6.39767 crossingAngle: -40.2695 axialRotation: -90.0074 zShift: 5.11109 energy: -27.0522
MCAccept 70 xShift: 6.39767 crossingAngle: -40.3646 axialRotation: -90.0074 zShift: 5.11109 energy: -26.9785
MCAccept 71 xShift: 6.41775 crossingAngle: -40.3646 axialRotation: -90.0074 zShift: 5.11109 energy: -26.8329
MCReject   xShift: 6.55571 crossingAngle: -40.3646 axialRotation: -90.0074 zShift: 5.11109 energy: -25.01
MCAccept 72 xShift: 6.41775 crossingAngle: -40.2732 axialRotation: -90.0074 zShift: 5.11109 energy: -26.9039
MCReject   xShift: 6.41775 crossingAngle: -40.4443 axialRotation: -90.0074 zShift: 5.11109 energy: -26.7915
MCReject   xShift: 6.41775 crossingAngle: -39.9788 axialRotation: -90.0074 zShift: 5.11109 energy: -26.757
MCReject   xShift: 6.41775 crossingAngle: -40.2732 axialRotation: -90.2648 zShift: 5.11109 energy: -25.9593
MCAccept 73 xShift: 6.41775 crossingAngle: -40.2974 axialRotation: -90.0074 zShift: 5.11109 energy: -26.5757
MCAccept 74 xShift: 6.41775 crossingAngle: -40.406 axialRotation: -90.0074 zShift: 5.11109 energy: -26.5045
MCAccept 75 xShift: 6.41775 crossingAngle: -40.406 axialRotation: -90.0074 zShift: 5.10659 energy: -26.8346
MCAccept 76 xShift: 6.44727 crossingAngle: -40.406 axialRotation: -90.0074 zShift: 5.10659 energy: -26.5373
MCAccept 77 xShift: 6.4075 crossingAngle: -40.406 axialRotation: -90.0074 zShift: 5.10659 energy: -26.6075
MCAccept 78 xShift: 6.4075 crossingAngle: -40.406 axialRotation: -90.0074 zShift: 5.08403 energy: -26.992
MCAccept 79 xShift: 6.4075 crossingAngle: -40.406 axialRotation: -90.0074 zShift: 5.08939 energy: -26.9758
MCAccept 80 xShift: 6.4075 crossingAngle: -40.1638 axialRotation: -90.0074 zShift: 5.08939 energy: -26.8458
MCAccept 81 xShift: 6.4075 crossingAngle: -40.1638 axialRotation: -90.0074 zShift: 5.04682 energy: -26.9202
MCAccept 82 xShift: 6.4075 crossingAngle: -40.1638 axialRotation: -90.0074 zShift: 5.08877 energy: -27.1287
MCReject   xShift: 6.4075 crossingAngle: -40.1638 axialRotation: -90.4966 zShift: 5.08877 energy: -26.2418
MCReject   xShift: 6.47528 crossingAngle: -40.1638 axialRotation: -90.0074 zShift: 5.08877 energy: -26.439
MCAccept 83 xShift: 6.4075 crossingAngle: -40.5035 axialRotation: -90.0074 zShift: 5.08877 energy: -26.5772
MCAccept 84 xShift: 6.4075 crossingAngle: -40.5035 axialRotation: -90.0074 zShift: 5.05671 energy: -26.987
MCAccept 85 xShift: 6.4075 crossingAngle: -40.4713 axialRotation: -90.0074 zShift: 5.05671 energy: -27.0103
MCAccept 86 xShift: 6.4075 crossingAngle: -40.4713 axialRotation: -90.0074 zShift: 5.08985 energy: -26.6367
MCReject   xShift: 6.4075 crossingAngle: -40.4713 axialRotation: -90.0074 zShift: 5.05331 energy: -27.0053
MCReject   xShift: 6.4075 crossingAngle: -40.524 axialRotation: -90.0074 zShift: 5.08985 energy: -26.8922
MCAccept 87 xShift: 6.4075 crossingAngle: -40.3036 axialRotation: -90.0074 zShift: 5.08985 energy: -27.044
MCReject   xShift: 6.48795 crossingAngle: -40.3036 axialRotation: -90.0074 zShift: 5.08985 energy: -26.1937
MCReject   xShift: 6.4075 crossingAngle: -40.3036 axialRotation: -90.0074 zShift: 5.07337 energy: -26.7628
MCAccept 88 xShift: 6.4075 crossingAngle: -40.0362 axialRotation: -90.0074 zShift: 5.08985 energy: -27.2184
MCAccept 89 xShift: 6.4075 crossingAngle: -40.0362 axialRotation: -90.0074 zShift: 5.05863 energy: -27.3073
MCReject   xShift: 6.4075 crossingAngle: -40.0362 axialRotation: -89.8044 zShift: 5.05863 energy: -27.1057
MCAccept 90 xShift: 6.44079 crossingAngle: -40.0362 axialRotation: -90.0074 zShift: 5.05863 energy: -26.9941
MCAccept 91 xShift: 6.44079 crossingAngle: -39.5141 axialRotation: -90.0074 zShift: 5.05863 energy: -27.3156
MCAccept 92 xShift: 6.44721 crossingAngle: -39.5141 axialRotation: -90.0074 zShift: 5.05863 energy: -27.2783
MCAccept 93 xShift: 6.44721 crossingAngle: -39.3598 axialRotation: -90.0074 zShift: 5.05863 energy: -27.3799
MCReject   xShift: 6.51048 crossingAngle: -39.3598 axialRotation: -90.0074 zShift: 5.05863 energy: -26.61
MCAccept 94 xShift: 6.37123 crossingAngle: -39.3598 axialRotation: -90.0074 zShift: 5.05863 energy: -28.8012
MCReject   xShift: 6.42774 crossingAngle: -39.3598 axialRotation: -90.0074 zShift: 5.05863 energy: -27.4979
MCAccept 95 xShift: 6.39508 crossingAngle: -39.3598 axialRotation: -90.0074 zShift: 5.05863 energy: -28.5049
MCReject   xShift: 6.46376 crossingAngle: -39.3598 axialRotation: -90.0074 zShift: 5.05863 energy: -27.218
MCAccept 96 xShift: 6.39508 crossingAngle: -39.3598 axialRotation: -90.0074 zShift: 5.07821 energy: -28.3179
MCAccept 97 xShift: 6.39508 crossingAngle: -39.3598 axialRotation: -90.0074 zShift: 5.05305 energy: -28.5534
MCReject   xShift: 6.39508 crossingAngle: -39.3598 axialRotation: -90.6091 zShift: 5.05305 energy: -27.1781
MCAccept 98 xShift: 6.39508 crossingAngle: -39.4335 axialRotation: -90.0074 zShift: 5.05305 energy: -28.4518
MCAccept 99 xShift: 6.39508 crossingAngle: -39.3372 axialRotation: -90.0074 zShift: 5.05305 energy: -28.5952
MCReject   xShift: 6.39508 crossingAngle: -39.3372 axialRotation: -90.0074 zShift: 5.09167 energy: -27.8837
MCAccept 100 xShift: 6.39508 crossingAngle: -39.1465 axialRotation: -90.0074 zShift: 5.05305 energy: -28.8133
MCAccept 101 xShift: 6.38875 crossingAngle: -39.1465 axialRotation: -90.0074 zShift: 5.05305 energy: -28.9043
MCAccept 102 xShift: 6.32775 crossingAngle: -39.1465 axialRotation: -90.0074 zShift: 5.05305 energy: -29.2803
MCReject   xShift: 6.32775 crossingAngle: -39.2502 axialRotation: -90.0074 zShift: 5.05305 energy: -29.2004
MCReject   xShift: 6.32775 crossingAngle: -39.1465 axialRotation: -90.73 zShift: 5.05305 energy: -27.2015
MCAccept 103 xShift: 6.32775 crossingAngle: -39.1657 axialRotation: -90.0074 zShift: 5.05305 energy: -28.9861
MCAccept 104 xShift: 6.32775 crossingAngle: -39.2918 axialRotation: -90.0074 zShift: 5.05305 energy: -29.1484
MCReject   xShift: 6.32775 crossingAngle: -39.2918 axialRotation: -89.9695 zShift: 5.05305 energy: -28.8315
MCReject   xShift: 6.32775 crossingAngle: -39.6536 axialRotation: -90.0074 zShift: 5.05305 energy: -28.7795
MCReject   xShift: 6.32775 crossingAngle: -39.2597 axialRotation: -90.0074 zShift: 5.05305 energy: -28.9321
MCReject   xShift: 6.32775 crossingAngle: -39.2515 axialRotation: -90.0074 zShift: 5.05305 energy: -28.5294
MCReject   xShift: 6.32775 crossingAngle: -39.4792 axialRotation: -90.0074 zShift: 5.05305 energy: -28.7143
MCReject   xShift: 6.32775 crossingAngle: -39.3765 axialRotation: -90.0074 zShift: 5.05305 energy: -28.7114
MCReject   xShift: 6.32775 crossingAngle: -39.2918 axialRotation: -90.2197 zShift: 5.05305 energy: -28.7772
MCAccept 105 xShift: 6.32775 crossingAngle: -39.4546 axialRotation: -90.0074 zShift: 5.05305 energy: -28.6849
MCAccept 106 xShift: 6.32775 crossingAngle: -39.4546 axialRotation: -90.0074 zShift: 5.01437 energy: -29.1773
MCReject   xShift: 6.32775 crossingAngle: -39.4258 axialRotation: -90.0074 zShift: 5.01437 energy: -28.913
MCAccept 107 xShift: 6.29337 crossingAngle: -39.4546 axialRotation: -90.0074 zShift: 5.01437 energy: -28.8479
MCReject   xShift: 6.29337 crossingAngle: -39.4546 axialRotation: -90.4179 zShift: 5.01437 energy: -28.1374
MCAccept 108 xShift: 6.29337 crossingAngle: -39.4609 axialRotation: -90.0074 zShift: 5.01437 energy: -28.839
MCAccept 109 xShift: 6.29337 crossingAngle: -39.3027 axialRotation: -90.0074 zShift: 5.01437 energy: -29.2228
MCAccept 110 xShift: 6.29337 crossingAngle: -39.3027 axialRotation: -90.0074 zShift: 5.00328 energy: -28.953
MCAccept 111 xShift: 6.29506 crossingAngle: -39.3027 axialRotation: -90.0074 zShift: 5.00328 energy: -29.0071
MCReject   xShift: 6.29506 crossingAngle: -39.3027 axialRotation: -90.0074 zShift: 5.01839 energy: -28.6864
MCReject   xShift: 6.29506 crossingAngle: -39.3027 axialRotation: -90.3255 zShift: 5.00328 energy: -28.7344
MCAccept 112 xShift: 6.29506 crossingAngle: -39.1885 axialRotation: -90.0074 zShift: 5.00328 energy: -29.3559
MCReject   xShift: 6.29506 crossingAngle: -39.1885 axialRotation: -90.0074 zShift: 4.96938 energy: -28.8876
MCReject   xShift: 6.33114 crossingAngle: -39.1885 axialRotation: -90.0074 zShift: 5.00328 energy: -28.9385
MCReject   xShift: 6.31258 crossingAngle: -39.1885 axialRotation: -90.0074 zShift: 5.00328 energy: -29.2057
MCAccept 113 xShift: 6.29506 crossingAngle: -39.1957 axialRotation: -90.0074 zShift: 5.00328 energy: -29.0834
MCReject   xShift: 6.29506 crossingAngle: -39.1957 axialRotation: -89.9763 zShift: 5.00328 energy: -28.8281
MCAccept 114 xShift: 6.29506 crossingAngle: -39.1957 axialRotation: -90.0074 zShift: 5.0041 energy: -29.3613
MCAccept 115 xShift: 6.29506 crossingAngle: -39.2162 axialRotation: -90.0074 zShift: 5.0041 energy: -29.0673
MCAccept 116 xShift: 6.31309 crossingAngle: -39.2162 axialRotation: -90.0074 zShift: 5.0041 energy: -29.4138
MCAccept 117 xShift: 6.31309 crossingAngle: -38.9487 axialRotation: -90.0074 zShift: 5.0041 energy: -29.6197
MCReject   xShift: 6.31309 crossingAngle: -38.9487 axialRotation: -90.0074 zShift: 4.99212 energy: -29.4108
MCReject   xShift: 6.31309 crossingAngle: -38.9487 axialRotation: -90.0074 zShift: 4.95959 energy: -29.3814
MCReject   xShift: 6.25806 crossingAngle: -38.9487 axialRotation: -90.0074 zShift: 5.0041 energy: -29.0531
MCReject   xShift: 6.31309 crossingAngle: -38.9487 axialRotation: -90.0074 zShift: 5.05806 energy: -29.4085
MCAccept 118 xShift: 6.31309 crossingAngle: -38.9487 axialRotation: -90.0074 zShift: 4.98562 energy: -29.3873
MCAccept 119 xShift: 6.34599 crossingAngle: -38.9487 axialRotation: -90.0074 zShift: 4.98562 energy: -29.6724
MCAccept 120 xShift: 6.34599 crossingAngle: -38.8346 axialRotation: -90.0074 zShift: 4.98562 energy: -29.7531
MCReject   xShift: 6.30647 crossingAngle: -38.8346 axialRotation: -90.0074 zShift: 4.98562 energy: -29.4657
MCAccept 121 xShift: 6.34599 crossingAngle: -38.8346 axialRotation: -90.0074 zShift: 4.98016 energy: -29.7596
MCReject   xShift: 6.34599 crossingAngle: -39.0351 axialRotation: -90.0074 zShift: 4.98016 energy: -29.6145
MCReject   xShift: 6.35314 crossingAngle: -38.8346 axialRotation: -90.0074 zShift: 4.98016 energy: -29.4867
MCReject   xShift: 6.34599 crossingAngle: -38.806 axialRotation: -90.0074 zShift: 4.98016 energy: -29.497
MCAccept 122 xShift: 6.34599 crossingAngle: -38.8346 axialRotation: -90.0074 zShift: 4.95923 energy: -29.7545
MCAccept 123 xShift: 6.34463 crossingAngle: -38.8346 axialRotation: -90.0074 zShift: 4.95923 energy: -29.7569
MCReject   xShift: 6.34463 crossingAngle: -38.8346 axialRotation: -89.6474 zShift: 4.95923 energy: -29.5696
MCReject   xShift: 6.35247 crossingAngle: -38.8346 axialRotation: -90.0074 zShift: 4.95923 energy: -29.7386
MCReject   xShift: 6.34463 crossingAngle: -39.005 axialRotation: -90.0074 zShift: 4.95923 energy: -29.3969
MCReject   xShift: 6.34463 crossingAngle: -38.8346 axialRotation: -90.0074 zShift: 4.93236 energy: -29.7377
MCAccept 124 xShift: 6.34463 crossingAngle: -38.6131 axialRotation: -90.0074 zShift: 4.95923 energy: -29.8815
MCReject   xShift: 6.34463 crossingAngle: -38.6131 axialRotation: -90.5273 zShift: 4.95923 energy: -29.4414
MCAccept 125 xShift: 6.34463 crossingAngle: -38.6131 axialRotation: -90.0074 zShift: 4.99418 energy: -29.8665
MCReject   xShift: 6.34463 crossingAngle: -38.8319 axialRotation: -90.0074 zShift: 4.99418 energy: -29.7317
MCAccept 126 xShift: 6.35784 crossingAngle: -38.6131 axialRotation: -90.0074 zShift: 4.99418 energy: -29.8404
MCAccept 127 xShift: 6.35784 crossingAngle: -38.6131 axialRotation: -90.0074 zShift: 4.9594 energy: -29.8512
MCAccept 128 xShift: 6.35784 crossingAngle: -38.6011 axialRotation: -90.0074 zShift: 4.9594 energy: -29.8697
MCAccept 129 xShift: 6.35784 crossingAngle: -38.4505 axialRotation: -90.0074 zShift: 4.9594 energy: -29.9301
MCAccept 130 xShift: 6.35784 crossingAngle: -38.4505 axialRotation: -90.0074 zShift: 4.96499 energy: -29.9436
MCAccept 131 xShift: 6.35784 crossingAngle: -38.4505 axialRotation: -90.0074 zShift: 4.96487 energy: -29.9435
MCReject   xShift: 6.40486 crossingAngle: -38.4505 axialRotation: -90.0074 zShift: 4.96487 energy: -29.6265
MCReject   xShift: 6.31296 crossingAngle: -38.4505 axialRotation: -90.0074 zShift: 4.96487 energy: -29.9199
MCReject   xShift: 6.38311 crossingAngle: -38.4505 axialRotation: -90.0074 zShift: 4.96487 energy: -29.5573
MCReject   xShift: 6.36886 crossingAngle: -38.4505 axialRotation: -90.0074 zShift: 4.96487 energy: -29.8993
MCReject   xShift: 6.35784 crossingAngle: -38.4505 axialRotation: -90.0074 zShift: 4.94024 energy: -29.9232
MCReject   xShift: 6.35784 crossingAngle: -38.4505 axialRotation: -90.1764 zShift: 4.96487 energy: -29.8479
MCReject   xShift: 6.35784 crossingAngle: -38.4505 axialRotation: -90.0074 zShift: 4.97923 energy: -29.6778
MCReject   xShift: 6.35784 crossingAngle: -38.4505 axialRotation: -89.8706 zShift: 4.96487 energy: -29.755
MCReject   xShift: 6.35784 crossingAngle: -38.4505 axialRotation: -90.0929 zShift: 4.96487 energy: -29.9091
MCAccept 132 xShift: 6.35784 crossingAngle: -38.2316 axialRotation: -90.0074 zShift: 4.96487 energy: -30.036
MCReject   xShift: 6.35784 crossingAngle: -38.2316 axialRotation: -90.0074 zShift: 5.01101 energy: -29.7101
MCAccept 133 xShift: 6.35784 crossingAngle: -38.2316 axialRotation: -90.0074 zShift: 4.96869 energy: -30.0371
MCAccept 134 xShift: 6.35784 crossingAngle: -38.2316 axialRotation: -90.0074 zShift: 4.98666 energy: -30.0282
MCAccept 135 xShift: 6.35784 crossingAngle: -38.2316 axialRotation: -90.0074 zShift: 4.97783 energy: -30.0355
MCReject   xShift: 6.35784 crossingAngle: -38.2316 axialRotation: -90.0074 zShift: 5.0033 energy: -29.9992
MCReject   xShift: 6.37037 crossingAngle: -38.2316 axialRotation: -90.0074 zShift: 4.97783 energy: -29.985
MCReject   xShift: 6.35784 crossingAngle: -38.2316 axialRotation: -89.693 zShift: 4.97783 energy: -29.9341
MCReject   xShift: 6.35784 crossingAngle: -38.2316 axialRotation: -90.0074 zShift: 4.98607 energy: -30.016
MCAccept 136 xShift: 6.35658 crossingAngle: -38.2316 axialRotation: -90.0074 zShift: 4.97783 energy: -30.0264
MCAccept 137 xShift: 6.32865 crossingAngle: -38.2316 axialRotation: -90.0074 zShift: 4.97783 energy: -30.0401
MCAccept 138 xShift: 6.32865 crossingAngle: -38.2316 axialRotation: -90.0074 zShift: 4.95834 energy: -30.0379
MCAccept 139 xShift: 6.32865 crossingAngle: -38.2877 axialRotation: -90.0074 zShift: 4.95834 energy: -30.0096
MCReject   xShift: 6.32865 crossingAngle: -38.2877 axialRotation: -90.403 zShift: 4.95834 energy: -29.5514
MCAccept 140 xShift: 6.32865 crossingAngle: -38.2877 axialRotation: -90.0074 zShift: 4.97459 energy: -30.0354
MCReject   xShift: 6.31794 crossingAngle: -38.2877 axialRotation: -90.0074 zShift: 4.97459 energy: -29.7689
MCReject   xShift: 6.32811 crossingAngle: -38.2877 axialRotation: -90.0074 zShift: 4.97459 energy: -30.0213
MCReject   xShift: 6.32865 crossingAngle: -38.2877 axialRotation: -90.2493 zShift: 4.97459 energy: -29.5321
MCReject   xShift: 6.32865 crossingAngle: -38.4206 axialRotation: -90.0074 zShift: 4.97459 energy: -29.9719
MCReject   xShift: 6.32865 crossingAngle: -38.2877 axialRotation: -90.1065 zShift: 4.97459 energy: -29.7315
MCReject   xShift: 6.32865 crossingAngle: -38.2877 axialRotation: -90.0508 zShift: 4.97459 energy: -30.0167
MCReject   xShift: 6.32865 crossingAngle: -38.4977 axialRotation: -90.0074 zShift: 4.97459 energy: -29.9508
MCReject   xShift: 6.32865 crossingAngle: -38.2877 axialRotation: -90.1843 zShift: 4.97459 energy: -29.5191
MCReject   xShift: 6.32865 crossingAngle: -38.2877 axialRotation: -90.0074 zShift: 4.98821 energy: -30.0175
MCReject   xShift: 6.32865 crossingAngle: -38.2877 axialRotation: -90.4803 zShift: 4.97459 energy: -28.9708
MCReject   xShift: 6.32865 crossingAngle: -38.2877 axialRotation: -90.0074 zShift: 4.97592 energy: -30.0356
MCAccept 141 xShift: 6.34116 crossingAngle: -38.2877 axialRotation: -90.0074 zShift: 4.97459 energy: -30.0447
MCReject   xShift: 6.30275 crossingAngle: -38.2877 axialRotation: -90.0074 zShift: 4.97459 energy: -29.91
MCAccept 142 xShift: 6.34116 crossingAngle: -38.2877 axialRotation: -90.0074 zShift: 4.97354 energy: -30.0447
MCReject   xShift: 6.34116 crossingAngle: -38.2877 axialRotation: -90.0074 zShift: 4.99269 energy: -30.0182
MCReject   xShift: 6.34116 crossingAngle: -38.2877 axialRotation: -90.1098 zShift: 4.97354 energy: -29.9834
MCReject   xShift: 6.32891 crossingAngle: -38.2877 axialRotation: -90.0074 zShift: 4.97354 energy: -30.0356
MCReject   xShift: 6.34116 crossingAngle: -38.2585 axialRotation: -90.0074 zShift: 4.97354 energy: -29.8136
MCReject   xShift: 6.34116 crossingAngle: -38.2877 axialRotation: -90.1951 zShift: 4.97354 energy: -29.6471
MCReject   xShift: 6.34116 crossingAngle: -38.2877 axialRotation: -90.0074 zShift: 4.97179 energy: -30.0317
MCReject   xShift: 6.34373 crossingAngle: -38.2877 axialRotation: -90.0074 zShift: 4.97354 energy: -29.7886
MCReject   xShift: 6.3059 crossingAngle: -38.2877 axialRotation: -90.0074 zShift: 4.97354 energy: -29.9299
MCReject   xShift: 6.34116 crossingAngle: -38.2877 axialRotation: -90.1656 zShift: 4.97354 energy: -29.9672
MCReject   xShift: 6.35686 crossingAngle: -38.2877 axialRotation: -90.0074 zShift: 4.97354 energy: -30.0059
MCReject   xShift: 6.34116 crossingAngle: -38.2877 axialRotation: -90.0074 zShift: 4.9314 energy: -29.9796
MCReject   xShift: 6.29016 crossingAngle: -38.2877 axialRotation: -90.0074 zShift: 4.97354 energy: -29.6535
MCReject   xShift: 6.40567 crossingAngle: -38.2877 axialRotation: -90.0074 zShift: 4.97354 energy: -29.7232
MCReject   xShift: 6.34116 crossingAngle: -38.2877 axialRotation: -90.0074 zShift: 4.93369 energy: -29.9864
MCReject   xShift: 6.34116 crossingAngle: -38.4176 axialRotation: -90.0074 zShift: 4.97354 energy: -29.9917
MCReject   xShift: 6.34116 crossingAngle: -38.2877 axialRotation: -90.0074 zShift: 4.97955 energy: -30.0435
MCReject   xShift: 6.36166 crossingAngle: -38.2877 axialRotation: -90.0074 zShift: 4.97354 energy: -30.0027
MCReject   xShift: 6.34116 crossingAngle: -38.2877 axialRotation: -90.1881 zShift: 4.97354 energy: -29.9398
MCReject   xShift: 6.36199 crossingAngle: -38.2877 axialRotation: -90.0074 zShift: 4.97354 energy: -30.0014
MCReject   xShift: 6.34116 crossingAngle: -38.2877 axialRotation: -90.0074 zShift: 4.97453 energy: -30.0447
MCReject   xShift: 6.34116 crossingAngle: -38.3677 axialRotation: -90.0074 zShift: 4.97354 energy: -29.7729
MCReject   xShift: 6.34116 crossingAngle: -38.2877 axialRotation: -90.0074 zShift: 4.9906 energy: -30.0342
MCReject   xShift: 6.34116 crossingAngle: -38.1747 axialRotation: -90.0074 zShift: 4.97354 energy: -30.0675
MCReject   xShift: 6.34116 crossingAngle: -38.2877 axialRotation: -90.0917 zShift: 4.97354 energy: -30.0046
MCReject   xShift: 6.34116 crossingAngle: -38.3501 axialRotation: -90.0074 zShift: 4.97354 energy: -30.008
MCReject   xShift: 6.34116 crossingAngle: -38.1683 axialRotation: -90.0074 zShift: 4.97354 energy: -30.0692
MCReject   xShift: 6.34116 crossingAngle: -38.363 axialRotation: -90.0074 zShift: 4.97354 energy: -29.762
MCReject   xShift: 6.34116 crossingAngle: -38.2877 axialRotation: -90.3472 zShift: 4.97354 energy: -29.8072
MCReject   xShift: 6.34116 crossingAngle: -38.2517 axialRotation: -90.0074 zShift: 4.97354 energy: -30.0572
MCReject   xShift: 6.34116 crossingAngle: -38.2877 axialRotation: -90.0074 zShift: 4.9541 energy: -30.0305
MCReject   xShift: 6.34116 crossingAngle: -38.3995 axialRotation: -90.0074 zShift: 4.97354 energy: -29.7466
MCReject   xShift: 6.35418 crossingAngle: -38.2877 axialRotation: -90.0074 zShift: 4.97354 energy: -29.7686
MCReject   xShift: 6.34116 crossingAngle: -38.4681 axialRotation: -90.0074 zShift: 4.97354 energy: -29.9567
MCReject   xShift: 6.34116 crossingAngle: -38.4299 axialRotation: -90.0074 zShift: 4.97354 energy: -29.9861
MCReject   xShift: 6.33374 crossingAngle: -38.2877 axialRotation: -90.0074 zShift: 4.97354 energy: -30.0424
MCReject   xShift: 6.31763 crossingAngle: -38.2877 axialRotation: -90.0074 zShift: 4.97354 energy: -29.729
MCReject   xShift: 6.34116 crossingAngle: -38.2877 axialRotation: -90.0074 zShift: 4.98525 energy: -30.0268
MCReject   xShift: 6.32287 crossingAngle: -38.2877 axialRotation: -90.0074 zShift: 4.97354 energy: -30.0212
MCReject   xShift: 6.34116 crossingAngle: -38.2877 axialRotation: -90.0074 zShift: 4.97779 energy: -30.0441
MCReject   xShift: 6.372 crossingAngle: -38.2877 axialRotation: -90.0074 zShift: 4.97354 energy: -29.9558
MCReject   xShift: 6.34116 crossingAngle: -38.2877 axialRotation: -90.0074 zShift: 4.99427 energy: -30.0159
MCReject   xShift: 6.36758 crossingAngle: -38.2877 axialRotation: -90.0074 zShift: 4.97354 energy: -29.9779
MCReject   xShift: 6.34116 crossingAngle: -38.5995 axialRotation: -90.0074 zShift: 4.97354 energy: -29.9089
MCReject   xShift: 6.34758 crossingAngle: -38.2877 axialRotation: -90.0074 zShift: 4.97354 energy: -30.039
MCReject   xShift: 6.34116 crossingAngle: -38.2877 axialRotation: -90.0074 zShift: 4.97457 energy: -30.0318
MCReject   xShift: 6.34116 crossingAngle: -38.4831 axialRotation: -90.0074 zShift: 4.97354 energy: -29.9504
MCReject   xShift: 6.35729 crossingAngle: -38.2877 axialRotation: -90.0074 zShift: 4.97354 energy: -30.0047
MCReject   xShift: 6.34116 crossingAngle: -38.4265 axialRotation: -90.0074 zShift: 4.97354 energy: -29.9877
MCReject   xShift: 6.34116 crossingAngle: -38.3357 axialRotation: -90.0074 zShift: 4.97354 energy: -30.0266
MCReject   xShift: 6.34116 crossingAngle: -38.3762 axialRotation: -90.0074 zShift: 4.97354 energy: -29.7175
MCReject   xShift: 6.33462 crossingAngle: -38.2877 axialRotation: -90.0074 zShift: 4.97354 energy: -29.7907
MCReject   xShift: 6.34116 crossingAngle: -38.2877 axialRotation: -90.0074 zShift: 4.95937 energy: -30.0371
MCReject   xShift: 6.34116 crossingAngle: -38.2877 axialRotation: -90.1606 zShift: 4.97354 energy: -29.9567
MCReject   xShift: 6.34116 crossingAngle: -38.2877 axialRotation: -90.0074 zShift: 4.96803 energy: -30.0435
MCReject   xShift: 6.34116 crossingAngle: -38.2877 axialRotation: -90.0074 zShift: 4.98104 energy: -30.0298
MCReject   xShift: 6.34116 crossingAngle: -38.2877 axialRotation: -90.0074 zShift: 4.96162 energy: -30.0393
MCReject   xShift: 6.35239 crossingAngle: -38.2877 axialRotation: -90.0074 zShift: 4.97354 energy: -30.0302
MCReject   xShift: 6.34116 crossingAngle: -38.2877 axialRotation: -90.0378 zShift: 4.97354 energy: -30.031
MCReject   xShift: 6.34116 crossingAngle: -38.2529 axialRotation: -90.0074 zShift: 4.97354 energy: -30.0568
MCReject   xShift: 6.34116 crossingAngle: -38.2877 axialRotation: -90.0074 zShift: 4.99062 energy: -29.7891
MCReject   xShift: 6.34116 crossingAngle: -38.2877 axialRotation: -90.0074 zShift: 4.95732 energy: -29.7973
MCReject   xShift: 6.35204 crossingAngle: -38.2877 axialRotation: -90.0074 zShift: 4.97354 energy: -30.0309
MCReject   xShift: 6.34116 crossingAngle: -38.2877 axialRotation: -89.6045 zShift: 4.97354 energy: -29.917
MCReject   xShift: 6.34116 crossingAngle: -38.6242 axialRotation: -90.0074 zShift: 4.97354 energy: -29.8837
MCReject   xShift: 6.34116 crossingAngle: -38.2108 axialRotation: -90.0074 zShift: 4.97354 energy: -29.79
MCReject   xShift: 6.34116 crossingAngle: -38.365 axialRotation: -90.0074 zShift: 4.97354 energy: -30.0019
MCAccept 143 xShift: 6.34116 crossingAngle: -38.0588 axialRotation: -90.0074 zShift: 4.97354 energy: -30.1065
MCReject   xShift: 6.35527 crossingAngle: -38.0588 axialRotation: -90.0074 zShift: 4.97354 energy: -30.0937
MCReject   xShift: 6.34116 crossingAngle: -38.0718 axialRotation: -90.0074 zShift: 4.97354 energy: -30.1042
MCReject   xShift: 6.34403 crossingAngle: -38.0588 axialRotation: -90.0074 zShift: 4.97354 energy: -29.8502
MCAccept 144 xShift: 6.34116 crossingAngle: -37.9129 axialRotation: -90.0074 zShift: 4.97354 energy: -30.1092
MCAccept 145 xShift: 6.34116 crossingAngle: -37.8473 axialRotation: -90.0074 zShift: 4.97354 energy: -30.1098
MCAccept 146 xShift: 6.34116 crossingAngle: -37.9042 axialRotation: -90.0074 zShift: 4.97354 energy: -30.1095
MCReject   xShift: 6.34524 crossingAngle: -37.9042 axialRotation: -90.0074 zShift: 4.97354 energy: -29.8291
MCReject   xShift: 6.34116 crossingAngle: -37.9295 axialRotation: -90.0074 zShift: 4.97354 energy: -29.8782
MCAccept 147 xShift: 6.34116 crossingAngle: -37.9668 axialRotation: -90.0074 zShift: 4.97354 energy: -30.1189
MCReject   xShift: 6.34116 crossingAngle: -38.1609 axialRotation: -90.0074 zShift: 4.97354 energy: -30.0712
MCReject   xShift: 6.34116 crossingAngle: -37.9668 axialRotation: -90.0074 zShift: 4.99649 energy: -30.1125
End Repack Cycles

***REPACK GEOMETRY***
xShift;        Before: 6.40963; After: 6.34116
crossingAngle; Before: -37.7218; After: -37.9668
axialRotation; Before: -90.0074; After: -90.0074
zShift;        Before: 5.05139; After: 4.97354

axialRotationPrime; Before: 37.4095; After: 36.8328
zShiftPrime;        Before: 4.11253; After: 4.02603

Energy;        Before: -24.4649; After: -30.1189

Completed all cycles. Accepted 190/346
Monte Carlo repack complete. Time: 72.5667min

