***STARTING GEOMETRY***
xShift;        Before: 7.1745; After: 7.1745
crossingAngle; Before: -40.7669; After: -40.7669
axialRotation; Before: -94.6454; After: -94.6454
zShift;        Before: 4.7261; After: 4.7261

axialRotationPrime; Before: 29.8466; After: 29.8466
zShiftPrime;        Before: 3.6738; After: 3.6738

Starting Repack Cycles
MCAccept 0 xShift: 7.1745 crossingAngle: -40.946 axialRotation: -94.6454 zShift: 4.7261 energy: -7.76919
MCAccept 1 xShift: 7.16212 crossingAngle: -40.946 axialRotation: -94.6454 zShift: 4.7261 energy: -7.57994
MCAccept 2 xShift: 7.16212 crossingAngle: -40.727 axialRotation: -94.6454 zShift: 4.7261 energy: -7.40471
MCReject   xShift: 7.15596 crossingAngle: -40.727 axialRotation: -94.6454 zShift: 4.7261 energy: -7.27405
MCAccept 3 xShift: 7.14604 crossingAngle: -40.727 axialRotation: -94.6454 zShift: 4.7261 energy: -7.34133
MCReject   xShift: 7.14604 crossingAngle: -40.727 axialRotation: -94.6454 zShift: 4.66513 energy: -5.05408
MCAccept 4 xShift: 7.14604 crossingAngle: -40.9161 axialRotation: -94.6454 zShift: 4.7261 energy: -7.41178
MCAccept 5 xShift: 7.24753 crossingAngle: -40.9161 axialRotation: -94.6454 zShift: 4.7261 energy: -8.56912
MCAccept 6 xShift: 7.24753 crossingAngle: -40.9161 axialRotation: -94.6454 zShift: 4.75019 energy: -8.87895
MCAccept 7 xShift: 7.24554 crossingAngle: -40.9161 axialRotation: -94.6454 zShift: 4.75019 energy: -8.87046
MCAccept 8 xShift: 7.33773 crossingAngle: -40.9161 axialRotation: -94.6454 zShift: 4.75019 energy: -8.89081
MCAccept 9 xShift: 7.33773 crossingAngle: -40.9161 axialRotation: -94.6454 zShift: 4.801 energy: -9.41072
MCAccept 10 xShift: 7.33773 crossingAngle: -41.0812 axialRotation: -94.6454 zShift: 4.801 energy: -9.39165
MCAccept 11 xShift: 7.2668 crossingAngle: -41.0812 axialRotation: -94.6454 zShift: 4.801 energy: -9.58839
MCAccept 12 xShift: 7.33354 crossingAngle: -41.0812 axialRotation: -94.6454 zShift: 4.801 energy: -9.41443
MCAccept 13 xShift: 7.33354 crossingAngle: -41.0812 axialRotation: -94.6454 zShift: 4.71109 energy: -8.47242
MCAccept 14 xShift: 7.33354 crossingAngle: -40.8844 axialRotation: -94.6454 zShift: 4.71109 energy: -8.4794
MCReject   xShift: 7.33354 crossingAngle: -40.8844 axialRotation: -94.6454 zShift: 4.64766 energy: -7.75154
MCAccept 15 xShift: 7.33354 crossingAngle: -40.8844 axialRotation: -94.6454 zShift: 4.71741 energy: -8.55054
MCAccept 16 xShift: 7.33354 crossingAngle: -41.3051 axialRotation: -94.6454 zShift: 4.71741 energy: -8.52377
MCAccept 17 xShift: 7.28775 crossingAngle: -41.3051 axialRotation: -94.6454 zShift: 4.71741 energy: -8.5951
MCAccept 18 xShift: 7.28775 crossingAngle: -41.3051 axialRotation: -94.6454 zShift: 4.76244 energy: -9.1368
MCAccept 19 xShift: 7.28775 crossingAngle: -41.3051 axialRotation: -94.6454 zShift: 4.6985 energy: -8.35561
MCAccept 20 xShift: 7.29325 crossingAngle: -41.3051 axialRotation: -94.6454 zShift: 4.6985 energy: -8.36054
MCAccept 21 xShift: 7.30109 crossingAngle: -41.3051 axialRotation: -94.6454 zShift: 4.6985 energy: -8.36265
MCAccept 22 xShift: 7.30109 crossingAngle: -41.3051 axialRotation: -94.6454 zShift: 4.66536 energy: -7.94404
MCAccept 23 xShift: 7.30109 crossingAngle: -41.3051 axialRotation: -94.6454 zShift: 4.66113 energy: -7.88901
MCReject   xShift: 7.17161 crossingAngle: -41.3051 axialRotation: -94.6454 zShift: 4.66113 energy: -6.58486
MCAccept 24 xShift: 7.30109 crossingAngle: -41.3051 axialRotation: -94.6454 zShift: 4.6553 energy: -7.81266
MCAccept 25 xShift: 7.30109 crossingAngle: -41.3051 axialRotation: -94.6454 zShift: 4.63315 energy: -7.51645
MCAccept 26 xShift: 7.30109 crossingAngle: -41.3051 axialRotation: -94.6454 zShift: 4.67486 energy: -8.06612
MCAccept 27 xShift: 7.30109 crossingAngle: -41.2125 axialRotation: -94.6454 zShift: 4.67486 energy: -8.06802
MCAccept 28 xShift: 7.30227 crossingAngle: -41.2125 axialRotation: -94.6454 zShift: 4.67486 energy: -8.06928
MCAccept 29 xShift: 7.27978 crossingAngle: -41.2125 axialRotation: -94.6454 zShift: 4.67486 energy: -8.02077
MCAccept 30 xShift: 7.27978 crossingAngle: -41.2544 axialRotation: -94.6454 zShift: 4.67486 energy: -8.02292
MCAccept 31 xShift: 7.27978 crossingAngle: -41.2544 axialRotation: -94.6454 zShift: 4.66732 energy: -7.91869
MCAccept 32 xShift: 7.27978 crossingAngle: -41.4013 axialRotation: -94.6454 zShift: 4.66732 energy: -7.92219
MCAccept 33 xShift: 7.27978 crossingAngle: -41.1192 axialRotation: -94.6454 zShift: 4.66732 energy: -7.90952
MCAccept 34 xShift: 7.27978 crossingAngle: -41.3406 axialRotation: -94.6454 zShift: 4.66732 energy: -7.92153
MCAccept 35 xShift: 7.27913 crossingAngle: -41.3406 axialRotation: -94.6454 zShift: 4.66732 energy: -7.91935
MCAccept 36 xShift: 7.27913 crossingAngle: -41.5548 axialRotation: -94.6454 zShift: 4.66732 energy: -7.91736
MCAccept 37 xShift: 7.27913 crossingAngle: -41.5548 axialRotation: -94.6454 zShift: 4.62523 energy: -7.31456
MCAccept 38 xShift: 7.27913 crossingAngle: -41.5548 axialRotation: -94.6454 zShift: 4.65599 energy: -7.75901
MCAccept 39 xShift: 7.27983 crossingAngle: -41.5548 axialRotation: -94.6454 zShift: 4.65599 energy: -7.7613
MCAccept 40 xShift: 7.27983 crossingAngle: -41.5548 axialRotation: -94.6454 zShift: 4.56821 energy: -6.43777
MCAccept 41 xShift: 7.27983 crossingAngle: -41.8802 axialRotation: -94.6454 zShift: 4.56821 energy: -6.42815
MCAccept 42 xShift: 7.27983 crossingAngle: -41.8802 axialRotation: -94.6454 zShift: 4.52706 energy: -5.75276
MCAccept 43 xShift: 7.27983 crossingAngle: -41.4242 axialRotation: -94.6454 zShift: 4.52706 energy: -5.74529
MCAccept 44 xShift: 7.27983 crossingAngle: -41.6967 axialRotation: -94.6454 zShift: 4.52706 energy: -5.75546
MCAccept 45 xShift: 7.27983 crossingAngle: -41.4059 axialRotation: -94.6454 zShift: 4.52706 energy: -5.74398
MCReject   xShift: 7.27983 crossingAngle: -41.4059 axialRotation: -94.6454 zShift: 4.47572 energy: -4.81898
MCAccept 46 xShift: 7.27983 crossingAngle: -41.2692 axialRotation: -94.6454 zShift: 4.52706 energy: -5.73143
MCAccept 47 xShift: 7.17469 crossingAngle: -41.2692 axialRotation: -94.6454 zShift: 4.52706 energy: -3.25043
MCReject   xShift: 7.13555 crossingAngle: -41.2692 axialRotation: -94.6454 zShift: 4.52706 energy: -1.49658
MCReject   xShift: 7.17469 crossingAngle: -41.2692 axialRotation: -94.6454 zShift: 4.45687 energy: -1.05957
MCAccept 48 xShift: 7.17469 crossingAngle: -41.4386 axialRotation: -94.6454 zShift: 4.52706 energy: -3.37964
MCAccept 49 xShift: 7.17469 crossingAngle: -41.4386 axialRotation: -94.6454 zShift: 4.5293 energy: -3.44356
MCAccept 50 xShift: 7.17469 crossingAngle: -41.8639 axialRotation: -94.6454 zShift: 4.5293 energy: -3.71377
MCAccept 51 xShift: 7.17469 crossingAngle: -41.8639 axialRotation: -94.6454 zShift: 4.52207 energy: -3.51368
MCAccept 52 xShift: 7.17469 crossingAngle: -41.8639 axialRotation: -94.6454 zShift: 4.46566 energy: -1.84678
MCAccept 53 xShift: 7.17469 crossingAngle: -42.1966 axialRotation: -94.6454 zShift: 4.46566 energy: -2.06421
MCReject   xShift: 7.17272 crossingAngle: -42.1966 axialRotation: -94.6454 zShift: 4.46566 energy: -1.98635
MCAccept 54 xShift: 7.17469 crossingAngle: -42.3835 axialRotation: -94.6454 zShift: 4.46566 energy: -2.16865
MCReject   xShift: 7.12893 crossingAngle: -42.3835 axialRotation: -94.6454 zShift: 4.46566 energy: -0.181437
MCAccept 55 xShift: 7.17469 crossingAngle: -42.7167 axialRotation: -94.6454 zShift: 4.46566 energy: -2.35931
MCAccept 56 xShift: 7.17469 crossingAngle: -42.6238 axialRotation: -94.6454 zShift: 4.46566 energy: -2.30838
MCAccept 57 xShift: 7.20518 crossingAngle: -42.6238 axialRotation: -94.6454 zShift: 4.46566 energy: -3.23431
MCAccept 58 xShift: 7.20518 crossingAngle: -42.4848 axialRotation: -94.6454 zShift: 4.46566 energy: -3.20031
MCAccept 59 xShift: 7.20518 crossingAngle: -42.3015 axialRotation: -94.6454 zShift: 4.46566 energy: -3.14671
MCAccept 60 xShift: 7.20518 crossingAngle: -42.5634 axialRotation: -94.6454 zShift: 4.46566 energy: -3.22023
MCAccept 61 xShift: 7.20518 crossingAngle: -42.7405 axialRotation: -94.6454 zShift: 4.46566 energy: -3.25846
MCAccept 62 xShift: 7.22983 crossingAngle: -42.7405 axialRotation: -94.6454 zShift: 4.46566 energy: -3.83093
MCAccept 63 xShift: 7.22983 crossingAngle: -42.7684 axialRotation: -94.6454 zShift: 4.46566 energy: -3.83232
MCReject   xShift: 7.22983 crossingAngle: -42.7684 axialRotation: -94.6149 zShift: 4.46566 energy: -3.88567
MCAccept 64 xShift: 7.22983 crossingAngle: -42.7684 axialRotation: -94.6454 zShift: 4.47887 energy: -4.12032
MCAccept 65 xShift: 7.22983 crossingAngle: -42.324 axialRotation: -94.6454 zShift: 4.47887 energy: -4.08348
MCAccept 66 xShift: 7.27386 crossingAngle: -42.324 axialRotation: -94.6454 zShift: 4.47887 energy: -4.81725
MCAccept 67 xShift: 7.27386 crossingAngle: -42.324 axialRotation: -94.6454 zShift: 4.51892 energy: -5.52617
MCAccept 68 xShift: 7.27386 crossingAngle: -41.8705 axialRotation: -94.6454 zShift: 4.51892 energy: -5.54972
MCAccept 69 xShift: 7.27386 crossingAngle: -41.8705 axialRotation: -94.6454 zShift: 4.56034 energy: -6.25511
MCAccept 70 xShift: 7.27446 crossingAngle: -41.8705 axialRotation: -94.6454 zShift: 4.56034 energy: -6.2602
MCAccept 71 xShift: 7.3436 crossingAngle: -41.8705 axialRotation: -94.6454 zShift: 4.56034 energy: -6.53777
MCAccept 72 xShift: 7.36398 crossingAngle: -41.8705 axialRotation: -94.6454 zShift: 4.56034 energy: -6.52539
MCAccept 73 xShift: 7.29443 crossingAngle: -41.8705 axialRotation: -94.6454 zShift: 4.56034 energy: -6.3989
MCAccept 74 xShift: 7.29443 crossingAngle: -42.2575 axialRotation: -94.6454 zShift: 4.56034 energy: -6.34321
MCAccept 75 xShift: 7.29443 crossingAngle: -42.2575 axialRotation: -94.6454 zShift: 4.6711 energy: -7.88042
MCAccept 76 xShift: 7.32535 crossingAngle: -42.2575 axialRotation: -94.6454 zShift: 4.6711 energy: -7.82338
MCReject   xShift: 7.32535 crossingAngle: -42.2575 axialRotation: -95.044 zShift: 4.6711 energy: -7.50904
MCAccept 77 xShift: 7.33426 crossingAngle: -42.2575 axialRotation: -94.6454 zShift: 4.6711 energy: -7.79385
MCAccept 78 xShift: 7.33426 crossingAngle: -42.2575 axialRotation: -94.6454 zShift: 4.68614 energy: -7.96462
MCReject   xShift: 7.33426 crossingAngle: -42.2575 axialRotation: -95.1677 zShift: 4.68614 energy: -7.56835
MCAccept 79 xShift: 7.33426 crossingAngle: -42.4582 axialRotation: -94.6454 zShift: 4.68614 energy: -7.8987
MCReject   xShift: 7.33426 crossingAngle: -42.4582 axialRotation: -94.6454 zShift: 4.65647 energy: -7.56031
MCAccept 80 xShift: 7.35826 crossingAngle: -42.4582 axialRotation: -94.6454 zShift: 4.68614 energy: -7.77773
MCAccept 81 xShift: 7.35826 crossingAngle: -42.6911 axialRotation: -94.6454 zShift: 4.68614 energy: -7.68713
MCAccept 82 xShift: 7.34843 crossingAngle: -42.6911 axialRotation: -94.6454 zShift: 4.68614 energy: -7.74296
MCAccept 83 xShift: 7.34843 crossingAngle: -42.7268 axialRotation: -94.6454 zShift: 4.68614 energy: -7.72873
MCAccept 84 xShift: 7.32693 crossingAngle: -42.7268 axialRotation: -94.6454 zShift: 4.68614 energy: -7.83292
MCReject   xShift: 7.32693 crossingAngle: -42.7268 axialRotation: -94.6454 zShift: 4.62673 energy: -7.13459
MCAccept 85 xShift: 7.32693 crossingAngle: -42.8885 axialRotation: -94.6454 zShift: 4.68614 energy: -7.76979
MCReject   xShift: 7.34779 crossingAngle: -42.8885 axialRotation: -94.6454 zShift: 4.68614 energy: -7.66566
MCReject   xShift: 7.32693 crossingAngle: -42.6495 axialRotation: -94.6454 zShift: 4.68614 energy: -7.8617
MCReject   xShift: 7.32693 crossingAngle: -42.8885 axialRotation: -94.6454 zShift: 4.64524 energy: -7.29619
MCReject   xShift: 7.32693 crossingAngle: -42.8885 axialRotation: -95.1432 zShift: 4.68614 energy: -7.3865
MCReject   xShift: 7.32693 crossingAngle: -42.8885 axialRotation: -94.6663 zShift: 4.68614 energy: -7.7556
MCAccept 86 xShift: 7.32693 crossingAngle: -42.8885 axialRotation: -94.6454 zShift: 4.72544 energy: -8.20494
MCAccept 87 xShift: 7.32693 crossingAngle: -43.0112 axialRotation: -94.6454 zShift: 4.72544 energy: -8.15316
MCAccept 88 xShift: 7.24692 crossingAngle: -43.0112 axialRotation: -94.6454 zShift: 4.72544 energy: -8.39734
MCAccept 89 xShift: 7.24692 crossingAngle: -43.0112 axialRotation: -94.6454 zShift: 4.74691 energy: -8.6792
MCAccept 90 xShift: 7.24692 crossingAngle: -43.0112 axialRotation: -94.6454 zShift: 4.76747 energy: -8.94094
MCReject   xShift: 7.24692 crossingAngle: -43.0112 axialRotation: -94.7161 zShift: 4.76747 energy: -8.88828
MCAccept 91 xShift: 7.24692 crossingAngle: -43.4084 axialRotation: -94.6454 zShift: 4.76747 energy: -8.78623
MCAccept 92 xShift: 7.25504 crossingAngle: -43.4084 axialRotation: -94.6454 zShift: 4.76747 energy: -8.766
MCReject   xShift: 7.25504 crossingAngle: -43.4084 axialRotation: -95.4242 zShift: 4.76747 energy: -8.05485
MCReject   xShift: 7.30203 crossingAngle: -43.4084 axialRotation: -94.6454 zShift: 4.76747 energy: -8.5662
MCAccept 93 xShift: 7.20516 crossingAngle: -43.4084 axialRotation: -94.6454 zShift: 4.76747 energy: -8.8599
MCAccept 94 xShift: 7.20516 crossingAngle: -43.1569 axialRotation: -94.6454 zShift: 4.76747 energy: -8.9176
MCReject   xShift: 7.20516 crossingAngle: -43.1569 axialRotation: -94.6454 zShift: 4.77761 energy: -9.05927
MCAccept 95 xShift: 7.20516 crossingAngle: -43.1569 axialRotation: -94.6454 zShift: 4.77011 energy: -8.95476
MCAccept 96 xShift: 7.29134 crossingAngle: -43.1569 axialRotation: -94.6454 zShift: 4.77011 energy: -8.76622
MCAccept 97 xShift: 7.29134 crossingAngle: -43.1216 axialRotation: -94.6454 zShift: 4.77011 energy: -8.78135
MCReject   xShift: 7.29134 crossingAngle: -43.4151 axialRotation: -94.6454 zShift: 4.77011 energy: -8.64907
MCReject   xShift: 7.32102 crossingAngle: -43.1216 axialRotation: -94.6454 zShift: 4.77011 energy: -8.61391
MCAccept 98 xShift: 7.31817 crossingAngle: -43.1216 axialRotation: -94.6454 zShift: 4.77011 energy: -8.63197
MCReject   xShift: 7.31817 crossingAngle: -43.2914 axialRotation: -94.6454 zShift: 4.77011 energy: -8.5535
MCAccept 99 xShift: 7.31817 crossingAngle: -43.1541 axialRotation: -94.6454 zShift: 4.77011 energy: -8.61726
MCReject   xShift: 7.35017 crossingAngle: -43.1541 axialRotation: -94.6454 zShift: 4.77011 energy: -8.39279
MCReject   xShift: 7.31817 crossingAngle: -43.1541 axialRotation: -94.8118 zShift: 4.77011 energy: -8.51547
MCReject   xShift: 7.31817 crossingAngle: -43.1541 axialRotation: -94.7878 zShift: 4.77011 energy: -8.53084
MCReject   xShift: 7.31817 crossingAngle: -43.1541 axialRotation: -94.6454 zShift: 4.76055 energy: -8.51659
MCAccept 100 xShift: 7.25693 crossingAngle: -43.1541 axialRotation: -94.6454 zShift: 4.77011 energy: -8.89857
MCAccept 101 xShift: 7.25693 crossingAngle: -43.1541 axialRotation: -94.6454 zShift: 4.79421 energy: -9.18575
MCAccept 102 xShift: 7.25693 crossingAngle: -43.3021 axialRotation: -94.6454 zShift: 4.79421 energy: -9.12424
MCAccept 103 xShift: 7.25693 crossingAngle: -43.3021 axialRotation: -94.6454 zShift: 4.81941 energy: -9.41388
MCReject   xShift: 7.25693 crossingAngle: -43.3021 axialRotation: -95.2563 zShift: 4.81941 energy: -8.94607
MCAccept 104 xShift: 7.24898 crossingAngle: -43.3021 axialRotation: -94.6454 zShift: 4.81941 energy: -9.44582
MCAccept 105 xShift: 7.24898 crossingAngle: -43.3021 axialRotation: -94.6454 zShift: 4.82892 energy: -9.55463
MCAccept 106 xShift: 7.24898 crossingAngle: -43.2942 axialRotation: -94.6454 zShift: 4.82892 energy: -9.55806
MCAccept 107 xShift: 7.24898 crossingAngle: -43.2942 axialRotation: -94.6454 zShift: 4.84242 energy: -9.71037
MCReject   xShift: 7.24898 crossingAngle: -43.5015 axialRotation: -94.6454 zShift: 4.84242 energy: -9.6165
MCAccept 108 xShift: 7.24898 crossingAngle: -43.4981 axialRotation: -94.6454 zShift: 4.84242 energy: -9.61809
MCReject   xShift: 7.24898 crossingAngle: -43.4981 axialRotation: -94.6454 zShift: 4.83914 energy: -9.58151
MCReject   xShift: 7.33687 crossingAngle: -43.4981 axialRotation: -94.6454 zShift: 4.84242 energy: -9.02522
MCReject   xShift: 7.29528 crossingAngle: -43.4981 axialRotation: -94.6454 zShift: 4.84242 energy: -9.34951
MCAccept 109 xShift: 7.22094 crossingAngle: -43.4981 axialRotation: -94.6454 zShift: 4.84242 energy: -9.74985
MCReject   xShift: 7.22094 crossingAngle: -43.4981 axialRotation: -95.0974 zShift: 4.84242 energy: -9.40034
MCAccept 110 xShift: 7.22094 crossingAngle: -43.5443 axialRotation: -94.6454 zShift: 4.84242 energy: -9.73401
MCAccept 111 xShift: 7.24529 crossingAngle: -43.5443 axialRotation: -94.6454 zShift: 4.84242 energy: -9.61258
MCAccept 112 xShift: 7.24529 crossingAngle: -43.5443 axialRotation: -94.6454 zShift: 4.87705 energy: -9.99242
MCAccept 113 xShift: 7.24529 crossingAngle: -43.5401 axialRotation: -94.6454 zShift: 4.87705 energy: -9.99447
MCReject   xShift: 7.24529 crossingAngle: -43.5931 axialRotation: -94.6454 zShift: 4.87705 energy: -9.96857
MCAccept 114 xShift: 7.24529 crossingAngle: -43.5401 axialRotation: -94.6454 zShift: 4.86901 energy: -9.90768
MCReject   xShift: 7.24529 crossingAngle: -43.5401 axialRotation: -94.9185 zShift: 4.86901 energy: -9.73724
MCAccept 115 xShift: 7.22834 crossingAngle: -43.5401 axialRotation: -94.6454 zShift: 4.86901 energy: -10.0028
MCReject   xShift: 7.22834 crossingAngle: -43.5401 axialRotation: -94.6454 zShift: 4.86108 energy: -9.91313
MCAccept 116 xShift: 7.22834 crossingAngle: -43.5401 axialRotation: -94.6454 zShift: 4.8718 energy: -10.0342
MCAccept 117 xShift: 7.22834 crossingAngle: -43.4639 axialRotation: -94.6454 zShift: 4.8718 energy: -10.0616
MCReject   xShift: 7.22834 crossingAngle: -43.5232 axialRotation: -94.6454 zShift: 4.8718 energy: -10.0403
MCReject   xShift: 7.22834 crossingAngle: -43.4639 axialRotation: -94.6454 zShift: 4.85393 energy: -9.85841
MCAccept 118 xShift: 7.22834 crossingAngle: -43.4639 axialRotation: -94.6454 zShift: 4.88642 energy: -10.2244
MCReject   xShift: 7.22834 crossingAngle: -43.4639 axialRotation: -94.6454 zShift: 4.88055 energy: -10.1593
MCAccept 119 xShift: 7.22834 crossingAngle: -43.4639 axialRotation: -94.6454 zShift: 4.90927 energy: -10.4729
MCReject   xShift: 7.26585 crossingAngle: -43.4639 axialRotation: -94.6454 zShift: 4.90927 energy: -10.2405
MCReject   xShift: 7.22834 crossingAngle: -43.4089 axialRotation: -94.6454 zShift: 4.90927 energy: -10.4926
MCReject   xShift: 7.22834 crossingAngle: -43.756 axialRotation: -94.6454 zShift: 4.90927 energy: -10.3599
MCReject   xShift: 7.22834 crossingAngle: -43.4639 axialRotation: -94.7193 zShift: 4.90927 energy: -10.4337
MCReject   xShift: 7.23673 crossingAngle: -43.4639 axialRotation: -94.6454 zShift: 4.90927 energy: -10.4178
MCAccept 120 xShift: 7.20152 crossingAngle: -43.4639 axialRotation: -94.6454 zShift: 4.90927 energy: -10.6395
MCReject   xShift: 7.20152 crossingAngle: -43.4639 axialRotation: -94.6454 zShift: 4.90136 energy: -10.5488
MCReject   xShift: 7.20152 crossingAngle: -43.4639 axialRotation: -94.6454 zShift: 4.89786 energy: -10.5083
MCReject   xShift: 7.20689 crossingAngle: -43.4639 axialRotation: -94.6454 zShift: 4.90927 energy: -10.6091
MCReject   xShift: 7.20152 crossingAngle: -43.4639 axialRotation: -94.8531 zShift: 4.90927 energy: -10.5122
MCAccept 121 xShift: 7.20033 crossingAngle: -43.4639 axialRotation: -94.6454 zShift: 4.90927 energy: -10.646
MCAccept 122 xShift: 7.20033 crossingAngle: -43.4639 axialRotation: -94.6454 zShift: 4.92623 energy: -10.8378
MCReject   xShift: 7.2493 crossingAngle: -43.4639 axialRotation: -94.6454 zShift: 4.92623 energy: -10.5187
MCAccept 123 xShift: 7.17415 crossingAngle: -43.4639 axialRotation: -94.6454 zShift: 4.92623 energy: -11.4949
MCAccept 124 xShift: 7.17415 crossingAngle: -43.3902 axialRotation: -94.6454 zShift: 4.92623 energy: -11.5257
MCReject   xShift: 7.17415 crossingAngle: -43.3902 axialRotation: -94.9522 zShift: 4.92623 energy: -10.9047
MCAccept 125 xShift: 7.17415 crossingAngle: -43.2406 axialRotation: -94.6454 zShift: 4.92623 energy: -11.5845
MCReject   xShift: 7.17415 crossingAngle: -43.2406 axialRotation: -94.9131 zShift: 4.92623 energy: -11.1225
MCReject   xShift: 7.17415 crossingAngle: -43.2406 axialRotation: -94.6454 zShift: 4.91003 energy: -11.3015
MCAccept 126 xShift: 7.17415 crossingAngle: -43.2406 axialRotation: -94.6454 zShift: 4.94359 energy: -11.8681
MCReject   xShift: 7.18213 crossingAngle: -43.2406 axialRotation: -94.6454 zShift: 4.94359 energy: -11.7123
MCAccept 127 xShift: 7.17415 crossingAngle: -43.2406 axialRotation: -94.6454 zShift: 4.98396 energy: -12.4748
MCAccept 128 xShift: 7.14938 crossingAngle: -43.2406 axialRotation: -94.6454 zShift: 4.98396 energy: -12.8239
MCReject   xShift: 7.15463 crossingAngle: -43.2406 axialRotation: -94.6454 zShift: 4.98396 energy: -12.758
MCAccept 129 xShift: 7.12682 crossingAngle: -43.2406 axialRotation: -94.6454 zShift: 4.98396 energy: -13.066
MCReject   xShift: 7.13613 crossingAngle: -43.2406 axialRotation: -94.6454 zShift: 4.98396 energy: -12.9738
MCAccept 130 xShift: 7.12682 crossingAngle: -43.2406 axialRotation: -94.6454 zShift: 4.98623 energy: -13.0986
MCReject   xShift: 7.12682 crossingAngle: -43.3777 axialRotation: -94.6454 zShift: 4.98623 energy: -13.0624
MCAccept 131 xShift: 7.1235 crossingAngle: -43.2406 axialRotation: -94.6454 zShift: 4.98623 energy: -13.1311
MCReject   xShift: 7.16459 crossingAngle: -43.2406 axialRotation: -94.6454 zShift: 4.98623 energy: -12.6536
MCAccept 132 xShift: 7.1235 crossingAngle: -43.1551 axialRotation: -94.6454 zShift: 4.98623 energy: -13.1558
MCReject   xShift: 7.15177 crossingAngle: -43.1551 axialRotation: -94.6454 zShift: 4.98623 energy: -12.8509
MCReject   xShift: 7.1235 crossingAngle: -43.1551 axialRotation: -94.6454 zShift: 4.9786 energy: -13.0462
MCAccept 133 xShift: 7.1235 crossingAngle: -43.1551 axialRotation: -94.6454 zShift: 5.00852 energy: -13.467
MCReject   xShift: 7.15344 crossingAngle: -43.1551 axialRotation: -94.6454 zShift: 5.00852 energy: -13.1365
MCAccept 134 xShift: 7.10713 crossingAngle: -43.1551 axialRotation: -94.6454 zShift: 5.00852 energy: -13.6527
MCReject   xShift: 7.10713 crossingAngle: -43.1551 axialRotation: -94.6454 zShift: 5.0053 energy: -13.6074
MCReject   xShift: 7.10713 crossingAngle: -43.1551 axialRotation: -94.8521 zShift: 5.00852 energy: -13.4352
MCReject   xShift: 7.10813 crossingAngle: -43.1551 axialRotation: -94.6454 zShift: 5.00852 energy: -13.642
MCReject   xShift: 7.10713 crossingAngle: -43.1681 axialRotation: -94.6454 zShift: 5.00852 energy: -13.6462
MCReject   xShift: 7.14183 crossingAngle: -43.1551 axialRotation: -94.6454 zShift: 5.00852 energy: -13.2756
MCReject   xShift: 7.10713 crossingAngle: -43.1551 axialRotation: -94.9641 zShift: 5.00852 energy: -13.3241
MCAccept 135 xShift: 7.10713 crossingAngle: -43.1551 axialRotation: -94.6454 zShift: 5.04752 energy: -14.1787
MCReject   xShift: 7.10713 crossingAngle: -43.0401 axialRotation: -94.6454 zShift: 5.04752 energy: -14.2026
MCReject   xShift: 7.10713 crossingAngle: -43.1551 axialRotation: -94.6494 zShift: 5.04752 energy: -14.1709
MCReject   xShift: 7.10051 crossingAngle: -43.1551 axialRotation: -94.6454 zShift: 5.04752 energy: -14.2525
MCReject   xShift: 7.10713 crossingAngle: -42.9533 axialRotation: -94.6454 zShift: 5.04752 energy: -14.2233
MCReject   xShift: 7.10713 crossingAngle: -43.0416 axialRotation: -94.6454 zShift: 5.04752 energy: -14.2056
MCReject   xShift: 7.10713 crossingAngle: -43.1551 axialRotation: -94.6454 zShift: 5.07342 energy: -14.5078
MCReject   xShift: 7.10713 crossingAngle: -43.1551 axialRotation: -94.8587 zShift: 5.04752 energy: -13.9891
MCReject   xShift: 7.14814 crossingAngle: -43.1551 axialRotation: -94.6454 zShift: 5.04752 energy: -13.7099
MCReject   xShift: 7.10713 crossingAngle: -43.1551 axialRotation: -94.4205 zShift: 5.04752 energy: -14.4111
MCReject   xShift: 7.10713 crossingAngle: -43.1551 axialRotation: -94.6454 zShift: 5.02296 energy: -13.852
MCReject   xShift: 7.08009 crossingAngle: -43.1551 axialRotation: -94.6454 zShift: 5.04752 energy: -14.458
MCAccept 136 xShift: 7.10713 crossingAngle: -43.1551 axialRotation: -94.6454 zShift: 5.07593 energy: -14.5388
MCAccept 137 xShift: 7.10713 crossingAngle: -43.1551 axialRotation: -94.6454 zShift: 5.08091 energy: -14.5967
MCReject   xShift: 7.11603 crossingAngle: -43.1551 axialRotation: -94.6454 zShift: 5.08091 energy: -14.4901
MCReject   xShift: 7.10713 crossingAngle: -43.243 axialRotation: -94.6454 zShift: 5.08091 energy: -14.5762
MCAccept 138 xShift: 7.10713 crossingAngle: -43.1961 axialRotation: -94.6454 zShift: 5.08091 energy: -14.586
MCAccept 139 xShift: 7.10713 crossingAngle: -43.1578 axialRotation: -94.6454 zShift: 5.08091 energy: -14.5994
MCReject   xShift: 7.10713 crossingAngle: -43.1578 axialRotation: -94.6454 zShift: 5.07918 energy: -14.5781
MCReject   xShift: 7.10713 crossingAngle: -43.1578 axialRotation: -94.6454 zShift: 5.09256 energy: -14.7403
MCReject   xShift: 7.10713 crossingAngle: -43.1578 axialRotation: -94.7721 zShift: 5.08091 energy: -14.4937
MCReject   xShift: 7.10262 crossingAngle: -43.1578 axialRotation: -94.6454 zShift: 5.08091 energy: -14.6496
MCReject   xShift: 7.10713 crossingAngle: -43.4148 axialRotation: -94.6454 zShift: 5.08091 energy: -14.5221
MCReject   xShift: 7.10713 crossingAngle: -43.1578 axialRotation: -94.6454 zShift: 5.06494 energy: -14.4011
MCReject   xShift: 7.10454 crossingAngle: -43.1578 axialRotation: -94.6454 zShift: 5.08091 energy: -14.6302
MCReject   xShift: 7.10713 crossingAngle: -43.0083 axialRotation: -94.6454 zShift: 5.08091 energy: -14.636
MCReject   xShift: 7.13443 crossingAngle: -43.1578 axialRotation: -94.6454 zShift: 5.08091 energy: -14.2825
MCReject   xShift: 7.10713 crossingAngle: -43.1578 axialRotation: -94.6454 zShift: 5.10304 energy: -14.8672
MCReject   xShift: 7.10713 crossingAngle: -43.1578 axialRotation: -94.6454 zShift: 5.085 energy: -14.6491
MCReject   xShift: 7.10713 crossingAngle: -43.1578 axialRotation: -94.6454 zShift: 5.07573 energy: -14.5356
MCReject   xShift: 7.10713 crossingAngle: -43.1288 axialRotation: -94.6454 zShift: 5.08091 energy: -14.6066
MCReject   xShift: 7.10713 crossingAngle: -43.1578 axialRotation: -94.6454 zShift: 5.08362 energy: -14.6324
MCReject   xShift: 7.10713 crossingAngle: -43.5079 axialRotation: -94.6454 zShift: 5.08091 energy: -14.4887
MCReject   xShift: 7.10713 crossingAngle: -43.0929 axialRotation: -94.6454 zShift: 5.08091 energy: -14.6119
MCReject   xShift: 7.10713 crossingAngle: -43.1578 axialRotation: -94.6454 zShift: 5.0654 energy: -14.4069
MCReject   xShift: 7.10713 crossingAngle: -43.1578 axialRotation: -94.5087 zShift: 5.08091 energy: -14.7311
MCReject   xShift: 7.10713 crossingAngle: -43.1578 axialRotation: -94.6454 zShift: 5.09326 energy: -14.7487
MCReject   xShift: 7.10713 crossingAngle: -43.1578 axialRotation: -94.7288 zShift: 5.08091 energy: -14.5186
MCReject   xShift: 7.10713 crossingAngle: -43.1578 axialRotation: -94.6213 zShift: 5.08091 energy: -14.6235
MCReject   xShift: 7.10713 crossingAngle: -43.1578 axialRotation: -94.6454 zShift: 5.09833 energy: -14.8101
MCReject   xShift: 7.10713 crossingAngle: -43.218 axialRotation: -94.6454 zShift: 5.08091 energy: -14.58
MCReject   xShift: 7.13093 crossingAngle: -43.1578 axialRotation: -94.6454 zShift: 5.08091 energy: -14.3218
MCReject   xShift: 7.09581 crossingAngle: -43.1578 axialRotation: -94.6454 zShift: 5.08091 energy: -14.7307
MCReject   xShift: 7.06774 crossingAngle: -43.1578 axialRotation: -94.6454 zShift: 5.08091 energy: -15.0152
MCReject   xShift: 7.10713 crossingAngle: -43.1354 axialRotation: -94.6454 zShift: 5.08091 energy: -14.605
MCReject   xShift: 7.07809 crossingAngle: -43.1578 axialRotation: -94.6454 zShift: 5.08091 energy: -14.9174
MCReject   xShift: 7.10713 crossingAngle: -43.1578 axialRotation: -95.3063 zShift: 5.08091 energy: -14.0194
MCReject   xShift: 7.10713 crossingAngle: -43.1578 axialRotation: -94.6454 zShift: 5.03527 energy: -14.0169
MCReject   xShift: 7.10713 crossingAngle: -42.978 axialRotation: -94.6454 zShift: 5.08091 energy: -14.6434
MCReject   xShift: 7.10713 crossingAngle: -43.1578 axialRotation: -94.6454 zShift: 5.06857 energy: -14.4467
MCReject   xShift: 7.10713 crossingAngle: -43.1578 axialRotation: -94.6454 zShift: 5.115 energy: -15.0099
MCReject   xShift: 7.10713 crossingAngle: -43.1248 axialRotation: -94.6454 zShift: 5.08091 energy: -14.6076
MCReject   xShift: 7.10713 crossingAngle: -43.1578 axialRotation: -94.4823 zShift: 5.08091 energy: -14.7552
MCAccept 140 xShift: 7.10713 crossingAngle: -43.1578 axialRotation: -94.6454 zShift: 5.12694 energy: -15.1462
MCReject   xShift: 7.10713 crossingAngle: -43.1578 axialRotation: -95.3298 zShift: 5.12694 energy: -14.6333
MCAccept 141 xShift: 7.09071 crossingAngle: -43.1578 axialRotation: -94.6454 zShift: 5.12694 energy: -15.3512
MCAccept 142 xShift: 7.09071 crossingAngle: -43.012 axialRotation: -94.6454 zShift: 5.12694 energy: -15.3881
MCReject   xShift: 7.10526 crossingAngle: -43.012 axialRotation: -94.6454 zShift: 5.12694 energy: -15.2095
MCReject   xShift: 7.09071 crossingAngle: -43.05 axialRotation: -94.6454 zShift: 5.12694 energy: -15.3757
MCReject   xShift: 7.09071 crossingAngle: -43.012 axialRotation: -94.8285 zShift: 5.12694 energy: -15.2192
MCReject   xShift: 7.09071 crossingAngle: -43.012 axialRotation: -94.8184 zShift: 5.12694 energy: -15.2244
MCReject   xShift: 7.09071 crossingAngle: -42.9389 axialRotation: -94.6454 zShift: 5.12694 energy: -15.404
MCReject   xShift: 7.09071 crossingAngle: -43.012 axialRotation: -94.8024 zShift: 5.12694 energy: -15.2342
MCReject   xShift: 7.09071 crossingAngle: -43.012 axialRotation: -94.4644 zShift: 5.12694 energy: -15.5384
MCReject   xShift: 7.09071 crossingAngle: -43.012 axialRotation: -94.6565 zShift: 5.12694 energy: -15.378
MCReject   xShift: 7.10577 crossingAngle: -43.012 axialRotation: -94.6454 zShift: 5.12694 energy: -15.2066
End Repack Cycles

***REPACK GEOMETRY***
xShift;        Before: 7.1745; After: 7.09071
crossingAngle; Before: -40.7669; After: -43.012
axialRotation; Before: -94.6454; After: -94.6454
zShift;        Before: 4.7261; After: 5.12694

axialRotationPrime; Before: 29.8466; After: 32.8157
zShiftPrime;        Before: 3.6738; After: 4.11917

Energy;        Before: -2.72509; After: -15.3881

Completed all cycles. Accepted 193/320
Monte Carlo repack complete. Time: 73.8333min

