***STARTING GEOMETRY***
xShift;        Before: 7.4044; After: 7.4044
crossingAngle; Before: -44.1361; After: -44.1361
axialRotation; Before: -93.3512; After: -93.3512
zShift;        Before: 6.161; After: 6.161

axialRotationPrime; Before: 41.9135; After: 41.9135
zShiftPrime;        Before: 5.2897; After: 5.2897

Starting Repack Cycles
MCReject   xShift: 7.3127 crossingAngle: -44.1361 axialRotation: -93.3512 zShift: 6.161 energy: -10.426
MCAccept 0 xShift: 7.4044 crossingAngle: -44.4505 axialRotation: -93.3512 zShift: 6.161 energy: -12.3014
MCAccept 1 xShift: 7.42511 crossingAngle: -44.4505 axialRotation: -93.3512 zShift: 6.161 energy: -11.955
MCAccept 2 xShift: 7.42511 crossingAngle: -44.8317 axialRotation: -93.3512 zShift: 6.161 energy: -11.5454
MCAccept 3 xShift: 7.42511 crossingAngle: -44.8369 axialRotation: -93.3512 zShift: 6.161 energy: -11.5395
MCAccept 4 xShift: 7.44249 crossingAngle: -44.8369 axialRotation: -93.3512 zShift: 6.161 energy: -11.2227
MCReject   xShift: 7.44249 crossingAngle: -44.8369 axialRotation: -93.9871 zShift: 6.161 energy: -8.73946
MCReject   xShift: 7.44249 crossingAngle: -44.8369 axialRotation: -93.7082 zShift: 6.161 energy: -9.09011
MCAccept 5 xShift: 7.37774 crossingAngle: -44.8369 axialRotation: -93.3512 zShift: 6.161 energy: -12.3066
MCAccept 6 xShift: 7.34947 crossingAngle: -44.8369 axialRotation: -93.3512 zShift: 6.161 energy: -12.7099
MCAccept 7 xShift: 7.34947 crossingAngle: -43.9315 axialRotation: -93.3512 zShift: 6.161 energy: -13.5442
MCAccept 8 xShift: 7.34947 crossingAngle: -43.9002 axialRotation: -93.3512 zShift: 6.161 energy: -13.5667
MCReject   xShift: 7.29617 crossingAngle: -43.9002 axialRotation: -93.3512 zShift: 6.161 energy: -12.559
MCAccept 9 xShift: 7.40821 crossingAngle: -43.9002 axialRotation: -93.3512 zShift: 6.161 energy: -12.735
MCAccept 10 xShift: 7.40821 crossingAngle: -44.2923 axialRotation: -93.3512 zShift: 6.161 energy: -12.3937
MCReject   xShift: 7.40821 crossingAngle: -43.9488 axialRotation: -93.3512 zShift: 6.161 energy: -10.3681
MCAccept 11 xShift: 7.40821 crossingAngle: -44.2274 axialRotation: -93.3512 zShift: 6.161 energy: -12.4543
MCAccept 12 xShift: 7.36893 crossingAngle: -44.2274 axialRotation: -93.3512 zShift: 6.161 energy: -11.5448
MCAccept 13 xShift: 7.28336 crossingAngle: -44.2274 axialRotation: -93.3512 zShift: 6.161 energy: -14.0562
MCAccept 14 xShift: 7.28336 crossingAngle: -44.0207 axialRotation: -93.3512 zShift: 6.161 energy: -14.2016
MCAccept 15 xShift: 7.30063 crossingAngle: -44.0207 axialRotation: -93.3512 zShift: 6.161 energy: -12.0731
MCAccept 16 xShift: 7.31763 crossingAngle: -44.0207 axialRotation: -93.3512 zShift: 6.161 energy: -13.8563
MCAccept 17 xShift: 7.31763 crossingAngle: -44.2876 axialRotation: -93.3512 zShift: 6.161 energy: -13.6478
MCAccept 18 xShift: 7.31763 crossingAngle: -44.524 axialRotation: -93.3512 zShift: 6.161 energy: -13.4358
MCAccept 19 xShift: 7.38165 crossingAngle: -44.524 axialRotation: -93.3512 zShift: 6.161 energy: -12.5805
MCAccept 20 xShift: 7.38165 crossingAngle: -44.4503 axialRotation: -93.3512 zShift: 6.161 energy: -12.6538
MCAccept 21 xShift: 7.38071 crossingAngle: -44.4503 axialRotation: -93.3512 zShift: 6.161 energy: -12.6678
MCAccept 22 xShift: 7.42107 crossingAngle: -44.4503 axialRotation: -93.3512 zShift: 6.161 energy: -9.91445
MCAccept 23 xShift: 7.42107 crossingAngle: -44.604 axialRotation: -93.3512 zShift: 6.161 energy: -11.8658
MCAccept 24 xShift: 7.44047 crossingAngle: -44.604 axialRotation: -93.3512 zShift: 6.161 energy: -11.5186
MCAccept 25 xShift: 7.3958 crossingAngle: -44.604 axialRotation: -93.3512 zShift: 6.161 energy: -12.2813
MCReject   xShift: 7.46995 crossingAngle: -44.604 axialRotation: -93.3512 zShift: 6.161 energy: -10.9198
MCAccept 26 xShift: 7.37459 crossingAngle: -44.604 axialRotation: -93.3512 zShift: 6.161 energy: -12.6033
MCAccept 27 xShift: 7.37459 crossingAngle: -44.4002 axialRotation: -93.3512 zShift: 6.161 energy: -10.8141
MCReject   xShift: 7.37459 crossingAngle: -44.4002 axialRotation: -93.3955 zShift: 6.161 energy: -9.97451
MCAccept 28 xShift: 7.44118 crossingAngle: -44.4002 axialRotation: -93.3512 zShift: 6.161 energy: -11.7171
MCReject   xShift: 7.44118 crossingAngle: -44.4002 axialRotation: -93.8196 zShift: 6.161 energy: -11.432
MCAccept 29 xShift: 7.44118 crossingAngle: -44.3485 axialRotation: -93.3512 zShift: 6.161 energy: -11.7687
MCReject   xShift: 7.44118 crossingAngle: -44.315 axialRotation: -93.3512 zShift: 6.161 energy: -9.66723
MCAccept 30 xShift: 7.48496 crossingAngle: -44.3485 axialRotation: -93.3512 zShift: 6.161 energy: -10.8186
MCAccept 31 xShift: 7.38468 crossingAngle: -44.3485 axialRotation: -93.3512 zShift: 6.161 energy: -10.7039
MCAccept 32 xShift: 7.39986 crossingAngle: -44.3485 axialRotation: -93.3512 zShift: 6.161 energy: -12.4737
MCAccept 33 xShift: 7.29637 crossingAngle: -44.3485 axialRotation: -93.3512 zShift: 6.161 energy: -13.8295
MCAccept 34 xShift: 7.27363 crossingAngle: -44.3485 axialRotation: -93.3512 zShift: 6.161 energy: -14.0526
MCReject   xShift: 7.37114 crossingAngle: -44.3485 axialRotation: -93.3512 zShift: 6.161 energy: -12.9046
MCAccept 35 xShift: 7.27363 crossingAngle: -44.5262 axialRotation: -93.3512 zShift: 6.161 energy: -13.9021
MCAccept 36 xShift: 7.27603 crossingAngle: -44.5262 axialRotation: -93.3512 zShift: 6.161 energy: -13.8792
MCAccept 37 xShift: 7.24012 crossingAngle: -44.5262 axialRotation: -93.3512 zShift: 6.161 energy: -14.1869
MCReject   xShift: 7.24012 crossingAngle: -44.5262 axialRotation: -93.3512 zShift: 5.96826 energy: -12.0974
MCAccept 38 xShift: 7.24012 crossingAngle: -44.465 axialRotation: -93.3512 zShift: 6.161 energy: -12.5875
MCAccept 39 xShift: 7.24012 crossingAngle: -44.6644 axialRotation: -93.3512 zShift: 6.161 energy: -14.0669
MCReject   xShift: 7.24012 crossingAngle: -44.8918 axialRotation: -93.3512 zShift: 6.161 energy: -13.8484
MCReject   xShift: 7.24012 crossingAngle: -44.6644 axialRotation: -93.6927 zShift: 6.161 energy: -12.8439
MCAccept 40 xShift: 7.29184 crossingAngle: -44.6644 axialRotation: -93.3512 zShift: 6.161 energy: -13.5897
MCAccept 41 xShift: 7.30126 crossingAngle: -44.6644 axialRotation: -93.3512 zShift: 6.161 energy: -13.4873
MCAccept 42 xShift: 7.30126 crossingAngle: -44.8416 axialRotation: -93.3512 zShift: 6.161 energy: -13.3055
MCReject   xShift: 7.29773 crossingAngle: -44.8416 axialRotation: -93.3512 zShift: 6.161 energy: -11.5924
MCReject   xShift: 7.30126 crossingAngle: -44.8416 axialRotation: -93.09 zShift: 6.161 energy: -11.6299
MCAccept 43 xShift: 7.30126 crossingAngle: -44.164 axialRotation: -93.3512 zShift: 6.161 energy: -13.9261
MCReject   xShift: 7.33802 crossingAngle: -44.164 axialRotation: -93.3512 zShift: 6.161 energy: -13.5076
MCReject   xShift: 7.35409 crossingAngle: -44.164 axialRotation: -93.3512 zShift: 6.161 energy: -11.2672
MCAccept 44 xShift: 7.26979 crossingAngle: -44.164 axialRotation: -93.3512 zShift: 6.161 energy: -14.2251
MCAccept 45 xShift: 7.24413 crossingAngle: -44.164 axialRotation: -93.3512 zShift: 6.161 energy: -14.4248
MCAccept 46 xShift: 7.24413 crossingAngle: -44.2601 axialRotation: -93.3512 zShift: 6.161 energy: -14.3608
MCAccept 47 xShift: 7.24413 crossingAngle: -44.1429 axialRotation: -93.3512 zShift: 6.161 energy: -14.4381
MCAccept 48 xShift: 7.24413 crossingAngle: -43.9493 axialRotation: -93.3512 zShift: 6.161 energy: -14.5475
MCAccept 49 xShift: 7.24413 crossingAngle: -44.3918 axialRotation: -93.3512 zShift: 6.161 energy: -14.2645
MCAccept 50 xShift: 7.24413 crossingAngle: -44.8515 axialRotation: -93.3512 zShift: 6.161 energy: -13.8563
MCAccept 51 xShift: 7.24016 crossingAngle: -44.8515 axialRotation: -93.3512 zShift: 6.161 energy: -13.8887
MCAccept 52 xShift: 7.2893 crossingAngle: -44.8515 axialRotation: -93.3512 zShift: 6.161 energy: -13.4266
MCAccept 53 xShift: 7.23697 crossingAngle: -44.8515 axialRotation: -93.3512 zShift: 6.161 energy: -13.914
MCReject   xShift: 7.23697 crossingAngle: -44.8515 axialRotation: -93.3512 zShift: 6.1423 energy: -12.7304
MCReject   xShift: 7.23697 crossingAngle: -44.8515 axialRotation: -92.9546 zShift: 6.161 energy: -13.6725
MCAccept 54 xShift: 7.25854 crossingAngle: -44.8515 axialRotation: -93.3512 zShift: 6.161 energy: -13.7314
MCReject   xShift: 7.28417 crossingAngle: -44.8515 axialRotation: -93.3512 zShift: 6.161 energy: -13.4809
MCAccept 55 xShift: 7.25854 crossingAngle: -44.7126 axialRotation: -93.3512 zShift: 6.161 energy: -13.8688
MCAccept 56 xShift: 7.30087 crossingAngle: -44.7126 axialRotation: -93.3512 zShift: 6.161 energy: -13.4435
MCAccept 57 xShift: 7.24488 crossingAngle: -44.7126 axialRotation: -93.3512 zShift: 6.161 energy: -13.9849
MCAccept 58 xShift: 7.24488 crossingAngle: -44.6929 axialRotation: -93.3512 zShift: 6.161 energy: -14.0033
MCReject   xShift: 7.24488 crossingAngle: -44.6929 axialRotation: -92.8527 zShift: 6.161 energy: -12.687
MCAccept 59 xShift: 7.23814 crossingAngle: -44.6929 axialRotation: -93.3512 zShift: 6.161 energy: -14.0563
MCReject   xShift: 7.23814 crossingAngle: -44.6929 axialRotation: -93.3512 zShift: 6.14467 energy: -12.169
MCAccept 60 xShift: 7.23814 crossingAngle: -44.2433 axialRotation: -93.3512 zShift: 6.161 energy: -14.4141
MCReject   xShift: 7.23814 crossingAngle: -44.2433 axialRotation: -93.3512 zShift: 6.1328 energy: -13.1716
MCReject   xShift: 7.23814 crossingAngle: -44.2433 axialRotation: -93.4004 zShift: 6.161 energy: -12.5468
MCAccept 61 xShift: 7.23814 crossingAngle: -43.7903 axialRotation: -93.3512 zShift: 6.161 energy: -13.5135
MCAccept 62 xShift: 7.23814 crossingAngle: -43.8825 axialRotation: -93.3512 zShift: 6.161 energy: -14.6155
MCAccept 63 xShift: 7.23814 crossingAngle: -43.7011 axialRotation: -93.3512 zShift: 6.161 energy: -14.6842
MCReject   xShift: 7.23814 crossingAngle: -43.7011 axialRotation: -93.3512 zShift: 6.09362 energy: -13.2346
MCReject   xShift: 7.27874 crossingAngle: -43.7011 axialRotation: -93.3512 zShift: 6.161 energy: -14.4164
MCReject   xShift: 7.23814 crossingAngle: -43.7933 axialRotation: -93.3512 zShift: 6.161 energy: -13.5122
MCReject   xShift: 7.23814 crossingAngle: -43.7011 axialRotation: -93.3512 zShift: 6.05925 energy: -13.0471
MCReject   xShift: 7.23814 crossingAngle: -43.7011 axialRotation: -93.2356 zShift: 6.161 energy: -14.5972
MCReject   xShift: 7.23814 crossingAngle: -43.7011 axialRotation: -93.3846 zShift: 6.161 energy: -14.7023
MCAccept 64 xShift: 7.23814 crossingAngle: -43.3361 axialRotation: -93.3512 zShift: 6.161 energy: -14.7478
MCReject   xShift: 7.23814 crossingAngle: -43.3361 axialRotation: -93.0866 zShift: 6.161 energy: -14.4547
MCReject   xShift: 7.23814 crossingAngle: -43.3361 axialRotation: -93.2912 zShift: 6.161 energy: -13.6658
MCAccept 65 xShift: 7.23814 crossingAngle: -43.5944 axialRotation: -93.3512 zShift: 6.161 energy: -14.7135
MCAccept 66 xShift: 7.2585 crossingAngle: -43.5944 axialRotation: -93.3512 zShift: 6.161 energy: -14.6013
MCAccept 67 xShift: 7.2784 crossingAngle: -43.5944 axialRotation: -93.3512 zShift: 6.161 energy: -14.4628
MCReject   xShift: 7.2784 crossingAngle: -43.5944 axialRotation: -93.2298 zShift: 6.161 energy: -13.0495
MCReject   xShift: 7.2784 crossingAngle: -43.5944 axialRotation: -93.9599 zShift: 6.161 energy: -14.2053
MCReject   xShift: 7.2784 crossingAngle: -43.5944 axialRotation: -93.3512 zShift: 6.13518 energy: -14.3326
MCReject   xShift: 7.2784 crossingAngle: -43.5944 axialRotation: -93.3512 zShift: 6.13946 energy: -14.3567
MCAccept 68 xShift: 7.25356 crossingAngle: -43.5944 axialRotation: -93.3512 zShift: 6.161 energy: -14.6314
MCAccept 69 xShift: 7.25356 crossingAngle: -43.6916 axialRotation: -93.3512 zShift: 6.161 energy: -14.5996
MCReject   xShift: 7.25356 crossingAngle: -43.6088 axialRotation: -93.3512 zShift: 6.161 energy: -14.6271
MCReject   xShift: 7.25356 crossingAngle: -43.6916 axialRotation: -93.5768 zShift: 6.161 energy: -14.6454
MCReject   xShift: 7.27804 crossingAngle: -43.6916 axialRotation: -93.3512 zShift: 6.161 energy: -14.4262
MCReject   xShift: 7.26146 crossingAngle: -43.6916 axialRotation: -93.3512 zShift: 6.161 energy: -14.5481
MCReject   xShift: 7.25356 crossingAngle: -43.6916 axialRotation: -92.9202 zShift: 6.161 energy: -14.1319
MCReject   xShift: 7.25356 crossingAngle: -43.6916 axialRotation: -93.3512 zShift: 6.17579 energy: -14.666
MCReject   xShift: 7.1995 crossingAngle: -43.6916 axialRotation: -93.3512 zShift: 6.161 energy: -13.1703
MCReject   xShift: 7.25356 crossingAngle: -43.8873 axialRotation: -93.3512 zShift: 6.161 energy: -14.5161
MCReject   xShift: 7.25356 crossingAngle: -43.582 axialRotation: -93.3512 zShift: 6.161 energy: -14.635
MCReject   xShift: 7.26171 crossingAngle: -43.6916 axialRotation: -93.3512 zShift: 6.161 energy: -12.618
MCAccept 70 xShift: 7.25356 crossingAngle: -43.4704 axialRotation: -93.3512 zShift: 6.161 energy: -14.6619
MCReject   xShift: 7.25356 crossingAngle: -43.6042 axialRotation: -93.3512 zShift: 6.161 energy: -14.6285
MCAccept 71 xShift: 7.25356 crossingAngle: -43.3026 axialRotation: -93.3512 zShift: 6.161 energy: -14.6844
MCReject   xShift: 7.29521 crossingAngle: -43.3026 axialRotation: -93.3512 zShift: 6.161 energy: -14.4203
MCAccept 72 xShift: 7.2607 crossingAngle: -43.3026 axialRotation: -93.3512 zShift: 6.161 energy: -14.6484
MCReject   xShift: 7.2607 crossingAngle: -43.1203 axialRotation: -93.3512 zShift: 6.161 energy: -13.0797
MCReject   xShift: 7.2607 crossingAngle: -42.7979 axialRotation: -93.3512 zShift: 6.161 energy: -14.5882
MCReject   xShift: 7.30217 crossingAngle: -43.3026 axialRotation: -93.3512 zShift: 6.161 energy: -12.8839
MCAccept 73 xShift: 7.23572 crossingAngle: -43.3026 axialRotation: -93.3512 zShift: 6.161 energy: -14.7565
MCReject   xShift: 7.2572 crossingAngle: -43.3026 axialRotation: -93.3512 zShift: 6.161 energy: -14.6665
MCReject   xShift: 7.24859 crossingAngle: -43.3026 axialRotation: -93.3512 zShift: 6.161 energy: -14.7071
MCAccept 74 xShift: 7.23572 crossingAngle: -43.257 axialRotation: -93.3512 zShift: 6.161 energy: -14.755
MCReject   xShift: 7.23572 crossingAngle: -43.257 axialRotation: -93.3512 zShift: 6.12235 energy: -13.6185
MCReject   xShift: 7.23572 crossingAngle: -43.257 axialRotation: -93.3512 zShift: 6.0673 energy: -12.6299
MCReject   xShift: 7.23572 crossingAngle: -43.0552 axialRotation: -93.3512 zShift: 6.161 energy: -13.8078
MCReject   xShift: 7.20719 crossingAngle: -43.257 axialRotation: -93.3512 zShift: 6.161 energy: -13.9784
MCReject   xShift: 7.23572 crossingAngle: -43.257 axialRotation: -93.3512 zShift: 6.17266 energy: -14.8309
MCReject   xShift: 7.23572 crossingAngle: -43.257 axialRotation: -94.0021 zShift: 6.161 energy: -14.6682
MCReject   xShift: 7.23572 crossingAngle: -43.3475 axialRotation: -93.3512 zShift: 6.161 energy: -13.6818
MCReject   xShift: 7.23572 crossingAngle: -43.0534 axialRotation: -93.3512 zShift: 6.161 energy: -12.8553
MCReject   xShift: 7.22282 crossingAngle: -43.257 axialRotation: -93.3512 zShift: 6.161 energy: -13.2636
MCReject   xShift: 7.23572 crossingAngle: -43.0497 axialRotation: -93.3512 zShift: 6.161 energy: -13.8082
MCReject   xShift: 7.23017 crossingAngle: -43.257 axialRotation: -93.3512 zShift: 6.161 energy: -14.7708
MCReject   xShift: 7.19577 crossingAngle: -43.257 axialRotation: -93.3512 zShift: 6.161 energy: -13.9595
MCReject   xShift: 7.23572 crossingAngle: -43.257 axialRotation: -93.3512 zShift: 6.13988 energy: -13.6987
MCReject   xShift: 7.23572 crossingAngle: -43.257 axialRotation: -93.3512 zShift: 6.10685 energy: -14.2835
MCReject   xShift: 7.23572 crossingAngle: -43.2782 axialRotation: -93.3512 zShift: 6.161 energy: -13.0696
MCReject   xShift: 7.23572 crossingAngle: -43.257 axialRotation: -93.7855 zShift: 6.161 energy: -14.7498
MCReject   xShift: 7.23572 crossingAngle: -43.1836 axialRotation: -93.3512 zShift: 6.161 energy: -14.7488
MCAccept 75 xShift: 7.23572 crossingAngle: -43.184 axialRotation: -93.3512 zShift: 6.161 energy: -14.7488
MCReject   xShift: 7.23572 crossingAngle: -42.6852 axialRotation: -93.3512 zShift: 6.161 energy: -13.7864
MCReject   xShift: 7.23572 crossingAngle: -42.9513 axialRotation: -93.3512 zShift: 6.161 energy: -13.2684
MCReject   xShift: 7.23572 crossingAngle: -43.184 axialRotation: -93.6613 zShift: 6.161 energy: -13.3678
MCReject   xShift: 7.23572 crossingAngle: -43.184 axialRotation: -93.357 zShift: 6.161 energy: -13.4508
MCReject   xShift: 7.21505 crossingAngle: -43.184 axialRotation: -93.3512 zShift: 6.161 energy: -11.1775
MCReject   xShift: 7.23572 crossingAngle: -43.0711 axialRotation: -93.3512 zShift: 6.161 energy: -13.8064
MCReject   xShift: 7.23572 crossingAngle: -43.0461 axialRotation: -93.3512 zShift: 6.161 energy: -14.7238
MCReject   xShift: 7.23572 crossingAngle: -43.184 axialRotation: -93.3013 zShift: 6.161 energy: -14.7098
MCReject   xShift: 7.23572 crossingAngle: -43.184 axialRotation: -93.3512 zShift: 6.22954 energy: -13.3764
MCReject   xShift: 7.23572 crossingAngle: -43.134 axialRotation: -93.3512 zShift: 6.161 energy: -14.7418
MCReject   xShift: 7.23572 crossingAngle: -43.184 axialRotation: -92.9585 zShift: 6.161 energy: -13.6743
MCReject   xShift: 7.23572 crossingAngle: -43.184 axialRotation: -93.1895 zShift: 6.161 energy: -13.7057
MCReject   xShift: 7.23572 crossingAngle: -43.184 axialRotation: -93.4972 zShift: 6.161 energy: -14.8077
MCReject   xShift: 7.23572 crossingAngle: -43.184 axialRotation: -93.3056 zShift: 6.161 energy: -14.7136
MCReject   xShift: 7.23572 crossingAngle: -43.2761 axialRotation: -93.3512 zShift: 6.161 energy: -12.7094
MCReject   xShift: 7.23572 crossingAngle: -43.184 axialRotation: -93.3512 zShift: 6.2162 energy: -13.0764
MCReject   xShift: 7.23572 crossingAngle: -43.184 axialRotation: -93.5512 zShift: 6.161 energy: -14.808
MCReject   xShift: 7.23572 crossingAngle: -43.2322 axialRotation: -93.3512 zShift: 6.161 energy: -14.7534
MCReject   xShift: 7.21918 crossingAngle: -43.184 axialRotation: -93.3512 zShift: 6.161 energy: -14.7815
MCReject   xShift: 7.23572 crossingAngle: -43.0088 axialRotation: -93.3512 zShift: 6.161 energy: -13.2727
MCReject   xShift: 7.23572 crossingAngle: -43.184 axialRotation: -93.4542 zShift: 6.161 energy: -13.1672
MCReject   xShift: 7.23572 crossingAngle: -43.0211 axialRotation: -93.3512 zShift: 6.161 energy: -13.8101
MCReject   xShift: 7.22223 crossingAngle: -43.184 axialRotation: -93.3512 zShift: 6.161 energy: -13.3125
MCReject   xShift: 7.20367 crossingAngle: -43.184 axialRotation: -93.3512 zShift: 6.161 energy: -14.7889
MCReject   xShift: 7.23572 crossingAngle: -43.5201 axialRotation: -93.3512 zShift: 6.161 energy: -14.7394
MCReject   xShift: 7.23572 crossingAngle: -43.184 axialRotation: -92.9899 zShift: 6.161 energy: -14.2548
MCReject   xShift: 7.23572 crossingAngle: -43.184 axialRotation: -92.8539 zShift: 6.161 energy: -13.9396
MCReject   xShift: 7.23572 crossingAngle: -43.184 axialRotation: -93.3512 zShift: 6.18522 energy: -14.9026
MCReject   xShift: 7.23572 crossingAngle: -43.184 axialRotation: -93.2994 zShift: 6.161 energy: -14.7082
MCReject   xShift: 7.23572 crossingAngle: -43.1028 axialRotation: -93.3512 zShift: 6.161 energy: -14.7362
MCReject   xShift: 7.23682 crossingAngle: -43.184 axialRotation: -93.3512 zShift: 6.161 energy: -13.2283
MCReject   xShift: 7.23572 crossingAngle: -43.6038 axialRotation: -93.3512 zShift: 6.161 energy: -14.7227
MCReject   xShift: 7.21775 crossingAngle: -43.184 axialRotation: -93.3512 zShift: 6.161 energy: -14.7831
MCReject   xShift: 7.23572 crossingAngle: -43.184 axialRotation: -93.5313 zShift: 6.161 energy: -13.3894
MCReject   xShift: 7.23572 crossingAngle: -43.0863 axialRotation: -93.3512 zShift: 6.161 energy: -14.7329
MCReject   xShift: 7.23572 crossingAngle: -43.184 axialRotation: -93.7759 zShift: 6.161 energy: -14.7632
MCReject   xShift: 7.23572 crossingAngle: -43.184 axialRotation: -93.2978 zShift: 6.161 energy: -14.7067
MCReject   xShift: 7.27376 crossingAngle: -43.184 axialRotation: -93.3512 zShift: 6.161 energy: -14.5845
MCReject   xShift: 7.23572 crossingAngle: -43.118 axialRotation: -93.3512 zShift: 6.161 energy: -13.8014
MCReject   xShift: 7.23572 crossingAngle: -42.9683 axialRotation: -93.3512 zShift: 6.161 energy: -14.7016
MCReject   xShift: 7.23572 crossingAngle: -43.184 axialRotation: -93.3512 zShift: 6.16792 energy: -13.7332
MCReject   xShift: 7.23572 crossingAngle: -43.184 axialRotation: -93.3512 zShift: 6.17203 energy: -13.8267
MCReject   xShift: 7.23572 crossingAngle: -43.184 axialRotation: -93.1774 zShift: 6.161 energy: -14.5725
MCReject   xShift: 7.20645 crossingAngle: -43.184 axialRotation: -93.3512 zShift: 6.161 energy: -14.7893
MCReject   xShift: 7.23572 crossingAngle: -43.1934 axialRotation: -93.3512 zShift: 6.161 energy: -13.7025
MCReject   xShift: 7.23572 crossingAngle: -43.184 axialRotation: -93.0573 zShift: 6.161 energy: -14.3843
MCReject   xShift: 7.24143 crossingAngle: -43.184 axialRotation: -93.3512 zShift: 6.161 energy: -14.7318
MCReject   xShift: 7.23572 crossingAngle: -43.184 axialRotation: -93.3512 zShift: 6.21414 energy: -15.0387
MCReject   xShift: 7.23572 crossingAngle: -43.0784 axialRotation: -93.3512 zShift: 6.161 energy: -13.8057
MCReject   xShift: 7.23572 crossingAngle: -43.184 axialRotation: -93.2797 zShift: 6.161 energy: -14.6901
MCReject   xShift: 7.23572 crossingAngle: -43.184 axialRotation: -93.4779 zShift: 6.161 energy: -14.8048
MCReject   xShift: 7.23572 crossingAngle: -43.184 axialRotation: -93.3512 zShift: 6.16824 energy: -14.7987
MCReject   xShift: 7.23572 crossingAngle: -43.01 axialRotation: -93.3512 zShift: 6.161 energy: -14.7142
MCReject   xShift: 7.23572 crossingAngle: -43.1364 axialRotation: -93.3512 zShift: 6.161 energy: -14.7422
MCReject   xShift: 7.23572 crossingAngle: -43.184 axialRotation: -93.3512 zShift: 6.1869 energy: -14.9119
MCReject   xShift: 7.23572 crossingAngle: -43.184 axialRotation: -93.3512 zShift: 6.15288 energy: -13.6711
MCReject   xShift: 7.23572 crossingAngle: -43.4533 axialRotation: -93.3512 zShift: 6.161 energy: -14.7488
MCReject   xShift: 7.23572 crossingAngle: -43.184 axialRotation: -93.725 zShift: 6.161 energy: -14.7617
MCReject   xShift: 7.23572 crossingAngle: -43.184 axialRotation: -93.3512 zShift: 6.11009 energy: -14.2957
MCReject   xShift: 7.23572 crossingAngle: -43.3466 axialRotation: -93.3512 zShift: 6.161 energy: -13.7558
MCReject   xShift: 7.23572 crossingAngle: -43.184 axialRotation: -93.2836 zShift: 6.161 energy: -13.4504
MCReject   xShift: 7.23572 crossingAngle: -43.184 axialRotation: -93.4001 zShift: 6.161 energy: -13.2083
MCReject   xShift: 7.23572 crossingAngle: -43.2451 axialRotation: -93.3512 zShift: 6.161 energy: -13.1147
MCReject   xShift: 7.23572 crossingAngle: -43.184 axialRotation: -93.3825 zShift: 6.161 energy: -11.3202
MCReject   xShift: 7.2141 crossingAngle: -43.184 axialRotation: -93.3512 zShift: 6.161 energy: -14.7865
MCReject   xShift: 7.23572 crossingAngle: -43.1917 axialRotation: -93.3512 zShift: 6.161 energy: -13.7905
MCReject   xShift: 7.23572 crossingAngle: -43.184 axialRotation: -93.4176 zShift: 6.161 energy: -14.786
MCReject   xShift: 7.26196 crossingAngle: -43.184 axialRotation: -93.3512 zShift: 6.161 energy: -12.9034
MCReject   xShift: 7.23572 crossingAngle: -43.184 axialRotation: -93.3512 zShift: 6.14915 energy: -14.6596
MCReject   xShift: 7.1714 crossingAngle: -43.184 axialRotation: -93.3512 zShift: 6.161 energy: -14.7254
MCReject   xShift: 7.23572 crossingAngle: -43.184 axialRotation: -93.3512 zShift: 6.17715 energy: -14.8555
MCReject   xShift: 7.23572 crossingAngle: -43.3108 axialRotation: -93.3512 zShift: 6.161 energy: -13.6843
MCReject   xShift: 7.23572 crossingAngle: -43.2892 axialRotation: -93.3512 zShift: 6.161 energy: -14.7562
MCReject   xShift: 7.23572 crossingAngle: -43.184 axialRotation: -93.3512 zShift: 6.11006 energy: -13.2008
MCReject   xShift: 7.28619 crossingAngle: -43.184 axialRotation: -93.3512 zShift: 6.161 energy: -14.506
MCReject   xShift: 7.23463 crossingAngle: -43.184 axialRotation: -93.3512 zShift: 6.161 energy: -13.7166
MCReject   xShift: 7.26341 crossingAngle: -43.184 axialRotation: -93.3512 zShift: 6.161 energy: -14.6408
MCReject   xShift: 7.23572 crossingAngle: -43.184 axialRotation: -92.7434 zShift: 6.161 energy: -13.834
MCReject   xShift: 7.20523 crossingAngle: -43.184 axialRotation: -93.3512 zShift: 6.161 energy: -14.7892
MCReject   xShift: 7.18586 crossingAngle: -43.184 axialRotation: -93.3512 zShift: 6.161 energy: -13.7204
MCReject   xShift: 7.23572 crossingAngle: -43.184 axialRotation: -93.3512 zShift: 6.22496 energy: -13.1137
MCReject   xShift: 7.23572 crossingAngle: -43.184 axialRotation: -93.3512 zShift: 6.16888 energy: -14.8029
MCReject   xShift: 7.23572 crossingAngle: -43.1908 axialRotation: -93.3512 zShift: 6.161 energy: -14.7496
MCReject   xShift: 7.23572 crossingAngle: -43.184 axialRotation: -93.3512 zShift: 6.14208 energy: -13.1998
MCReject   xShift: 7.23572 crossingAngle: -43.3991 axialRotation: -93.3512 zShift: 6.161 energy: -14.7538
MCReject   xShift: 7.23572 crossingAngle: -43.184 axialRotation: -93.3512 zShift: 6.19096 energy: -14.9336
MCReject   xShift: 7.23572 crossingAngle: -42.8646 axialRotation: -93.3512 zShift: 6.161 energy: -14.6628
MCReject   xShift: 7.23572 crossingAngle: -43.184 axialRotation: -93.3512 zShift: 6.14958 energy: -14.663
MCReject   xShift: 7.23572 crossingAngle: -43.184 axialRotation: -93.3512 zShift: 6.07483 energy: -13.2164
MCReject   xShift: 7.23572 crossingAngle: -43.0721 axialRotation: -93.3512 zShift: 6.161 energy: -14.7298
MCReject   xShift: 7.23572 crossingAngle: -43.184 axialRotation: -93.5269 zShift: 6.161 energy: -13.2178
MCReject   xShift: 7.23572 crossingAngle: -43.184 axialRotation: -93.0299 zShift: 6.161 energy: -14.3338
MCReject   xShift: 7.23572 crossingAngle: -43.0114 axialRotation: -93.3512 zShift: 6.161 energy: -13.2727
MCReject   xShift: 7.27296 crossingAngle: -43.184 axialRotation: -93.3512 zShift: 6.161 energy: -14.5891
MCReject   xShift: 7.23572 crossingAngle: -43.184 axialRotation: -93.1732 zShift: 6.161 energy: -13.7865
MCReject   xShift: 7.23572 crossingAngle: -43.184 axialRotation: -93.6293 zShift: 6.161 energy: -12.9337
MCReject   xShift: 7.19491 crossingAngle: -43.184 axialRotation: -93.3512 zShift: 6.161 energy: -13.9648
MCReject   xShift: 7.24139 crossingAngle: -43.184 axialRotation: -93.3512 zShift: 6.161 energy: -14.732
MCReject   xShift: 7.23572 crossingAngle: -43.184 axialRotation: -93.3512 zShift: 6.20171 energy: -14.9863
MCReject   xShift: 7.23572 crossingAngle: -43.0573 axialRotation: -93.3512 zShift: 6.161 energy: -13.7213
MCReject   xShift: 7.23572 crossingAngle: -43.184 axialRotation: -93.3512 zShift: 6.12605 energy: -12.2157
MCReject   xShift: 7.23572 crossingAngle: -43.184 axialRotation: -93.3512 zShift: 6.08897 energy: -14.051
MCReject   xShift: 7.19062 crossingAngle: -43.184 axialRotation: -93.3512 zShift: 6.161 energy: -14.7765
MCReject   xShift: 7.25736 crossingAngle: -43.184 axialRotation: -93.3512 zShift: 6.161 energy: -14.6698
MCReject   xShift: 7.23572 crossingAngle: -43.5693 axialRotation: -93.3512 zShift: 6.161 energy: -14.7302
MCReject   xShift: 7.23572 crossingAngle: -43.282 axialRotation: -93.3512 zShift: 6.161 energy: -14.756
MCReject   xShift: 7.23572 crossingAngle: -43.184 axialRotation: -93.3512 zShift: 6.17301 energy: -14.8297
MCReject   xShift: 7.19544 crossingAngle: -43.184 axialRotation: -93.3512 zShift: 6.161 energy: -14.7831
MCReject   xShift: 7.23572 crossingAngle: -43.184 axialRotation: -93.3512 zShift: 6.04157 energy: -13.0955
MCReject   xShift: 7.23572 crossingAngle: -43.184 axialRotation: -93.3512 zShift: 6.18322 energy: -14.8913
MCReject   xShift: 7.23572 crossingAngle: -43.184 axialRotation: -93.0989 zShift: 6.161 energy: -14.4557
MCReject   xShift: 7.23231 crossingAngle: -43.184 axialRotation: -93.3512 zShift: 6.161 energy: -14.7576
MCReject   xShift: 7.23572 crossingAngle: -43.031 axialRotation: -93.3512 zShift: 6.161 energy: -14.7199
MCReject   xShift: 7.28149 crossingAngle: -43.184 axialRotation: -93.3512 zShift: 6.161 energy: -14.537
MCReject   xShift: 7.23572 crossingAngle: -43.184 axialRotation: -93.3512 zShift: 6.17797 energy: -14.8605
MCReject   xShift: 7.20006 crossingAngle: -43.184 axialRotation: -93.3512 zShift: 6.161 energy: -14.7872
MCReject   xShift: 7.23572 crossingAngle: -43.184 axialRotation: -93.3512 zShift: 6.15455 energy: -14.7014
MCReject   xShift: 7.23572 crossingAngle: -43.4195 axialRotation: -93.3512 zShift: 6.161 energy: -14.7522
MCReject   xShift: 7.24373 crossingAngle: -43.184 axialRotation: -93.3512 zShift: 6.161 energy: -14.7242
MCReject   xShift: 7.23572 crossingAngle: -43.2968 axialRotation: -93.3512 zShift: 6.161 energy: -14.7564
MCReject   xShift: 7.23572 crossingAngle: -43.184 axialRotation: -93.3512 zShift: 6.17541 energy: -14.8448
MCReject   xShift: 7.23336 crossingAngle: -43.184 axialRotation: -93.3512 zShift: 6.161 energy: -14.755
MCReject   xShift: 7.23572 crossingAngle: -43.1569 axialRotation: -93.3512 zShift: 6.161 energy: -14.7453
MCReject   xShift: 7.23572 crossingAngle: -42.993 axialRotation: -93.3512 zShift: 6.161 energy: -14.7093
MCReject   xShift: 7.23572 crossingAngle: -43.1394 axialRotation: -93.3512 zShift: 6.161 energy: -14.7426
MCReject   xShift: 7.23572 crossingAngle: -43.184 axialRotation: -93.0729 zShift: 6.161 energy: -14.4119
MCReject   xShift: 7.23572 crossingAngle: -43.184 axialRotation: -93.7421 zShift: 6.161 energy: -13.238
MCReject   xShift: 7.23836 crossingAngle: -43.184 axialRotation: -93.3512 zShift: 6.161 energy: -14.7413
MCReject   xShift: 7.23572 crossingAngle: -43.184 axialRotation: -93.2229 zShift: 6.161 energy: -13.1562
MCReject   xShift: 7.22862 crossingAngle: -43.184 axialRotation: -93.3512 zShift: 6.161 energy: -14.7659
MCReject   xShift: 7.23572 crossingAngle: -43.184 axialRotation: -92.6501 zShift: 6.161 energy: -13.7681
MCReject   xShift: 7.23572 crossingAngle: -43.2401 axialRotation: -93.3512 zShift: 6.161 energy: -14.754
MCReject   xShift: 7.23572 crossingAngle: -43.184 axialRotation: -93.3512 zShift: 6.08138 energy: -12.1033
MCReject   xShift: 7.23572 crossingAngle: -43.184 axialRotation: -93.3512 zShift: 6.15328 energy: -13.6727
MCReject   xShift: 7.23572 crossingAngle: -43.184 axialRotation: -93.3512 zShift: 6.21296 energy: -13.8426
MCReject   xShift: 7.23572 crossingAngle: -43.184 axialRotation: -93.3512 zShift: 6.17729 energy: -13.5067
MCReject   xShift: 7.23572 crossingAngle: -43.184 axialRotation: -93.3512 zShift: 6.16317 energy: -14.7642
MCReject   xShift: 7.23572 crossingAngle: -43.184 axialRotation: -93.7167 zShift: 6.161 energy: -14.763
MCReject   xShift: 7.23572 crossingAngle: -43.184 axialRotation: -93.3512 zShift: 6.10627 energy: -13.5401
MCReject   xShift: 7.23572 crossingAngle: -43.184 axialRotation: -93.0145 zShift: 6.161 energy: -14.304
MCReject   xShift: 7.23572 crossingAngle: -43.2022 axialRotation: -93.3512 zShift: 6.161 energy: -14.7508
MCReject   xShift: 7.23572 crossingAngle: -43.184 axialRotation: -93.3512 zShift: 6.08028 energy: -12.4947
MCReject   xShift: 7.23572 crossingAngle: -43.184 axialRotation: -93.37 zShift: 6.161 energy: -14.761
MCReject   xShift: 7.23572 crossingAngle: -43.184 axialRotation: -92.9073 zShift: 6.161 energy: -14.0722
MCReject   xShift: 7.23572 crossingAngle: -43.3225 axialRotation: -93.3512 zShift: 6.161 energy: -14.7566
MCReject   xShift: 7.23572 crossingAngle: -43.184 axialRotation: -93.0112 zShift: 6.161 energy: -14.2976
MCReject   xShift: 7.23409 crossingAngle: -43.184 axialRotation: -93.3512 zShift: 6.161 energy: -13.2453
MCReject   xShift: 7.23572 crossingAngle: -43.184 axialRotation: -93.3293 zShift: 6.161 energy: -14.7329
MCReject   xShift: 7.23572 crossingAngle: -43.184 axialRotation: -93.7216 zShift: 6.161 energy: -14.7614
MCReject   xShift: 7.25056 crossingAngle: -43.184 axialRotation: -93.3512 zShift: 6.161 energy: -14.6989
MCReject   xShift: 7.23572 crossingAngle: -43.184 axialRotation: -93.3512 zShift: 6.19354 energy: -14.9469
MCReject   xShift: 7.23572 crossingAngle: -43.3321 axialRotation: -93.3512 zShift: 6.161 energy: -14.7565
MCReject   xShift: 7.23572 crossingAngle: -43.184 axialRotation: -93.152 zShift: 6.161 energy: -13.6953
MCReject   xShift: 7.23572 crossingAngle: -43.184 axialRotation: -93.0382 zShift: 6.161 energy: -14.3495
MCReject   xShift: 7.23572 crossingAngle: -43.184 axialRotation: -93.3512 zShift: 6.10982 energy: -14.2928
MCReject   xShift: 7.21308 crossingAngle: -43.184 axialRotation: -93.3512 zShift: 6.161 energy: -14.7872
MCReject   xShift: 7.24691 crossingAngle: -43.184 axialRotation: -93.3512 zShift: 6.161 energy: -13.6183
MCReject   xShift: 7.23572 crossingAngle: -43.2751 axialRotation: -93.3512 zShift: 6.161 energy: -13.7737
MCReject   xShift: 7.23572 crossingAngle: -43.184 axialRotation: -93.251 zShift: 6.161 energy: -13.7148
MCReject   xShift: 7.23572 crossingAngle: -43.0902 axialRotation: -93.3512 zShift: 6.161 energy: -14.7337
MCReject   xShift: 7.23572 crossingAngle: -43.3602 axialRotation: -93.3512 zShift: 6.161 energy: -14.7558
MCReject   xShift: 7.23572 crossingAngle: -43.184 axialRotation: -93.3512 zShift: 6.18874 energy: -14.9218
MCReject   xShift: 7.29839 crossingAngle: -43.184 axialRotation: -93.3512 zShift: 6.161 energy: -14.4179
MCReject   xShift: 7.23572 crossingAngle: -43.2586 axialRotation: -93.3512 zShift: 6.161 energy: -13.1899
MCReject   xShift: 7.23572 crossingAngle: -43.184 axialRotation: -93.3512 zShift: 6.10039 energy: -14.1877
MCReject   xShift: 7.23572 crossingAngle: -43.3303 axialRotation: -93.3512 zShift: 6.161 energy: -14.7565
MCReject   xShift: 7.23572 crossingAngle: -43.184 axialRotation: -93.3512 zShift: 6.03677 energy: -12.2594
MCReject   xShift: 7.23572 crossingAngle: -43.184 axialRotation: -93.0635 zShift: 6.161 energy: -13.7432
MCReject   xShift: 7.23572 crossingAngle: -43.184 axialRotation: -93.3512 zShift: 6.11764 energy: -14.3748
MCReject   xShift: 7.23572 crossingAngle: -43.4537 axialRotation: -93.3512 zShift: 6.161 energy: -14.7488
MCReject   xShift: 7.23572 crossingAngle: -43.184 axialRotation: -93.3512 zShift: 6.21693 energy: -15.0492
MCReject   xShift: 7.23572 crossingAngle: -43.184 axialRotation: -93.3512 zShift: 6.19205 energy: -14.9393
MCReject   xShift: 7.23572 crossingAngle: -43.1424 axialRotation: -93.3512 zShift: 6.161 energy: -14.7431
MCReject   xShift: 7.2684 crossingAngle: -43.184 axialRotation: -93.3512 zShift: 6.161 energy: -14.6147
MCReject   xShift: 7.23572 crossingAngle: -43.184 axialRotation: -93.3512 zShift: 6.09309 energy: -14.1015
MCReject   xShift: 7.26576 crossingAngle: -43.184 axialRotation: -93.3512 zShift: 6.161 energy: -14.6288
MCReject   xShift: 7.23572 crossingAngle: -43.184 axialRotation: -93.3512 zShift: 6.12408 energy: -14.4388
MCReject   xShift: 7.23572 crossingAngle: -43.3245 axialRotation: -93.3512 zShift: 6.161 energy: -14.7566
MCReject   xShift: 7.23572 crossingAngle: -43.184 axialRotation: -92.9881 zShift: 6.161 energy: -13.5833
MCReject   xShift: 7.23572 crossingAngle: -43.3545 axialRotation: -93.3512 zShift: 6.161 energy: -11.3266
MCReject   xShift: 7.23572 crossingAngle: -43.3591 axialRotation: -93.3512 zShift: 6.161 energy: -14.7558
MCReject   xShift: 7.31652 crossingAngle: -43.184 axialRotation: -93.3512 zShift: 6.161 energy: -14.2676
MCReject   xShift: 7.23572 crossingAngle: -43.184 axialRotation: -93.5597 zShift: 6.161 energy: -13.6101
MCReject   xShift: 7.23572 crossingAngle: -43.184 axialRotation: -93.3512 zShift: 6.11977 energy: -14.3963
MCReject   xShift: 7.23572 crossingAngle: -43.2701 axialRotation: -93.3512 zShift: 6.161 energy: -14.7556
MCReject   xShift: 7.23572 crossingAngle: -43.1416 axialRotation: -93.3512 zShift: 6.161 energy: -13.7983
MCReject   xShift: 7.23572 crossingAngle: -43.184 axialRotation: -93.2026 zShift: 6.161 energy: -14.6051
MCReject   xShift: 7.23572 crossingAngle: -43.184 axialRotation: -93.3512 zShift: 6.12028 energy: -14.4014
MCReject   xShift: 7.23572 crossingAngle: -43.184 axialRotation: -93.3512 zShift: 6.1899 energy: -14.928
MCReject   xShift: 7.23572 crossingAngle: -43.184 axialRotation: -93.606 zShift: 6.161 energy: -14.7957
MCReject   xShift: 7.23572 crossingAngle: -42.9734 axialRotation: -93.3512 zShift: 6.161 energy: -14.7033
MCReject   xShift: 7.23736 crossingAngle: -43.184 axialRotation: -93.3512 zShift: 6.161 energy: -12.2976
MCReject   xShift: 7.23572 crossingAngle: -43.184 axialRotation: -93.3512 zShift: 6.22552 energy: -15.0789
MCReject   xShift: 7.25351 crossingAngle: -43.184 axialRotation: -93.3512 zShift: 6.161 energy: -13.1121
MCReject   xShift: 7.23572 crossingAngle: -43.1911 axialRotation: -93.3512 zShift: 6.161 energy: -14.7496
MCReject   xShift: 7.23572 crossingAngle: -43.184 axialRotation: -93.3512 zShift: 6.13481 energy: -12.7447
MCReject   xShift: 7.23572 crossingAngle: -42.8651 axialRotation: -93.3512 zShift: 6.161 energy: -13.8098
MCReject   xShift: 7.23572 crossingAngle: -43.184 axialRotation: -93.5104 zShift: 6.161 energy: -14.8089
MCReject   xShift: 7.23572 crossingAngle: -43.184 axialRotation: -93.3512 zShift: 6.0954 energy: -14.1293
MCReject   xShift: 7.23697 crossingAngle: -43.184 axialRotation: -93.3512 zShift: 6.161 energy: -14.7453
MCReject   xShift: 7.23572 crossingAngle: -43.2161 axialRotation: -93.3512 zShift: 6.161 energy: -14.7521
MCReject   xShift: 7.23572 crossingAngle: -43.184 axialRotation: -93.452 zShift: 6.161 energy: -14.7984
MCReject   xShift: 7.23572 crossingAngle: -43.184 axialRotation: -93.3512 zShift: 6.13319 energy: -14.5242
MCReject   xShift: 7.23572 crossingAngle: -43.184 axialRotation: -93.3512 zShift: 6.16605 energy: -14.784
MCReject   xShift: 7.23572 crossingAngle: -43.1562 axialRotation: -93.3512 zShift: 6.161 energy: -13.7962
MCReject   xShift: 7.23572 crossingAngle: -43.184 axialRotation: -93.7453 zShift: 6.161 energy: -14.7654
MCReject   xShift: 7.23572 crossingAngle: -43.184 axialRotation: -93.3512 zShift: 6.13736 energy: -12.5822
End Repack Cycles

***REPACK GEOMETRY***
xShift;        Before: 7.4044; After: 7.23572
crossingAngle; Before: -44.1361; After: -43.184
axialRotation; Before: -93.3512; After: -93.3512
zShift;        Before: 6.161; After: 6.161

axialRotationPrime; Before: 41.9135; After: 41.9135
zShiftPrime;        Before: 5.2897; After: 5.2897

Energy;        Before: -8.45247; After: -14.7488

Completed all cycles. Accepted 165/442
Monte Carlo repack complete. Time: 154.533min

