03_03_2023
Self Consistent Mean Field Start Time: Fri Mar  3 00:40:45 2023
Elapsed time of program: 0.321min

Running Self Consistent Mean Field
Initial Sequence:   LLLGTLLGTLLGTLLGTLILI
Best Sequence:      LLLGTLLGTLLGTLLGTLILI
Interface Sequence: L--GT--GT-LGT-LGT--L-
Total Energy:       -27.9
VDW:                -79.1
HBOND:              -90.4
Self Consistent Mean Field End Time: Fri Mar  3 01:34:22 2023
Elapsed time of program: 53.9min

Monte Carlo Sequence Search Replicate 0 Start Time: Fri Mar  3 01:34:30 2023
Elapsed time of program: 54.1min

  - SelfPairManager energy calculation 0 Start Time: Fri Mar  3 01:34:44 2023
Elapsed time of program: 54.3min

  - SelfPairManager energy calculation 0 End Time: Fri Mar  3 01:35:26 2023
Elapsed time of program: 55min

- End monte carlo sequence search #0: 47.8min; Monte Carlo ended at Temp: 0.547

- Best Sequence: LLLGLLLGLLLGTLLGFLILI; Energy w/ baseline: -25.8
Monte Carlo Sequence Search Replicate 0 End Time: Fri Mar  3 02:23:12 2023
Elapsed time of program: 103min

Compute Monomer Energy Start Time: Fri Mar  3 02:23:33 2023
Elapsed time of program: 103min

-Dimer - Monomer = -370 - -345 = -25.9
Compute Monomer Energy End Time: Fri Mar  3 02:26:31 2023
Elapsed time of program: 106min

Backbone optimize replicate 0 Start Time: Fri Mar  3 02:26:32 2023
Elapsed time of program: 106min

Backbone optimize replicate 0 End Time: Fri Mar  3 04:01:55 2023
Elapsed time of program: 201min

Monte Carlo Sequence Search Replicate 1 Start Time: Fri Mar  3 04:01:56 2023
Elapsed time of program: 202min

  - SelfPairManager energy calculation 1 Start Time: Fri Mar  3 04:02:11 2023
Elapsed time of program: 202min

  - SelfPairManager energy calculation 1 End Time: Fri Mar  3 04:02:54 2023
Elapsed time of program: 202min

- End monte carlo sequence search #1: 51min; Monte Carlo ended at Temp: 0.547

- Best Sequence: LLLALLLGLLLGVLLGTLILI; Energy w/ baseline: -14.3
Monte Carlo Sequence Search Replicate 1 End Time: Fri Mar  3 04:53:56 2023
Elapsed time of program: 254min

Compute Monomer Energy Start Time: Fri Mar  3 04:54:18 2023
Elapsed time of program: 254min

-Dimer - Monomer = -376 - -359 = -17.6
Compute Monomer Energy End Time: Fri Mar  3 04:56:21 2023
Elapsed time of program: 256min

Backbone optimize replicate 1 Start Time: Fri Mar  3 04:56:21 2023
Elapsed time of program: 256min

Backbone optimize replicate 1 End Time: Fri Mar  3 06:17:22 2023
Elapsed time of program: 337min

Monte Carlo Sequence Search Replicate 2 Start Time: Fri Mar  3 06:17:23 2023
Elapsed time of program: 337min

  - SelfPairManager energy calculation 2 Start Time: Fri Mar  3 06:17:37 2023
Elapsed time of program: 337min

  - SelfPairManager energy calculation 2 End Time: Fri Mar  3 06:18:14 2023
Elapsed time of program: 338min

- End monte carlo sequence search #2: 51.1min; Monte Carlo ended at Temp: 0.547

- Best Sequence: LLLALLLGLLLGTLLGFLILI; Energy w/ baseline: -15.7
Monte Carlo Sequence Search Replicate 2 End Time: Fri Mar  3 07:09:23 2023
Elapsed time of program: 389min

Compute Monomer Energy Start Time: Fri Mar  3 07:09:53 2023
Elapsed time of program: 389min

-Dimer - Monomer = -364 - -348 = -16.7
Compute Monomer Energy End Time: Fri Mar  3 07:12:34 2023
Elapsed time of program: 392min

Backbone optimize replicate 2 Start Time: Fri Mar  3 07:12:34 2023
Elapsed time of program: 392min

Backbone optimize replicate 2 End Time: Fri Mar  3 08:35:41 2023
Elapsed time of program: 475min

Monte Carlo Sequence Search Replicate 3 Start Time: Fri Mar  3 08:35:42 2023
Elapsed time of program: 475min

  - SelfPairManager energy calculation 3 Start Time: Fri Mar  3 08:35:57 2023
Elapsed time of program: 476min

  - SelfPairManager energy calculation 3 End Time: Fri Mar  3 08:36:41 2023
Elapsed time of program: 476min

- End monte carlo sequence search #3: 55.3min; Monte Carlo ended at Temp: 0.547

- Best Sequence: LLLALLLGLLLGTLLGFLILI; Energy w/ baseline: -18.1
Monte Carlo Sequence Search Replicate 3 End Time: Fri Mar  3 09:31:58 2023
Elapsed time of program: 532min

Sequence,RotamerValues,Interface,InterfaceSequence,Seed,Density,Baseline,Dimer,Dimerw/Baseline,HBONDDimer,HBONDDimerOptimize,HBONDDimerPreOptimize,HBONDMonomer,IMM1Dimer,IMM1DimerOptimize,IMM1DimerPreOptimize,IMM1Monomer,Monomer,MonomerSasa,OptimizeSasa,PreBBOptimizeSasa,SequenceEntropy,SequenceProbability,Total,TotalPreOptimize,Totalw/Entropy,VDWDimer,VDWDimerOptimize,VDWDimerPreOptimize,VDWMonomer,acceptCycleNumber,acceptTemp,endAxialRotation,endAxialRotationPrime,endCrossingAngle,endXShift,endZShift,endZShiftPrime,firstRepackEnergy,preOptimizeAxialRotation,preOptimizeAxialRotationPrime,preOptimizeCrossingAngle,preOptimizeEnergy,preOptimizeXShift,preOptimizeZShift,preOptimizeZShiftPrime,preRepackTotal,replicateNumber,startAxialRotation,startAxialRotationPrime,startCrossingAngle,startXShift,startZShift,startZShiftPrime,
LLLALLLGLLLGTLLGFLILI,033002200210031003312,000110011001100110000,L--AL--GL-LGT-LGF--L-,1.67783e+09,0.99,348.574,-364.298,-15.7235,-73.0963,-73.0732,-72.883,-58.9223,-208.834,-210.266,-208.827,-234.261,-347.632,4462.71,3621.36,3445.82,55.4894,8.49703e-05,-31.8807,-16.4687,39.7659,-82.3676,-96.1736,-82.3905,-54.4485,477,95.1175,-81.7407,58.0906,-35.7838,6.4706,6.60334,5.9747,-31.7763,-81.7407,58.0906,-35.3229,-16.4687,6.50392,6.60334,5.9747,-16.666,2,-81.7407,58.0906,-35,6.5862,6.60334,5.9747,
LLLALLLGLLLGVLLGTLILI,033002200210031003312,000110011001100110000,L--AL--GL-LGV-LGT--L-,1.67783e+09,0.99,361.779,-376.097,-14.3173,-73.5294,-72.8761,-73.3157,-58.948,-206.561,-207.611,-206.554,-231.869,-358.525,4422.8,3494.53,3445.62,54.0016,0.000109247,-31.4979,-17.3733,39.6843,-96.0061,-109.536,-96.0283,-67.7083,452,135.765,-81.7407,58.0906,-35.3229,6.50392,6.60334,5.9747,-30.6767,-81.7407,58.0906,-35.4574,-17.3733,6.43255,6.60334,5.9747,-17.5719,1,-81.7407,58.0906,-35,6.5862,6.60334,5.9747,
LLLGLLLGLLLGTLLGFLILI,033002200210031003312,000110011001100110000,L--GL--GL-LGT-LGF--L-,1.67783e+09,0.99,344.658,-370.425,-25.7669,-72.4528,-73.3187,-72.2396,-58.9223,-212.571,-213.553,-212.563,-234.545,-344.564,4410.56,3536.81,3441.71,66.7758,1.26267e-05,-33.5202,-25.6654,41.0089,-85.401,-91.2117,-85.4259,-51.0965,526,51.0312,-81.7407,58.0906,-35.4574,6.43255,6.60334,5.9747,-32.5225,-81.7407,58.0906,-35,-25.6654,6.5862,6.60334,5.9747,-25.8611,0,-81.7407,58.0906,-35,6.5862,6.60334,5.9747,
Total Time: 532 minutes
