03_03_2023
Self Consistent Mean Field Start Time: Fri Mar  3 03:15:24 2023
Elapsed time of program: 0.244min

Running Self Consistent Mean Field
Initial Sequence:   LLLTYLLGTLLGTLLGYLILI
Best Sequence:      LLLTYLLGTLLGTLLGYLILI
Interface Sequence: L--TY--GT-LGT-LGY--L-
Total Energy:       149
VDW:                123
HBOND:              -83.6
Self Consistent Mean Field End Time: Fri Mar  3 04:07:43 2023
Elapsed time of program: 52.6min

Monte Carlo Sequence Search Replicate 0 Start Time: Fri Mar  3 04:07:51 2023
Elapsed time of program: 52.7min

  - SelfPairManager energy calculation 0 Start Time: Fri Mar  3 04:08:05 2023
Elapsed time of program: 52.9min

  - SelfPairManager energy calculation 0 End Time: Fri Mar  3 04:08:48 2023
Elapsed time of program: 53.6min

- End monte carlo sequence search #0: 58.5min; Monte Carlo ended at Temp: 0.547

- Best Sequence: LLLTYLLGVLLGLLLGFLILI; Energy w/ baseline: 153
Monte Carlo Sequence Search Replicate 0 End Time: Fri Mar  3 05:07:16 2023
Elapsed time of program: 112min

Compute Monomer Energy Start Time: Fri Mar  3 05:07:38 2023
Elapsed time of program: 112min

-Dimer - Monomer = -181 - -338 = 157
Compute Monomer Energy End Time: Fri Mar  3 05:11:42 2023
Elapsed time of program: 117min

Backbone optimize replicate 0 Start Time: Fri Mar  3 05:11:42 2023
Elapsed time of program: 117min

Backbone optimize replicate 0 End Time: Fri Mar  3 08:16:47 2023
Elapsed time of program: 302min

Monte Carlo Sequence Search Replicate 1 Start Time: Fri Mar  3 08:16:48 2023
Elapsed time of program: 302min

  - SelfPairManager energy calculation 1 Start Time: Fri Mar  3 08:17:03 2023
Elapsed time of program: 302min

  - SelfPairManager energy calculation 1 End Time: Fri Mar  3 08:17:41 2023
Elapsed time of program: 303min

- End monte carlo sequence search #1: 66.9min; Monte Carlo ended at Temp: 0.547

- Best Sequence: LLLYLLLGILLGTLLAFLILI; Energy w/ baseline: -19.6
Monte Carlo Sequence Search Replicate 1 End Time: Fri Mar  3 09:24:35 2023
Elapsed time of program: 369min

Compute Monomer Energy Start Time: Fri Mar  3 09:25:01 2023
Elapsed time of program: 370min

-Dimer - Monomer = -361 - -345 = -16.5
Compute Monomer Energy End Time: Fri Mar  3 09:29:32 2023
Elapsed time of program: 374min

Backbone optimize replicate 1 Start Time: Fri Mar  3 09:29:32 2023
Elapsed time of program: 374min

Backbone optimize replicate 1 End Time: Fri Mar  3 11:36:38 2023
Elapsed time of program: 501min

Monte Carlo Sequence Search Replicate 2 Start Time: Fri Mar  3 11:36:39 2023
Elapsed time of program: 501min

  - SelfPairManager energy calculation 2 Start Time: Fri Mar  3 11:36:53 2023
Elapsed time of program: 502min

  - SelfPairManager energy calculation 2 End Time: Fri Mar  3 11:37:37 2023
Elapsed time of program: 502min

- End monte carlo sequence search #2: 67.6min; Monte Carlo ended at Temp: 0.547

- Best Sequence: LLLYFLLGTLLGVLLALLILI; Energy w/ baseline: -26.6
Monte Carlo Sequence Search Replicate 2 End Time: Fri Mar  3 12:45:14 2023
Elapsed time of program: 570min

Compute Monomer Energy Start Time: Fri Mar  3 12:45:48 2023
Elapsed time of program: 571min

-Dimer - Monomer = -365 - -339 = -25.6
Compute Monomer Energy End Time: Fri Mar  3 12:50:32 2023
Elapsed time of program: 575min

Backbone optimize replicate 2 Start Time: Fri Mar  3 12:50:32 2023
Elapsed time of program: 575min

Backbone optimize replicate 2 End Time: Fri Mar  3 15:10:06 2023
Elapsed time of program: 715min

Monte Carlo Sequence Search Replicate 3 Start Time: Fri Mar  3 15:10:07 2023
Elapsed time of program: 715min

  - SelfPairManager energy calculation 3 Start Time: Fri Mar  3 15:10:22 2023
Elapsed time of program: 715min

  - SelfPairManager energy calculation 3 End Time: Fri Mar  3 15:10:59 2023
Elapsed time of program: 716min

- End monte carlo sequence search #3: 53.5min; Monte Carlo ended at Temp: 0.547

- Best Sequence: LLLYLLLGILLGTLLAFLILI; Energy w/ baseline: -26.5
Monte Carlo Sequence Search Replicate 3 End Time: Fri Mar  3 16:04:31 2023
Elapsed time of program: 769min

Compute Monomer Energy Start Time: Fri Mar  3 16:04:51 2023
Elapsed time of program: 770min

-Dimer - Monomer = -368 - -344 = -23.5
Compute Monomer Energy End Time: Fri Mar  3 16:08:22 2023
Elapsed time of program: 773min

Backbone optimize replicate 3 Start Time: Fri Mar  3 16:08:23 2023
Elapsed time of program: 773min

Backbone optimize replicate 3 End Time: Fri Mar  3 17:51:21 2023
Elapsed time of program: 876min

Monte Carlo Sequence Search Replicate 4 Start Time: Fri Mar  3 17:51:21 2023
Elapsed time of program: 876min

  - SelfPairManager energy calculation 4 Start Time: Fri Mar  3 17:51:27 2023
Elapsed time of program: 876min

  - SelfPairManager energy calculation 4 End Time: Fri Mar  3 17:51:46 2023
Elapsed time of program: 877min

- End monte carlo sequence search #4: 33.7min; Monte Carlo ended at Temp: 0.547

- Best Sequence: LLLYLLLGILLGTLLAFLILI; Energy w/ baseline: -24.5
Monte Carlo Sequence Search Replicate 4 End Time: Fri Mar  3 18:25:26 2023
Elapsed time of program: 910min

Sequence,RotamerValues,Interface,InterfaceSequence,Seed,Density,Baseline,Dimer,Dimerw/Baseline,HBONDDimer,HBONDDimerOptimize,HBONDDimerPreOptimize,HBONDMonomer,IMM1Dimer,IMM1DimerOptimize,IMM1DimerPreOptimize,IMM1Monomer,Monomer,MonomerSasa,OptimizeSasa,PreBBOptimizeSasa,SequenceEntropy,SequenceProbability,Total,TotalPreOptimize,Totalw/Entropy,VDWDimer,VDWDimerOptimize,VDWDimerPreOptimize,VDWMonomer,acceptCycleNumber,acceptTemp,endAxialRotation,endAxialRotationPrime,endCrossingAngle,endXShift,endZShift,endZShiftPrime,firstRepackEnergy,preOptimizeAxialRotation,preOptimizeAxialRotationPrime,preOptimizeCrossingAngle,preOptimizeEnergy,preOptimizeXShift,preOptimizeZShift,preOptimizeZShiftPrime,preRepackTotal,replicateNumber,startAxialRotation,startAxialRotationPrime,startCrossingAngle,startXShift,startZShift,startZShiftPrime,
LLLTYLLGVLLGLLLGFLILI,133003200210031003212,000110011001100110000,L--TY--GV-LGL-LGF--L-,1.67783e+09,1,334.434,-181.147,153.287,-56.01,-57.4168,-55.7877,-45.1579,-225.159,-226.717,-225.156,-249.155,-337.829,4532.62,3643.91,3468.88,60.7786,3.47732e-05,-29.2244,156.887,214.066,100.022,-82.9198,100.002,-43.5156,515,9.41515,-70.6256,45.7757,-43.8564,6.69097,3.27355,2.46019,126.098,-70.6256,40.5984,-41.2559,156.887,6.8843,2.57462,1.6836,156.682,0,-70.6256,40.5984,-41.2559,6.8843,2.57462,1.6836,
LLLYFLLGTLLGVLLALLILI,133003200210031003212,000110011001100110000,L--YF--GT-LGV-LAL--L-,1.67783e+09,1,338.066,-364.695,-26.6293,-67.9252,-67.8997,-67.7247,-58.9275,-225.15,-225.708,-225.148,-245.633,-339.11,4628.59,3648.03,3641.66,51.1953,0.000175503,-31.0407,-25.4014,24.566,-71.6202,-76.5426,-71.6387,-34.5491,529,9.41515,-70.6256,46.5619,-46.2604,6.47623,3.3797,2.57812,-30.447,-70.6256,46.642,-45.649,-25.4014,6.52395,3.39052,2.59015,-25.5858,2,-70.6256,40.5984,-41.2559,6.8843,2.57462,1.6836,
LLLYLLLGILLGTLLAFLILI,133003200210031003212,000110011001100110000,L--YL--GI-LGT-LAF--L-,1.67783e+09,1,341.43,-367.916,-26.4864,-68.064,-68.7016,-67.8665,-58.9223,-226.036,-227.434,-226.034,-246.107,-344.423,4569.3,3721.05,3636.38,51.435,0.000168538,-28.6375,-23.3125,24.9486,-73.8165,-76.9247,-73.8345,-39.3939,511,330.452,-70.6256,47.2845,-44.9343,6.43909,3.47724,2.68651,-29.2617,-70.6256,46.5619,-46.2604,-23.3125,6.47623,3.3797,2.57812,-23.4935,3,-70.6256,40.5984,-41.2559,6.8843,2.57462,1.6836,
Total Time: 910 minutes
