03_03_2023
Self Consistent Mean Field Start Time: Fri Mar  3 03:38:31 2023
Elapsed time of program: 0.284min

Running Self Consistent Mean Field
Initial Sequence:   LLLTGLLYALLGTLLTTLILI
Best Sequence:      LLLTGLLYALLGTLLTTLILI
Interface Sequence: L--TG--YA--GT--TT--LI
Total Energy:       -16.8
VDW:                -57.7
HBOND:              -87.3
Self Consistent Mean Field End Time: Fri Mar  3 04:32:48 2023
Elapsed time of program: 54.6min

Monte Carlo Sequence Search Replicate 0 Start Time: Fri Mar  3 04:32:55 2023
Elapsed time of program: 54.7min

  - SelfPairManager energy calculation 0 Start Time: Fri Mar  3 04:33:10 2023
Elapsed time of program: 54.9min

  - SelfPairManager energy calculation 0 End Time: Fri Mar  3 04:33:53 2023
Elapsed time of program: 55.7min

- End monte carlo sequence search #0: 66.2min; Monte Carlo ended at Temp: 0.547

- Best Sequence: LLLYALLASLLGILLTLLILI; Energy w/ baseline: -0.4
Monte Carlo Sequence Search Replicate 0 End Time: Fri Mar  3 05:40:05 2023
Elapsed time of program: 122min

Compute Monomer Energy Start Time: Fri Mar  3 05:40:28 2023
Elapsed time of program: 122min

-Dimer - Monomer = -371 - -372 = 0.404
Compute Monomer Energy End Time: Fri Mar  3 05:44:26 2023
Elapsed time of program: 126min

Backbone optimize replicate 0 Start Time: Fri Mar  3 05:44:26 2023
Elapsed time of program: 126min

Backbone optimize replicate 0 End Time: Fri Mar  3 08:10:53 2023
Elapsed time of program: 273min

Monte Carlo Sequence Search Replicate 1 Start Time: Fri Mar  3 08:10:54 2023
Elapsed time of program: 273min

  - SelfPairManager energy calculation 1 Start Time: Fri Mar  3 08:11:07 2023
Elapsed time of program: 273min

  - SelfPairManager energy calculation 1 End Time: Fri Mar  3 08:11:46 2023
Elapsed time of program: 274min

- End monte carlo sequence search #1: 59.5min; Monte Carlo ended at Temp: 0.547

- Best Sequence: LLLVGLLFALLGILLTLLILI; Energy w/ baseline: -10.4
Monte Carlo Sequence Search Replicate 1 End Time: Fri Mar  3 09:11:17 2023
Elapsed time of program: 333min

Compute Monomer Energy Start Time: Fri Mar  3 09:11:39 2023
Elapsed time of program: 333min

-Dimer - Monomer = -363 - -350 = -12.7
Compute Monomer Energy End Time: Fri Mar  3 09:14:19 2023
Elapsed time of program: 336min

Backbone optimize replicate 1 Start Time: Fri Mar  3 09:14:20 2023
Elapsed time of program: 336min

Backbone optimize replicate 1 End Time: Fri Mar  3 10:16:42 2023
Elapsed time of program: 398min

Monte Carlo Sequence Search Replicate 2 Start Time: Fri Mar  3 10:16:43 2023
Elapsed time of program: 398min

  - SelfPairManager energy calculation 2 Start Time: Fri Mar  3 10:16:58 2023
Elapsed time of program: 399min

  - SelfPairManager energy calculation 2 End Time: Fri Mar  3 10:17:35 2023
Elapsed time of program: 399min

- End monte carlo sequence search #2: 55.8min; Monte Carlo ended at Temp: 0.547

- Best Sequence: LLLVGLLFALLGILLTLLILI; Energy w/ baseline: -15.4
Monte Carlo Sequence Search Replicate 2 End Time: Fri Mar  3 11:13:23 2023
Elapsed time of program: 455min

Sequence,RotamerValues,Interface,InterfaceSequence,Seed,Density,Baseline,Dimer,Dimerw/Baseline,HBONDDimer,HBONDDimerOptimize,HBONDDimerPreOptimize,HBONDMonomer,IMM1Dimer,IMM1DimerOptimize,IMM1DimerPreOptimize,IMM1Monomer,Monomer,MonomerSasa,OptimizeSasa,PreBBOptimizeSasa,SequenceEntropy,SequenceProbability,Total,TotalPreOptimize,Totalw/Entropy,VDWDimer,VDWDimerOptimize,VDWDimerPreOptimize,VDWMonomer,acceptCycleNumber,acceptTemp,endAxialRotation,endAxialRotationPrime,endCrossingAngle,endXShift,endZShift,endZShiftPrime,firstRepackEnergy,preOptimizeAxialRotation,preOptimizeAxialRotationPrime,preOptimizeCrossingAngle,preOptimizeEnergy,preOptimizeXShift,preOptimizeZShift,preOptimizeZShiftPrime,preRepackTotal,replicateNumber,startAxialRotation,startAxialRotationPrime,startCrossingAngle,startXShift,startZShift,startZShiftPrime,
LLLVGLLFALLGILLTLLILI,133002200220032003311,000110011001100110000,L--VG--FA--GI--TL--LI,1.67784e+09,1,352.111,-362.514,-10.4024,-58.1611,-62.4887,-58.0328,-58.9275,-216.269,-221.036,-216.263,-238.412,-349.801,4526.34,3635.23,3580.02,45.8438,0.000433384,-27.9109,-12.5973,35.4414,-88.0837,-94.1866,-88.1019,-52.4614,497,87.0218,-65.6894,70.9018,-42.2369,7.06016,5.92515,5.48868,-23.5765,-65.6894,65.6838,-41.7321,-12.5973,7.02898,5.22073,4.70599,-12.7128,1,-65.6894,61.9546,-41.2702,6.9355,4.71728,4.1466,
LLLYALLASLLGILLTLLILI,133002200220032003311,000110011001100110000,L--YA--AS--GI--TL--LI,1.67784e+09,1,370.949,-371.348,-0.399588,-74.7785,-76.8184,-74.6622,-74.2388,-221.774,-224.798,-221.766,-245.426,-371.752,4517.42,3724.87,3699.19,50.099,0.000211209,-19.5962,0.510947,49.6994,-74.7959,-89.7323,-74.8128,-52.0874,486,276.595,-65.6894,65.6838,-41.7321,7.02898,5.22073,4.70599,-13.5573,-65.6894,61.9546,-41.2702,0.510947,6.9355,4.71728,4.1466,0.403988,0,-65.6894,61.9546,-41.2702,6.9355,4.71728,4.1466,
Total Time: 456 minutes
