***STARTING GEOMETRY***
xShift;        Before: 6.95572; After: 6.95572
crossingAngle; Before: -42.3656; After: -42.3656
axialRotation; Before: -93.3671; After: -93.3671
zShift;        Before: 5.98025; After: 5.98025

axialRotationPrime; Before: 40.557; After: 40.557
zShiftPrime;        Before: 5.08861; After: 5.08861

Starting Repack Cycles
MCAccept 0 xShift: 6.95572 crossingAngle: -42.1127 axialRotation: -93.3671 zShift: 5.98025 energy: -11.1213
MCReject   xShift: 6.95572 crossingAngle: -42.0433 axialRotation: -93.3671 zShift: 5.98025 energy: -10.9592
MCAccept 1 xShift: 6.95011 crossingAngle: -42.1127 axialRotation: -93.3671 zShift: 5.98025 energy: -11.1672
MCAccept 2 xShift: 6.95011 crossingAngle: -42.1127 axialRotation: -93.3671 zShift: 5.99791 energy: -11.3769
MCAccept 3 xShift: 6.90813 crossingAngle: -42.1127 axialRotation: -93.3671 zShift: 5.99791 energy: -11.544
MCAccept 4 xShift: 6.92246 crossingAngle: -42.1127 axialRotation: -93.3671 zShift: 5.99791 energy: -11.5188
MCAccept 5 xShift: 6.92246 crossingAngle: -42.1127 axialRotation: -93.3671 zShift: 5.97591 energy: -11.2552
MCAccept 6 xShift: 6.92246 crossingAngle: -42.2412 axialRotation: -93.3671 zShift: 5.97591 energy: -11.5822
MCAccept 7 xShift: 6.92246 crossingAngle: -42.2412 axialRotation: -93.3671 zShift: 5.97046 energy: -11.5184
MCReject   xShift: 6.92246 crossingAngle: -42.2412 axialRotation: -93.3671 zShift: 5.84676 energy: -10.0252
MCAccept 8 xShift: 6.88634 crossingAngle: -42.2412 axialRotation: -93.3671 zShift: 5.97046 energy: -11.5775
MCAccept 9 xShift: 6.88634 crossingAngle: -42.2412 axialRotation: -93.3671 zShift: 5.96271 energy: -11.4843
MCAccept 10 xShift: 6.8846 crossingAngle: -42.2412 axialRotation: -93.3671 zShift: 5.96271 energy: -11.4822
MCAccept 11 xShift: 6.8846 crossingAngle: -42.1392 axialRotation: -93.3671 zShift: 5.96271 energy: -11.1692
MCReject   xShift: 6.8846 crossingAngle: -42.1392 axialRotation: -93.3671 zShift: 5.93868 energy: -10.8695
MCAccept 12 xShift: 6.8846 crossingAngle: -42.1392 axialRotation: -93.3671 zShift: 5.94648 energy: -10.9671
MCReject   xShift: 6.8846 crossingAngle: -41.6373 axialRotation: -93.3671 zShift: 5.94648 energy: -8.83732
MCAccept 13 xShift: 6.8846 crossingAngle: -42.223 axialRotation: -93.3671 zShift: 5.94648 energy: -11.2311
MCAccept 14 xShift: 6.944 crossingAngle: -42.223 axialRotation: -93.3671 zShift: 5.94648 energy: -11.0631
MCAccept 15 xShift: 6.9223 crossingAngle: -42.223 axialRotation: -93.3671 zShift: 5.94648 energy: -11.1914
MCAccept 16 xShift: 6.87541 crossingAngle: -42.223 axialRotation: -93.3671 zShift: 5.94648 energy: -11.2081
MCReject   xShift: 6.87541 crossingAngle: -41.5351 axialRotation: -93.3671 zShift: 5.94648 energy: -8.14409
MCAccept 17 xShift: 6.87541 crossingAngle: -42.223 axialRotation: -93.3671 zShift: 5.86806 energy: -10.2243
MCAccept 18 xShift: 6.87541 crossingAngle: -42.223 axialRotation: -93.3671 zShift: 5.84836 energy: -9.97129
MCAccept 19 xShift: 6.87541 crossingAngle: -42.223 axialRotation: -93.3671 zShift: 5.86097 energy: -10.1335
MCAccept 20 xShift: 6.89455 crossingAngle: -42.223 axialRotation: -93.3671 zShift: 5.86097 energy: -10.1855
MCAccept 21 xShift: 6.90237 crossingAngle: -42.223 axialRotation: -93.3671 zShift: 5.86097 energy: -10.1895
MCReject   xShift: 6.90237 crossingAngle: -42.223 axialRotation: -93.7094 zShift: 5.86097 energy: -9.24564
MCAccept 22 xShift: 6.90237 crossingAngle: -42.223 axialRotation: -93.3671 zShift: 5.834 energy: -9.84934
MCAccept 23 xShift: 6.90237 crossingAngle: -42.223 axialRotation: -93.3671 zShift: 5.84756 energy: -10.0209
MCReject   xShift: 6.90237 crossingAngle: -42.223 axialRotation: -94.0294 zShift: 5.84756 energy: -8.00951
MCAccept 24 xShift: 6.90237 crossingAngle: -42.223 axialRotation: -93.3671 zShift: 5.81486 energy: -9.60515
MCAccept 25 xShift: 6.89147 crossingAngle: -42.223 axialRotation: -93.3671 zShift: 5.81486 energy: -9.59184
MCAccept 26 xShift: 6.89147 crossingAngle: -42.223 axialRotation: -93.3671 zShift: 5.82903 energy: -9.77431
MCAccept 27 xShift: 6.85395 crossingAngle: -42.223 axialRotation: -93.3671 zShift: 5.82903 energy: -9.02045
MCAccept 28 xShift: 6.85395 crossingAngle: -42.223 axialRotation: -93.3671 zShift: 5.87056 energy: -10.1338
MCAccept 29 xShift: 6.85395 crossingAngle: -42.3872 axialRotation: -93.3671 zShift: 5.87056 energy: -10.7019
MCAccept 30 xShift: 6.85395 crossingAngle: -42.3872 axialRotation: -93.3671 zShift: 5.86497 energy: -10.6322
MCAccept 31 xShift: 6.85395 crossingAngle: -42.3872 axialRotation: -93.3671 zShift: 5.89721 energy: -11.0315
MCAccept 32 xShift: 6.85395 crossingAngle: -42.3872 axialRotation: -93.3671 zShift: 5.98799 energy: -12.1245
MCAccept 33 xShift: 6.85395 crossingAngle: -42.3872 axialRotation: -93.3671 zShift: 5.95325 energy: -11.7116
MCAccept 34 xShift: 6.85395 crossingAngle: -42.3872 axialRotation: -93.3671 zShift: 5.97986 energy: -12.0284
MCAccept 35 xShift: 6.85395 crossingAngle: -42.2609 axialRotation: -93.3671 zShift: 5.97986 energy: -11.6462
MCReject   xShift: 6.85395 crossingAngle: -42.2609 axialRotation: -93.3155 zShift: 5.97986 energy: -11.7644
MCAccept 36 xShift: 6.85395 crossingAngle: -42.2609 axialRotation: -93.3671 zShift: 5.97312 energy: -11.5635
MCAccept 37 xShift: 6.85395 crossingAngle: -42.284 axialRotation: -93.3671 zShift: 5.97312 energy: -11.6378
MCAccept 38 xShift: 6.92224 crossingAngle: -42.284 axialRotation: -93.3671 zShift: 5.97312 energy: -11.6501
MCAccept 39 xShift: 6.92224 crossingAngle: -42.5287 axialRotation: -93.3671 zShift: 5.97312 energy: -12.1349
MCAccept 40 xShift: 6.92224 crossingAngle: -42.4568 axialRotation: -93.3671 zShift: 5.97312 energy: -12.0065
MCAccept 41 xShift: 6.92224 crossingAngle: -42.4568 axialRotation: -93.3671 zShift: 5.89514 energy: -11.118
MCAccept 42 xShift: 6.92344 crossingAngle: -42.4568 axialRotation: -93.3671 zShift: 5.89514 energy: -11.1096
MCAccept 43 xShift: 6.89625 crossingAngle: -42.4568 axialRotation: -93.3671 zShift: 5.89514 energy: -11.2398
MCAccept 44 xShift: 6.94148 crossingAngle: -42.4568 axialRotation: -93.3671 zShift: 5.89514 energy: -10.948
MCAccept 45 xShift: 6.94148 crossingAngle: -42.4568 axialRotation: -93.3671 zShift: 5.89188 energy: -10.7675
MCAccept 46 xShift: 6.90088 crossingAngle: -42.4568 axialRotation: -93.3671 zShift: 5.89188 energy: -11.188
MCAccept 47 xShift: 6.90688 crossingAngle: -42.4568 axialRotation: -93.3671 zShift: 5.89188 energy: -11.1653
MCAccept 48 xShift: 6.84353 crossingAngle: -42.4568 axialRotation: -93.3671 zShift: 5.89188 energy: -10.5726
MCAccept 49 xShift: 6.84353 crossingAngle: -42.4568 axialRotation: -93.3671 zShift: 5.87296 energy: -10.8964
MCAccept 50 xShift: 6.84353 crossingAngle: -42.5986 axialRotation: -93.3671 zShift: 5.87296 energy: -11.3087
MCAccept 51 xShift: 6.84353 crossingAngle: -42.5986 axialRotation: -93.3671 zShift: 5.7901 energy: -10.3073
MCAccept 52 xShift: 6.84353 crossingAngle: -42.665 axialRotation: -93.3671 zShift: 5.7901 energy: -10.498
MCAccept 53 xShift: 6.84353 crossingAngle: -42.8418 axialRotation: -93.3671 zShift: 5.7901 energy: -10.946
MCAccept 54 xShift: 6.77332 crossingAngle: -42.8418 axialRotation: -93.3671 zShift: 5.7901 energy: -10.2851
MCAccept 55 xShift: 6.77332 crossingAngle: -42.8418 axialRotation: -93.3671 zShift: 5.94869 energy: -12.2436
MCReject   xShift: 6.77332 crossingAngle: -42.8418 axialRotation: -93.3671 zShift: 5.93347 energy: -12.045
MCAccept 56 xShift: 6.77332 crossingAngle: -43.3554 axialRotation: -93.3671 zShift: 5.94869 energy: -13.7642
MCAccept 57 xShift: 6.77332 crossingAngle: -43.3554 axialRotation: -93.3671 zShift: 5.9639 energy: -13.4973
MCAccept 58 xShift: 6.77332 crossingAngle: -43.5092 axialRotation: -93.3671 zShift: 5.9639 energy: -14.1649
MCAccept 59 xShift: 6.77662 crossingAngle: -43.5092 axialRotation: -93.3671 zShift: 5.9639 energy: -14.1507
MCAccept 60 xShift: 6.82486 crossingAngle: -43.5092 axialRotation: -93.3671 zShift: 5.9639 energy: -13.818
MCAccept 61 xShift: 6.92303 crossingAngle: -43.5092 axialRotation: -93.3671 zShift: 5.9639 energy: -12.8938
MCAccept 62 xShift: 6.87818 crossingAngle: -43.5092 axialRotation: -93.3671 zShift: 5.9639 energy: -13.4539
MCAccept 63 xShift: 6.88061 crossingAngle: -43.5092 axialRotation: -93.3671 zShift: 5.9639 energy: -13.4312
MCAccept 64 xShift: 6.88061 crossingAngle: -43.2955 axialRotation: -93.3671 zShift: 5.9639 energy: -13.3007
MCAccept 65 xShift: 6.88061 crossingAngle: -42.9333 axialRotation: -93.3671 zShift: 5.9639 energy: -12.9269
MCAccept 66 xShift: 6.88061 crossingAngle: -42.9333 axialRotation: -93.3671 zShift: 5.9693 energy: -12.9827
MCAccept 67 xShift: 6.92235 crossingAngle: -42.9333 axialRotation: -93.3671 zShift: 5.9693 energy: -12.6292
MCAccept 68 xShift: 6.92235 crossingAngle: -42.4405 axialRotation: -93.3671 zShift: 5.9693 energy: -11.9322
MCAccept 69 xShift: 6.92235 crossingAngle: -42.2755 axialRotation: -93.3671 zShift: 5.9693 energy: -11.5858
MCAccept 70 xShift: 6.941 crossingAngle: -42.2755 axialRotation: -93.3671 zShift: 5.9693 energy: -11.3137
MCAccept 71 xShift: 6.941 crossingAngle: -42.2755 axialRotation: -93.3671 zShift: 5.92921 energy: -10.9971
MCAccept 72 xShift: 6.941 crossingAngle: -42.3771 axialRotation: -93.3671 zShift: 5.92921 energy: -11.0562
MCAccept 73 xShift: 6.941 crossingAngle: -42.6267 axialRotation: -93.3671 zShift: 5.92921 energy: -11.6124
MCAccept 74 xShift: 6.941 crossingAngle: -42.7241 axialRotation: -93.3671 zShift: 5.92921 energy: -11.7377
MCAccept 75 xShift: 6.941 crossingAngle: -43.017 axialRotation: -93.3671 zShift: 5.92921 energy: -12.0133
MCReject   xShift: 6.941 crossingAngle: -42.1882 axialRotation: -93.3671 zShift: 5.92921 energy: -10.7992
MCAccept 76 xShift: 6.941 crossingAngle: -43.3969 axialRotation: -93.3671 zShift: 5.92921 energy: -11.7063
MCAccept 77 xShift: 6.8694 crossingAngle: -43.3969 axialRotation: -93.3671 zShift: 5.92921 energy: -13.1275
MCAccept 78 xShift: 6.8694 crossingAngle: -43.3969 axialRotation: -93.3671 zShift: 5.89806 energy: -12.8235
MCAccept 79 xShift: 6.8694 crossingAngle: -43.463 axialRotation: -93.3671 zShift: 5.89806 energy: -12.8722
MCAccept 80 xShift: 6.92208 crossingAngle: -43.463 axialRotation: -93.3671 zShift: 5.89806 energy: -12.2338
MCAccept 81 xShift: 6.93123 crossingAngle: -43.463 axialRotation: -93.3671 zShift: 5.89806 energy: -12.0573
MCAccept 82 xShift: 6.89735 crossingAngle: -43.463 axialRotation: -93.3671 zShift: 5.89806 energy: -12.5946
MCAccept 83 xShift: 6.89735 crossingAngle: -43.8175 axialRotation: -93.3671 zShift: 5.89806 energy: -12.7147
MCReject   xShift: 6.89735 crossingAngle: -43.8175 axialRotation: -93.5189 zShift: 5.89806 energy: -12.5169
MCAccept 84 xShift: 6.85684 crossingAngle: -43.8175 axialRotation: -93.3671 zShift: 5.89806 energy: -13.1518
MCAccept 85 xShift: 6.85684 crossingAngle: -43.8175 axialRotation: -93.3671 zShift: 5.9256 energy: -13.407
MCAccept 86 xShift: 6.85684 crossingAngle: -43.8175 axialRotation: -93.3671 zShift: 5.93838 energy: -13.5245
MCAccept 87 xShift: 6.85684 crossingAngle: -43.321 axialRotation: -93.3671 zShift: 5.93838 energy: -13.2343
MCAccept 88 xShift: 6.85684 crossingAngle: -43.321 axialRotation: -93.3671 zShift: 5.96992 energy: -13.5409
MCReject   xShift: 6.85684 crossingAngle: -43.321 axialRotation: -94.0377 zShift: 5.96992 energy: -12.5156
MCAccept 89 xShift: 6.869 crossingAngle: -43.321 axialRotation: -93.3671 zShift: 5.96992 energy: -13.4664
MCAccept 90 xShift: 6.869 crossingAngle: -43.321 axialRotation: -93.3671 zShift: 5.93123 energy: -13.0901
MCAccept 91 xShift: 6.869 crossingAngle: -43.321 axialRotation: -93.3671 zShift: 5.98482 energy: -13.6098
MCAccept 92 xShift: 6.869 crossingAngle: -43.321 axialRotation: -93.3671 zShift: 5.98872 energy: -13.6471
MCAccept 93 xShift: 6.869 crossingAngle: -43.321 axialRotation: -93.3671 zShift: 5.99623 energy: -13.7189
MCReject   xShift: 6.869 crossingAngle: -43.5404 axialRotation: -93.3671 zShift: 5.99623 energy: -13.8537
MCAccept 94 xShift: 6.869 crossingAngle: -43.321 axialRotation: -93.3671 zShift: 5.98031 energy: -13.5664
MCAccept 95 xShift: 6.869 crossingAngle: -43.321 axialRotation: -93.3671 zShift: 5.99327 energy: -13.6907
MCReject   xShift: 6.869 crossingAngle: -43.321 axialRotation: -93.9085 zShift: 5.99327 energy: -12.9017
MCAccept 96 xShift: 6.869 crossingAngle: -43.321 axialRotation: -93.3671 zShift: 5.99924 energy: -13.7476
MCReject   xShift: 6.869 crossingAngle: -43.321 axialRotation: -93.8222 zShift: 5.99924 energy: -13.1038
MCAccept 97 xShift: 6.87179 crossingAngle: -43.321 axialRotation: -93.3671 zShift: 5.99924 energy: -13.7279
MCAccept 98 xShift: 6.87179 crossingAngle: -43.321 axialRotation: -93.3671 zShift: 5.99889 energy: -13.7246
MCReject   xShift: 6.87179 crossingAngle: -43.321 axialRotation: -93.5742 zShift: 5.99889 energy: -13.4476
MCReject   xShift: 6.91205 crossingAngle: -43.321 axialRotation: -93.3671 zShift: 5.99889 energy: -13.3275
MCReject   xShift: 6.87179 crossingAngle: -43.0698 axialRotation: -93.3671 zShift: 5.99889 energy: -13.4971
MCAccept 99 xShift: 6.87179 crossingAngle: -43.321 axialRotation: -93.3671 zShift: 5.9914 energy: -13.653
MCReject   xShift: 6.87179 crossingAngle: -43.321 axialRotation: -93.3671 zShift: 5.97844 energy: -13.5287
MCAccept 100 xShift: 6.87179 crossingAngle: -42.9321 axialRotation: -93.3671 zShift: 5.9914 energy: -13.2526
MCReject   xShift: 6.88537 crossingAngle: -42.9321 axialRotation: -93.3671 zShift: 5.9914 energy: -13.1799
MCAccept 101 xShift: 6.90559 crossingAngle: -42.9321 axialRotation: -93.3671 zShift: 5.9914 energy: -13.0266
MCReject   xShift: 6.92047 crossingAngle: -42.9321 axialRotation: -93.3671 zShift: 5.9914 energy: -12.877
MCReject   xShift: 6.90559 crossingAngle: -42.9321 axialRotation: -93.3671 zShift: 5.92321 energy: -12.3207
MCAccept 102 xShift: 6.90559 crossingAngle: -42.9741 axialRotation: -93.3671 zShift: 5.9914 energy: -13.0706
MCAccept 103 xShift: 6.90559 crossingAngle: -42.9741 axialRotation: -93.3671 zShift: 5.99528 energy: -13.1099
MCAccept 104 xShift: 6.90559 crossingAngle: -42.9741 axialRotation: -93.3671 zShift: 5.98748 energy: -13.0308
MCAccept 105 xShift: 6.90559 crossingAngle: -42.9741 axialRotation: -93.3671 zShift: 5.96339 energy: -12.7851
MCReject   xShift: 6.95956 crossingAngle: -42.9741 axialRotation: -93.3671 zShift: 5.96339 energy: -11.9904
MCAccept 106 xShift: 6.90627 crossingAngle: -42.9741 axialRotation: -93.3671 zShift: 5.96339 energy: -12.7787
MCAccept 107 xShift: 6.90627 crossingAngle: -42.9741 axialRotation: -93.3671 zShift: 5.95686 energy: -12.7117
MCReject   xShift: 6.90627 crossingAngle: -42.8391 axialRotation: -93.3671 zShift: 5.95686 energy: -12.5528
MCAccept 108 xShift: 6.90627 crossingAngle: -42.7931 axialRotation: -93.3671 zShift: 5.95686 energy: -12.4913
MCAccept 109 xShift: 6.90627 crossingAngle: -42.7177 axialRotation: -93.3671 zShift: 5.95686 energy: -12.3819
MCAccept 110 xShift: 6.90627 crossingAngle: -42.8679 axialRotation: -93.3671 zShift: 5.95686 energy: -12.5893
MCAccept 111 xShift: 6.90627 crossingAngle: -42.6792 axialRotation: -93.3671 zShift: 5.95686 energy: -12.322
MCReject   xShift: 6.90627 crossingAngle: -42.6792 axialRotation: -93.5917 zShift: 5.95686 energy: -11.8881
MCAccept 112 xShift: 6.90627 crossingAngle: -42.6792 axialRotation: -93.3671 zShift: 5.97886 energy: -12.5589
MCAccept 113 xShift: 6.90627 crossingAngle: -42.6792 axialRotation: -93.3671 zShift: 5.98328 energy: -12.6063
MCAccept 114 xShift: 6.92335 crossingAngle: -42.6792 axialRotation: -93.3671 zShift: 5.98328 energy: -12.4677
MCAccept 115 xShift: 6.88227 crossingAngle: -42.6792 axialRotation: -93.3671 zShift: 5.98328 energy: -12.7307
MCAccept 116 xShift: 6.87233 crossingAngle: -42.6792 axialRotation: -93.3671 zShift: 5.98328 energy: -12.7593
MCAccept 117 xShift: 6.88545 crossingAngle: -42.6792 axialRotation: -93.3671 zShift: 5.98328 energy: -12.7187
MCReject   xShift: 6.88545 crossingAngle: -42.6792 axialRotation: -93.3671 zShift: 5.96785 energy: -12.552
MCReject   xShift: 6.88545 crossingAngle: -42.6792 axialRotation: -93.6177 zShift: 5.98328 energy: -12.249
MCReject   xShift: 6.88545 crossingAngle: -42.6792 axialRotation: -93.4664 zShift: 5.98328 energy: -12.539
MCReject   xShift: 6.88545 crossingAngle: -42.6792 axialRotation: -93.1655 zShift: 5.98328 energy: -13.0596
MCReject   xShift: 6.88545 crossingAngle: -42.6792 axialRotation: -93.3671 zShift: 5.94713 energy: -12.3264
MCReject   xShift: 6.87286 crossingAngle: -42.6792 axialRotation: -93.3671 zShift: 5.98328 energy: -12.7581
MCReject   xShift: 6.88545 crossingAngle: -42.6792 axialRotation: -93.3671 zShift: 6.00211 energy: -12.9207
MCReject   xShift: 6.88545 crossingAngle: -42.6792 axialRotation: -93.3671 zShift: 5.99415 energy: -12.8355
MCReject   xShift: 6.88545 crossingAngle: -42.6792 axialRotation: -93.3869 zShift: 5.98328 energy: -12.6834
MCReject   xShift: 6.88545 crossingAngle: -42.6792 axialRotation: -93.3671 zShift: 5.96487 energy: -12.5197
MCReject   xShift: 6.88545 crossingAngle: -42.6792 axialRotation: -93.3671 zShift: 5.98831 energy: -12.7728
MCReject   xShift: 6.95772 crossingAngle: -42.6792 axialRotation: -93.3671 zShift: 5.98328 energy: -12.0309
MCReject   xShift: 6.87845 crossingAngle: -42.6792 axialRotation: -93.3671 zShift: 5.98328 energy: -12.7432
MCReject   xShift: 6.88545 crossingAngle: -42.6792 axialRotation: -93.3671 zShift: 6.00189 energy: -12.9184
MCReject   xShift: 6.88545 crossingAngle: -42.6792 axialRotation: -93.9511 zShift: 5.98328 energy: -11.5344
MCReject   xShift: 6.88777 crossingAngle: -42.6792 axialRotation: -93.3671 zShift: 5.98328 energy: -12.7091
MCReject   xShift: 6.88545 crossingAngle: -42.6792 axialRotation: -93.3671 zShift: 5.93581 energy: -12.2022
MCReject   xShift: 6.85266 crossingAngle: -42.6792 axialRotation: -93.3671 zShift: 5.98328 energy: -12.7769
MCAccept 118 xShift: 6.88545 crossingAngle: -42.9942 axialRotation: -93.3671 zShift: 5.98328 energy: -13.1711
MCReject   xShift: 6.91556 crossingAngle: -42.9942 axialRotation: -93.3671 zShift: 5.98328 energy: -12.9068
MCAccept 119 xShift: 6.88545 crossingAngle: -43.2648 axialRotation: -93.3671 zShift: 5.98328 energy: -13.4251
MCReject   xShift: 6.88545 crossingAngle: -43.2648 axialRotation: -93.3671 zShift: 5.941 energy: -13.0117
MCReject   xShift: 6.88545 crossingAngle: -43.2648 axialRotation: -93.455 zShift: 5.98328 energy: -13.3037
MCReject   xShift: 6.91343 crossingAngle: -43.2648 axialRotation: -93.3671 zShift: 5.98328 energy: -13.1292
MCReject   xShift: 6.88545 crossingAngle: -43.2648 axialRotation: -93.4679 zShift: 5.98328 energy: -13.2854
MCAccept 120 xShift: 6.88545 crossingAngle: -43.3934 axialRotation: -93.3671 zShift: 5.98328 energy: -13.5086
MCReject   xShift: 6.88545 crossingAngle: -43.3934 axialRotation: -93.3671 zShift: 5.93959 energy: -13.0892
MCAccept 121 xShift: 6.84178 crossingAngle: -43.3934 axialRotation: -93.3671 zShift: 5.98328 energy: -13.8004
MCAccept 122 xShift: 6.84178 crossingAngle: -43.4889 axialRotation: -93.3671 zShift: 5.98328 energy: -13.8729
MCReject   xShift: 6.87172 crossingAngle: -43.4889 axialRotation: -93.3671 zShift: 5.98328 energy: -13.6832
MCReject   xShift: 6.84178 crossingAngle: -43.4889 axialRotation: -93.7775 zShift: 5.98328 energy: -13.3495
MCAccept 123 xShift: 6.83927 crossingAngle: -43.4889 axialRotation: -93.3671 zShift: 5.98328 energy: -13.8839
MCAccept 124 xShift: 6.83927 crossingAngle: -43.4889 axialRotation: -93.3671 zShift: 5.98934 energy: -13.9411
MCReject   xShift: 6.83927 crossingAngle: -43.4889 axialRotation: -93.3671 zShift: 5.94265 energy: -13.5006
MCAccept 125 xShift: 6.79695 crossingAngle: -43.4889 axialRotation: -93.3671 zShift: 5.98934 energy: -14.2707
MCAccept 126 xShift: 6.79695 crossingAngle: -43.499 axialRotation: -93.3671 zShift: 5.98934 energy: -14.2829
MCReject   xShift: 6.79695 crossingAngle: -43.499 axialRotation: -93.3671 zShift: 5.98033 energy: -14.1921
MCReject   xShift: 6.79695 crossingAngle: -43.499 axialRotation: -93.7891 zShift: 5.98934 energy: -13.6315
MCReject   xShift: 6.79695 crossingAngle: -43.499 axialRotation: -93.5643 zShift: 5.98934 energy: -13.9904
MCReject   xShift: 6.79695 crossingAngle: -43.499 axialRotation: -93.3671 zShift: 5.97275 energy: -14.1156
MCReject   xShift: 6.74959 crossingAngle: -43.499 axialRotation: -93.3671 zShift: 5.98934 energy: -14.0518
MCReject   xShift: 6.79695 crossingAngle: -43.2493 axialRotation: -93.3671 zShift: 5.98934 energy: -13.9308
MCReject   xShift: 6.79695 crossingAngle: -43.499 axialRotation: -93.3671 zShift: 6.00931 energy: -14.4847
MCReject   xShift: 6.79695 crossingAngle: -43.499 axialRotation: -93.4446 zShift: 5.98934 energy: -13.7645
MCReject   xShift: 6.79695 crossingAngle: -43.6304 axialRotation: -93.3671 zShift: 5.98934 energy: -14.4319
MCReject   xShift: 6.79695 crossingAngle: -43.499 axialRotation: -93.4465 zShift: 5.98934 energy: -14.1673
MCReject   xShift: 6.79695 crossingAngle: -43.499 axialRotation: -93.3671 zShift: 5.97031 energy: -14.091
MCReject   xShift: 6.79695 crossingAngle: -43.499 axialRotation: -93.3671 zShift: 6.01373 energy: -14.0838
MCReject   xShift: 6.79695 crossingAngle: -43.499 axialRotation: -93.3078 zShift: 5.98934 energy: -14.367
MCReject   xShift: 6.79695 crossingAngle: -43.499 axialRotation: -93.3671 zShift: 5.96576 energy: -14.0448
MCReject   xShift: 6.79695 crossingAngle: -43.499 axialRotation: -93.7432 zShift: 5.98934 energy: -13.7072
MCReject   xShift: 6.79695 crossingAngle: -43.499 axialRotation: -93.5387 zShift: 5.98934 energy: -14.0296
MCReject   xShift: 6.79695 crossingAngle: -43.499 axialRotation: -93.3671 zShift: 6.00075 energy: -14.3981
MCReject   xShift: 6.79695 crossingAngle: -43.499 axialRotation: -93.38 zShift: 5.98934 energy: -14.2643
MCReject   xShift: 6.79695 crossingAngle: -43.499 axialRotation: -93.2121 zShift: 5.98934 energy: -14.4991
MCReject   xShift: 6.79695 crossingAngle: -43.1558 axialRotation: -93.3671 zShift: 5.98934 energy: -13.3312
MCReject   xShift: 6.79695 crossingAngle: -43.499 axialRotation: -92.9512 zShift: 5.98934 energy: -14.8368
MCReject   xShift: 6.84325 crossingAngle: -43.499 axialRotation: -93.3671 zShift: 5.98934 energy: -13.9305
MCReject   xShift: 6.75771 crossingAngle: -43.499 axialRotation: -93.3671 zShift: 5.98934 energy: -14.4648
MCReject   xShift: 6.79695 crossingAngle: -43.6205 axialRotation: -93.3671 zShift: 5.98934 energy: -14.4215
MCReject   xShift: 6.79721 crossingAngle: -43.499 axialRotation: -93.3671 zShift: 5.98934 energy: -14.2811
MCReject   xShift: 6.79695 crossingAngle: -43.499 axialRotation: -93.3671 zShift: 5.97827 energy: -13.7656
MCReject   xShift: 6.78728 crossingAngle: -43.499 axialRotation: -93.3671 zShift: 5.98934 energy: -14.3423
MCReject   xShift: 6.85642 crossingAngle: -43.499 axialRotation: -93.3671 zShift: 5.98934 energy: -13.8574
MCReject   xShift: 6.8085 crossingAngle: -43.499 axialRotation: -93.3671 zShift: 5.98934 energy: -14.1998
MCReject   xShift: 6.79323 crossingAngle: -43.499 axialRotation: -93.3671 zShift: 5.98934 energy: -14.3068
MCReject   xShift: 6.79695 crossingAngle: -43.499 axialRotation: -93.3671 zShift: 5.92841 energy: -13.6636
MCReject   xShift: 6.79695 crossingAngle: -43.499 axialRotation: -93.3671 zShift: 5.98684 energy: -14.2578
MCReject   xShift: 6.79695 crossingAngle: -43.4761 axialRotation: -93.3671 zShift: 5.98934 energy: -14.2549
MCReject   xShift: 6.79695 crossingAngle: -43.499 axialRotation: -93.3671 zShift: 5.96455 energy: -14.0325
MCReject   xShift: 6.79695 crossingAngle: -43.5742 axialRotation: -93.3671 zShift: 5.98934 energy: -14.371
MCReject   xShift: 6.79695 crossingAngle: -43.499 axialRotation: -93.3671 zShift: 5.97476 energy: -14.1359
MCReject   xShift: 6.79695 crossingAngle: -43.499 axialRotation: -93.5145 zShift: 5.98934 energy: -14.0662
MCReject   xShift: 6.79695 crossingAngle: -43.499 axialRotation: -93.2793 zShift: 5.98934 energy: -14.4068
MCReject   xShift: 6.77606 crossingAngle: -43.499 axialRotation: -93.3671 zShift: 5.98934 energy: -14.3995
MCReject   xShift: 6.75556 crossingAngle: -43.499 axialRotation: -93.3671 zShift: 5.98934 energy: -14.4701
MCReject   xShift: 6.79695 crossingAngle: -43.499 axialRotation: -93.4303 zShift: 5.98934 energy: -14.1911
MCReject   xShift: 6.79695 crossingAngle: -43.5098 axialRotation: -93.3671 zShift: 5.98934 energy: -14.2959
MCReject   xShift: 6.79695 crossingAngle: -43.5323 axialRotation: -93.3671 zShift: 5.98934 energy: -14.3226
MCReject   xShift: 6.87272 crossingAngle: -43.499 axialRotation: -93.3671 zShift: 5.98934 energy: -13.7375
MCReject   xShift: 6.79946 crossingAngle: -43.499 axialRotation: -93.3671 zShift: 5.98934 energy: -14.266
MCReject   xShift: 6.79695 crossingAngle: -43.499 axialRotation: -93.3671 zShift: 5.98607 energy: -14.25
MCReject   xShift: 6.79695 crossingAngle: -43.499 axialRotation: -93.5914 zShift: 5.98934 energy: -13.9487
MCReject   xShift: 6.79695 crossingAngle: -43.7853 axialRotation: -93.3671 zShift: 5.98934 energy: -14.5771
MCReject   xShift: 6.79695 crossingAngle: -43.499 axialRotation: -93.3671 zShift: 5.98757 energy: -14.2651
MCReject   xShift: 6.79695 crossingAngle: -43.499 axialRotation: -93.3964 zShift: 5.98934 energy: -14.2406
MCReject   xShift: 6.79695 crossingAngle: -43.5576 axialRotation: -93.3671 zShift: 5.98934 energy: -14.3521
MCReject   xShift: 6.79695 crossingAngle: -43.6199 axialRotation: -93.3671 zShift: 5.98934 energy: -14.4208
MCReject   xShift: 6.79695 crossingAngle: -43.5501 axialRotation: -93.3671 zShift: 5.98934 energy: -13.9366
MCReject   xShift: 6.82811 crossingAngle: -43.499 axialRotation: -93.3671 zShift: 5.98934 energy: -14.0304
MCReject   xShift: 6.79695 crossingAngle: -43.5902 axialRotation: -93.3671 zShift: 5.98934 energy: -13.9818
MCReject   xShift: 6.79695 crossingAngle: -43.4748 axialRotation: -93.3671 zShift: 5.98934 energy: -14.2532
MCReject   xShift: 6.79695 crossingAngle: -43.499 axialRotation: -93.3671 zShift: 5.97379 energy: -14.1261
MCReject   xShift: 6.79695 crossingAngle: -43.499 axialRotation: -93.2523 zShift: 5.98934 energy: -14.4443
MCReject   xShift: 6.79695 crossingAngle: -43.499 axialRotation: -93.0882 zShift: 5.98934 energy: -14.6636
MCReject   xShift: 6.79695 crossingAngle: -43.499 axialRotation: -93.3671 zShift: 5.99738 energy: -14.364
MCReject   xShift: 6.79695 crossingAngle: -43.326 axialRotation: -93.3671 zShift: 5.98934 energy: -14.0502
MCReject   xShift: 6.79695 crossingAngle: -43.499 axialRotation: -93.3484 zShift: 5.98934 energy: -14.3096
MCReject   xShift: 6.79695 crossingAngle: -43.7336 axialRotation: -93.3671 zShift: 5.98934 energy: -14.5321
MCReject   xShift: 6.79695 crossingAngle: -43.499 axialRotation: -93.3671 zShift: 5.95266 energy: -13.9117
MCReject   xShift: 6.79695 crossingAngle: -43.499 axialRotation: -93.777 zShift: 5.98934 energy: -13.6515
MCReject   xShift: 6.79695 crossingAngle: -43.499 axialRotation: -93.6315 zShift: 5.98934 energy: -13.8863
MCReject   xShift: 6.79695 crossingAngle: -43.499 axialRotation: -93.3457 zShift: 5.98934 energy: -14.3134
MCReject   xShift: 6.79695 crossingAngle: -43.499 axialRotation: -93.3822 zShift: 5.98934 energy: -14.2612
MCReject   xShift: 6.79695 crossingAngle: -43.499 axialRotation: -93.3671 zShift: 5.97085 energy: -14.0964
MCReject   xShift: 6.78205 crossingAngle: -43.499 axialRotation: -93.3671 zShift: 5.98934 energy: -14.3706
MCReject   xShift: 6.79695 crossingAngle: -43.6416 axialRotation: -93.3671 zShift: 5.98934 energy: -14.4434
MCReject   xShift: 6.79695 crossingAngle: -43.499 axialRotation: -93.3671 zShift: 5.95764 energy: -13.9624
MCReject   xShift: 6.79695 crossingAngle: -43.499 axialRotation: -93.2304 zShift: 5.98934 energy: -14.4743
MCReject   xShift: 6.79695 crossingAngle: -43.411 axialRotation: -93.3671 zShift: 5.98934 energy: -14.1706
MCReject   xShift: 6.79695 crossingAngle: -43.499 axialRotation: -93.5271 zShift: 5.98934 energy: -14.0471
MCReject   xShift: 6.79695 crossingAngle: -43.578 axialRotation: -93.3671 zShift: 5.98934 energy: -14.3752
MCReject   xShift: 6.79695 crossingAngle: -43.499 axialRotation: -93.3671 zShift: 6.01254 energy: -14.5173
MCReject   xShift: 6.79695 crossingAngle: -43.5923 axialRotation: -93.3671 zShift: 5.98934 energy: -14.391
MCReject   xShift: 6.79695 crossingAngle: -43.499 axialRotation: -93.3671 zShift: 5.98285 energy: -14.2176
MCReject   xShift: 6.79695 crossingAngle: -43.7342 axialRotation: -93.3671 zShift: 5.98934 energy: -14.0921
MCReject   xShift: 6.79695 crossingAngle: -43.499 axialRotation: -93.3671 zShift: 6.00997 energy: -14.4914
MCReject   xShift: 6.77026 crossingAngle: -43.499 axialRotation: -93.3671 zShift: 5.98934 energy: -14.424
MCReject   xShift: 6.8048 crossingAngle: -43.499 axialRotation: -93.3671 zShift: 5.98934 energy: -14.2278
MCReject   xShift: 6.79695 crossingAngle: -43.499 axialRotation: -93.7275 zShift: 5.98934 energy: -13.7327
MCReject   xShift: 6.79695 crossingAngle: -43.499 axialRotation: -93.3676 zShift: 5.98934 energy: -14.2821
MCReject   xShift: 6.79695 crossingAngle: -43.499 axialRotation: -93.8049 zShift: 5.98934 energy: -13.6051
MCReject   xShift: 6.79695 crossingAngle: -43.499 axialRotation: -93.3671 zShift: 6.03435 energy: -14.3188
MCReject   xShift: 6.79695 crossingAngle: -43.3029 axialRotation: -93.3671 zShift: 5.98934 energy: -14.0153
MCReject   xShift: 6.81713 crossingAngle: -43.499 axialRotation: -93.3671 zShift: 5.98934 energy: -14.1297
MCReject   xShift: 6.79695 crossingAngle: -43.6691 axialRotation: -93.3671 zShift: 5.98934 energy: -14.4711
MCReject   xShift: 6.77162 crossingAngle: -43.499 axialRotation: -93.3671 zShift: 5.98934 energy: -14.4186
MCReject   xShift: 6.79695 crossingAngle: -43.499 axialRotation: -93.3671 zShift: 5.94654 energy: -13.8493
MCReject   xShift: 6.75194 crossingAngle: -43.499 axialRotation: -93.3671 zShift: 5.98934 energy: -14.4778
MCReject   xShift: 6.79695 crossingAngle: -43.499 axialRotation: -93.0157 zShift: 5.98934 energy: -14.7563
MCReject   xShift: 6.79695 crossingAngle: -43.499 axialRotation: -93.3671 zShift: 6.02201 energy: -14.6127
MCReject   xShift: 6.79695 crossingAngle: -43.499 axialRotation: -93.908 zShift: 5.98934 energy: -13.4294
MCReject   xShift: 6.79695 crossingAngle: -43.499 axialRotation: -93.3671 zShift: 5.95713 energy: -13.9572
MCReject   xShift: 6.78524 crossingAngle: -43.499 axialRotation: -93.3671 zShift: 5.98934 energy: -13.9489
MCReject   xShift: 6.79695 crossingAngle: -43.499 axialRotation: -93.3671 zShift: 5.99134 energy: -14.303
MCReject   xShift: 6.79695 crossingAngle: -43.499 axialRotation: -93.1872 zShift: 5.98934 energy: -14.5328
MCReject   xShift: 6.79695 crossingAngle: -43.499 axialRotation: -93.3671 zShift: 6.00596 energy: -14.4509
MCReject   xShift: 6.79695 crossingAngle: -43.499 axialRotation: -93.3671 zShift: 5.96998 energy: -14.0876
MCReject   xShift: 6.79695 crossingAngle: -43.499 axialRotation: -93.3671 zShift: 5.99431 energy: -14.3329
MCReject   xShift: 6.7962 crossingAngle: -43.499 axialRotation: -93.3671 zShift: 5.98934 energy: -14.2878
MCReject   xShift: 6.79695 crossingAngle: -43.2177 axialRotation: -93.3671 zShift: 5.98934 energy: -13.4389
MCReject   xShift: 6.79695 crossingAngle: -43.499 axialRotation: -93.1947 zShift: 5.98934 energy: -14.5226
MCReject   xShift: 6.79695 crossingAngle: -43.3739 axialRotation: -93.3671 zShift: 5.98934 energy: -14.1195
MCReject   xShift: 6.79695 crossingAngle: -43.5614 axialRotation: -93.3671 zShift: 5.98934 energy: -14.3564
MCReject   xShift: 6.79695 crossingAngle: -43.499 axialRotation: -93.3298 zShift: 5.98934 energy: -14.336
MCReject   xShift: 6.79695 crossingAngle: -43.499 axialRotation: -93.3172 zShift: 5.98934 energy: -14.3538
MCReject   xShift: 6.79695 crossingAngle: -43.499 axialRotation: -93.3671 zShift: 5.97946 energy: -14.1834
MCReject   xShift: 6.79695 crossingAngle: -43.618 axialRotation: -93.3671 zShift: 5.98934 energy: -14.4188
MCReject   xShift: 6.834 crossingAngle: -43.499 axialRotation: -93.3671 zShift: 5.98934 energy: -13.9724
MCReject   xShift: 6.79695 crossingAngle: -43.499 axialRotation: -93.6453 zShift: 5.98934 energy: -13.8644
MCReject   xShift: 6.72479 crossingAngle: -43.499 axialRotation: -93.3671 zShift: 5.98934 energy: -14.6528
MCReject   xShift: 6.79695 crossingAngle: -43.6182 axialRotation: -93.3671 zShift: 5.98934 energy: -14.419
MCReject   xShift: 6.78149 crossingAngle: -43.499 axialRotation: -93.3671 zShift: 5.98934 energy: -14.3734
MCReject   xShift: 6.77926 crossingAngle: -43.499 axialRotation: -93.3671 zShift: 5.98934 energy: -13.9809
MCReject   xShift: 6.79695 crossingAngle: -43.499 axialRotation: -93.2927 zShift: 5.98934 energy: -14.3882
MCReject   xShift: 6.79695 crossingAngle: -43.499 axialRotation: -93.3671 zShift: 5.94347 energy: -13.8179
MCReject   xShift: 6.76755 crossingAngle: -43.499 axialRotation: -93.3671 zShift: 5.98934 energy: -13.5997
MCReject   xShift: 6.79695 crossingAngle: -43.499 axialRotation: -93.3671 zShift: 5.95708 energy: -13.9567
MCReject   xShift: 6.77457 crossingAngle: -43.499 axialRotation: -93.3671 zShift: 5.98934 energy: -14.4062
MCReject   xShift: 6.79695 crossingAngle: -43.499 axialRotation: -93.3671 zShift: 5.98746 energy: -14.264
MCReject   xShift: 6.79695 crossingAngle: -43.499 axialRotation: -93.3671 zShift: 6.01558 energy: -14.548
MCReject   xShift: 6.79695 crossingAngle: -43.499 axialRotation: -93.3671 zShift: 5.97008 energy: -14.0886
MCReject   xShift: 6.79695 crossingAngle: -43.499 axialRotation: -93.3671 zShift: 5.97881 energy: -13.771
MCReject   xShift: 6.74773 crossingAngle: -43.499 axialRotation: -93.3671 zShift: 5.98934 energy: -14.4849
MCReject   xShift: 6.79695 crossingAngle: -43.499 axialRotation: -93.3671 zShift: 5.95304 energy: -13.9156
MCReject   xShift: 6.79695 crossingAngle: -43.499 axialRotation: -93.3671 zShift: 5.99183 energy: -14.308
MCReject   xShift: 6.79695 crossingAngle: -43.499 axialRotation: -93.3671 zShift: 5.97733 energy: -14.1619
MCReject   xShift: 6.79695 crossingAngle: -43.499 axialRotation: -93.4073 zShift: 5.98934 energy: -14.2247
MCReject   xShift: 6.79695 crossingAngle: -43.499 axialRotation: -93.2719 zShift: 5.98934 energy: -14.4171
MCReject   xShift: 6.79695 crossingAngle: -43.499 axialRotation: -93.3671 zShift: 5.97155 energy: -14.1035
MCReject   xShift: 6.80575 crossingAngle: -43.499 axialRotation: -93.3671 zShift: 5.98934 energy: -14.2208
MCReject   xShift: 6.79695 crossingAngle: -43.499 axialRotation: -93.3671 zShift: 6.01912 energy: -14.5836
MCReject   xShift: 6.79695 crossingAngle: -43.5968 axialRotation: -93.3671 zShift: 5.98934 energy: -14.396
MCReject   xShift: 6.79695 crossingAngle: -43.499 axialRotation: -93.3671 zShift: 5.98268 energy: -14.2159
MCReject   xShift: 6.79695 crossingAngle: -43.499 axialRotation: -93.388 zShift: 5.98934 energy: -14.2527
MCReject   xShift: 6.79695 crossingAngle: -43.5753 axialRotation: -93.3671 zShift: 5.98934 energy: -14.3722
MCReject   xShift: 6.79695 crossingAngle: -43.499 axialRotation: -93.3671 zShift: 6.00009 energy: -13.9821
MCReject   xShift: 6.79695 crossingAngle: -43.499 axialRotation: -93.2665 zShift: 5.98934 energy: -14.4247
MCReject   xShift: 6.79695 crossingAngle: -43.499 axialRotation: -93.3671 zShift: 5.97261 energy: -14.1142
MCReject   xShift: 6.79695 crossingAngle: -43.5973 axialRotation: -93.3671 zShift: 5.98934 energy: -14.3965
MCReject   xShift: 6.79695 crossingAngle: -43.499 axialRotation: -93.3671 zShift: 6.01086 energy: -14.5004
MCReject   xShift: 6.79695 crossingAngle: -43.5935 axialRotation: -93.3671 zShift: 5.98934 energy: -14.3924
MCReject   xShift: 6.79695 crossingAngle: -43.499 axialRotation: -93.2932 zShift: 5.98934 energy: -14.3875
MCReject   xShift: 6.79695 crossingAngle: -43.3737 axialRotation: -93.3671 zShift: 5.98934 energy: -14.1192
MCReject   xShift: 6.79695 crossingAngle: -43.499 axialRotation: -93.6964 zShift: 5.98934 energy: -13.3815
MCReject   xShift: 6.79695 crossingAngle: -43.6988 axialRotation: -93.3671 zShift: 5.98934 energy: -14.5
MCReject   xShift: 6.79695 crossingAngle: -43.522 axialRotation: -93.3671 zShift: 5.98934 energy: -14.3103
MCReject   xShift: 6.79695 crossingAngle: -43.3001 axialRotation: -93.3671 zShift: 5.98934 energy: -14.011
MCReject   xShift: 6.79695 crossingAngle: -43.4389 axialRotation: -93.3671 zShift: 5.98934 energy: -14.2075
MCReject   xShift: 6.79695 crossingAngle: -43.499 axialRotation: -93.3671 zShift: 5.99193 energy: -14.309
MCReject   xShift: 6.79695 crossingAngle: -43.499 axialRotation: -93.6095 zShift: 5.98934 energy: -13.9206
MCReject   xShift: 6.79695 crossingAngle: -43.499 axialRotation: -93.3671 zShift: 5.96682 energy: -14.0555
MCReject   xShift: 6.79695 crossingAngle: -43.6243 axialRotation: -93.3671 zShift: 5.98934 energy: -14.4254
MCReject   xShift: 6.79695 crossingAngle: -43.499 axialRotation: -93.3068 zShift: 5.98934 energy: -14.3685
MCReject   xShift: 6.79695 crossingAngle: -43.499 axialRotation: -93.4414 zShift: 5.98934 energy: -14.1747
MCReject   xShift: 6.79695 crossingAngle: -43.2881 axialRotation: -93.3671 zShift: 5.98934 energy: -13.58
MCReject   xShift: 6.79695 crossingAngle: -43.2698 axialRotation: -93.3671 zShift: 5.98934 energy: -13.9638
MCReject   xShift: 6.79695 crossingAngle: -43.499 axialRotation: -93.3671 zShift: 6.03032 energy: -14.6961
MCReject   xShift: 6.79695 crossingAngle: -43.499 axialRotation: -93.3671 zShift: 5.96263 energy: -14.013
MCReject   xShift: 6.79695 crossingAngle: -43.499 axialRotation: -93.3794 zShift: 5.98934 energy: -14.2651
MCReject   xShift: 6.82866 crossingAngle: -43.499 axialRotation: -93.3671 zShift: 5.98934 energy: -14.0251
MCReject   xShift: 6.79695 crossingAngle: -43.3003 axialRotation: -93.3671 zShift: 5.98934 energy: -13.5714
MCReject   xShift: 6.79695 crossingAngle: -43.499 axialRotation: -93.3671 zShift: 5.99466 energy: -14.3364
MCReject   xShift: 6.79695 crossingAngle: -43.1996 axialRotation: -93.3671 zShift: 5.98934 energy: -13.4332
MCReject   xShift: 6.79695 crossingAngle: -43.499 axialRotation: -93.4927 zShift: 5.98934 energy: -14.0988
MCReject   xShift: 6.83312 crossingAngle: -43.499 axialRotation: -93.3671 zShift: 5.98934 energy: -13.9814
MCReject   xShift: 6.79695 crossingAngle: -43.499 axialRotation: -93.1728 zShift: 5.98934 energy: -14.5521
MCReject   xShift: 6.79695 crossingAngle: -43.499 axialRotation: -93.3671 zShift: 5.9747 energy: -14.1353
MCReject   xShift: 6.79695 crossingAngle: -43.499 axialRotation: -93.4371 zShift: 5.98934 energy: -14.181
MCReject   xShift: 6.79695 crossingAngle: -43.499 axialRotation: -93.1636 zShift: 5.98934 energy: -14.5643
MCReject   xShift: 6.79695 crossingAngle: -43.2099 axialRotation: -93.3671 zShift: 5.98934 energy: -13.8654
MCReject   xShift: 6.80374 crossingAngle: -43.499 axialRotation: -93.3671 zShift: 5.98934 energy: -14.2356
MCReject   xShift: 6.79695 crossingAngle: -43.499 axialRotation: -93.3671 zShift: 5.98377 energy: -14.2268
MCReject   xShift: 6.79695 crossingAngle: -43.1492 axialRotation: -93.3671 zShift: 5.98934 energy: -13.3193
MCReject   xShift: 6.79695 crossingAngle: -43.499 axialRotation: -93.1797 zShift: 5.98934 energy: -14.5428
MCReject   xShift: 6.79695 crossingAngle: -43.499 axialRotation: -93.3671 zShift: 5.98056 energy: -14.1945
MCReject   xShift: 6.79695 crossingAngle: -43.499 axialRotation: -93.2328 zShift: 5.98934 energy: -14.471
MCReject   xShift: 6.79695 crossingAngle: -43.274 axialRotation: -93.3671 zShift: 5.98934 energy: -13.9704
MCReject   xShift: 6.82721 crossingAngle: -43.499 axialRotation: -93.3671 zShift: 5.98934 energy: -14.039
End Repack Cycles

***REPACK GEOMETRY***
xShift;        Before: 6.95572; After: 6.79695
crossingAngle; Before: -42.3656; After: -43.499
axialRotation; Before: -93.3671; After: -93.3671
zShift;        Before: 5.98025; After: 5.98934

axialRotationPrime; Before: 40.557; After: 40.6243
zShiftPrime;        Before: 5.08861; After: 5.0987

Energy;        Before: -6.86849; After: -14.2829

Completed all cycles. Accepted 168/403
Monte Carlo repack complete. Time: 88.8167min

