***STARTING GEOMETRY***
xShift;        Before: 6.85846; After: 6.85846
crossingAngle; Before: -44.0256; After: -44.0256
axialRotation; Before: -93.3512; After: -93.3512
zShift;        Before: 6.161; After: 6.161

axialRotationPrime; Before: 41.9135; After: 41.9135
zShiftPrime;        Before: 5.2897; After: 5.2897

Starting Repack Cycles
MCAccept 0 xShift: 6.85846 crossingAngle: -44.003 axialRotation: -93.3512 zShift: 6.161 energy: -20.3812
MCAccept 1 xShift: 6.85846 crossingAngle: -44.4597 axialRotation: -93.3512 zShift: 6.161 energy: -20.358
MCAccept 2 xShift: 6.85846 crossingAngle: -44.8377 axialRotation: -93.3512 zShift: 6.161 energy: -20.2837
MCAccept 3 xShift: 6.76099 crossingAngle: -44.8377 axialRotation: -93.3512 zShift: 6.161 energy: -21.2817
MCAccept 4 xShift: 6.82804 crossingAngle: -44.8377 axialRotation: -93.3512 zShift: 6.161 energy: -20.6326
MCReject   xShift: 6.82804 crossingAngle: -44.8377 axialRotation: -93.3512 zShift: 6.23426 energy: -20.3445
MCReject   xShift: 6.82804 crossingAngle: -44.8377 axialRotation: -93.3512 zShift: 6.25322 energy: -20.228
MCAccept 5 xShift: 6.82804 crossingAngle: -44.5204 axialRotation: -93.3512 zShift: 6.161 energy: -20.7064
MCAccept 6 xShift: 6.82804 crossingAngle: -44.5083 axialRotation: -93.3512 zShift: 6.161 energy: -20.7089
MCAccept 7 xShift: 6.78985 crossingAngle: -44.5083 axialRotation: -93.3512 zShift: 6.161 energy: -21.1362
MCAccept 8 xShift: 6.79789 crossingAngle: -44.5083 axialRotation: -93.3512 zShift: 6.161 energy: -21.058
MCAccept 9 xShift: 6.79789 crossingAngle: -44.1886 axialRotation: -93.3512 zShift: 6.161 energy: -21.1015
MCAccept 10 xShift: 6.79789 crossingAngle: -44.62 axialRotation: -93.3512 zShift: 6.161 energy: -21.0047
MCReject   xShift: 6.79789 crossingAngle: -44.62 axialRotation: -93.3512 zShift: 6.16526 energy: -20.6142
MCAccept 11 xShift: 6.79789 crossingAngle: -44.7831 axialRotation: -93.3512 zShift: 6.161 energy: -20.5422
MCAccept 12 xShift: 6.75362 crossingAngle: -44.7831 axialRotation: -93.3512 zShift: 6.161 energy: -21.3117
MCAccept 13 xShift: 6.7735 crossingAngle: -44.7831 axialRotation: -93.3512 zShift: 6.161 energy: -21.1472
MCAccept 14 xShift: 6.77309 crossingAngle: -44.7831 axialRotation: -93.3512 zShift: 6.161 energy: -21.151
MCAccept 15 xShift: 6.75999 crossingAngle: -44.7831 axialRotation: -93.3512 zShift: 6.161 energy: -21.2633
MCAccept 16 xShift: 6.75999 crossingAngle: -44.8608 axialRotation: -93.3512 zShift: 6.161 energy: -21.2307
MCReject   xShift: 6.82869 crossingAngle: -44.8608 axialRotation: -93.3512 zShift: 6.161 energy: -20.6223
MCAccept 17 xShift: 6.73225 crossingAngle: -44.8608 axialRotation: -93.3512 zShift: 6.161 energy: -21.489
MCAccept 18 xShift: 6.67856 crossingAngle: -44.8608 axialRotation: -93.3512 zShift: 6.161 energy: -22.848
MCAccept 19 xShift: 6.67856 crossingAngle: -45.1846 axialRotation: -93.3512 zShift: 6.161 energy: -22.9555
MCAccept 20 xShift: 6.67856 crossingAngle: -45.1113 axialRotation: -93.3512 zShift: 6.161 energy: -22.9511
MCReject   xShift: 6.67856 crossingAngle: -45.1113 axialRotation: -93.2394 zShift: 6.161 energy: -22.6137
MCAccept 21 xShift: 6.67673 crossingAngle: -45.1113 axialRotation: -93.3512 zShift: 6.161 energy: -22.9717
MCAccept 22 xShift: 6.67673 crossingAngle: -45.3849 axialRotation: -93.3512 zShift: 6.161 energy: -22.9438
MCAccept 23 xShift: 6.67673 crossingAngle: -45.6467 axialRotation: -93.3512 zShift: 6.161 energy: -22.8395
MCAccept 24 xShift: 6.67673 crossingAngle: -45.4111 axialRotation: -93.3512 zShift: 6.161 energy: -22.9352
MCAccept 25 xShift: 6.67673 crossingAngle: -45.5247 axialRotation: -93.3512 zShift: 6.161 energy: -22.8952
MCAccept 26 xShift: 6.67673 crossingAngle: -45.6148 axialRotation: -93.3512 zShift: 6.161 energy: -22.8556
MCAccept 27 xShift: 6.67673 crossingAngle: -45.533 axialRotation: -93.3512 zShift: 6.161 energy: -22.892
MCAccept 28 xShift: 6.78869 crossingAngle: -45.533 axialRotation: -93.3512 zShift: 6.161 energy: -21.0091
MCAccept 29 xShift: 6.78869 crossingAngle: -45.3455 axialRotation: -93.3512 zShift: 6.161 energy: -21.0089
MCAccept 30 xShift: 6.8337 crossingAngle: -45.3455 axialRotation: -93.3512 zShift: 6.161 energy: -20.5563
MCReject   xShift: 6.95598 crossingAngle: -45.3455 axialRotation: -93.3512 zShift: 6.161 energy: -18.441
MCAccept 31 xShift: 6.8337 crossingAngle: -45.4686 axialRotation: -93.3512 zShift: 6.161 energy: -20.5371
MCAccept 32 xShift: 6.8337 crossingAngle: -46.0868 axialRotation: -93.3512 zShift: 6.161 energy: -20.2803
MCAccept 33 xShift: 6.8337 crossingAngle: -46.1885 axialRotation: -93.3512 zShift: 6.161 energy: -20.2177
MCAccept 34 xShift: 6.7866 crossingAngle: -46.1885 axialRotation: -93.3512 zShift: 6.161 energy: -20.747
MCReject   xShift: 6.8908 crossingAngle: -46.1885 axialRotation: -93.3512 zShift: 6.161 energy: -19.3152
MCReject   xShift: 6.7866 crossingAngle: -46.667 axialRotation: -93.3512 zShift: 6.161 energy: -20.3979
MCAccept 35 xShift: 6.81916 crossingAngle: -46.1885 axialRotation: -93.3512 zShift: 6.161 energy: -20.4031
MCAccept 36 xShift: 6.81916 crossingAngle: -46.2012 axialRotation: -93.3512 zShift: 6.161 energy: -20.3951
MCAccept 37 xShift: 6.81916 crossingAngle: -45.8137 axialRotation: -93.3512 zShift: 6.161 energy: -20.6034
MCReject   xShift: 6.81916 crossingAngle: -45.8409 axialRotation: -93.3512 zShift: 6.161 energy: -20.5915
MCAccept 38 xShift: 6.7797 crossingAngle: -45.8137 axialRotation: -93.3512 zShift: 6.161 energy: -20.9938
MCAccept 39 xShift: 6.7797 crossingAngle: -45.7554 axialRotation: -93.3512 zShift: 6.161 energy: -20.6223
MCAccept 40 xShift: 6.82405 crossingAngle: -45.7554 axialRotation: -93.3512 zShift: 6.161 energy: -20.5689
MCAccept 41 xShift: 6.8615 crossingAngle: -45.7554 axialRotation: -93.3512 zShift: 6.161 energy: -20.053
MCAccept 42 xShift: 6.79216 crossingAngle: -45.7554 axialRotation: -93.3512 zShift: 6.161 energy: -20.9086
MCAccept 43 xShift: 6.79216 crossingAngle: -45.5836 axialRotation: -93.3512 zShift: 6.161 energy: -20.5632
MCAccept 44 xShift: 6.79216 crossingAngle: -45.3411 axialRotation: -93.3512 zShift: 6.161 energy: -20.621
MCAccept 45 xShift: 6.79216 crossingAngle: -44.8224 axialRotation: -93.3512 zShift: 6.161 energy: -20.9815
MCReject   xShift: 6.9153 crossingAngle: -44.8224 axialRotation: -93.3512 zShift: 6.161 energy: -19.385
MCAccept 46 xShift: 6.79216 crossingAngle: -45.227 axialRotation: -93.3512 zShift: 6.161 energy: -21.0231
MCAccept 47 xShift: 6.79216 crossingAngle: -44.8307 axialRotation: -93.3512 zShift: 6.161 energy: -20.9801
MCReject   xShift: 6.92365 crossingAngle: -44.8307 axialRotation: -93.3512 zShift: 6.161 energy: -19.2174
MCAccept 48 xShift: 6.79216 crossingAngle: -45.1034 axialRotation: -93.3512 zShift: 6.161 energy: -21.0202
MCAccept 49 xShift: 6.81244 crossingAngle: -45.1034 axialRotation: -93.3512 zShift: 6.161 energy: -20.8215
MCAccept 50 xShift: 6.89258 crossingAngle: -45.1034 axialRotation: -93.3512 zShift: 6.161 energy: -19.7303
MCAccept 51 xShift: 6.89258 crossingAngle: -45.1709 axialRotation: -93.3512 zShift: 6.161 energy: -19.7211
MCAccept 52 xShift: 6.89258 crossingAngle: -45.3571 axialRotation: -93.3512 zShift: 6.161 energy: -19.686
MCAccept 53 xShift: 6.85782 crossingAngle: -45.3571 axialRotation: -93.3512 zShift: 6.161 energy: -20.2072
MCAccept 54 xShift: 6.85782 crossingAngle: -45.2749 axialRotation: -93.3512 zShift: 6.161 energy: -20.2462
MCAccept 55 xShift: 6.86215 crossingAngle: -45.2749 axialRotation: -93.3512 zShift: 6.161 energy: -20.1579
MCAccept 56 xShift: 6.86215 crossingAngle: -45.5423 axialRotation: -93.3512 zShift: 6.161 energy: -20.1248
MCReject   xShift: 6.93665 crossingAngle: -45.5423 axialRotation: -93.3512 zShift: 6.161 energy: -18.7721
MCAccept 57 xShift: 6.84085 crossingAngle: -45.5423 axialRotation: -93.3512 zShift: 6.161 energy: -20.4271
MCAccept 58 xShift: 6.84085 crossingAngle: -45.6014 axialRotation: -93.3512 zShift: 6.161 energy: -20.4095
MCAccept 59 xShift: 6.84085 crossingAngle: -45.6089 axialRotation: -93.3512 zShift: 6.161 energy: -20.407
MCAccept 60 xShift: 6.84085 crossingAngle: -45.9015 axialRotation: -93.3512 zShift: 6.161 energy: -20.2849
MCAccept 61 xShift: 6.88403 crossingAngle: -45.9015 axialRotation: -93.3512 zShift: 6.161 energy: -19.6109
MCAccept 62 xShift: 6.84153 crossingAngle: -45.9015 axialRotation: -93.3512 zShift: 6.161 energy: -20.2754
MCAccept 63 xShift: 6.76111 crossingAngle: -45.9015 axialRotation: -93.3512 zShift: 6.161 energy: -21.0893
MCAccept 64 xShift: 6.76111 crossingAngle: -46.1968 axialRotation: -93.3512 zShift: 6.161 energy: -20.9372
MCAccept 65 xShift: 6.76111 crossingAngle: -45.8241 axialRotation: -93.3512 zShift: 6.161 energy: -21.1191
MCAccept 66 xShift: 6.72552 crossingAngle: -45.8241 axialRotation: -93.3512 zShift: 6.161 energy: -21.6426
MCAccept 67 xShift: 6.66374 crossingAngle: -45.8241 axialRotation: -93.3512 zShift: 6.161 energy: -22.4852
MCAccept 68 xShift: 6.66374 crossingAngle: -45.6972 axialRotation: -93.3512 zShift: 6.161 energy: -22.9441
MCAccept 69 xShift: 6.66374 crossingAngle: -45.5587 axialRotation: -93.3512 zShift: 6.161 energy: -23.0128
MCReject   xShift: 6.72695 crossingAngle: -45.5587 axialRotation: -93.3512 zShift: 6.161 energy: -21.3712
MCReject   xShift: 6.66374 crossingAngle: -45.5587 axialRotation: -93.3512 zShift: 6.05941 energy: -22.5452
MCAccept 70 xShift: 6.66374 crossingAngle: -45.3374 axialRotation: -93.3512 zShift: 6.161 energy: -23.0872
MCAccept 71 xShift: 6.66374 crossingAngle: -45.0362 axialRotation: -93.3512 zShift: 6.161 energy: -23.0771
MCReject   xShift: 6.72774 crossingAngle: -45.0362 axialRotation: -93.3512 zShift: 6.161 energy: -21.828
MCAccept 72 xShift: 6.66374 crossingAngle: -45.2754 axialRotation: -93.3512 zShift: 6.161 energy: -23.0983
MCReject   xShift: 6.66374 crossingAngle: -45.2754 axialRotation: -93.3512 zShift: 6.18201 energy: -22.7138
MCReject   xShift: 6.66321 crossingAngle: -45.2754 axialRotation: -93.3512 zShift: 6.161 energy: -22.7331
MCReject   xShift: 6.66374 crossingAngle: -45.2754 axialRotation: -93.3512 zShift: 6.27329 energy: -22.5865
MCReject   xShift: 6.66374 crossingAngle: -45.2754 axialRotation: -93.3512 zShift: 6.17763 energy: -23.0932
MCReject   xShift: 6.66374 crossingAngle: -44.951 axialRotation: -93.3512 zShift: 6.161 energy: -23.0397
MCReject   xShift: 6.66374 crossingAngle: -45.2754 axialRotation: -93.585 zShift: 6.161 energy: -22.554
MCAccept 73 xShift: 6.66374 crossingAngle: -45.2521 axialRotation: -93.3512 zShift: 6.161 energy: -23.1009
MCAccept 74 xShift: 6.66374 crossingAngle: -45.1858 axialRotation: -93.3512 zShift: 6.161 energy: -23.1032
MCAccept 75 xShift: 6.66374 crossingAngle: -45.464 axialRotation: -93.3512 zShift: 6.161 energy: -23.0474
MCAccept 76 xShift: 6.66374 crossingAngle: -45.5198 axialRotation: -93.3512 zShift: 6.161 energy: -23.0282
MCReject   xShift: 6.66374 crossingAngle: -45.7732 axialRotation: -93.3512 zShift: 6.161 energy: -22.898
MCAccept 77 xShift: 6.66374 crossingAngle: -45.6711 axialRotation: -93.3512 zShift: 6.161 energy: -22.9586
MCReject   xShift: 6.66374 crossingAngle: -45.8522 axialRotation: -93.3512 zShift: 6.161 energy: -22.4276
MCAccept 78 xShift: 6.66374 crossingAngle: -45.5063 axialRotation: -93.3512 zShift: 6.161 energy: -23.0331
MCReject   xShift: 6.68429 crossingAngle: -45.5063 axialRotation: -93.3512 zShift: 6.161 energy: -22.8071
MCReject   xShift: 6.66374 crossingAngle: -45.5063 axialRotation: -93.2398 zShift: 6.161 energy: -22.6503
MCAccept 79 xShift: 6.66374 crossingAngle: -45.1148 axialRotation: -93.3512 zShift: 6.161 energy: -23.0966
MCReject   xShift: 6.66374 crossingAngle: -45.1148 axialRotation: -93.3512 zShift: 6.13313 energy: -22.7399
MCReject   xShift: 6.66374 crossingAngle: -45.1148 axialRotation: -93.3512 zShift: 6.23645 energy: -22.7519
MCAccept 80 xShift: 6.66374 crossingAngle: -44.8961 axialRotation: -93.3512 zShift: 6.161 energy: -23.0056
MCReject   xShift: 6.66374 crossingAngle: -44.8961 axialRotation: -93.3512 zShift: 6.25483 energy: -22.5133
MCAccept 81 xShift: 6.66374 crossingAngle: -44.9036 axialRotation: -93.3512 zShift: 6.161 energy: -23.0108
MCReject   xShift: 6.66374 crossingAngle: -44.9036 axialRotation: -92.6706 zShift: 6.161 energy: -22.7414
MCAccept 82 xShift: 6.67573 crossingAngle: -44.9036 axialRotation: -93.3512 zShift: 6.161 energy: -22.8264
MCAccept 83 xShift: 6.67573 crossingAngle: -44.8859 axialRotation: -93.3512 zShift: 6.161 energy: -22.8263
MCAccept 84 xShift: 6.66484 crossingAngle: -44.8859 axialRotation: -93.3512 zShift: 6.161 energy: -22.9236
MCReject   xShift: 6.66484 crossingAngle: -44.8859 axialRotation: -93.6243 zShift: 6.161 energy: -22.061
MCReject   xShift: 6.66567 crossingAngle: -44.8859 axialRotation: -93.3512 zShift: 6.161 energy: -22.6161
MCReject   xShift: 6.71225 crossingAngle: -44.8859 axialRotation: -93.3512 zShift: 6.161 energy: -22.3205
MCReject   xShift: 6.62938 crossingAngle: -44.8859 axialRotation: -93.3512 zShift: 6.161 energy: -22.756
MCReject   xShift: 6.66484 crossingAngle: -44.8859 axialRotation: -93.3512 zShift: 6.19982 energy: -22.8332
MCReject   xShift: 6.66484 crossingAngle: -44.8859 axialRotation: -93.7842 zShift: 6.161 energy: -22.2138
MCReject   xShift: 6.66484 crossingAngle: -44.8859 axialRotation: -93.3512 zShift: 6.23214 energy: -22.6684
MCReject   xShift: 6.66484 crossingAngle: -44.8859 axialRotation: -93.1905 zShift: 6.161 energy: -22.7805
MCReject   xShift: 6.68928 crossingAngle: -44.8859 axialRotation: -93.3512 zShift: 6.161 energy: -22.7346
MCReject   xShift: 6.66484 crossingAngle: -45.1086 axialRotation: -93.3512 zShift: 6.161 energy: -22.7169
MCAccept 85 xShift: 6.66484 crossingAngle: -44.9083 axialRotation: -93.3512 zShift: 6.161 energy: -23.0052
MCReject   xShift: 6.66484 crossingAngle: -44.9083 axialRotation: -93.5606 zShift: 6.161 energy: -22.2838
MCReject   xShift: 6.66484 crossingAngle: -44.8456 axialRotation: -93.3512 zShift: 6.161 energy: -22.9582
MCReject   xShift: 6.66484 crossingAngle: -44.8204 axialRotation: -93.3512 zShift: 6.161 energy: -22.924
MCReject   xShift: 6.68188 crossingAngle: -44.9083 axialRotation: -93.3512 zShift: 6.161 energy: -22.842
MCReject   xShift: 6.68788 crossingAngle: -44.9083 axialRotation: -93.3512 zShift: 6.161 energy: -22.7666
MCReject   xShift: 6.69568 crossingAngle: -44.9083 axialRotation: -93.3512 zShift: 6.161 energy: -22.6526
MCAccept 86 xShift: 6.66484 crossingAngle: -45.1005 axialRotation: -93.3512 zShift: 6.161 energy: -23.0845
MCReject   xShift: 6.66484 crossingAngle: -45.1005 axialRotation: -93.5076 zShift: 6.161 energy: -22.94
MCReject   xShift: 6.66484 crossingAngle: -45.3339 axialRotation: -93.3512 zShift: 6.161 energy: -23.0779
MCReject   xShift: 6.66484 crossingAngle: -45.1005 axialRotation: -93.3512 zShift: 6.18125 energy: -23.0366
MCReject   xShift: 6.66484 crossingAngle: -45.1005 axialRotation: -93.3932 zShift: 6.161 energy: -23.054
MCReject   xShift: 6.66484 crossingAngle: -45.1005 axialRotation: -93.4441 zShift: 6.161 energy: -22.632
MCReject   xShift: 6.68522 crossingAngle: -45.1005 axialRotation: -93.3512 zShift: 6.161 energy: -22.4577
MCReject   xShift: 6.66484 crossingAngle: -45.0405 axialRotation: -93.3512 zShift: 6.161 energy: -22.7007
MCReject   xShift: 6.66484 crossingAngle: -45.1005 axialRotation: -93.3512 zShift: 6.23675 energy: -22.7412
MCReject   xShift: 6.66484 crossingAngle: -45.1005 axialRotation: -93.6085 zShift: 6.161 energy: -22.8007
MCReject   xShift: 6.66484 crossingAngle: -45.1005 axialRotation: -93.4078 zShift: 6.161 energy: -23.042
MCReject   xShift: 6.66484 crossingAngle: -45.1005 axialRotation: -93.4215 zShift: 6.161 energy: -22.6551
MCReject   xShift: 6.66484 crossingAngle: -45.0076 axialRotation: -93.3512 zShift: 6.161 energy: -23.0574
MCReject   xShift: 6.66484 crossingAngle: -45.1155 axialRotation: -93.3512 zShift: 6.161 energy: -22.718
MCReject   xShift: 6.66484 crossingAngle: -45.1005 axialRotation: -93.3868 zShift: 6.161 energy: -22.8578
MCReject   xShift: 6.66484 crossingAngle: -44.824 axialRotation: -93.3512 zShift: 6.161 energy: -22.9391
MCReject   xShift: 6.66484 crossingAngle: -45.1005 axialRotation: -93.1122 zShift: 6.161 energy: -23.1471
MCReject   xShift: 6.66484 crossingAngle: -45.0842 axialRotation: -93.3512 zShift: 6.161 energy: -22.7122
MCReject   xShift: 6.66484 crossingAngle: -45.1005 axialRotation: -93.3512 zShift: 6.22279 energy: -22.8121
MCReject   xShift: 6.66484 crossingAngle: -44.7918 axialRotation: -93.3512 zShift: 6.161 energy: -22.5196
MCReject   xShift: 6.66484 crossingAngle: -45.1005 axialRotation: -93.3512 zShift: 6.07901 energy: -22.9545
MCReject   xShift: 6.60566 crossingAngle: -45.1005 axialRotation: -93.3512 zShift: 6.161 energy: -22.9138
MCReject   xShift: 6.67067 crossingAngle: -45.1005 axialRotation: -93.3512 zShift: 6.161 energy: -23.0326
MCReject   xShift: 6.66484 crossingAngle: -45.1005 axialRotation: -93.4323 zShift: 6.161 energy: -23.0201
MCReject   xShift: 6.66484 crossingAngle: -45.1005 axialRotation: -93.0763 zShift: 6.161 energy: -23.1401
MCReject   xShift: 6.66484 crossingAngle: -45.1849 axialRotation: -93.3512 zShift: 6.161 energy: -23.0933
MCReject   xShift: 6.66484 crossingAngle: -45.1005 axialRotation: -93.2418 zShift: 6.161 energy: -22.7364
MCReject   xShift: 6.66484 crossingAngle: -45.1005 axialRotation: -92.8825 zShift: 6.161 energy: -23.022
MCReject   xShift: 6.66484 crossingAngle: -45.1735 axialRotation: -93.3512 zShift: 6.161 energy: -23.093
MCReject   xShift: 6.68913 crossingAngle: -45.1005 axialRotation: -93.3512 zShift: 6.161 energy: -22.0331
MCReject   xShift: 6.66484 crossingAngle: -45.1005 axialRotation: -93.3512 zShift: 6.2412 energy: -22.7185
MCReject   xShift: 6.66484 crossingAngle: -45.1005 axialRotation: -93.3285 zShift: 6.161 energy: -23.0985
MCReject   xShift: 6.66484 crossingAngle: -45.1005 axialRotation: -93.3512 zShift: 6.18624 energy: -22.8774
MCReject   xShift: 6.66484 crossingAngle: -45.1005 axialRotation: -93.3512 zShift: 6.26895 energy: -22.53
MCReject   xShift: 6.65394 crossingAngle: -45.1005 axialRotation: -93.3512 zShift: 6.161 energy: -23.187
MCReject   xShift: 6.66484 crossingAngle: -45.1005 axialRotation: -93.1358 zShift: 6.161 energy: -23.1494
MCReject   xShift: 6.66484 crossingAngle: -45.1005 axialRotation: -93.3512 zShift: 6.16583 energy: -22.6675
MCReject   xShift: 6.70881 crossingAngle: -45.1005 axialRotation: -93.3512 zShift: 6.161 energy: -22.4596
MCReject   xShift: 6.66484 crossingAngle: -44.8787 axialRotation: -93.3512 zShift: 6.161 energy: -22.9219
MCReject   xShift: 6.66484 crossingAngle: -45.1005 axialRotation: -92.9318 zShift: 6.161 energy: -23.0513
MCReject   xShift: 6.63228 crossingAngle: -45.1005 axialRotation: -93.3512 zShift: 6.161 energy: -23.1164
MCReject   xShift: 6.66484 crossingAngle: -45.1005 axialRotation: -93.1424 zShift: 6.161 energy: -23.1496
MCReject   xShift: 6.66484 crossingAngle: -45.1005 axialRotation: -93.4911 zShift: 6.161 energy: -22.9593
MCReject   xShift: 6.70306 crossingAngle: -45.1005 axialRotation: -93.3512 zShift: 6.161 energy: -22.5791
MCReject   xShift: 6.66484 crossingAngle: -45.1005 axialRotation: -93.132 zShift: 6.161 energy: -23.1491
MCReject   xShift: 6.66484 crossingAngle: -45.0284 axialRotation: -93.3512 zShift: 6.161 energy: -23.0652
MCReject   xShift: 6.66484 crossingAngle: -45.1005 axialRotation: -93.3512 zShift: 6.21936 energy: -22.455
MCReject   xShift: 6.6682 crossingAngle: -45.1005 axialRotation: -93.3512 zShift: 6.161 energy: -23.0556
MCReject   xShift: 6.66484 crossingAngle: -45.1005 axialRotation: -93.3496 zShift: 6.161 energy: -23.0855
MCReject   xShift: 6.69259 crossingAngle: -45.1005 axialRotation: -93.3512 zShift: 6.161 energy: -22.1565
MCReject   xShift: 6.74949 crossingAngle: -45.1005 axialRotation: -93.3512 zShift: 6.161 energy: -21.4238
MCReject   xShift: 6.66484 crossingAngle: -45.1283 axialRotation: -93.3512 zShift: 6.161 energy: -23.089
MCReject   xShift: 6.66484 crossingAngle: -45.1005 axialRotation: -93.7825 zShift: 6.161 energy: -22.2668
MCReject   xShift: 6.66484 crossingAngle: -45.1005 axialRotation: -93.3512 zShift: 6.15729 energy: -22.7212
MCReject   xShift: 6.66484 crossingAngle: -45.1005 axialRotation: -93.3512 zShift: 6.09193 energy: -23.0118
MCReject   xShift: 6.66484 crossingAngle: -45.1005 axialRotation: -93.3512 zShift: 6.234 energy: -22.3694
MCReject   xShift: 6.66484 crossingAngle: -45.2663 axialRotation: -93.3512 zShift: 6.161 energy: -22.6792
MCReject   xShift: 6.66484 crossingAngle: -44.8919 axialRotation: -93.3512 zShift: 6.161 energy: -22.994
MCReject   xShift: 6.64932 crossingAngle: -45.1005 axialRotation: -93.3512 zShift: 6.161 energy: -23.2253
MCReject   xShift: 6.6955 crossingAngle: -45.1005 axialRotation: -93.3512 zShift: 6.161 energy: -22.3435
MCReject   xShift: 6.66484 crossingAngle: -45.1005 axialRotation: -93.3512 zShift: 6.11724 energy: -23.088
MCReject   xShift: 6.66484 crossingAngle: -45.1005 axialRotation: -93.3562 zShift: 6.161 energy: -23.0811
MCReject   xShift: 6.66484 crossingAngle: -45.0261 axialRotation: -93.3512 zShift: 6.161 energy: -23.0644
MCReject   xShift: 6.66484 crossingAngle: -45.1005 axialRotation: -93.3026 zShift: 6.161 energy: -22.7075
MCReject   xShift: 6.66484 crossingAngle: -45.1005 axialRotation: -93.3227 zShift: 6.161 energy: -23.1018
MCReject   xShift: 6.66484 crossingAngle: -45.1005 axialRotation: -92.9333 zShift: 6.161 energy: -23.0637
MCReject   xShift: 6.66484 crossingAngle: -45.1371 axialRotation: -93.3512 zShift: 6.161 energy: -23.0901
MCReject   xShift: 6.66484 crossingAngle: -45.1005 axialRotation: -93.4124 zShift: 6.161 energy: -22.6638
MCReject   xShift: 6.66484 crossingAngle: -45.1005 axialRotation: -93.4892 zShift: 6.161 energy: -22.9615
MCReject   xShift: 6.66484 crossingAngle: -45.1005 axialRotation: -93.3512 zShift: 6.09939 energy: -23.0402
MCReject   xShift: 6.66484 crossingAngle: -45.1005 axialRotation: -93.4538 zShift: 6.161 energy: -22.7989
MCReject   xShift: 6.66484 crossingAngle: -45.1005 axialRotation: -93.6264 zShift: 6.161 energy: -22.7721
MCReject   xShift: 6.63236 crossingAngle: -45.1005 axialRotation: -93.3512 zShift: 6.161 energy: -23.1183
MCReject   xShift: 6.66484 crossingAngle: -45.1005 axialRotation: -93.0585 zShift: 6.161 energy: -22.7909
MCReject   xShift: 6.67399 crossingAngle: -45.1005 axialRotation: -93.3512 zShift: 6.161 energy: -22.9996
MCReject   xShift: 6.66484 crossingAngle: -45.1277 axialRotation: -93.3512 zShift: 6.161 energy: -23.0889
MCReject   xShift: 6.63726 crossingAngle: -45.1005 axialRotation: -93.3512 zShift: 6.161 energy: -23.3054
MCReject   xShift: 6.66018 crossingAngle: -45.1005 axialRotation: -93.3512 zShift: 6.161 energy: -22.757
MCReject   xShift: 6.71569 crossingAngle: -45.1005 axialRotation: -93.3512 zShift: 6.161 energy: -22.2906
MCReject   xShift: 6.66484 crossingAngle: -45.1005 axialRotation: -93.298 zShift: 6.161 energy: -22.7101
MCReject   xShift: 6.66484 crossingAngle: -45.1005 axialRotation: -93.7311 zShift: 6.161 energy: -22.3403
MCReject   xShift: 6.66484 crossingAngle: -45.2217 axialRotation: -93.3512 zShift: 6.161 energy: -23.093
MCReject   xShift: 6.58752 crossingAngle: -45.1005 axialRotation: -93.3512 zShift: 6.161 energy: -23.3338
MCReject   xShift: 6.66484 crossingAngle: -45.0602 axialRotation: -93.3512 zShift: 6.161 energy: -22.8949
MCReject   xShift: 6.66484 crossingAngle: -45.1005 axialRotation: -93.4007 zShift: 6.161 energy: -23.0479
MCReject   xShift: 6.66484 crossingAngle: -45.1005 axialRotation: -92.9477 zShift: 6.161 energy: -23.0576
MCReject   xShift: 6.66484 crossingAngle: -45.1005 axialRotation: -93.2647 zShift: 6.161 energy: -22.7671
MCReject   xShift: 6.66268 crossingAngle: -45.1005 axialRotation: -93.3512 zShift: 6.161 energy: -23.1038
MCReject   xShift: 6.68298 crossingAngle: -45.1005 axialRotation: -93.3512 zShift: 6.161 energy: -22.6996
MCReject   xShift: 6.66484 crossingAngle: -45.1005 axialRotation: -93.3512 zShift: 6.22887 energy: -22.7766
MCReject   xShift: 6.66484 crossingAngle: -45.1005 axialRotation: -93.348 zShift: 6.161 energy: -22.8839
MCReject   xShift: 6.66484 crossingAngle: -45.0962 axialRotation: -93.3512 zShift: 6.161 energy: -23.0836
MCReject   xShift: 6.66484 crossingAngle: -45.1005 axialRotation: -93.3512 zShift: 6.19889 energy: -22.9577
MCReject   xShift: 6.66484 crossingAngle: -45.1005 axialRotation: -93.5054 zShift: 6.161 energy: -22.5607
MCReject   xShift: 6.63947 crossingAngle: -45.1005 axialRotation: -93.3512 zShift: 6.161 energy: -23.2929
MCReject   xShift: 6.66484 crossingAngle: -45.0742 axialRotation: -93.3512 zShift: 6.161 energy: -23.0788
MCReject   xShift: 6.66484 crossingAngle: -45.0018 axialRotation: -93.3512 zShift: 6.161 energy: -22.9079
MCReject   xShift: 6.60367 crossingAngle: -45.1005 axialRotation: -93.3512 zShift: 6.161 energy: -22.9077
MCReject   xShift: 6.66484 crossingAngle: -45.1005 axialRotation: -93.0187 zShift: 6.161 energy: -23.119
MCReject   xShift: 6.66484 crossingAngle: -44.9267 axialRotation: -93.3512 zShift: 6.161 energy: -23.0168
MCReject   xShift: 6.66484 crossingAngle: -45.1005 axialRotation: -93.4946 zShift: 6.161 energy: -22.7561
MCReject   xShift: 6.66484 crossingAngle: -45.1005 axialRotation: -93.2226 zShift: 6.161 energy: -23.1415
MCReject   xShift: 6.66484 crossingAngle: -44.9895 axialRotation: -93.3512 zShift: 6.161 energy: -23.0498
MCReject   xShift: 6.66918 crossingAngle: -45.1005 axialRotation: -93.3512 zShift: 6.161 energy: -23.0467
MCReject   xShift: 6.69323 crossingAngle: -45.1005 axialRotation: -93.3512 zShift: 6.161 energy: -22.7509
MCReject   xShift: 6.66484 crossingAngle: -45.1005 axialRotation: -93.3512 zShift: 6.13296 energy: -22.6871
MCReject   xShift: 6.66484 crossingAngle: -45.1211 axialRotation: -93.3512 zShift: 6.161 energy: -23.088
MCReject   xShift: 6.66484 crossingAngle: -45.2379 axialRotation: -93.3512 zShift: 6.161 energy: -23.0921
MCReject   xShift: 6.66484 crossingAngle: -45.1005 axialRotation: -93.3512 zShift: 6.16468 energy: -22.8867
MCReject   xShift: 6.66484 crossingAngle: -45.1005 axialRotation: -93.3512 zShift: 6.161 energy: -22.7155
MCReject   xShift: 6.66484 crossingAngle: -45.1005 axialRotation: -93.4393 zShift: 6.161 energy: -22.6371
MCReject   xShift: 6.66484 crossingAngle: -45.1005 axialRotation: -93.6141 zShift: 6.161 energy: -22.4008
MCReject   xShift: 6.66484 crossingAngle: -45.1005 axialRotation: -93.3512 zShift: 6.14115 energy: -23.1062
MCReject   xShift: 6.66484 crossingAngle: -45.1005 axialRotation: -93.3512 zShift: 6.14651 energy: -23.1028
MCReject   xShift: 6.66484 crossingAngle: -45.1005 axialRotation: -92.819 zShift: 6.161 energy: -22.9587
MCReject   xShift: 6.64494 crossingAngle: -45.1005 axialRotation: -93.3512 zShift: 6.161 energy: -23.2578
MCReject   xShift: 6.66484 crossingAngle: -45.1005 axialRotation: -93.3512 zShift: 6.16605 energy: -23.0767
MCReject   xShift: 6.66484 crossingAngle: -45.1112 axialRotation: -93.3512 zShift: 6.161 energy: -23.0864
MCReject   xShift: 6.66484 crossingAngle: -45.1005 axialRotation: -93.5219 zShift: 6.161 energy: -22.9226
MCReject   xShift: 6.66484 crossingAngle: -45.1005 axialRotation: -93.3512 zShift: 6.21582 energy: -22.8623
MCReject   xShift: 6.66484 crossingAngle: -45.1005 axialRotation: -93.2625 zShift: 6.161 energy: -23.1296
MCReject   xShift: 6.66484 crossingAngle: -45.1005 axialRotation: -93.3512 zShift: 6.20078 energy: -22.9487
MCReject   xShift: 6.66484 crossingAngle: -45.1005 axialRotation: -93.3512 zShift: 6.14816 energy: -22.8754
MCReject   xShift: 6.59016 crossingAngle: -45.1005 axialRotation: -93.3512 zShift: 6.161 energy: -23.3448
MCReject   xShift: 6.66484 crossingAngle: -45.1061 axialRotation: -93.3512 zShift: 6.161 energy: -23.0855
MCReject   xShift: 6.66484 crossingAngle: -45.0369 axialRotation: -93.3512 zShift: 6.161 energy: -23.068
MCReject   xShift: 6.66484 crossingAngle: -45.1005 axialRotation: -93.575 zShift: 6.161 energy: -22.8513
MCReject   xShift: 6.66484 crossingAngle: -45.1005 axialRotation: -93.542 zShift: 6.161 energy: -22.8968
MCReject   xShift: 6.66484 crossingAngle: -45.1005 axialRotation: -93.3512 zShift: 6.06262 energy: -22.445
MCReject   xShift: 6.6803 crossingAngle: -45.1005 axialRotation: -93.3512 zShift: 6.161 energy: -22.929
MCReject   xShift: 6.66484 crossingAngle: -45.1005 axialRotation: -93.0928 zShift: 6.161 energy: -23.1439
MCReject   xShift: 6.66484 crossingAngle: -45.1005 axialRotation: -93.2846 zShift: 6.161 energy: -23.1208
MCReject   xShift: 6.66484 crossingAngle: -45.2261 axialRotation: -93.3512 zShift: 6.161 energy: -22.6829
MCReject   xShift: 6.66484 crossingAngle: -45.1005 axialRotation: -93.3512 zShift: 6.03229 energy: -22.765
MCReject   xShift: 6.65253 crossingAngle: -45.1005 axialRotation: -93.3512 zShift: 6.161 energy: -22.8166
MCReject   xShift: 6.66484 crossingAngle: -45.1005 axialRotation: -93.3512 zShift: 6.26954 energy: -22.5276
MCReject   xShift: 6.66484 crossingAngle: -45.1005 axialRotation: -93.3512 zShift: 6.19287 energy: -22.9887
MCReject   xShift: 6.66484 crossingAngle: -45.1005 axialRotation: -93.3512 zShift: 6.11961 energy: -23.0922
MCReject   xShift: 6.68143 crossingAngle: -45.1005 axialRotation: -93.3512 zShift: 6.161 energy: -22.5457
MCReject   xShift: 6.66484 crossingAngle: -45.1005 axialRotation: -93.3512 zShift: 6.19402 energy: -22.9831
MCReject   xShift: 6.66484 crossingAngle: -45.1005 axialRotation: -93.3512 zShift: 6.17021 energy: -22.6977
MCReject   xShift: 6.66484 crossingAngle: -45.0642 axialRotation: -93.3512 zShift: 6.161 energy: -23.0762
MCReject   xShift: 6.66484 crossingAngle: -45.1005 axialRotation: -93.3512 zShift: 6.12063 energy: -22.6699
MCReject   xShift: 6.62694 crossingAngle: -45.1005 axialRotation: -93.3512 zShift: 6.161 energy: -23.3514
MCReject   xShift: 6.66484 crossingAngle: -45.1005 axialRotation: -93.3512 zShift: 6.17085 energy: -22.6564
MCReject   xShift: 6.66484 crossingAngle: -45.0126 axialRotation: -93.3512 zShift: 6.161 energy: -23.0593
MCReject   xShift: 6.6309 crossingAngle: -45.1005 axialRotation: -93.3512 zShift: 6.161 energy: -22.8741
MCReject   xShift: 6.64402 crossingAngle: -45.1005 axialRotation: -93.3512 zShift: 6.161 energy: -23.2641
MCReject   xShift: 6.66484 crossingAngle: -45.1607 axialRotation: -93.3512 zShift: 6.161 energy: -23.0922
MCReject   xShift: 6.66484 crossingAngle: -45.1005 axialRotation: -93.3512 zShift: 6.16425 energy: -22.8865
MCReject   xShift: 6.66484 crossingAngle: -45.1579 axialRotation: -93.3512 zShift: 6.161 energy: -23.092
MCReject   xShift: 6.66484 crossingAngle: -45.0956 axialRotation: -93.3512 zShift: 6.161 energy: -23.0835
MCReject   xShift: 6.66484 crossingAngle: -45.1005 axialRotation: -93.3512 zShift: 6.13788 energy: -23.1069
MCReject   xShift: 6.66484 crossingAngle: -45.1005 axialRotation: -93.3512 zShift: 6.14346 energy: -22.6903
MCReject   xShift: 6.66484 crossingAngle: -45.2442 axialRotation: -93.3512 zShift: 6.161 energy: -23.0916
MCReject   xShift: 6.66484 crossingAngle: -45.0126 axialRotation: -93.3512 zShift: 6.161 energy: -22.691
MCReject   xShift: 6.66484 crossingAngle: -45.1005 axialRotation: -93.3512 zShift: 6.1766 energy: -23.0515
MCReject   xShift: 6.67022 crossingAngle: -45.1005 axialRotation: -93.3512 zShift: 6.161 energy: -23.0369
MCReject   xShift: 6.66484 crossingAngle: -45.1005 axialRotation: -93.3512 zShift: 6.12557 energy: -23.1004
MCReject   xShift: 6.66484 crossingAngle: -45.1005 axialRotation: -93.3512 zShift: 6.09994 energy: -23.0421
MCReject   xShift: 6.66484 crossingAngle: -45.1005 axialRotation: -93.3512 zShift: 6.20685 energy: -22.5367
MCReject   xShift: 6.66484 crossingAngle: -45.1005 axialRotation: -93.3512 zShift: 6.07776 energy: -22.9506
MCReject   xShift: 6.66484 crossingAngle: -45.1005 axialRotation: -93.3512 zShift: 6.21827 energy: -22.8454
MCReject   xShift: 6.66484 crossingAngle: -44.9791 axialRotation: -93.3512 zShift: 6.161 energy: -22.6769
MCReject   xShift: 6.73275 crossingAngle: -45.1005 axialRotation: -93.3512 zShift: 6.161 energy: -21.5419
MCReject   xShift: 6.66484 crossingAngle: -45.1005 axialRotation: -93.3512 zShift: 6.23347 energy: -22.7566
MCReject   xShift: 6.66713 crossingAngle: -45.1005 axialRotation: -93.3512 zShift: 6.161 energy: -23.065
MCReject   xShift: 6.66484 crossingAngle: -45.1005 axialRotation: -93.3512 zShift: 6.11568 energy: -22.659
MCReject   xShift: 6.66484 crossingAngle: -45.1005 axialRotation: -93.3512 zShift: 6.19905 energy: -22.9568
MCReject   xShift: 6.64405 crossingAngle: -45.1005 axialRotation: -93.3512 zShift: 6.161 energy: -23.2639
MCReject   xShift: 6.71319 crossingAngle: -45.1005 axialRotation: -93.3512 zShift: 6.161 energy: -22.3559
MCReject   xShift: 6.66484 crossingAngle: -45.1005 axialRotation: -93.3512 zShift: 6.11373 energy: -23.0808
MCReject   xShift: 6.66484 crossingAngle: -44.957 axialRotation: -93.3512 zShift: 6.161 energy: -23.034
MCReject   xShift: 6.66484 crossingAngle: -44.9028 axialRotation: -93.3512 zShift: 6.161 energy: -23.0015
MCReject   xShift: 6.66484 crossingAngle: -45.1005 axialRotation: -92.9875 zShift: 6.161 energy: -23.1024
MCReject   xShift: 6.66484 crossingAngle: -45.052 axialRotation: -93.3512 zShift: 6.161 energy: -22.897
MCReject   xShift: 6.59895 crossingAngle: -45.1005 axialRotation: -93.3512 zShift: 6.161 energy: -23.3709
MCReject   xShift: 6.66484 crossingAngle: -45.1005 axialRotation: -93.3512 zShift: 6.23513 energy: -22.7489
MCReject   xShift: 6.66484 crossingAngle: -45.1005 axialRotation: -93.3537 zShift: 6.161 energy: -23.0828
MCReject   xShift: 6.66484 crossingAngle: -45.1005 axialRotation: -93.3324 zShift: 6.161 energy: -22.7288
MCReject   xShift: 6.66484 crossingAngle: -44.9295 axialRotation: -93.3512 zShift: 6.161 energy: -23.0186
MCReject   xShift: 6.66484 crossingAngle: -45.11 axialRotation: -93.3512 zShift: 6.161 energy: -23.0862
MCReject   xShift: 6.66484 crossingAngle: -44.9099 axialRotation: -93.3512 zShift: 6.161 energy: -23.0063
MCReject   xShift: 6.66484 crossingAngle: -44.9967 axialRotation: -93.3512 zShift: 6.161 energy: -22.9089
MCReject   xShift: 6.66484 crossingAngle: -45.2213 axialRotation: -93.3512 zShift: 6.161 energy: -23.093
MCReject   xShift: 6.66484 crossingAngle: -45.1005 axialRotation: -93.3106 zShift: 6.161 energy: -23.1084
MCReject   xShift: 6.60717 crossingAngle: -45.1005 axialRotation: -93.3512 zShift: 6.161 energy: -23.1567
MCReject   xShift: 6.66484 crossingAngle: -45.1005 axialRotation: -93.1523 zShift: 6.161 energy: -23.1498
MCReject   xShift: 6.66484 crossingAngle: -45.1005 axialRotation: -93.3512 zShift: 6.21397 energy: -22.4571
MCReject   xShift: 6.66484 crossingAngle: -45.1005 axialRotation: -93.6052 zShift: 6.161 energy: -22.4156
MCReject   xShift: 6.66484 crossingAngle: -45.1005 axialRotation: -93.2889 zShift: 6.161 energy: -23.1189
MCReject   xShift: 6.66484 crossingAngle: -45.1005 axialRotation: -93.3512 zShift: 6.0597 energy: -22.8804
MCReject   xShift: 6.66484 crossingAngle: -45.2154 axialRotation: -93.3512 zShift: 6.161 energy: -23.0932
MCReject   xShift: 6.66484 crossingAngle: -45.1005 axialRotation: -93.4837 zShift: 6.161 energy: -22.9677
MCReject   xShift: 6.6561 crossingAngle: -45.1005 axialRotation: -93.3512 zShift: 6.161 energy: -23.1676
MCReject   xShift: 6.66484 crossingAngle: -45.1005 axialRotation: -93.3512 zShift: 6.13385 energy: -23.1063
MCReject   xShift: 6.66484 crossingAngle: -45.1506 axialRotation: -93.3512 zShift: 6.161 energy: -23.0914
MCReject   xShift: 6.67013 crossingAngle: -45.1005 axialRotation: -93.3512 zShift: 6.161 energy: -23.0377
MCReject   xShift: 6.66484 crossingAngle: -45.1005 axialRotation: -93.3512 zShift: 6.0957 energy: -23.0268
MCReject   xShift: 6.66484 crossingAngle: -45.1005 axialRotation: -93.0956 zShift: 6.161 energy: -23.1444
End Repack Cycles

***REPACK GEOMETRY***
xShift;        Before: 6.85846; After: 6.66484
crossingAngle; Before: -44.0256; After: -45.1005
axialRotation; Before: -93.3512; After: -93.3512
zShift;        Before: 6.161; After: 6.161

axialRotationPrime; Before: 41.9135; After: 41.9135
zShiftPrime;        Before: 5.2897; After: 5.2897

Energy;        Before: -15.546; After: -23.0845

Completed all cycles. Accepted 169/413
Monte Carlo repack complete. Time: 94.9667min

