***STARTING GEOMETRY***
xShift;        Before: 6.74937; After: 6.74937
crossingAngle; Before: -41.622; After: -41.622
axialRotation; Before: -68.9875; After: -68.9875
zShift;        Before: 5.09545; After: 5.09545

axialRotationPrime; Before: 61.0913; After: 61.0913
zShiftPrime;        Before: 4.51182; After: 4.51182

Starting Repack Cycles
MCReject   xShift: 6.744 crossingAngle: -41.622 axialRotation: -68.9875 zShift: 5.09545 energy: -18.9833
MCReject   xShift: 6.69125 crossingAngle: -41.622 axialRotation: -68.9875 zShift: 5.09545 energy: -17.5405
MCAccept 0 xShift: 6.74937 crossingAngle: -41.622 axialRotation: -68.9875 zShift: 5.16454 energy: -19.0227
MCAccept 1 xShift: 6.74937 crossingAngle: -41.8408 axialRotation: -68.9875 zShift: 5.16454 energy: -19.3157
MCAccept 2 xShift: 6.74937 crossingAngle: -41.469 axialRotation: -68.9875 zShift: 5.16454 energy: -19.1906
MCAccept 3 xShift: 6.74937 crossingAngle: -41.469 axialRotation: -68.9875 zShift: 5.17045 energy: -19.1885
MCAccept 4 xShift: 6.74937 crossingAngle: -41.5573 axialRotation: -68.9875 zShift: 5.17045 energy: -18.7404
MCAccept 5 xShift: 6.74937 crossingAngle: -41.5573 axialRotation: -68.9875 zShift: 5.12012 energy: -19.1294
MCAccept 6 xShift: 6.74937 crossingAngle: -41.5573 axialRotation: -68.9875 zShift: 5.12965 energy: -19.1799
MCReject   xShift: 6.74937 crossingAngle: -41.5573 axialRotation: -69.1041 zShift: 5.12965 energy: -19.916
MCAccept 7 xShift: 6.66511 crossingAngle: -41.5573 axialRotation: -68.9875 zShift: 5.12965 energy: -16.094
MCReject   xShift: 6.62091 crossingAngle: -41.5573 axialRotation: -68.9875 zShift: 5.12965 energy: -13.0732
MCReject   xShift: 6.54729 crossingAngle: -41.5573 axialRotation: -68.9875 zShift: 5.12965 energy: -5.27722
MCAccept 8 xShift: 6.66511 crossingAngle: -41.5573 axialRotation: -68.9875 zShift: 5.11015 energy: -16.0365
MCAccept 9 xShift: 6.66511 crossingAngle: -41.5573 axialRotation: -68.9875 zShift: 4.99478 energy: -16.0712
MCAccept 10 xShift: 6.66511 crossingAngle: -42.0212 axialRotation: -68.9875 zShift: 4.99478 energy: -15.7634
MCAccept 11 xShift: 6.66511 crossingAngle: -42.0212 axialRotation: -68.9875 zShift: 4.90758 energy: -15.7425
MCAccept 12 xShift: 6.71294 crossingAngle: -42.0212 axialRotation: -68.9875 zShift: 4.90758 energy: -17.5173
MCAccept 13 xShift: 6.71294 crossingAngle: -42.3455 axialRotation: -68.9875 zShift: 4.90758 energy: -17.7099
MCAccept 14 xShift: 6.71294 crossingAngle: -42.3455 axialRotation: -68.9875 zShift: 4.92514 energy: -17.7502
MCReject   xShift: 6.67457 crossingAngle: -42.3455 axialRotation: -68.9875 zShift: 4.92514 energy: -14.9715
MCAccept 15 xShift: 6.71294 crossingAngle: -42.3455 axialRotation: -68.9875 zShift: 4.995 energy: -17.9052
MCAccept 16 xShift: 6.71294 crossingAngle: -42.7712 axialRotation: -68.9875 zShift: 4.995 energy: -17.9521
MCAccept 17 xShift: 6.71294 crossingAngle: -42.6645 axialRotation: -68.9875 zShift: 4.995 energy: -18.0083
MCAccept 18 xShift: 6.71294 crossingAngle: -42.6218 axialRotation: -68.9875 zShift: 4.995 energy: -18.0187
MCAccept 19 xShift: 6.71294 crossingAngle: -42.4749 axialRotation: -68.9875 zShift: 4.995 energy: -17.9989
MCAccept 20 xShift: 6.71294 crossingAngle: -42.4004 axialRotation: -68.9875 zShift: 4.995 energy: -17.8766
MCAccept 21 xShift: 6.71294 crossingAngle: -42.2192 axialRotation: -68.9875 zShift: 4.995 energy: -17.7388
MCReject   xShift: 6.63243 crossingAngle: -42.2192 axialRotation: -68.9875 zShift: 4.995 energy: -13.1
MCAccept 22 xShift: 6.77383 crossingAngle: -42.2192 axialRotation: -68.9875 zShift: 4.995 energy: -20.9876
MCAccept 23 xShift: 6.77383 crossingAngle: -42.2192 axialRotation: -68.9875 zShift: 4.98554 energy: -20.965
MCAccept 24 xShift: 6.69653 crossingAngle: -42.2192 axialRotation: -68.9875 zShift: 4.98554 energy: -16.5224
MCReject   xShift: 6.64466 crossingAngle: -42.2192 axialRotation: -68.9875 zShift: 4.98554 energy: -13.8572
MCReject   xShift: 6.69653 crossingAngle: -42.2192 axialRotation: -68.9698 zShift: 4.98554 energy: -16.4999
MCReject   xShift: 6.69653 crossingAngle: -42.2192 axialRotation: -68.9875 zShift: 4.95469 energy: -16.5317
MCReject   xShift: 6.69653 crossingAngle: -42.2192 axialRotation: -68.9875 zShift: 4.94828 energy: -16.5172
MCAccept 25 xShift: 6.69653 crossingAngle: -42.2291 axialRotation: -68.9875 zShift: 4.98554 energy: -16.5388
MCAccept 26 xShift: 6.69653 crossingAngle: -42.3137 axialRotation: -68.9875 zShift: 4.98554 energy: -16.7371
MCReject   xShift: 6.66217 crossingAngle: -42.3137 axialRotation: -68.9875 zShift: 4.98554 energy: -14.4271
MCAccept 27 xShift: 6.69653 crossingAngle: -42.3137 axialRotation: -68.9875 zShift: 4.96915 energy: -16.7017
MCAccept 28 xShift: 6.69653 crossingAngle: -42.577 axialRotation: -68.9875 zShift: 4.96915 energy: -16.8627
MCReject   xShift: 6.6652 crossingAngle: -42.577 axialRotation: -68.9875 zShift: 4.96915 energy: -14.3348
MCReject   xShift: 6.6621 crossingAngle: -42.577 axialRotation: -68.9875 zShift: 4.96915 energy: -14.1428
MCAccept 29 xShift: 6.69653 crossingAngle: -42.577 axialRotation: -68.9875 zShift: 4.95897 energy: -16.8423
MCAccept 30 xShift: 6.73618 crossingAngle: -42.577 axialRotation: -68.9875 zShift: 4.95897 energy: -19.3283
MCReject   xShift: 6.73618 crossingAngle: -42.577 axialRotation: -68.5885 zShift: 4.95897 energy: -18.6716
MCAccept 31 xShift: 6.71503 crossingAngle: -42.577 axialRotation: -68.9875 zShift: 4.95897 energy: -18.0808
MCAccept 32 xShift: 6.71503 crossingAngle: -42.7149 axialRotation: -68.9875 zShift: 4.95897 energy: -17.9737
MCAccept 33 xShift: 6.70739 crossingAngle: -42.7149 axialRotation: -68.9875 zShift: 4.95897 energy: -17.5554
MCAccept 34 xShift: 6.70739 crossingAngle: -42.7149 axialRotation: -68.9875 zShift: 4.9199 energy: -17.4777
MCAccept 35 xShift: 6.70739 crossingAngle: -42.7149 axialRotation: -68.9875 zShift: 4.99455 energy: -17.6238
MCAccept 36 xShift: 6.70739 crossingAngle: -42.7149 axialRotation: -68.9875 zShift: 4.93755 energy: -17.5131
MCAccept 37 xShift: 6.70739 crossingAngle: -42.7149 axialRotation: -68.9875 zShift: 4.99503 energy: -17.5486
MCAccept 38 xShift: 6.70739 crossingAngle: -42.7149 axialRotation: -68.9875 zShift: 5.06187 energy: -17.6702
MCReject   xShift: 6.61335 crossingAngle: -42.7149 axialRotation: -68.9875 zShift: 5.06187 energy: -9.19762
MCAccept 39 xShift: 6.70739 crossingAngle: -42.7149 axialRotation: -68.9875 zShift: 5.01308 energy: -17.6586
MCAccept 40 xShift: 6.72515 crossingAngle: -42.7149 axialRotation: -68.9875 zShift: 5.01308 energy: -18.7752
MCReject   xShift: 6.72515 crossingAngle: -42.7149 axialRotation: -68.9875 zShift: 5.02288 energy: -18.794
MCAccept 41 xShift: 6.72515 crossingAngle: -42.8881 axialRotation: -68.9875 zShift: 5.01308 energy: -18.633
MCAccept 42 xShift: 6.75985 crossingAngle: -42.8881 axialRotation: -68.9875 zShift: 5.01308 energy: -20.4811
MCAccept 43 xShift: 6.73073 crossingAngle: -42.8881 axialRotation: -68.9875 zShift: 5.01308 energy: -18.96
MCAccept 44 xShift: 6.73073 crossingAngle: -42.8881 axialRotation: -68.9875 zShift: 5.07237 energy: -18.9893
MCAccept 45 xShift: 6.73073 crossingAngle: -42.8881 axialRotation: -68.9875 zShift: 4.96255 energy: -18.8653
MCAccept 46 xShift: 6.86458 crossingAngle: -42.8881 axialRotation: -68.9875 zShift: 4.96255 energy: -23.6958
MCReject   xShift: 6.73008 crossingAngle: -42.8881 axialRotation: -68.9875 zShift: 4.96255 energy: -18.8275
MCAccept 47 xShift: 6.87544 crossingAngle: -42.8881 axialRotation: -68.9875 zShift: 4.96255 energy: -23.8995
MCAccept 48 xShift: 6.87544 crossingAngle: -43.0409 axialRotation: -68.9875 zShift: 4.96255 energy: -23.812
MCAccept 49 xShift: 6.82744 crossingAngle: -43.0409 axialRotation: -68.9875 zShift: 4.96255 energy: -22.7132
MCAccept 50 xShift: 6.83408 crossingAngle: -43.0409 axialRotation: -68.9875 zShift: 4.96255 energy: -22.8958
MCAccept 51 xShift: 6.83408 crossingAngle: -43.0409 axialRotation: -68.9875 zShift: 4.97719 energy: -22.928
MCReject   xShift: 6.83408 crossingAngle: -43.5498 axialRotation: -68.9875 zShift: 4.97719 energy: -21.6678
MCAccept 52 xShift: 6.83408 crossingAngle: -43.2696 axialRotation: -68.9875 zShift: 4.97719 energy: -22.5666
MCAccept 53 xShift: 6.83408 crossingAngle: -43.2696 axialRotation: -68.9875 zShift: 4.97952 energy: -22.0641
MCAccept 54 xShift: 6.83408 crossingAngle: -43.2696 axialRotation: -68.9875 zShift: 4.99651 energy: -22.6063
MCAccept 55 xShift: 6.83408 crossingAngle: -43.5375 axialRotation: -68.9875 zShift: 4.99651 energy: -22.0596
MCAccept 56 xShift: 6.83408 crossingAngle: -43.5375 axialRotation: -68.9875 zShift: 4.97434 energy: -22.0614
MCAccept 57 xShift: 6.83408 crossingAngle: -43.5375 axialRotation: -68.9875 zShift: 5.04698 energy: -22.1633
MCReject   xShift: 6.83408 crossingAngle: -43.5375 axialRotation: -68.9875 zShift: 5.04944 energy: -22.1307
MCReject   xShift: 6.83408 crossingAngle: -43.4101 axialRotation: -68.9875 zShift: 5.04698 energy: -22.4224
MCAccept 58 xShift: 6.83408 crossingAngle: -43.5375 axialRotation: -68.9875 zShift: 5.10336 energy: -22.1978
MCAccept 59 xShift: 6.83408 crossingAngle: -43.5375 axialRotation: -68.9875 zShift: 5.06554 energy: -22.1877
MCAccept 60 xShift: 6.84983 crossingAngle: -43.5375 axialRotation: -68.9875 zShift: 5.06554 energy: -22.5633
MCAccept 61 xShift: 6.92048 crossingAngle: -43.5375 axialRotation: -68.9875 zShift: 5.06554 energy: -23.8361
MCReject   xShift: 6.90888 crossingAngle: -43.5375 axialRotation: -68.9875 zShift: 5.06554 energy: -23.6405
MCAccept 62 xShift: 6.92048 crossingAngle: -43.5375 axialRotation: -68.9875 zShift: 5.03067 energy: -23.7184
MCAccept 63 xShift: 6.92048 crossingAngle: -43.4884 axialRotation: -68.9875 zShift: 5.03067 energy: -23.79
MCReject   xShift: 6.86029 crossingAngle: -43.4884 axialRotation: -68.9875 zShift: 5.03067 energy: -22.822
MCReject   xShift: 6.92048 crossingAngle: -43.4884 axialRotation: -68.9875 zShift: 5.12949 energy: -24.0735
MCAccept 64 xShift: 6.92048 crossingAngle: -43.4884 axialRotation: -68.9875 zShift: 4.97209 energy: -23.6728
MCReject   xShift: 6.80356 crossingAngle: -43.4884 axialRotation: -68.9875 zShift: 4.97209 energy: -20.8432
MCAccept 65 xShift: 6.92048 crossingAngle: -43.5545 axialRotation: -68.9875 zShift: 4.97209 energy: -23.6319
MCReject   xShift: 6.92048 crossingAngle: -43.5545 axialRotation: -68.9875 zShift: 5.0619 energy: -23.3197
MCAccept 66 xShift: 6.91253 crossingAngle: -43.5545 axialRotation: -68.9875 zShift: 4.97209 energy: -23.5438
MCAccept 67 xShift: 6.91253 crossingAngle: -43.719 axialRotation: -68.9875 zShift: 4.97209 energy: -23.3129
MCAccept 68 xShift: 6.91253 crossingAngle: -43.719 axialRotation: -68.9875 zShift: 4.94631 energy: -23.2666
MCAccept 69 xShift: 6.91253 crossingAngle: -43.719 axialRotation: -68.9875 zShift: 4.88267 energy: -23.1476
MCAccept 70 xShift: 6.91253 crossingAngle: -43.719 axialRotation: -68.9875 zShift: 4.86534 energy: -23.114
MCAccept 71 xShift: 6.91253 crossingAngle: -43.719 axialRotation: -68.9875 zShift: 4.8342 energy: -23.0523
MCReject   xShift: 6.91253 crossingAngle: -43.719 axialRotation: -68.881 zShift: 4.8342 energy: -22.4784
MCAccept 72 xShift: 6.91253 crossingAngle: -43.719 axialRotation: -68.9875 zShift: 4.83981 energy: -23.0635
MCAccept 73 xShift: 6.91253 crossingAngle: -43.6886 axialRotation: -68.9875 zShift: 4.83981 energy: -23.1092
MCAccept 74 xShift: 6.94863 crossingAngle: -43.6886 axialRotation: -68.9875 zShift: 4.83981 energy: -23.4588
MCReject   xShift: 6.94863 crossingAngle: -43.6886 axialRotation: -68.9875 zShift: 4.77425 energy: -22.8669
MCAccept 75 xShift: 6.94603 crossingAngle: -43.6886 axialRotation: -68.9875 zShift: 4.83981 energy: -23.4074
MCAccept 76 xShift: 6.94603 crossingAngle: -43.6886 axialRotation: -68.9875 zShift: 4.84808 energy: -22.9961
MCReject   xShift: 6.91437 crossingAngle: -43.6886 axialRotation: -68.9875 zShift: 4.84808 energy: -23.1469
MCAccept 77 xShift: 6.94603 crossingAngle: -43.5691 axialRotation: -68.9875 zShift: 4.84808 energy: -23.5875
MCAccept 78 xShift: 6.94603 crossingAngle: -43.8554 axialRotation: -68.9875 zShift: 4.84808 energy: -23.2277
MCAccept 79 xShift: 6.94603 crossingAngle: -43.8057 axialRotation: -68.9875 zShift: 4.84808 energy: -23.3238
MCAccept 80 xShift: 6.90409 crossingAngle: -43.8057 axialRotation: -68.9875 zShift: 4.84808 energy: -22.829
MCAccept 81 xShift: 6.90409 crossingAngle: -43.8057 axialRotation: -68.9875 zShift: 4.84611 energy: -22.7956
MCReject   xShift: 6.89125 crossingAngle: -43.8057 axialRotation: -68.9875 zShift: 4.84611 energy: -22.5996
MCReject   xShift: 6.90409 crossingAngle: -43.8057 axialRotation: -68.9875 zShift: 4.85677 energy: -22.8157
MCAccept 82 xShift: 6.90409 crossingAngle: -43.973 axialRotation: -68.9875 zShift: 4.84611 energy: -22.0122
MCReject   xShift: 6.90409 crossingAngle: -43.973 axialRotation: -68.9875 zShift: 4.81407 energy: -22.4556
MCReject   xShift: 6.90409 crossingAngle: -43.973 axialRotation: -68.9875 zShift: 4.77539 energy: -22.4079
MCReject   xShift: 6.90409 crossingAngle: -43.973 axialRotation: -68.9875 zShift: 4.85333 energy: -22.5684
MCReject   xShift: 6.90194 crossingAngle: -43.973 axialRotation: -68.9875 zShift: 4.84611 energy: -22.4889
MCReject   xShift: 6.90409 crossingAngle: -43.973 axialRotation: -68.9875 zShift: 4.88071 energy: -22.6172
MCReject   xShift: 6.90776 crossingAngle: -43.973 axialRotation: -68.9875 zShift: 4.84611 energy: -22.0685
MCReject   xShift: 6.90409 crossingAngle: -43.973 axialRotation: -69.3335 zShift: 4.84611 energy: -22.6722
MCAccept 83 xShift: 6.86715 crossingAngle: -43.973 axialRotation: -68.9875 zShift: 4.84611 energy: -21.8342
MCAccept 84 xShift: 6.9012 crossingAngle: -43.973 axialRotation: -68.9875 zShift: 4.84611 energy: -21.966
MCAccept 85 xShift: 6.9012 crossingAngle: -43.973 axialRotation: -68.9875 zShift: 4.86374 energy: -22.5412
MCAccept 86 xShift: 6.891 crossingAngle: -43.973 axialRotation: -68.9875 zShift: 4.86374 energy: -21.9583
MCAccept 87 xShift: 6.891 crossingAngle: -43.973 axialRotation: -68.9875 zShift: 4.82278 energy: -22.2792
MCReject   xShift: 6.891 crossingAngle: -43.973 axialRotation: -68.9875 zShift: 4.82804 energy: -21.9973
MCAccept 88 xShift: 6.891 crossingAngle: -43.973 axialRotation: -68.9875 zShift: 4.82258 energy: -22.2741
MCReject   xShift: 6.891 crossingAngle: -43.973 axialRotation: -68.9413 zShift: 4.82258 energy: -21.8269
MCReject   xShift: 6.891 crossingAngle: -44.2623 axialRotation: -68.9875 zShift: 4.82258 energy: -21.6441
MCAccept 89 xShift: 6.94442 crossingAngle: -43.973 axialRotation: -68.9875 zShift: 4.82258 energy: -23.0114
MCAccept 90 xShift: 6.94442 crossingAngle: -43.973 axialRotation: -68.9875 zShift: 4.80534 energy: -22.9403
MCReject   xShift: 6.94442 crossingAngle: -44.0955 axialRotation: -68.9875 zShift: 4.80534 energy: -22.5179
MCAccept 91 xShift: 6.94442 crossingAngle: -43.973 axialRotation: -68.9875 zShift: 4.78373 energy: -22.6878
MCAccept 92 xShift: 6.92369 crossingAngle: -43.973 axialRotation: -68.9875 zShift: 4.78373 energy: -22.6717
MCAccept 93 xShift: 6.92369 crossingAngle: -43.973 axialRotation: -68.9875 zShift: 4.83018 energy: -22.7689
MCAccept 94 xShift: 6.92369 crossingAngle: -43.7341 axialRotation: -68.9875 zShift: 4.83018 energy: -23.1486
MCAccept 95 xShift: 6.92369 crossingAngle: -43.7341 axialRotation: -68.9875 zShift: 4.79361 energy: -23.068
MCReject   xShift: 6.92369 crossingAngle: -43.7341 axialRotation: -68.7348 zShift: 4.79361 energy: -22.7766
MCReject   xShift: 6.92369 crossingAngle: -43.7341 axialRotation: -68.6025 zShift: 4.79361 energy: -22.5959
MCReject   xShift: 6.92369 crossingAngle: -43.8249 axialRotation: -68.9875 zShift: 4.79361 energy: -22.9185
MCReject   xShift: 6.87995 crossingAngle: -43.7341 axialRotation: -68.9875 zShift: 4.79361 energy: -22.4677
MCAccept 96 xShift: 6.92369 crossingAngle: -43.7341 axialRotation: -68.9875 zShift: 4.84782 energy: -23.15
MCReject   xShift: 6.92369 crossingAngle: -43.7341 axialRotation: -68.5322 zShift: 4.84782 energy: -22.6256
MCReject   xShift: 6.90656 crossingAngle: -43.7341 axialRotation: -68.9875 zShift: 4.84782 energy: -22.5246
MCAccept 97 xShift: 6.92369 crossingAngle: -43.7341 axialRotation: -68.9875 zShift: 4.87918 energy: -23.2159
MCAccept 98 xShift: 6.91895 crossingAngle: -43.7341 axialRotation: -68.9875 zShift: 4.87918 energy: -23.159
MCReject   xShift: 6.91895 crossingAngle: -43.7341 axialRotation: -68.8441 zShift: 4.87918 energy: -23.0199
MCAccept 99 xShift: 6.91895 crossingAngle: -43.7341 axialRotation: -68.9875 zShift: 4.86461 energy: -23.1357
MCAccept 100 xShift: 6.91895 crossingAngle: -43.2746 axialRotation: -68.9875 zShift: 4.86461 energy: -23.774
MCReject   xShift: 6.91895 crossingAngle: -43.2746 axialRotation: -68.6625 zShift: 4.86461 energy: -23.6166
MCAccept 101 xShift: 6.91895 crossingAngle: -43.1357 axialRotation: -68.9875 zShift: 4.86461 energy: -24.0505
MCReject   xShift: 6.91895 crossingAngle: -43.1357 axialRotation: -68.4678 zShift: 4.86461 energy: -23.618
MCReject   xShift: 6.91895 crossingAngle: -43.1357 axialRotation: -68.9875 zShift: 4.87266 energy: -24.0711
MCReject   xShift: 6.90377 crossingAngle: -43.1357 axialRotation: -68.9875 zShift: 4.86461 energy: -23.8072
MCReject   xShift: 6.91895 crossingAngle: -43.008 axialRotation: -68.9875 zShift: 4.86461 energy: -24.2054
MCReject   xShift: 6.91895 crossingAngle: -43.1357 axialRotation: -68.9875 zShift: 4.89669 energy: -22.1303
MCReject   xShift: 6.86284 crossingAngle: -43.1357 axialRotation: -68.9875 zShift: 4.86461 energy: -23.2131
MCReject   xShift: 6.91895 crossingAngle: -43.1357 axialRotation: -68.9875 zShift: 4.85483 energy: -23.9531
MCReject   xShift: 6.86506 crossingAngle: -43.1357 axialRotation: -68.9875 zShift: 4.86461 energy: -22.7355
MCReject   xShift: 6.91895 crossingAngle: -43.1357 axialRotation: -68.9875 zShift: 4.79823 energy: -23.8783
MCReject   xShift: 6.89587 crossingAngle: -43.1357 axialRotation: -68.9875 zShift: 4.86461 energy: -23.7026
MCReject   xShift: 6.91895 crossingAngle: -43.0947 axialRotation: -68.9875 zShift: 4.86461 energy: -24.1039
MCReject   xShift: 6.89003 crossingAngle: -43.1357 axialRotation: -68.9875 zShift: 4.86461 energy: -23.6181
MCReject   xShift: 6.91895 crossingAngle: -43.2493 axialRotation: -68.9875 zShift: 4.86461 energy: -23.8857
MCReject   xShift: 6.91895 crossingAngle: -43.1357 axialRotation: -68.7752 zShift: 4.86461 energy: -23.9205
MCAccept 102 xShift: 6.91895 crossingAngle: -42.7538 axialRotation: -68.9875 zShift: 4.86461 energy: -24.4082
MCReject   xShift: 6.91895 crossingAngle: -42.7538 axialRotation: -68.9875 zShift: 4.87047 energy: -23.3366
MCReject   xShift: 6.91895 crossingAngle: -42.7538 axialRotation: -68.9875 zShift: 4.83332 energy: -24.3236
MCReject   xShift: 6.91895 crossingAngle: -42.8627 axialRotation: -68.9875 zShift: 4.86461 energy: -24.2659
MCReject   xShift: 6.91895 crossingAngle: -42.7538 axialRotation: -68.9875 zShift: 4.86143 energy: -24.3256
MCAccept 103 xShift: 6.91895 crossingAngle: -42.6258 axialRotation: -68.9875 zShift: 4.86461 energy: -24.3779
MCReject   xShift: 6.91895 crossingAngle: -42.6258 axialRotation: -68.9875 zShift: 4.87395 energy: -22.3608
MCAccept 104 xShift: 6.94824 crossingAngle: -42.6258 axialRotation: -68.9875 zShift: 4.86461 energy: -24.6713
MCAccept 105 xShift: 6.94824 crossingAngle: -42.4569 axialRotation: -68.9875 zShift: 4.86461 energy: -24.6629
MCAccept 106 xShift: 6.94824 crossingAngle: -42.4604 axialRotation: -68.9875 zShift: 4.86461 energy: -24.6639
MCReject   xShift: 6.92481 crossingAngle: -42.4604 axialRotation: -68.9875 zShift: 4.86461 energy: -24.4954
MCReject   xShift: 6.94824 crossingAngle: -42.4604 axialRotation: -68.9875 zShift: 4.85784 energy: -24.5858
MCReject   xShift: 6.94824 crossingAngle: -42.3691 axialRotation: -68.9875 zShift: 4.86461 energy: -23.4239
MCReject   xShift: 6.93191 crossingAngle: -42.4604 axialRotation: -68.9875 zShift: 4.86461 energy: -24.5552
MCReject   xShift: 6.94824 crossingAngle: -42.5734 axialRotation: -68.9875 zShift: 4.86461 energy: -23.5029
MCReject   xShift: 6.97016 crossingAngle: -42.4604 axialRotation: -68.9875 zShift: 4.86461 energy: -24.6946
MCReject   xShift: 6.94824 crossingAngle: -42.4604 axialRotation: -68.9875 zShift: 4.89347 energy: -23.5511
MCAccept 107 xShift: 6.94824 crossingAngle: -42.5862 axialRotation: -68.9875 zShift: 4.86461 energy: -24.6089
MCReject   xShift: 6.94824 crossingAngle: -42.5862 axialRotation: -68.8598 zShift: 4.86461 energy: -24.5529
MCReject   xShift: 6.94824 crossingAngle: -42.5862 axialRotation: -68.9875 zShift: 4.80609 energy: -24.4444
MCReject   xShift: 6.93809 crossingAngle: -42.5862 axialRotation: -68.9875 zShift: 4.86461 energy: -23.4628
MCReject   xShift: 6.94824 crossingAngle: -42.5862 axialRotation: -68.9875 zShift: 4.88096 energy: -23.5697
MCAccept 108 xShift: 6.94824 crossingAngle: -42.6298 axialRotation: -68.9875 zShift: 4.86461 energy: -24.6006
MCReject   xShift: 6.94824 crossingAngle: -42.6298 axialRotation: -69.0806 zShift: 4.86461 energy: -22.3748
MCReject   xShift: 6.91944 crossingAngle: -42.6298 axialRotation: -68.9875 zShift: 4.86461 energy: -23.3464
MCAccept 109 xShift: 6.94824 crossingAngle: -42.7256 axialRotation: -68.9875 zShift: 4.86461 energy: -24.6407
MCAccept 110 xShift: 6.94824 crossingAngle: -42.5414 axialRotation: -68.9875 zShift: 4.86461 energy: -24.677
MCReject   xShift: 6.94824 crossingAngle: -42.5414 axialRotation: -68.9875 zShift: 4.84863 energy: 9.5648
MCReject   xShift: 6.94824 crossingAngle: -42.363 axialRotation: -68.9875 zShift: 4.86461 energy: -24.5714
MCReject   xShift: 6.94824 crossingAngle: -42.6165 axialRotation: -68.9875 zShift: 4.86461 energy: -23.503
MCReject   xShift: 6.92896 crossingAngle: -42.5414 axialRotation: -68.9875 zShift: 4.86461 energy: -24.4785
MCReject   xShift: 6.94824 crossingAngle: -42.3777 axialRotation: -68.9875 zShift: 4.86461 energy: 15.1745
MCReject   xShift: 6.94824 crossingAngle: -42.5414 axialRotation: -68.9875 zShift: 4.841 energy: -24.5463
MCReject   xShift: 6.94824 crossingAngle: -42.359 axialRotation: -68.9875 zShift: 4.86461 energy: -23.4163
MCReject   xShift: 6.95489 crossingAngle: -42.5414 axialRotation: -68.9875 zShift: 4.86461 energy: -23.543
MCReject   xShift: 6.93648 crossingAngle: -42.5414 axialRotation: -68.9875 zShift: 4.86461 energy: -23.4508
MCReject   xShift: 6.94824 crossingAngle: -42.5414 axialRotation: -68.5495 zShift: 4.86461 energy: -24.3533
MCReject   xShift: 6.94824 crossingAngle: -42.5414 axialRotation: -68.8866 zShift: 4.86461 energy: -24.631
MCReject   xShift: 6.94824 crossingAngle: -42.7594 axialRotation: -68.9875 zShift: 4.86461 energy: -24.6248
MCReject   xShift: 6.948 crossingAngle: -42.5414 axialRotation: -68.9875 zShift: 4.86461 energy: -24.6109
MCReject   xShift: 6.8959 crossingAngle: -42.5414 axialRotation: -68.9875 zShift: 4.86461 energy: -24.1847
MCReject   xShift: 6.91156 crossingAngle: -42.5414 axialRotation: -68.9875 zShift: 4.86461 energy: -23.3052
MCReject   xShift: 6.94824 crossingAngle: -42.6562 axialRotation: -68.9875 zShift: 4.86461 energy: -24.6646
MCAccept 111 xShift: 6.94824 crossingAngle: -42.4306 axialRotation: -68.9875 zShift: 4.86461 energy: -24.6544
MCReject   xShift: 6.94824 crossingAngle: -42.4306 axialRotation: -68.7512 zShift: 4.86461 energy: -24.4674
MCReject   xShift: 6.90688 crossingAngle: -42.4306 axialRotation: -68.9875 zShift: 4.86461 energy: -24.2346
MCReject   xShift: 6.94824 crossingAngle: -42.4306 axialRotation: -68.8741 zShift: 4.86461 energy: -24.5994
MCReject   xShift: 6.92488 crossingAngle: -42.4306 axialRotation: -68.9875 zShift: 4.86461 energy: -24.4857
MCReject   xShift: 6.94824 crossingAngle: -42.4306 axialRotation: -68.9875 zShift: 4.86559 energy: -23.4646
MCReject   xShift: 6.94824 crossingAngle: -42.4306 axialRotation: -68.9875 zShift: 4.83552 energy: -24.5725
MCReject   xShift: 6.91443 crossingAngle: -42.4306 axialRotation: -68.9875 zShift: 4.86461 energy: -24.383
MCReject   xShift: 6.94824 crossingAngle: -42.8328 axialRotation: -68.9875 zShift: 4.86461 energy: 0.662768
MCReject   xShift: 6.94824 crossingAngle: -42.4306 axialRotation: -68.9875 zShift: 4.8793 energy: -24.6385
MCReject   xShift: 6.94824 crossingAngle: -42.4306 axialRotation: -68.9875 zShift: 4.84521 energy: -24.5999
MCReject   xShift: 6.94824 crossingAngle: -42.4306 axialRotation: -69.3978 zShift: 4.86461 energy: -24.6682
MCReject   xShift: 6.94824 crossingAngle: -42.4833 axialRotation: -68.9875 zShift: 4.86461 energy: -24.6087
MCReject   xShift: 6.94824 crossingAngle: -42.4306 axialRotation: -68.9875 zShift: 4.85753 energy: -24.5776
MCReject   xShift: 6.94824 crossingAngle: -42.4306 axialRotation: -68.9875 zShift: 4.84546 energy: -24.6006
MCAccept 112 xShift: 6.94824 crossingAngle: -42.4306 axialRotation: -68.9875 zShift: 4.86887 energy: -24.6663
MCReject   xShift: 6.94637 crossingAngle: -42.4306 axialRotation: -68.9875 zShift: 4.86887 energy: -24.6557
MCReject   xShift: 6.90403 crossingAngle: -42.4306 axialRotation: -68.9875 zShift: 4.86887 energy: -24.2112
MCReject   xShift: 6.94824 crossingAngle: -42.4306 axialRotation: -68.9875 zShift: 4.88801 energy: -23.5449
MCReject   xShift: 6.94824 crossingAngle: -42.3192 axialRotation: -68.9875 zShift: 4.86887 energy: -23.4169
MCReject   xShift: 6.93041 crossingAngle: -42.4306 axialRotation: -68.9875 zShift: 4.86887 energy: -23.3917
MCReject   xShift: 6.94824 crossingAngle: -42.4306 axialRotation: -68.9273 zShift: 4.86887 energy: -24.5853
MCAccept 113 xShift: 6.94824 crossingAngle: -42.4306 axialRotation: -68.9875 zShift: 4.86816 energy: -24.6643
MCReject   xShift: 6.92946 crossingAngle: -42.4306 axialRotation: -68.9875 zShift: 4.86816 energy: -24.4754
MCReject   xShift: 6.94824 crossingAngle: -42.4306 axialRotation: -68.9875 zShift: 4.8948 energy: 12.6732
MCReject   xShift: 6.94824 crossingAngle: -42.4306 axialRotation: -68.9875 zShift: 4.85421 energy: -23.4346
MCReject   xShift: 6.94824 crossingAngle: -42.4306 axialRotation: -68.8577 zShift: 4.86816 energy: -24.5989
MCReject   xShift: 6.94824 crossingAngle: -42.2454 axialRotation: -68.9875 zShift: 4.86816 energy: -24.5524
MCReject   xShift: 6.93623 crossingAngle: -42.4306 axialRotation: -68.9875 zShift: 4.86816 energy: -23.4455
MCReject   xShift: 6.91861 crossingAngle: -42.4306 axialRotation: -68.9875 zShift: 4.86816 energy: -24.436
MCReject   xShift: 6.94824 crossingAngle: -42.721 axialRotation: -68.9875 zShift: 4.86816 energy: 3.85498
MCAccept 114 xShift: 6.94824 crossingAngle: -42.4881 axialRotation: -68.9875 zShift: 4.86816 energy: -24.6804
MCReject   xShift: 6.94824 crossingAngle: -42.4881 axialRotation: -68.9655 zShift: 4.86816 energy: -24.6113
MCReject   xShift: 6.93487 crossingAngle: -42.4881 axialRotation: -68.9875 zShift: 4.86816 energy: -24.5316
MCReject   xShift: 6.93233 crossingAngle: -42.4881 axialRotation: -68.9875 zShift: 4.86816 energy: -24.5753
MCAccept 115 xShift: 6.94824 crossingAngle: -42.4881 axialRotation: -68.9875 zShift: 4.89886 energy: -24.7651
MCReject   xShift: 6.94824 crossingAngle: -42.4881 axialRotation: -68.9875 zShift: 4.88694 energy: -24.7324
MCReject   xShift: 6.95893 crossingAngle: -42.4881 axialRotation: -68.9875 zShift: 4.89886 energy: -23.6235
MCReject   xShift: 6.98367 crossingAngle: -42.4881 axialRotation: -68.9875 zShift: 4.89886 energy: -24.8179
MCReject   xShift: 6.94824 crossingAngle: -42.2123 axialRotation: -68.9875 zShift: 4.89886 energy: -24.6093
MCReject   xShift: 6.94824 crossingAngle: -42.4881 axialRotation: -68.7873 zShift: 4.89886 energy: -24.5952
MCReject   xShift: 6.94824 crossingAngle: -42.7542 axialRotation: -68.9875 zShift: 4.89886 energy: -24.7202
MCReject   xShift: 6.94824 crossingAngle: -42.4881 axialRotation: -69.3633 zShift: 4.89886 energy: -24.802
MCReject   xShift: 6.94824 crossingAngle: -42.4881 axialRotation: -69.1262 zShift: 4.89886 energy: -23.6357
MCReject   xShift: 6.94824 crossingAngle: -42.4881 axialRotation: -68.9875 zShift: 4.86449 energy: -24.6702
MCReject   xShift: 6.94824 crossingAngle: -42.4881 axialRotation: -68.9875 zShift: 4.88845 energy: -24.7365
MCReject   xShift: 6.94824 crossingAngle: -42.4881 axialRotation: -68.9875 zShift: 4.89599 energy: -24.7572
MCReject   xShift: 6.94824 crossingAngle: -42.4881 axialRotation: -68.9875 zShift: 4.93535 energy: -23.6678
MCReject   xShift: 6.94824 crossingAngle: -42.5009 axialRotation: -68.9875 zShift: 4.89886 energy: -23.579
MCReject   xShift: 6.94824 crossingAngle: -42.4881 axialRotation: -68.9875 zShift: 4.88607 energy: -24.7299
MCReject   xShift: 6.94824 crossingAngle: -42.6457 axialRotation: -68.9875 zShift: 4.89886 energy: -23.588
MCReject   xShift: 6.91885 crossingAngle: -42.4881 axialRotation: -68.9875 zShift: 4.89886 energy: -23.4362
MCReject   xShift: 6.94824 crossingAngle: -42.4535 axialRotation: -68.9875 zShift: 4.89886 energy: -24.7567
MCReject   xShift: 6.94824 crossingAngle: -42.4881 axialRotation: -69.1285 zShift: 4.89886 energy: -24.8064
MCReject   xShift: 6.94824 crossingAngle: -42.7869 axialRotation: -68.9875 zShift: 4.89886 energy: -24.6278
MCReject   xShift: 6.9538 crossingAngle: -42.4881 axialRotation: -68.9875 zShift: 4.89886 energy: -24.7332
MCReject   xShift: 6.94824 crossingAngle: -42.4881 axialRotation: -69.2238 zShift: 4.89886 energy: -24.7466
MCAccept 116 xShift: 6.94824 crossingAngle: -42.4881 axialRotation: -68.9875 zShift: 4.93593 energy: -24.8656
MCReject   xShift: 6.94824 crossingAngle: -42.7203 axialRotation: -68.9875 zShift: 4.93593 energy: -24.8349
MCReject   xShift: 6.94824 crossingAngle: -42.4881 axialRotation: -68.9875 zShift: 4.9371 energy: -23.6721
MCReject   xShift: 6.955 crossingAngle: -42.4881 axialRotation: -68.9875 zShift: 4.93593 energy: -24.8401
MCReject   xShift: 6.94824 crossingAngle: -42.4881 axialRotation: -68.9875 zShift: 4.93438 energy: -23.6827
MCAccept 117 xShift: 6.94824 crossingAngle: -42.4881 axialRotation: -68.9875 zShift: 4.93755 energy: -24.8699
MCReject   xShift: 6.94824 crossingAngle: -42.5167 axialRotation: -68.9875 zShift: 4.93755 energy: -23.6983
MCReject   xShift: 6.94824 crossingAngle: -42.3874 axialRotation: -68.9875 zShift: 4.93755 energy: -24.7837
MCReject   xShift: 6.94824 crossingAngle: -42.719 axialRotation: -68.9875 zShift: 4.93755 energy: -24.8397
MCReject   xShift: 6.94824 crossingAngle: -42.5354 axialRotation: -68.9875 zShift: 4.93755 energy: -24.8116
MCReject   xShift: 6.94824 crossingAngle: -42.3834 axialRotation: -68.9875 zShift: 4.93755 energy: -24.8344
MCAccept 118 xShift: 6.94824 crossingAngle: -42.4881 axialRotation: -68.9875 zShift: 4.9607 energy: -24.9317
MCReject   xShift: 6.94824 crossingAngle: -42.4881 axialRotation: -68.9875 zShift: 4.95198 energy: 9.83376
MCReject   xShift: 6.94824 crossingAngle: -42.4881 axialRotation: -68.9875 zShift: 4.95752 energy: -24.8629
MCReject   xShift: 6.94824 crossingAngle: -42.4881 axialRotation: -68.8705 zShift: 4.9607 energy: -23.6664
MCReject   xShift: 6.94946 crossingAngle: -42.4881 axialRotation: -68.9875 zShift: 4.9607 energy: -24.9384
MCReject   xShift: 6.94558 crossingAngle: -42.4881 axialRotation: -68.9875 zShift: 4.9607 energy: -24.9164
MCReject   xShift: 6.94824 crossingAngle: -42.4881 axialRotation: -68.9875 zShift: 4.95066 energy: -24.905
MCReject   xShift: 6.94824 crossingAngle: -42.5343 axialRotation: -68.9875 zShift: 4.9607 energy: -24.937
MCReject   xShift: 6.92115 crossingAngle: -42.4881 axialRotation: -68.9875 zShift: 4.9607 energy: -23.6011
MCReject   xShift: 6.94824 crossingAngle: -42.8062 axialRotation: -68.9875 zShift: 4.9607 energy: -24.8534
MCReject   xShift: 6.94824 crossingAngle: -42.4881 axialRotation: -69.0849 zShift: 4.9607 energy: 10.9541
MCReject   xShift: 6.94824 crossingAngle: -42.4881 axialRotation: -68.9936 zShift: 4.9607 energy: -24.9346
MCReject   xShift: 6.94824 crossingAngle: -42.4881 axialRotation: -68.9875 zShift: 4.92393 energy: -23.6574
MCReject   xShift: 6.95122 crossingAngle: -42.4881 axialRotation: -68.9875 zShift: 4.9607 energy: -24.8877
MCReject   xShift: 6.94824 crossingAngle: -42.4881 axialRotation: -68.9875 zShift: 4.967 energy: -23.7602
MCReject   xShift: 6.9696 crossingAngle: -42.4881 axialRotation: -68.9875 zShift: 4.9607 energy: -25.0187
MCReject   xShift: 6.94824 crossingAngle: -42.4881 axialRotation: -69.4696 zShift: 4.9607 energy: -24.9665
MCReject   xShift: 7.01198 crossingAngle: -42.4881 axialRotation: -68.9875 zShift: 4.9607 energy: -25.0177
MCReject   xShift: 6.94824 crossingAngle: -42.4881 axialRotation: -68.9875 zShift: 4.96858 energy: -24.9526
MCReject   xShift: 6.94824 crossingAngle: -42.4881 axialRotation: -68.9875 zShift: 4.96562 energy: -24.8845
MCReject   xShift: 6.92173 crossingAngle: -42.4881 axialRotation: -68.9875 zShift: 4.9607 energy: -24.668
MCReject   xShift: 6.94824 crossingAngle: -42.763 axialRotation: -68.9875 zShift: 4.9607 energy: -23.7215
MCReject   xShift: 6.94824 crossingAngle: -42.4881 axialRotation: -68.9875 zShift: 4.94296 energy: -24.8239
MCReject   xShift: 6.94824 crossingAngle: -42.4881 axialRotation: -69.3896 zShift: 4.9607 energy: -24.9871
MCReject   xShift: 6.94824 crossingAngle: -42.4881 axialRotation: -68.9712 zShift: 4.9607 energy: -23.7232
MCReject   xShift: 6.94824 crossingAngle: -42.4604 axialRotation: -68.9875 zShift: 4.9607 energy: -22.1809
MCReject   xShift: 6.94824 crossingAngle: -42.6826 axialRotation: -68.9875 zShift: 4.9607 energy: -22.7035
MCReject   xShift: 6.94824 crossingAngle: -42.4881 axialRotation: -68.621 zShift: 4.9607 energy: -24.5953
MCReject   xShift: 6.94824 crossingAngle: -42.4881 axialRotation: -68.9875 zShift: 4.95688 energy: -24.9216
MCReject   xShift: 6.94824 crossingAngle: -42.4881 axialRotation: -68.9875 zShift: 4.96311 energy: -24.9381
MCReject   xShift: 7.01068 crossingAngle: -42.4881 axialRotation: -68.9875 zShift: 4.9607 energy: -25.0209
MCReject   xShift: 6.90068 crossingAngle: -42.4881 axialRotation: -68.9875 zShift: 4.9607 energy: -24.4943
MCReject   xShift: 6.94824 crossingAngle: -42.6146 axialRotation: -68.9875 zShift: 4.9607 energy: -24.9321
MCReject   xShift: 6.97795 crossingAngle: -42.4881 axialRotation: -68.9875 zShift: 4.9607 energy: -24.9802
MCReject   xShift: 6.98029 crossingAngle: -42.4881 axialRotation: -68.9875 zShift: 4.9607 energy: -25.0393
MCReject   xShift: 6.94824 crossingAngle: -42.4881 axialRotation: -68.9875 zShift: 4.95958 energy: -23.7281
MCReject   xShift: 6.94824 crossingAngle: -42.4881 axialRotation: -68.9875 zShift: 4.98037 energy: -24.9836
MCReject   xShift: 6.94824 crossingAngle: -42.4881 axialRotation: -68.9875 zShift: 4.96267 energy: -23.75
MCReject   xShift: 6.96754 crossingAngle: -42.4881 axialRotation: -68.9875 zShift: 4.9607 energy: -23.7699
MCReject   xShift: 6.94824 crossingAngle: -42.4881 axialRotation: -68.8541 zShift: 4.9607 energy: -24.798
MCReject   xShift: 6.94824 crossingAngle: -42.4881 axialRotation: -68.7373 zShift: 4.9607 energy: -23.5793
MCReject   xShift: 7.00414 crossingAngle: -42.4881 axialRotation: -68.9875 zShift: 4.9607 energy: -25.0341
MCReject   xShift: 6.94824 crossingAngle: -42.4881 axialRotation: -69.2349 zShift: 4.9607 energy: 12.9727
MCReject   xShift: 6.94824 crossingAngle: -42.4881 axialRotation: -69.2277 zShift: 4.9607 energy: -23.8086
MCReject   xShift: 6.89675 crossingAngle: -42.4881 axialRotation: -68.9875 zShift: 4.9607 energy: -24.4416
MCReject   xShift: 6.94824 crossingAngle: -42.4881 axialRotation: -69.0696 zShift: 4.9607 energy: -24.965
MCReject   xShift: 6.94824 crossingAngle: -42.4881 axialRotation: -69.2254 zShift: 4.9607 energy: -23.8084
MCReject   xShift: 6.94824 crossingAngle: -42.4881 axialRotation: -69.0043 zShift: 4.9607 energy: 9.92828
MCReject   xShift: 6.94824 crossingAngle: -42.4881 axialRotation: -68.9875 zShift: 4.97032 energy: -24.9572
MCReject   xShift: 6.94824 crossingAngle: -42.4881 axialRotation: -68.9875 zShift: 4.98824 energy: -24.9442
MCReject   xShift: 6.94824 crossingAngle: -42.4152 axialRotation: -68.9875 zShift: 4.9607 energy: -24.9108
MCReject   xShift: 6.94824 crossingAngle: -42.4881 axialRotation: -69.2834 zShift: 4.9607 energy: -24.9985
MCReject   xShift: 6.94824 crossingAngle: -42.6686 axialRotation: -68.9875 zShift: 4.9607 energy: -24.9192
MCReject   xShift: 6.94824 crossingAngle: -42.4881 axialRotation: -68.9875 zShift: 4.98757 energy: -25.0025
MCReject   xShift: 6.94824 crossingAngle: -42.4881 axialRotation: -68.9875 zShift: 4.99555 energy: -23.8158
MCReject   xShift: 7.00316 crossingAngle: -42.4881 axialRotation: -68.9875 zShift: 4.9607 energy: -25.0356
MCReject   xShift: 6.94824 crossingAngle: -42.3085 axialRotation: -68.9875 zShift: 4.9607 energy: -24.8054
MCReject   xShift: 6.95885 crossingAngle: -42.4881 axialRotation: -68.9875 zShift: 4.9607 energy: -24.9827
MCReject   xShift: 6.968 crossingAngle: -42.4881 axialRotation: -68.9875 zShift: 4.9607 energy: -24.9569
MCReject   xShift: 6.95738 crossingAngle: -42.4881 axialRotation: -68.9875 zShift: 4.9607 energy: -23.7556
End Repack Cycles

***REPACK GEOMETRY***
xShift;        Before: 6.74937; After: 6.94824
crossingAngle; Before: -41.622; After: -42.4881
axialRotation; Before: -68.9875; After: -68.9875
zShift;        Before: 5.09545; After: 4.9607

axialRotationPrime; Before: 61.0913; After: 60.0932
zShiftPrime;        Before: 4.51182; After: 4.3621

Energy;        Before: -5.92883; After: -24.9317

Completed all cycles. Accepted 183/401
Monte Carlo repack complete. Time: 140.417min

