03_02_2023
Self Consistent Mean Field Start Time: Thu Mar  2 20:36:00 2023
Elapsed time of program: 0.306min

Running Self Consistent Mean Field
Initial Sequence:   LLLTWLLGTLLGTLLGTLILI
Best Sequence:      LLLTWLLGTLLGTLLGTLILI
Interface Sequence: L--TW--GT-LGT-LGT--L-
Total Energy:       -18.4
VDW:                -65.1
HBOND:              -89.3
Self Consistent Mean Field End Time: Thu Mar  2 21:26:45 2023
Elapsed time of program: 51.1min

Monte Carlo Sequence Search Replicate 0 Start Time: Thu Mar  2 21:26:53 2023
Elapsed time of program: 51.2min

  - SelfPairManager energy calculation 0 Start Time: Thu Mar  2 21:27:07 2023
Elapsed time of program: 51.4min

  - SelfPairManager energy calculation 0 End Time: Thu Mar  2 21:27:48 2023
Elapsed time of program: 52.1min

- End monte carlo sequence search #0: 56.7min; Monte Carlo ended at Temp: 0.547

- Best Sequence: LLLAVLLGLLLGTLLGFLILI; Energy w/ baseline: -7.85
Monte Carlo Sequence Search Replicate 0 End Time: Thu Mar  2 22:24:28 2023
Elapsed time of program: 109min

Compute Monomer Energy Start Time: Thu Mar  2 22:24:50 2023
Elapsed time of program: 109min

-Dimer - Monomer = -349 - -342 = -6.51
Compute Monomer Energy End Time: Thu Mar  2 22:27:15 2023
Elapsed time of program: 112min

Backbone optimize replicate 0 Start Time: Thu Mar  2 22:27:15 2023
Elapsed time of program: 112min

Backbone optimize replicate 0 End Time: Fri Mar  3 00:02:44 2023
Elapsed time of program: 207min

Monte Carlo Sequence Search Replicate 1 Start Time: Fri Mar  3 00:02:44 2023
Elapsed time of program: 207min

  - SelfPairManager energy calculation 1 Start Time: Fri Mar  3 00:02:59 2023
Elapsed time of program: 207min

  - SelfPairManager energy calculation 1 End Time: Fri Mar  3 00:03:37 2023
Elapsed time of program: 208min

- End monte carlo sequence search #1: 57.6min; Monte Carlo ended at Temp: 0.547

- Best Sequence: LLLAFLLGVLLGLLLGTLILI; Energy w/ baseline: -17.9
Monte Carlo Sequence Search Replicate 1 End Time: Fri Mar  3 01:01:12 2023
Elapsed time of program: 265min

Compute Monomer Energy Start Time: Fri Mar  3 01:01:34 2023
Elapsed time of program: 266min

-Dimer - Monomer = -361 - -340 = -21.4
Compute Monomer Energy End Time: Fri Mar  3 01:04:04 2023
Elapsed time of program: 268min

Backbone optimize replicate 1 Start Time: Fri Mar  3 01:04:05 2023
Elapsed time of program: 268min

Backbone optimize replicate 1 End Time: Fri Mar  3 03:03:50 2023
Elapsed time of program: 388min

Monte Carlo Sequence Search Replicate 2 Start Time: Fri Mar  3 03:03:51 2023
Elapsed time of program: 388min

  - SelfPairManager energy calculation 2 Start Time: Fri Mar  3 03:04:06 2023
Elapsed time of program: 388min

  - SelfPairManager energy calculation 2 End Time: Fri Mar  3 03:04:48 2023
Elapsed time of program: 389min

- End monte carlo sequence search #2: 56.5min; Monte Carlo ended at Temp: 0.547

- Best Sequence: LLLAFLLGILLGVLLGLLILI; Energy w/ baseline: -15.5
Monte Carlo Sequence Search Replicate 2 End Time: Fri Mar  3 04:01:17 2023
Elapsed time of program: 446min

Compute Monomer Energy Start Time: Fri Mar  3 04:01:41 2023
Elapsed time of program: 446min

-Dimer - Monomer = -359 - -334 = -25
Compute Monomer Energy End Time: Fri Mar  3 04:05:14 2023
Elapsed time of program: 450min

Backbone optimize replicate 2 Start Time: Fri Mar  3 04:05:14 2023
Elapsed time of program: 450min

Backbone optimize replicate 2 End Time: Fri Mar  3 06:08:53 2023
Elapsed time of program: 573min

Monte Carlo Sequence Search Replicate 3 Start Time: Fri Mar  3 06:08:54 2023
Elapsed time of program: 573min

  - SelfPairManager energy calculation 3 Start Time: Fri Mar  3 06:09:09 2023
Elapsed time of program: 573min

  - SelfPairManager energy calculation 3 End Time: Fri Mar  3 06:09:54 2023
Elapsed time of program: 574min

- End monte carlo sequence search #3: 69.9min; Monte Carlo ended at Temp: 0.547

- Best Sequence: LLLAFLLGVLLGLLLGTLILI; Energy w/ baseline: -24.4
Monte Carlo Sequence Search Replicate 3 End Time: Fri Mar  3 07:19:49 2023
Elapsed time of program: 644min

Compute Monomer Energy Start Time: Fri Mar  3 07:20:21 2023
Elapsed time of program: 645min

-Dimer - Monomer = -367 - -340 = -27.7
Compute Monomer Energy End Time: Fri Mar  3 07:23:15 2023
Elapsed time of program: 648min

Backbone optimize replicate 3 Start Time: Fri Mar  3 07:23:15 2023
Elapsed time of program: 648min

Backbone optimize replicate 3 End Time: Fri Mar  3 09:01:56 2023
Elapsed time of program: 746min

Monte Carlo Sequence Search Replicate 4 Start Time: Fri Mar  3 09:01:56 2023
Elapsed time of program: 746min

  - SelfPairManager energy calculation 4 Start Time: Fri Mar  3 09:02:09 2023
Elapsed time of program: 746min

  - SelfPairManager energy calculation 4 End Time: Fri Mar  3 09:02:43 2023
Elapsed time of program: 747min

- End monte carlo sequence search #4: 61.9min; Monte Carlo ended at Temp: 0.547

- Best Sequence: LLLAYLLGVLLGLLLGFLILI; Energy w/ baseline: -32
Monte Carlo Sequence Search Replicate 4 End Time: Fri Mar  3 10:04:39 2023
Elapsed time of program: 809min

Compute Monomer Energy Start Time: Fri Mar  3 10:05:17 2023
Elapsed time of program: 810min

-Dimer - Monomer = -362 - -329 = -32.6
Compute Monomer Energy End Time: Fri Mar  3 10:09:31 2023
Elapsed time of program: 814min

Backbone optimize replicate 4 Start Time: Fri Mar  3 10:09:31 2023
Elapsed time of program: 814min

Backbone optimize replicate 4 End Time: Fri Mar  3 12:25:30 2023
Elapsed time of program: 950min

Sequence,RotamerValues,Interface,InterfaceSequence,Seed,Density,Baseline,Dimer,Dimerw/Baseline,HBONDDimer,HBONDDimerOptimize,HBONDDimerPreOptimize,HBONDMonomer,IMM1Dimer,IMM1DimerOptimize,IMM1DimerPreOptimize,IMM1Monomer,Monomer,MonomerSasa,OptimizeSasa,PreBBOptimizeSasa,SequenceEntropy,SequenceProbability,Total,TotalPreOptimize,Totalw/Entropy,VDWDimer,VDWDimerOptimize,VDWDimerPreOptimize,VDWMonomer,acceptCycleNumber,acceptTemp,endAxialRotation,endAxialRotationPrime,endCrossingAngle,endXShift,endZShift,endZShiftPrime,firstRepackEnergy,preOptimizeAxialRotation,preOptimizeAxialRotationPrime,preOptimizeCrossingAngle,preOptimizeEnergy,preOptimizeXShift,preOptimizeZShift,preOptimizeZShiftPrime,preRepackTotal,replicateNumber,startAxialRotation,startAxialRotationPrime,startCrossingAngle,startXShift,startZShift,startZShiftPrime,
LLLAFLLGILLGVLLGLLILI,133002200210021003312,000110011001100110000,L--AF--GI-LGV-LGL--L-,1.67781e+09,0.99,343.046,-358.539,-15.4939,-50.8846,-51.3197,-50.6717,-45.1579,-215.601,-217.894,-215.594,-234.532,-333.583,4471.86,3487.81,3552.3,50.8499,0.000186049,-30.8577,-24.7608,35.3559,-92.0542,-95.2264,-92.0782,-53.8932,474,2.96218,-82.2405,42.7633,-41.2755,6.49369,4.60912,3.75057,-26.7538,-82.2405,40.6661,-40.7059,-24.7608,6.68553,4.326,3.43599,-24.9568,2,-82.2405,38.4728,-43.0414,7.0713,4.02991,3.107,
LLLAFLLGVLLGLLLGTLILI,133002200210021003312,000110011001100110000,L--AF--GV-LGL-LGT--L-,1.67781e+09,0.99,342.971,-367.354,-24.3829,-65.383,-69.3972,-65.1694,-58.948,-216.18,-214.868,-216.174,-233.872,-339.664,4474.53,3580.2,3507,54.4382,0.000101481,-37.5498,-27.4945,30.0553,-85.7904,-92.9482,-85.8147,-46.8436,454,95.1175,-82.2405,40.7183,-39.9684,6.32088,4.33305,3.44382,-30.6947,-82.2405,42.7633,-41.2755,-27.4945,6.49369,4.60912,3.75057,-27.69,3,-82.2405,38.4728,-43.0414,7.0713,4.02991,3.107,
LLLAVLLGLLLGTLLGFLILI,133002200210021003312,000110011001100110000,L--AV--GL-LGT-LGF--L-,1.67781e+09,0.99,340.669,-348.523,-7.85359,-61.6648,-63.4402,-61.4515,-58.9223,-212.562,-214.256,-212.555,-233.411,-342.017,4401.81,3667.92,3623.94,54.4382,0.000101481,-16.3541,-6.3105,46.5846,-74.2962,-80.6752,-74.321,-49.6843,479,87.0218,-82.2405,41.0308,-40.3656,6.88548,4.37524,3.4907,-9.71642,-82.2405,38.4728,-43.0414,-6.3105,7.0713,4.02991,3.107,-6.50558,0,-82.2405,38.4728,-43.0414,7.0713,4.02991,3.107,
LLLAYLLGVLLGLLLGFLILI,133002200210021003312,000110011001100110000,L--AY--GV-LGL-LGF--L-,1.67781e+09,0.99,329.719,-361.716,-31.9967,-58.339,-58.0427,-58.1167,-45.1579,-218.246,-216.015,-218.238,-240.484,-329.151,4512.55,3575.97,3443.25,56.2014,7.5342e-05,-33.2137,-32.3598,24.2047,-85.1315,-88.3072,-85.1557,-43.5087,512,60.9677,-82.2405,37.5568,-42.4259,6.38919,3.90625,2.9696,-38.259,-82.2405,40.7183,-39.9684,-32.3598,6.32088,4.33305,3.44382,-32.5651,4,-82.2405,38.4728,-43.0414,7.0713,4.02991,3.107,
Total Time: 950 minutes
