***STARTING GEOMETRY***
xShift;        Before: 6.94824; After: 6.94824
crossingAngle; Before: -42.4881; After: -42.4881
axialRotation; Before: -68.9875; After: -68.9875
zShift;        Before: 4.9607; After: 4.9607

axialRotationPrime; Before: 60.0932; After: 60.0932
zShiftPrime;        Before: 4.3621; After: 4.3621

Starting Repack Cycles
MCReject   xShift: 6.94824 crossingAngle: -42.6542 axialRotation: -68.9875 zShift: 4.9607 energy: -16.9155
MCAccept 0 xShift: 6.93716 crossingAngle: -42.4881 axialRotation: -68.9875 zShift: 4.9607 energy: -17.2251
MCReject   xShift: 6.93716 crossingAngle: -42.5687 axialRotation: -68.9875 zShift: 4.9607 energy: -16.1181
MCAccept 1 xShift: 6.93716 crossingAngle: -42.5865 axialRotation: -68.9875 zShift: 4.9607 energy: -16.9334
MCAccept 2 xShift: 6.93716 crossingAngle: -42.5865 axialRotation: -68.9875 zShift: 4.95898 energy: -17.1711
MCAccept 3 xShift: 6.93716 crossingAngle: -42.8715 axialRotation: -68.9875 zShift: 4.95898 energy: -16.6698
MCAccept 4 xShift: 6.93716 crossingAngle: -42.6658 axialRotation: -68.9875 zShift: 4.95898 energy: -16.8552
MCAccept 5 xShift: 6.93716 crossingAngle: -42.6089 axialRotation: -68.9875 zShift: 4.95898 energy: -16.896
MCAccept 6 xShift: 6.93716 crossingAngle: -42.8112 axialRotation: -68.9875 zShift: 4.95898 energy: -16.7387
MCAccept 7 xShift: 6.88777 crossingAngle: -42.8112 axialRotation: -68.9875 zShift: 4.95898 energy: -16.6205
MCAccept 8 xShift: 6.90145 crossingAngle: -42.8112 axialRotation: -68.9875 zShift: 4.95898 energy: -16.512
MCAccept 9 xShift: 6.90145 crossingAngle: -43.1754 axialRotation: -68.9875 zShift: 4.95898 energy: -16.3042
MCAccept 10 xShift: 6.90145 crossingAngle: -43.1754 axialRotation: -68.9875 zShift: 4.99597 energy: -16.6094
MCAccept 11 xShift: 6.77819 crossingAngle: -43.1754 axialRotation: -68.9875 zShift: 4.99597 energy: -13.9145
MCAccept 12 xShift: 6.77819 crossingAngle: -42.9198 axialRotation: -68.9875 zShift: 4.99597 energy: -14.3124
MCAccept 13 xShift: 6.8095 crossingAngle: -42.9198 axialRotation: -68.9875 zShift: 4.99597 energy: -15.2923
MCAccept 14 xShift: 6.86619 crossingAngle: -42.9198 axialRotation: -68.9875 zShift: 4.99597 energy: -16.4903
MCAccept 15 xShift: 6.86619 crossingAngle: -42.9198 axialRotation: -68.9875 zShift: 5.07951 energy: -17.0279
MCAccept 16 xShift: 6.88458 crossingAngle: -42.9198 axialRotation: -68.9875 zShift: 5.07951 energy: -16.9986
MCAccept 17 xShift: 6.8193 crossingAngle: -42.9198 axialRotation: -68.9875 zShift: 5.07951 energy: -16.1321
MCAccept 18 xShift: 6.8193 crossingAngle: -43.1082 axialRotation: -68.9875 zShift: 5.07951 energy: -15.9378
MCAccept 19 xShift: 6.8193 crossingAngle: -43.4398 axialRotation: -68.9875 zShift: 5.07951 energy: -15.4911
MCAccept 20 xShift: 6.8193 crossingAngle: -43.5376 axialRotation: -68.9875 zShift: 5.07951 energy: -15.3052
MCAccept 21 xShift: 6.8193 crossingAngle: -43.6014 axialRotation: -68.9875 zShift: 5.07951 energy: -15.1887
MCAccept 22 xShift: 6.8193 crossingAngle: -43.6014 axialRotation: -68.9875 zShift: 5.15382 energy: -15.8217
MCAccept 23 xShift: 6.8193 crossingAngle: -43.6014 axialRotation: -68.9875 zShift: 5.18367 energy: -16.0116
MCAccept 24 xShift: 6.8193 crossingAngle: -43.4686 axialRotation: -68.9875 zShift: 5.18367 energy: -16.1884
MCReject   xShift: 6.8193 crossingAngle: -43.4686 axialRotation: -68.4854 zShift: 5.18367 energy: -15.8662
MCAccept 25 xShift: 6.8193 crossingAngle: -43.4686 axialRotation: -68.9875 zShift: 5.15219 energy: -15.982
MCAccept 26 xShift: 6.8193 crossingAngle: -43.5374 axialRotation: -68.9875 zShift: 5.15219 energy: -15.884
MCAccept 27 xShift: 6.8193 crossingAngle: -43.3023 axialRotation: -68.9875 zShift: 5.15219 energy: -16.1889
MCAccept 28 xShift: 6.75834 crossingAngle: -43.3023 axialRotation: -68.9875 zShift: 5.15219 energy: -14.2233
MCAccept 29 xShift: 6.78566 crossingAngle: -43.3023 axialRotation: -68.9875 zShift: 5.15219 energy: -15.2391
MCAccept 30 xShift: 6.78566 crossingAngle: -43.22 axialRotation: -68.9875 zShift: 5.15219 energy: -15.3107
MCAccept 31 xShift: 6.86008 crossingAngle: -43.22 axialRotation: -68.9875 zShift: 5.15219 energy: -17.0896
MCAccept 32 xShift: 6.87136 crossingAngle: -43.22 axialRotation: -68.9875 zShift: 5.15219 energy: -17.2681
MCAccept 33 xShift: 6.87136 crossingAngle: -43.22 axialRotation: -68.9875 zShift: 5.21198 energy: -17.5577
MCAccept 34 xShift: 6.85284 crossingAngle: -43.22 axialRotation: -68.9875 zShift: 5.21198 energy: -17.2784
MCAccept 35 xShift: 6.85284 crossingAngle: -43.3529 axialRotation: -68.9875 zShift: 5.21198 energy: -17.1828
MCAccept 36 xShift: 6.85284 crossingAngle: -43.3529 axialRotation: -68.9875 zShift: 5.15123 energy: -16.5681
MCAccept 37 xShift: 6.85284 crossingAngle: -43.52 axialRotation: -68.9875 zShift: 5.15123 energy: -16.6425
MCAccept 38 xShift: 6.85284 crossingAngle: -43.5175 axialRotation: -68.9875 zShift: 5.15123 energy: -16.6269
MCAccept 39 xShift: 6.85284 crossingAngle: -43.8429 axialRotation: -68.9875 zShift: 5.15123 energy: -16.1438
MCReject   xShift: 6.85284 crossingAngle: -43.8429 axialRotation: -68.911 zShift: 5.15123 energy: -16.0548
MCAccept 40 xShift: 6.85284 crossingAngle: -44.2879 axialRotation: -68.9875 zShift: 5.15123 energy: -15.2536
MCReject   xShift: 6.85284 crossingAngle: -44.4743 axialRotation: -68.9875 zShift: 5.15123 energy: -14.8384
MCReject   xShift: 6.80997 crossingAngle: -44.2879 axialRotation: -68.9875 zShift: 5.15123 energy: -14.1396
MCAccept 41 xShift: 6.9217 crossingAngle: -44.2879 axialRotation: -68.9875 zShift: 5.15123 energy: -16.0633
MCAccept 42 xShift: 6.92052 crossingAngle: -44.2879 axialRotation: -68.9875 zShift: 5.15123 energy: -16.3204
MCAccept 43 xShift: 6.92052 crossingAngle: -44.2642 axialRotation: -68.9875 zShift: 5.15123 energy: -16.0624
MCAccept 44 xShift: 6.92052 crossingAngle: -44.3651 axialRotation: -68.9875 zShift: 5.15123 energy: -16.2046
MCAccept 45 xShift: 6.92052 crossingAngle: -44.191 axialRotation: -68.9875 zShift: 5.15123 energy: -16.4397
MCAccept 46 xShift: 6.92052 crossingAngle: -44.191 axialRotation: -68.9875 zShift: 5.12556 energy: -16.2703
MCReject   xShift: 6.88935 crossingAngle: -44.191 axialRotation: -68.9875 zShift: 5.12556 energy: -15.862
MCReject   xShift: 6.92052 crossingAngle: -44.191 axialRotation: -68.9875 zShift: 5.08834 energy: -15.941
MCAccept 47 xShift: 6.97944 crossingAngle: -44.191 axialRotation: -68.9875 zShift: 5.12556 energy: -16.5958
MCAccept 48 xShift: 6.918 crossingAngle: -44.191 axialRotation: -68.9875 zShift: 5.12556 energy: -16.221
MCAccept 49 xShift: 6.95132 crossingAngle: -44.191 axialRotation: -68.9875 zShift: 5.12556 energy: -16.5011
MCAccept 50 xShift: 6.91362 crossingAngle: -44.191 axialRotation: -68.9875 zShift: 5.12556 energy: -16.1662
MCAccept 51 xShift: 6.91362 crossingAngle: -43.8667 axialRotation: -68.9875 zShift: 5.12556 energy: -16.6895
MCAccept 52 xShift: 6.91362 crossingAngle: -43.8667 axialRotation: -68.9875 zShift: 5.1623 energy: -16.9874
MCAccept 53 xShift: 6.8906 crossingAngle: -43.8667 axialRotation: -68.9875 zShift: 5.1623 energy: -16.7422
MCAccept 54 xShift: 6.8906 crossingAngle: -43.6874 axialRotation: -68.9875 zShift: 5.1623 energy: -17.0322
MCAccept 55 xShift: 6.85287 crossingAngle: -43.6874 axialRotation: -68.9875 zShift: 5.1623 energy: -16.4832
MCAccept 56 xShift: 6.85287 crossingAngle: -43.6874 axialRotation: -68.9875 zShift: 5.12191 energy: -16.1522
MCReject   xShift: 6.77891 crossingAngle: -43.6874 axialRotation: -68.9875 zShift: 5.12191 energy: -14.1529
MCAccept 57 xShift: 6.95162 crossingAngle: -43.6874 axialRotation: -68.9875 zShift: 5.12191 energy: -16.8766
MCAccept 58 xShift: 6.95162 crossingAngle: -43.6017 axialRotation: -68.9875 zShift: 5.12191 energy: -17.2546
MCAccept 59 xShift: 6.95162 crossingAngle: -43.6901 axialRotation: -68.9875 zShift: 5.12191 energy: -17.125
MCAccept 60 xShift: 6.95162 crossingAngle: -43.6901 axialRotation: -68.9875 zShift: 4.95508 energy: -15.8204
MCReject   xShift: 6.89945 crossingAngle: -43.6901 axialRotation: -68.9875 zShift: 4.95508 energy: -15.3496
MCAccept 61 xShift: 6.95162 crossingAngle: -43.7132 axialRotation: -68.9875 zShift: 4.95508 energy: -15.7904
MCAccept 62 xShift: 6.94349 crossingAngle: -43.7132 axialRotation: -68.9875 zShift: 4.95508 energy: -15.7413
MCAccept 63 xShift: 6.94349 crossingAngle: -43.7919 axialRotation: -68.9875 zShift: 4.95508 energy: -15.6259
MCReject   xShift: 6.94349 crossingAngle: -44.048 axialRotation: -68.9875 zShift: 4.95508 energy: -15.1962
MCAccept 64 xShift: 6.94349 crossingAngle: -43.8461 axialRotation: -68.9875 zShift: 4.95508 energy: -15.5423
MCReject   xShift: 6.94349 crossingAngle: -44.0689 axialRotation: -68.9875 zShift: 4.95508 energy: -15.1443
MCReject   xShift: 6.96869 crossingAngle: -43.8461 axialRotation: -68.9875 zShift: 4.95508 energy: -15.4279
MCAccept 65 xShift: 6.94349 crossingAngle: -43.7556 axialRotation: -68.9875 zShift: 4.95508 energy: -15.6801
MCAccept 66 xShift: 6.94349 crossingAngle: -43.7556 axialRotation: -68.9875 zShift: 4.94704 energy: -15.608
MCReject   xShift: 6.96126 crossingAngle: -43.7556 axialRotation: -68.9875 zShift: 4.94704 energy: -15.7098
MCAccept 67 xShift: 6.94349 crossingAngle: -43.933 axialRotation: -68.9875 zShift: 4.94704 energy: -15.3247
MCAccept 68 xShift: 6.94349 crossingAngle: -43.8122 axialRotation: -68.9875 zShift: 4.94704 energy: -15.5161
MCReject   xShift: 6.91014 crossingAngle: -43.8122 axialRotation: -68.9875 zShift: 4.94704 energy: -15.1635
MCReject   xShift: 6.94349 crossingAngle: -43.8122 axialRotation: -68.8304 zShift: 4.94704 energy: -15.3656
MCAccept 69 xShift: 6.94349 crossingAngle: -43.8122 axialRotation: -68.9875 zShift: 4.87296 energy: -14.7893
MCAccept 70 xShift: 6.94349 crossingAngle: -43.8122 axialRotation: -68.9875 zShift: 4.85898 energy: -14.4052
MCAccept 71 xShift: 6.88016 crossingAngle: -43.8122 axialRotation: -68.9875 zShift: 4.85898 energy: -13.7281
MCReject   xShift: 6.80764 crossingAngle: -43.8122 axialRotation: -68.9875 zShift: 4.85898 energy: -11.7374
MCReject   xShift: 6.83919 crossingAngle: -43.8122 axialRotation: -68.9875 zShift: 4.85898 energy: -12.7495
MCReject   xShift: 6.84773 crossingAngle: -43.8122 axialRotation: -68.9875 zShift: 4.85898 energy: -12.9629
MCAccept 72 xShift: 6.88016 crossingAngle: -43.8122 axialRotation: -68.9875 zShift: 4.89314 energy: -14.1235
MCAccept 73 xShift: 6.88016 crossingAngle: -43.7439 axialRotation: -68.9875 zShift: 4.89314 energy: -14.2719
MCAccept 74 xShift: 6.88016 crossingAngle: -43.7439 axialRotation: -68.9875 zShift: 4.86272 energy: -13.9127
MCAccept 75 xShift: 6.88016 crossingAngle: -43.8729 axialRotation: -68.9875 zShift: 4.86272 energy: -13.6511
MCReject   xShift: 6.88016 crossingAngle: -44.0545 axialRotation: -68.9875 zShift: 4.86272 energy: -13.2305
MCReject   xShift: 6.88016 crossingAngle: -43.8729 axialRotation: -68.8451 zShift: 4.86272 energy: -13.4204
MCAccept 76 xShift: 6.88016 crossingAngle: -43.8729 axialRotation: -68.9875 zShift: 4.80646 energy: -12.948
MCAccept 77 xShift: 6.88016 crossingAngle: -43.5591 axialRotation: -68.9875 zShift: 4.80646 energy: -13.6434
MCAccept 78 xShift: 6.91851 crossingAngle: -43.5591 axialRotation: -68.9875 zShift: 4.80646 energy: -14.2568
MCAccept 79 xShift: 6.91851 crossingAngle: -43.4214 axialRotation: -68.9875 zShift: 4.80646 energy: -14.5028
MCAccept 80 xShift: 6.9091 crossingAngle: -43.4214 axialRotation: -68.9875 zShift: 4.80646 energy: -14.3947
MCReject   xShift: 6.9091 crossingAngle: -43.3195 axialRotation: -68.9875 zShift: 4.80646 energy: -14.604
MCReject   xShift: 6.9091 crossingAngle: -43.4214 axialRotation: -68.6514 zShift: 4.80646 energy: -13.8891
MCReject   xShift: 6.9091 crossingAngle: -43.4214 axialRotation: -68.7923 zShift: 4.80646 energy: -14.1047
MCAccept 81 xShift: 6.91622 crossingAngle: -43.4214 axialRotation: -68.9875 zShift: 4.80646 energy: -14.4814
MCAccept 82 xShift: 6.91622 crossingAngle: -43.4214 axialRotation: -68.9875 zShift: 4.8612 energy: -15.0827
MCAccept 83 xShift: 6.91622 crossingAngle: -43.4214 axialRotation: -68.9875 zShift: 4.87158 energy: -14.9431
MCAccept 84 xShift: 6.91622 crossingAngle: -43.4692 axialRotation: -68.9875 zShift: 4.87158 energy: -15.0991
MCAccept 85 xShift: 6.91622 crossingAngle: -43.4015 axialRotation: -68.9875 zShift: 4.87158 energy: -15.2324
MCAccept 86 xShift: 6.91622 crossingAngle: -43.4015 axialRotation: -68.9875 zShift: 4.86747 energy: -15.1876
MCAccept 87 xShift: 6.91622 crossingAngle: -43.4015 axialRotation: -68.9875 zShift: 4.86124 energy: -15.1233
MCAccept 88 xShift: 6.97485 crossingAngle: -43.4015 axialRotation: -68.9875 zShift: 4.86124 energy: -15.0063
MCAccept 89 xShift: 6.97485 crossingAngle: -43.4015 axialRotation: -68.9875 zShift: 4.83178 energy: -14.9888
MCAccept 90 xShift: 6.97485 crossingAngle: -43.4341 axialRotation: -68.9875 zShift: 4.83178 energy: -15.1795
MCReject   xShift: 7.03555 crossingAngle: -43.4341 axialRotation: -68.9875 zShift: 4.83178 energy: -14.9227
MCAccept 91 xShift: 6.97485 crossingAngle: -43.2789 axialRotation: -68.9875 zShift: 4.83178 energy: -15.1547
MCReject   xShift: 6.97485 crossingAngle: -43.2789 axialRotation: -68.9875 zShift: 4.77469 energy: -14.8523
MCAccept 92 xShift: 6.97485 crossingAngle: -43.2789 axialRotation: -68.9875 zShift: 4.83492 energy: -15.4126
MCAccept 93 xShift: 6.97485 crossingAngle: -43.2789 axialRotation: -68.9875 zShift: 4.87832 energy: -15.8032
MCReject   xShift: 7.01617 crossingAngle: -43.2789 axialRotation: -68.9875 zShift: 4.87832 energy: -15.5563
MCAccept 94 xShift: 6.99251 crossingAngle: -43.2789 axialRotation: -68.9875 zShift: 4.87832 energy: -15.5838
MCReject   xShift: 6.99251 crossingAngle: -43.2789 axialRotation: -68.9875 zShift: 4.87024 energy: -15.2328
MCReject   xShift: 6.99251 crossingAngle: -43.3779 axialRotation: -68.9875 zShift: 4.87832 energy: -15.7114
MCReject   xShift: 6.99251 crossingAngle: -43.1137 axialRotation: -68.9875 zShift: 4.87832 energy: -15.2604
MCAccept 95 xShift: 6.99251 crossingAngle: -43.2789 axialRotation: -68.9875 zShift: 4.90405 energy: -15.7908
MCAccept 96 xShift: 6.99251 crossingAngle: -43.1638 axialRotation: -68.9875 zShift: 4.90405 energy: -15.9276
MCAccept 97 xShift: 6.97937 crossingAngle: -43.1638 axialRotation: -68.9875 zShift: 4.90405 energy: -15.9421
MCAccept 98 xShift: 6.97937 crossingAngle: -43.126 axialRotation: -68.9875 zShift: 4.90405 energy: -16.2456
MCReject   xShift: 6.97937 crossingAngle: -43.126 axialRotation: -68.9875 zShift: 4.91032 energy: -16.0606
MCReject   xShift: 7.04788 crossingAngle: -43.126 axialRotation: -68.9875 zShift: 4.90405 energy: -15.7659
MCAccept 99 xShift: 6.97937 crossingAngle: -42.8923 axialRotation: -68.9875 zShift: 4.90405 energy: -16.5454
MCReject   xShift: 6.97937 crossingAngle: -43.319 axialRotation: -68.9875 zShift: 4.90405 energy: -15.9807
MCReject   xShift: 6.97937 crossingAngle: -42.9235 axialRotation: -68.9875 zShift: 4.90405 energy: -15.9763
MCReject   xShift: 6.97937 crossingAngle: -42.8923 axialRotation: -68.9189 zShift: 4.90405 energy: -16.2339
MCReject   xShift: 6.97937 crossingAngle: -42.9915 axialRotation: -68.9875 zShift: 4.90405 energy: -16.1661
MCReject   xShift: 6.97937 crossingAngle: -43.004 axialRotation: -68.9875 zShift: 4.90405 energy: -16.1605
MCReject   xShift: 6.97937 crossingAngle: -42.8923 axialRotation: -68.9875 zShift: 4.88493 energy: -15.8653
MCAccept 100 xShift: 6.97937 crossingAngle: -42.8008 axialRotation: -68.9875 zShift: 4.90405 energy: -16.6453
MCAccept 101 xShift: 6.99975 crossingAngle: -42.8008 axialRotation: -68.9875 zShift: 4.90405 energy: -16.0999
MCAccept 102 xShift: 6.99975 crossingAngle: -42.8008 axialRotation: -68.9875 zShift: 4.94345 energy: -16.8586
MCReject   xShift: 6.99975 crossingAngle: -42.8955 axialRotation: -68.9875 zShift: 4.94345 energy: -16.7702
MCReject   xShift: 6.99975 crossingAngle: -42.8008 axialRotation: -69.1611 zShift: 4.94345 energy: -16.4006
MCAccept 103 xShift: 6.99975 crossingAngle: -42.8008 axialRotation: -68.9875 zShift: 4.9187 energy: -16.6998
MCReject   xShift: 6.9477 crossingAngle: -42.8008 axialRotation: -68.9875 zShift: 4.9187 energy: -16.1949
MCAccept 104 xShift: 6.99975 crossingAngle: -42.3334 axialRotation: -68.9875 zShift: 4.9187 energy: -17.0013
MCAccept 105 xShift: 6.98198 crossingAngle: -42.3334 axialRotation: -68.9875 zShift: 4.9187 energy: -17.0849
MCReject   xShift: 6.98198 crossingAngle: -42.3334 axialRotation: -68.7673 zShift: 4.9187 energy: -17.0376
MCReject   xShift: 6.98198 crossingAngle: -42.3334 axialRotation: -68.8599 zShift: 4.9187 energy: -17.0423
MCReject   xShift: 6.98198 crossingAngle: -42.3334 axialRotation: -68.6189 zShift: 4.9187 energy: -16.9427
MCAccept 106 xShift: 7.01895 crossingAngle: -42.3334 axialRotation: -68.9875 zShift: 4.9187 energy: -16.8977
MCAccept 107 xShift: 7.01895 crossingAngle: -42.3334 axialRotation: -68.9875 zShift: 4.93853 energy: -17.0093
MCAccept 108 xShift: 7.01895 crossingAngle: -42.272 axialRotation: -68.9875 zShift: 4.93853 energy: -17.0519
MCReject   xShift: 7.01895 crossingAngle: -42.272 axialRotation: -68.9875 zShift: 4.92217 energy: -16.7125
MCReject   xShift: 7.01895 crossingAngle: -42.5986 axialRotation: -68.9875 zShift: 4.93853 energy: -16.6468
MCAccept 109 xShift: 7.01895 crossingAngle: -42.1449 axialRotation: -68.9875 zShift: 4.93853 energy: -17.0597
MCAccept 110 xShift: 7.01895 crossingAngle: -41.9966 axialRotation: -68.9875 zShift: 4.93853 energy: -17.0915
MCReject   xShift: 7.03378 crossingAngle: -41.9966 axialRotation: -68.9875 zShift: 4.93853 energy: -16.9934
MCAccept 111 xShift: 7.01895 crossingAngle: -41.9966 axialRotation: -68.9875 zShift: 5.00483 energy: -17.3021
MCReject   xShift: 7.01895 crossingAngle: -41.9966 axialRotation: -69.1286 zShift: 5.00483 energy: -17.1506
MCAccept 112 xShift: 7.00155 crossingAngle: -41.9966 axialRotation: -68.9875 zShift: 5.00483 energy: -17.3703
MCReject   xShift: 7.00155 crossingAngle: -41.9966 axialRotation: -68.9875 zShift: 4.96706 energy: -17.2787
MCAccept 113 xShift: 7.00155 crossingAngle: -41.9966 axialRotation: -68.9875 zShift: 5.03783 energy: -17.4413
MCAccept 114 xShift: 7.00155 crossingAngle: -41.9966 axialRotation: -68.9875 zShift: 5.07031 energy: -17.5239
MCAccept 115 xShift: 6.96655 crossingAngle: -41.9966 axialRotation: -68.9875 zShift: 5.07031 energy: -17.5939
MCReject   xShift: 6.96883 crossingAngle: -41.9966 axialRotation: -68.9875 zShift: 5.07031 energy: -17.5708
MCAccept 116 xShift: 6.96655 crossingAngle: -41.9966 axialRotation: -68.9875 zShift: 5.09483 energy: -17.5927
MCReject   xShift: 7.0276 crossingAngle: -41.9966 axialRotation: -68.9875 zShift: 5.09483 energy: -17.4173
MCAccept 117 xShift: 6.94981 crossingAngle: -41.9966 axialRotation: -68.9875 zShift: 5.09483 energy: -17.5928
MCReject   xShift: 6.94981 crossingAngle: -41.7537 axialRotation: -68.9875 zShift: 5.09483 energy: -17.2108
MCReject   xShift: 6.94981 crossingAngle: -41.9966 axialRotation: -69.3682 zShift: 5.09483 energy: -16.7884
MCReject   xShift: 6.94981 crossingAngle: -41.9966 axialRotation: -68.9875 zShift: 5.11808 energy: -17.5942
MCReject   xShift: 6.94981 crossingAngle: -42.0837 axialRotation: -68.9875 zShift: 5.09483 energy: -17.681
MCReject   xShift: 6.94981 crossingAngle: -42.0557 axialRotation: -68.9875 zShift: 5.09483 energy: -17.6548
MCReject   xShift: 6.94981 crossingAngle: -41.9791 axialRotation: -68.9875 zShift: 5.09483 energy: -17.5727
MCReject   xShift: 6.94633 crossingAngle: -41.9966 axialRotation: -68.9875 zShift: 5.09483 energy: -17.5838
MCReject   xShift: 6.94981 crossingAngle: -42.0934 axialRotation: -68.9875 zShift: 5.09483 energy: -17.6717
MCReject   xShift: 6.94981 crossingAngle: -41.9966 axialRotation: -68.9875 zShift: 5.08153 energy: -17.3256
MCReject   xShift: 6.94981 crossingAngle: -41.9624 axialRotation: -68.9875 zShift: 5.09483 energy: -17.5528
MCReject   xShift: 6.94981 crossingAngle: -42.152 axialRotation: -68.9875 zShift: 5.09483 energy: -17.7371
MCReject   xShift: 6.9439 crossingAngle: -41.9966 axialRotation: -68.9875 zShift: 5.09483 energy: -17.5766
MCReject   xShift: 6.94981 crossingAngle: -41.8518 axialRotation: -68.9875 zShift: 5.09483 energy: -17.4013
MCReject   xShift: 6.94981 crossingAngle: -41.9785 axialRotation: -68.9875 zShift: 5.09483 energy: -17.5721
MCReject   xShift: 6.94981 crossingAngle: -41.9417 axialRotation: -68.9875 zShift: 5.09483 energy: -17.5271
MCReject   xShift: 6.94981 crossingAngle: -41.9966 axialRotation: -68.9875 zShift: 5.10275 energy: -17.5752
MCReject   xShift: 6.94619 crossingAngle: -41.9966 axialRotation: -68.9875 zShift: 5.09483 energy: -17.5636
MCReject   xShift: 6.94981 crossingAngle: -41.9966 axialRotation: -68.9875 zShift: 5.07808 energy: -17.5619
MCReject   xShift: 6.94981 crossingAngle: -41.9966 axialRotation: -68.9875 zShift: 5.08438 energy: -17.5668
MCReject   xShift: 6.95468 crossingAngle: -41.9966 axialRotation: -68.9875 zShift: 5.09483 energy: -17.6026
MCReject   xShift: 6.94981 crossingAngle: -41.9966 axialRotation: -69.238 zShift: 5.09483 energy: -17.0906
MCReject   xShift: 6.94981 crossingAngle: -41.9966 axialRotation: -68.9875 zShift: 5.11836 energy: -17.5751
MCReject   xShift: 6.94981 crossingAngle: -42.0297 axialRotation: -68.9875 zShift: 5.09483 energy: -17.6286
MCReject   xShift: 6.94981 crossingAngle: -41.9966 axialRotation: -69.0176 zShift: 5.09483 energy: -17.5435
MCReject   xShift: 6.94981 crossingAngle: -41.9966 axialRotation: -69.1952 zShift: 5.09483 energy: -16.9445
MCReject   xShift: 6.94981 crossingAngle: -42.0122 axialRotation: -68.9875 zShift: 5.09483 energy: -17.5903
MCReject   xShift: 6.94981 crossingAngle: -41.9882 axialRotation: -68.9875 zShift: 5.09483 energy: -17.5629
MCReject   xShift: 6.94981 crossingAngle: -41.9966 axialRotation: -68.9875 zShift: 5.09074 energy: -17.5707
MCReject   xShift: 6.94981 crossingAngle: -41.9966 axialRotation: -68.9089 zShift: 5.09483 energy: -17.6903
MCReject   xShift: 6.94981 crossingAngle: -41.9966 axialRotation: -69.4267 zShift: 5.09483 energy: -16.627
MCReject   xShift: 6.94981 crossingAngle: -41.9966 axialRotation: -69.4111 zShift: 5.09483 energy: -16.6522
MCReject   xShift: 6.96922 crossingAngle: -41.9966 axialRotation: -68.9875 zShift: 5.09483 energy: -17.6142
MCReject   xShift: 6.94981 crossingAngle: -41.9966 axialRotation: -68.9875 zShift: 5.09081 energy: -17.591
MCReject   xShift: 6.97281 crossingAngle: -41.9966 axialRotation: -68.9875 zShift: 5.09483 energy: -17.3442
MCReject   xShift: 6.94981 crossingAngle: -41.9966 axialRotation: -68.9255 zShift: 5.09483 energy: -17.687
MCReject   xShift: 6.92021 crossingAngle: -41.9966 axialRotation: -68.9875 zShift: 5.09483 energy: -17.2021
MCReject   xShift: 6.94981 crossingAngle: -41.9966 axialRotation: -68.9875 zShift: 5.06023 energy: -17.5424
MCReject   xShift: 6.94981 crossingAngle: -41.9966 axialRotation: -68.8832 zShift: 5.09483 energy: -17.7254
MCReject   xShift: 6.94981 crossingAngle: -41.9966 axialRotation: -68.9875 zShift: 5.1033 energy: -17.595
MCReject   xShift: 6.94981 crossingAngle: -41.9966 axialRotation: -69.1764 zShift: 5.09483 energy: -17.2252
MCReject   xShift: 6.94981 crossingAngle: -41.9966 axialRotation: -69.1709 zShift: 5.09483 energy: -17.2561
MCReject   xShift: 6.94981 crossingAngle: -41.9966 axialRotation: -68.9875 zShift: 5.13915 energy: -17.5646
MCReject   xShift: 6.96444 crossingAngle: -41.9966 axialRotation: -68.9875 zShift: 5.09483 energy: -17.6133
MCReject   xShift: 6.97903 crossingAngle: -41.9966 axialRotation: -68.9875 zShift: 5.09483 energy: -17.6076
MCReject   xShift: 6.94981 crossingAngle: -41.9966 axialRotation: -68.9875 zShift: 5.09275 energy: -17.5717
MCReject   xShift: 6.94981 crossingAngle: -41.8344 axialRotation: -68.9875 zShift: 5.09483 energy: -17.3743
MCReject   xShift: 6.94683 crossingAngle: -41.9966 axialRotation: -68.9875 zShift: 5.09483 energy: -17.5653
MCReject   xShift: 6.94981 crossingAngle: -41.722 axialRotation: -68.9875 zShift: 5.09483 energy: -17.1768
MCReject   xShift: 6.94134 crossingAngle: -41.9966 axialRotation: -68.9875 zShift: 5.09483 energy: -17.5682
MCReject   xShift: 6.94587 crossingAngle: -41.9966 axialRotation: -68.9875 zShift: 5.09483 energy: -17.5825
MCReject   xShift: 6.99808 crossingAngle: -41.9966 axialRotation: -68.9875 zShift: 5.09483 energy: -17.539
MCReject   xShift: 6.94981 crossingAngle: -42.0643 axialRotation: -68.9875 zShift: 5.09483 energy: -17.6444
MCReject   xShift: 6.94981 crossingAngle: -41.9966 axialRotation: -68.9875 zShift: 5.06252 energy: -17.2791
MCReject   xShift: 6.94981 crossingAngle: -41.9966 axialRotation: -69.2232 zShift: 5.09483 energy: -17.1433
MCReject   xShift: 6.94981 crossingAngle: -41.9966 axialRotation: -68.9875 zShift: 5.07586 energy: -17.5599
MCReject   xShift: 6.94981 crossingAngle: -41.7037 axialRotation: -68.9875 zShift: 5.09483 energy: -17.1406
MCReject   xShift: 6.94981 crossingAngle: -41.9966 axialRotation: -68.9875 zShift: 5.09513 energy: -17.5929
MCReject   xShift: 6.94981 crossingAngle: -41.9966 axialRotation: -68.6591 zShift: 5.09483 energy: -17.9895
MCReject   xShift: 6.94981 crossingAngle: -42.1134 axialRotation: -68.9875 zShift: 5.09483 energy: -17.7068
MCReject   xShift: 6.94981 crossingAngle: -42.1588 axialRotation: -68.9875 zShift: 5.09483 energy: -17.7256
MCReject   xShift: 6.94981 crossingAngle: -41.9966 axialRotation: -68.9875 zShift: 5.06166 energy: -17.5661
MCReject   xShift: 6.9389 crossingAngle: -41.9966 axialRotation: -68.9875 zShift: 5.09483 energy: -17.5593
MCReject   xShift: 7.00239 crossingAngle: -41.9966 axialRotation: -68.9875 zShift: 5.09483 energy: -17.523
MCReject   xShift: 6.94981 crossingAngle: -42.2548 axialRotation: -68.9875 zShift: 5.09483 energy: -17.8015
MCReject   xShift: 6.94981 crossingAngle: -41.9966 axialRotation: -68.9875 zShift: 5.07701 energy: -17.5819
MCReject   xShift: 6.94981 crossingAngle: -41.9966 axialRotation: -68.9875 zShift: 5.0944 energy: -17.5725
MCReject   xShift: 6.91821 crossingAngle: -41.9966 axialRotation: -68.9875 zShift: 5.09483 energy: -17.4504
MCReject   xShift: 6.94981 crossingAngle: -42.19 axialRotation: -68.9875 zShift: 5.09483 energy: -17.7636
MCReject   xShift: 6.93102 crossingAngle: -41.9966 axialRotation: -68.9875 zShift: 5.09483 energy: -17.5064
MCReject   xShift: 6.94981 crossingAngle: -41.9966 axialRotation: -69.0226 zShift: 5.09483 energy: -17.5352
MCReject   xShift: 6.94981 crossingAngle: -41.9966 axialRotation: -68.9875 zShift: 5.14383 energy: -17.5785
MCReject   xShift: 6.94372 crossingAngle: -41.9966 axialRotation: -68.9875 zShift: 5.09483 energy: -17.576
MCReject   xShift: 6.92109 crossingAngle: -41.9966 axialRotation: -68.9875 zShift: 5.09483 energy: -17.4515
MCReject   xShift: 6.94981 crossingAngle: -41.9982 axialRotation: -68.9875 zShift: 5.09483 energy: -17.5946
MCReject   xShift: 6.94981 crossingAngle: -41.9966 axialRotation: -68.6781 zShift: 5.09483 energy: -17.9521
MCReject   xShift: 6.94981 crossingAngle: -41.9966 axialRotation: -68.9853 zShift: 5.09483 energy: -17.5762
MCReject   xShift: 6.94981 crossingAngle: -41.9966 axialRotation: -68.9875 zShift: 5.10952 energy: -17.576
MCReject   xShift: 6.94981 crossingAngle: -41.9966 axialRotation: -68.7713 zShift: 5.09483 energy: -17.8608
MCReject   xShift: 6.94981 crossingAngle: -41.9966 axialRotation: -68.6647 zShift: 5.09483 energy: -17.7013
MCReject   xShift: 6.94981 crossingAngle: -41.9966 axialRotation: -68.9875 zShift: 5.08365 energy: -17.5869
MCReject   xShift: 6.94981 crossingAngle: -41.9685 axialRotation: -68.9875 zShift: 5.09483 energy: -17.5602
MCReject   xShift: 6.94981 crossingAngle: -41.9966 axialRotation: -69.039 zShift: 5.09483 energy: -17.5072
MCReject   xShift: 6.94658 crossingAngle: -41.9966 axialRotation: -68.9875 zShift: 5.09483 energy: -17.5845
MCReject   xShift: 6.94486 crossingAngle: -41.9966 axialRotation: -68.9875 zShift: 5.09483 energy: -17.5795
MCReject   xShift: 6.93398 crossingAngle: -41.9966 axialRotation: -68.9875 zShift: 5.09483 energy: -17.2696
MCReject   xShift: 6.94981 crossingAngle: -41.9966 axialRotation: -68.9875 zShift: 5.07508 energy: -17.5592
MCReject   xShift: 6.94981 crossingAngle: -41.9966 axialRotation: -68.9875 zShift: 5.05639 energy: -17.5371
MCReject   xShift: 6.94981 crossingAngle: -41.9966 axialRotation: -68.986 zShift: 5.09483 energy: -17.5751
MCReject   xShift: 6.94981 crossingAngle: -41.8937 axialRotation: -68.9875 zShift: 5.09483 energy: -17.4404
MCReject   xShift: 6.94981 crossingAngle: -41.9966 axialRotation: -68.9875 zShift: 5.07593 energy: -17.56
MCReject   xShift: 6.94981 crossingAngle: -41.9966 axialRotation: -68.7738 zShift: 5.09483 energy: -17.8581
MCReject   xShift: 6.94981 crossingAngle: -41.9966 axialRotation: -69.0268 zShift: 5.09483 energy: -17.5081
MCReject   xShift: 6.94981 crossingAngle: -41.9966 axialRotation: -68.9875 zShift: 5.08148 energy: -17.5854
MCReject   xShift: 6.94981 crossingAngle: -41.9966 axialRotation: -68.9875 zShift: 5.10789 energy: -17.5954
MCReject   xShift: 6.94981 crossingAngle: -42.3256 axialRotation: -68.9875 zShift: 5.09483 energy: -17.8326
MCReject   xShift: 6.94981 crossingAngle: -41.9966 axialRotation: -68.7522 zShift: 5.09483 energy: -17.9019
MCReject   xShift: 6.97987 crossingAngle: -41.9966 axialRotation: -68.9875 zShift: 5.09483 energy: -17.6065
MCReject   xShift: 6.93863 crossingAngle: -41.9966 axialRotation: -68.9875 zShift: 5.09483 energy: -17.5391
MCReject   xShift: 6.94981 crossingAngle: -41.9842 axialRotation: -68.9875 zShift: 5.09483 energy: -17.5583
MCReject   xShift: 6.94981 crossingAngle: -42.0205 axialRotation: -68.9875 zShift: 5.09483 energy: -17.6189
MCReject   xShift: 6.94981 crossingAngle: -41.9966 axialRotation: -69.0078 zShift: 5.09483 energy: -17.5598
MCReject   xShift: 6.94981 crossingAngle: -41.9966 axialRotation: -68.9875 zShift: 5.08419 energy: -17.5873
MCReject   xShift: 6.94981 crossingAngle: -41.9966 axialRotation: -68.9875 zShift: 5.07879 energy: -17.5834
MCReject   xShift: 6.88702 crossingAngle: -41.9966 axialRotation: -68.9875 zShift: 5.09483 energy: -17.1488
MCReject   xShift: 6.94981 crossingAngle: -42.1303 axialRotation: -68.9875 zShift: 5.09483 energy: -17.7033
MCReject   xShift: 6.94981 crossingAngle: -41.9966 axialRotation: -68.9875 zShift: 5.0874 energy: -17.5893
MCReject   xShift: 6.93536 crossingAngle: -41.9966 axialRotation: -68.9875 zShift: 5.09483 energy: -17.545
MCReject   xShift: 6.96696 crossingAngle: -41.9966 axialRotation: -68.9875 zShift: 5.09483 energy: -17.6142
MCReject   xShift: 6.94981 crossingAngle: -41.9966 axialRotation: -69.1407 zShift: 5.09483 energy: -17.2982
MCReject   xShift: 6.94981 crossingAngle: -41.9966 axialRotation: -69.0193 zShift: 5.09483 energy: -17.5407
MCReject   xShift: 6.94981 crossingAngle: -41.9966 axialRotation: -68.9875 zShift: 5.05609 energy: -17.5589
MCReject   xShift: 6.97723 crossingAngle: -41.9966 axialRotation: -68.9875 zShift: 5.09483 energy: -17.3486
MCReject   xShift: 6.9837 crossingAngle: -41.9966 axialRotation: -68.9875 zShift: 5.09483 energy: -17.5776
MCReject   xShift: 6.94981 crossingAngle: -42.1183 axialRotation: -68.9875 zShift: 5.09483 energy: -17.7108
MCReject   xShift: 6.94981 crossingAngle: -41.9966 axialRotation: -68.9875 zShift: 5.05934 energy: -17.2978
MCReject   xShift: 6.94981 crossingAngle: -41.747 axialRotation: -68.9875 zShift: 5.09483 energy: -17.1983
MCReject   xShift: 6.94981 crossingAngle: -41.9966 axialRotation: -68.8473 zShift: 5.09483 energy: -17.7926
MCReject   xShift: 6.94981 crossingAngle: -41.9966 axialRotation: -68.9875 zShift: 5.11868 energy: -17.594
MCReject   xShift: 6.94981 crossingAngle: -41.9966 axialRotation: -68.9875 zShift: 5.09249 energy: -17.5918
MCReject   xShift: 6.94981 crossingAngle: -41.9966 axialRotation: -68.7906 zShift: 5.09483 energy: -17.8601
MCReject   xShift: 6.94981 crossingAngle: -42.0383 axialRotation: -68.9875 zShift: 5.09483 energy: -17.6374
MCReject   xShift: 6.9132 crossingAngle: -41.9966 axialRotation: -68.9875 zShift: 5.09483 energy: -17.3975
MCReject   xShift: 6.94981 crossingAngle: -41.9966 axialRotation: -68.9875 zShift: 5.11676 energy: -17.5754
MCReject   xShift: 6.94981 crossingAngle: -41.9854 axialRotation: -68.9875 zShift: 5.09483 energy: -17.5597
MCReject   xShift: 6.94981 crossingAngle: -41.9966 axialRotation: -68.9875 zShift: 5.09153 energy: -17.5711
MCReject   xShift: 6.94981 crossingAngle: -41.821 axialRotation: -68.9875 zShift: 5.09483 energy: -17.3287
MCReject   xShift: 6.93627 crossingAngle: -41.9966 axialRotation: -68.9875 zShift: 5.09483 energy: -17.5298
MCReject   xShift: 6.94981 crossingAngle: -41.9966 axialRotation: -68.6087 zShift: 5.09483 energy: -18.0293
MCReject   xShift: 6.94981 crossingAngle: -42.4105 axialRotation: -68.9875 zShift: 5.09483 energy: -17.8455
MCReject   xShift: 6.94981 crossingAngle: -41.9966 axialRotation: -69.1097 zShift: 5.09483 energy: -17.3784
MCReject   xShift: 6.94981 crossingAngle: -41.9966 axialRotation: -68.9296 zShift: 5.09483 energy: -17.6811
MCReject   xShift: 6.9619 crossingAngle: -41.9966 axialRotation: -68.9875 zShift: 5.09483 energy: -17.5906
MCReject   xShift: 6.94981 crossingAngle: -41.7674 axialRotation: -68.9875 zShift: 5.09483 energy: -17.2614
MCReject   xShift: 6.94981 crossingAngle: -41.9966 axialRotation: -68.9875 zShift: 5.08995 energy: -17.5906
MCReject   xShift: 6.94981 crossingAngle: -41.9966 axialRotation: -68.9875 zShift: 5.11863 energy: -17.575
MCReject   xShift: 6.96522 crossingAngle: -41.9966 axialRotation: -68.9875 zShift: 5.09483 energy: -17.5924
MCReject   xShift: 6.94981 crossingAngle: -41.5136 axialRotation: -68.9875 zShift: 5.09483 energy: -16.7236
MCReject   xShift: 6.94981 crossingAngle: -42.1079 axialRotation: -68.9875 zShift: 5.09483 energy: -17.7021
MCReject   xShift: 6.94864 crossingAngle: -41.9966 axialRotation: -68.9875 zShift: 5.09483 energy: -17.5899
MCReject   xShift: 6.94981 crossingAngle: -41.9966 axialRotation: -69.3723 zShift: 5.09483 energy: -16.7776
MCReject   xShift: 6.94981 crossingAngle: -41.9966 axialRotation: -68.9875 zShift: 5.11407 energy: -17.595
MCReject   xShift: 6.94981 crossingAngle: -41.9966 axialRotation: -68.465 zShift: 5.09483 energy: -18.093
MCReject   xShift: 6.94981 crossingAngle: -41.9966 axialRotation: -69.454 zShift: 5.09483 energy: -16.5476
MCReject   xShift: 6.94981 crossingAngle: -41.9966 axialRotation: -68.9917 zShift: 5.09483 energy: -17.586
MCReject   xShift: 6.88831 crossingAngle: -41.9966 axialRotation: -68.9875 zShift: 5.09483 energy: -17.1787
MCReject   xShift: 6.94981 crossingAngle: -41.9966 axialRotation: -69.1977 zShift: 5.09483 energy: -17.1993
MCReject   xShift: 6.94981 crossingAngle: -41.9966 axialRotation: -68.9441 zShift: 5.09483 energy: -17.6597
MCReject   xShift: 6.94981 crossingAngle: -42.1811 axialRotation: -68.9875 zShift: 5.09483 energy: -17.7417
MCReject   xShift: 6.94981 crossingAngle: -41.9966 axialRotation: -68.596 zShift: 5.09483 energy: -18.0386
MCReject   xShift: 6.97473 crossingAngle: -41.9966 axialRotation: -68.9875 zShift: 5.09483 energy: -17.5898
MCReject   xShift: 6.94981 crossingAngle: -41.9966 axialRotation: -68.9875 zShift: 5.12718 energy: -17.5721
MCReject   xShift: 6.95025 crossingAngle: -41.9966 axialRotation: -68.9875 zShift: 5.09483 energy: -17.5938
MCReject   xShift: 6.90571 crossingAngle: -41.9966 axialRotation: -68.9875 zShift: 5.09483 energy: -17.0846
MCReject   xShift: 6.94981 crossingAngle: -41.9966 axialRotation: -68.9875 zShift: 5.12163 energy: -17.5931
MCReject   xShift: 6.97181 crossingAngle: -41.9966 axialRotation: -68.9875 zShift: 5.09483 energy: -17.6136
MCReject   xShift: 6.94981 crossingAngle: -42.0415 axialRotation: -68.9875 zShift: 5.09483 energy: -17.6407
MCReject   xShift: 7.00524 crossingAngle: -41.9966 axialRotation: -68.9875 zShift: 5.09483 energy: -17.5358
MCReject   xShift: 6.94981 crossingAngle: -41.9966 axialRotation: -68.9875 zShift: 5.14009 energy: -17.5819
MCReject   xShift: 6.94981 crossingAngle: -41.9065 axialRotation: -68.9875 zShift: 5.09483 energy: -17.4806
MCReject   xShift: 6.94356 crossingAngle: -41.9966 axialRotation: -68.9875 zShift: 5.09483 energy: -17.556
MCReject   xShift: 6.94981 crossingAngle: -41.9966 axialRotation: -68.9875 zShift: 5.09721 energy: -17.5936
MCReject   xShift: 6.90474 crossingAngle: -41.9966 axialRotation: -68.9875 zShift: 5.09483 energy: -17.3291
MCReject   xShift: 6.94981 crossingAngle: -41.8442 axialRotation: -68.9875 zShift: 5.09483 energy: -17.366
MCReject   xShift: 6.95184 crossingAngle: -41.9966 axialRotation: -68.9875 zShift: 5.09483 energy: -17.5973
MCReject   xShift: 6.91786 crossingAngle: -41.9966 axialRotation: -68.9875 zShift: 5.09483 energy: -17.1604
MCReject   xShift: 6.94981 crossingAngle: -41.9966 axialRotation: -69.3641 zShift: 5.09483 energy: -16.7995
MCReject   xShift: 6.94981 crossingAngle: -41.9966 axialRotation: -68.9875 zShift: 5.06699 energy: -17.5723
MCReject   xShift: 6.94981 crossingAngle: -41.9966 axialRotation: -69.1237 zShift: 5.09483 energy: -17.3317
MCReject   xShift: 6.94981 crossingAngle: -41.8765 axialRotation: -68.9875 zShift: 5.09483 energy: -17.4382
MCReject   xShift: 6.94981 crossingAngle: -41.9966 axialRotation: -68.9875 zShift: 5.0901 energy: -17.5704
MCReject   xShift: 6.94981 crossingAngle: -41.9966 axialRotation: -68.9875 zShift: 5.07773 energy: -17.5616
MCReject   xShift: 6.94981 crossingAngle: -41.9966 axialRotation: -68.9875 zShift: 5.08045 energy: -17.5846
MCReject   xShift: 6.91217 crossingAngle: -41.9966 axialRotation: -68.9875 zShift: 5.09483 energy: -17.4068
MCReject   xShift: 6.94981 crossingAngle: -41.9966 axialRotation: -68.9875 zShift: 5.09621 energy: -17.5933
MCReject   xShift: 6.94981 crossingAngle: -41.9966 axialRotation: -69.2688 zShift: 5.09483 energy: -17.0193
MCReject   xShift: 6.94981 crossingAngle: -41.8479 axialRotation: -68.9875 zShift: 5.09483 energy: -17.3953
MCReject   xShift: 6.94981 crossingAngle: -41.9834 axialRotation: -68.9875 zShift: 5.09483 energy: -17.5573
MCReject   xShift: 6.94981 crossingAngle: -41.9966 axialRotation: -68.9875 zShift: 5.068 energy: -17.5734
MCReject   xShift: 6.94981 crossingAngle: -42.008 axialRotation: -68.9875 zShift: 5.09483 energy: -17.6054
MCReject   xShift: 6.94981 crossingAngle: -41.9966 axialRotation: -69.1744 zShift: 5.09483 energy: -17.2487
MCReject   xShift: 6.94981 crossingAngle: -41.9966 axialRotation: -69.055 zShift: 5.09483 energy: -17.2183
MCReject   xShift: 6.96047 crossingAngle: -41.9966 axialRotation: -68.9875 zShift: 5.09483 energy: -17.6104
MCReject   xShift: 6.94981 crossingAngle: -41.9966 axialRotation: -69.1783 zShift: 5.09483 energy: -17.2211
MCReject   xShift: 6.91974 crossingAngle: -41.9966 axialRotation: -68.9875 zShift: 5.09483 energy: -17.4606
End Repack Cycles

***REPACK GEOMETRY***
xShift;        Before: 6.94824; After: 6.94981
crossingAngle; Before: -42.4881; After: -41.9966
axialRotation; Before: -68.9875; After: -68.9875
zShift;        Before: 4.9607; After: 5.09483

axialRotationPrime; Before: 60.0932; After: 61.0867
zShiftPrime;        Before: 4.3621; After: 4.51113

Energy;        Before: -8.11978; After: -17.5928

Completed all cycles. Accepted 170/405
Monte Carlo repack complete. Time: 91.1min

