03_03_2023
Self Consistent Mean Field Start Time: Fri Mar  3 06:02:12 2023
Elapsed time of program: 0.271min

Running Self Consistent Mean Field
Initial Sequence:   LLLTLLLGTLLGTLLGTLILI
Best Sequence:      LLLTLLLGTLLGTLLGTLILI
Interface Sequence: L--TL--GT-LGT-LGT--L-
Total Energy:       -22.2
VDW:                -78.9
HBOND:              -90.5
Self Consistent Mean Field End Time: Fri Mar  3 06:53:17 2023
Elapsed time of program: 51.3min

Monte Carlo Sequence Search Replicate 0 Start Time: Fri Mar  3 06:53:24 2023
Elapsed time of program: 51.5min

  - SelfPairManager energy calculation 0 Start Time: Fri Mar  3 06:53:37 2023
Elapsed time of program: 51.7min

  - SelfPairManager energy calculation 0 End Time: Fri Mar  3 06:54:19 2023
Elapsed time of program: 52.4min

- End monte carlo sequence search #0: 57.9min; Monte Carlo ended at Temp: 0.547

- Best Sequence: LLLTLLLGVLLGFLLGILILI; Energy w/ baseline: -12.2
Monte Carlo Sequence Search Replicate 0 End Time: Fri Mar  3 07:52:13 2023
Elapsed time of program: 110min

Compute Monomer Energy Start Time: Fri Mar  3 07:52:35 2023
Elapsed time of program: 111min

-Dimer - Monomer = -361 - -341 = -19.7
Compute Monomer Energy End Time: Fri Mar  3 07:55:17 2023
Elapsed time of program: 113min

Backbone optimize replicate 0 Start Time: Fri Mar  3 07:55:17 2023
Elapsed time of program: 113min

Backbone optimize replicate 0 End Time: Fri Mar  3 10:00:01 2023
Elapsed time of program: 238min

Monte Carlo Sequence Search Replicate 1 Start Time: Fri Mar  3 10:00:02 2023
Elapsed time of program: 238min

  - SelfPairManager energy calculation 1 Start Time: Fri Mar  3 10:00:17 2023
Elapsed time of program: 238min

  - SelfPairManager energy calculation 1 End Time: Fri Mar  3 10:01:00 2023
Elapsed time of program: 239min

- End monte carlo sequence search #1: 69.5min; Monte Carlo ended at Temp: 0.547

- Best Sequence: LLLTFLLGVLLGLLLGALILI; Energy w/ baseline: -20.4
Monte Carlo Sequence Search Replicate 1 End Time: Fri Mar  3 11:10:33 2023
Elapsed time of program: 309min

Compute Monomer Energy Start Time: Fri Mar  3 11:11:05 2023
Elapsed time of program: 309min

-Dimer - Monomer = -362 - -336 = -25.8
Compute Monomer Energy End Time: Fri Mar  3 11:13:59 2023
Elapsed time of program: 312min

Backbone optimize replicate 1 Start Time: Fri Mar  3 11:14:00 2023
Elapsed time of program: 312min

Backbone optimize replicate 1 End Time: Fri Mar  3 13:38:50 2023
Elapsed time of program: 457min

Monte Carlo Sequence Search Replicate 2 Start Time: Fri Mar  3 13:38:50 2023
Elapsed time of program: 457min

  - SelfPairManager energy calculation 2 Start Time: Fri Mar  3 13:38:59 2023
Elapsed time of program: 457min

  - SelfPairManager energy calculation 2 End Time: Fri Mar  3 13:39:37 2023
Elapsed time of program: 458min

- End monte carlo sequence search #2: 55.4min; Monte Carlo ended at Temp: 0.547

- Best Sequence: LLLTLLLGVLLGLLLGFLILI; Energy w/ baseline: -25.2
Monte Carlo Sequence Search Replicate 2 End Time: Fri Mar  3 14:35:00 2023
Elapsed time of program: 513min

Compute Monomer Energy Start Time: Fri Mar  3 14:35:21 2023
Elapsed time of program: 513min

-Dimer - Monomer = -375 - -348 = -27.7
Compute Monomer Energy End Time: Fri Mar  3 14:37:51 2023
Elapsed time of program: 516min

Backbone optimize replicate 2 Start Time: Fri Mar  3 14:37:51 2023
Elapsed time of program: 516min

Backbone optimize replicate 2 End Time: Fri Mar  3 16:08:43 2023
Elapsed time of program: 607min

Monte Carlo Sequence Search Replicate 3 Start Time: Fri Mar  3 16:08:44 2023
Elapsed time of program: 607min

  - SelfPairManager energy calculation 3 Start Time: Fri Mar  3 16:08:59 2023
Elapsed time of program: 607min

  - SelfPairManager energy calculation 3 End Time: Fri Mar  3 16:09:43 2023
Elapsed time of program: 608min

- End monte carlo sequence search #3: 59min; Monte Carlo ended at Temp: 0.547

- Best Sequence: LLLTFLLGVLLGLLLGALILI; Energy w/ baseline: -26.9
Monte Carlo Sequence Search Replicate 3 End Time: Fri Mar  3 17:08:40 2023
Elapsed time of program: 667min

Compute Monomer Energy Start Time: Fri Mar  3 17:09:06 2023
Elapsed time of program: 667min

-Dimer - Monomer = -369 - -335 = -33.2
Compute Monomer Energy End Time: Fri Mar  3 17:11:40 2023
Elapsed time of program: 670min

Backbone optimize replicate 3 Start Time: Fri Mar  3 17:11:40 2023
Elapsed time of program: 670min

Backbone optimize replicate 3 End Time: Fri Mar  3 18:50:43 2023
Elapsed time of program: 769min

Monte Carlo Sequence Search Replicate 4 Start Time: Fri Mar  3 18:50:44 2023
Elapsed time of program: 769min

  - SelfPairManager energy calculation 4 Start Time: Fri Mar  3 18:50:59 2023
Elapsed time of program: 769min

  - SelfPairManager energy calculation 4 End Time: Fri Mar  3 18:51:44 2023
Elapsed time of program: 770min

- End monte carlo sequence search #4: 55.4min; Monte Carlo ended at Temp: 0.547

- Best Sequence: LLLAVLLGILLGLLLGFLILI; Energy w/ baseline: -20.7
Monte Carlo Sequence Search Replicate 4 End Time: Fri Mar  3 19:47:05 2023
Elapsed time of program: 825min

Compute Monomer Energy Start Time: Fri Mar  3 19:47:27 2023
Elapsed time of program: 826min

-Dimer - Monomer = -363 - -338 = -24.7
Compute Monomer Energy End Time: Fri Mar  3 19:49:59 2023
Elapsed time of program: 828min

Backbone optimize replicate 4 Start Time: Fri Mar  3 19:50:00 2023
Elapsed time of program: 828min

Backbone optimize replicate 4 End Time: Fri Mar  3 21:03:05 2023
Elapsed time of program: 901min

Sequence,RotamerValues,Interface,InterfaceSequence,Seed,Density,Baseline,Dimer,Dimerw/Baseline,HBONDDimer,HBONDDimerOptimize,HBONDDimerPreOptimize,HBONDMonomer,IMM1Dimer,IMM1DimerOptimize,IMM1DimerPreOptimize,IMM1Monomer,Monomer,MonomerSasa,OptimizeSasa,PreBBOptimizeSasa,SequenceEntropy,SequenceProbability,Total,TotalPreOptimize,Totalw/Entropy,VDWDimer,VDWDimerOptimize,VDWDimerPreOptimize,VDWMonomer,acceptCycleNumber,acceptTemp,endAxialRotation,endAxialRotationPrime,endCrossingAngle,endXShift,endZShift,endZShiftPrime,firstRepackEnergy,preOptimizeAxialRotation,preOptimizeAxialRotationPrime,preOptimizeCrossingAngle,preOptimizeEnergy,preOptimizeXShift,preOptimizeZShift,preOptimizeZShiftPrime,preRepackTotal,replicateNumber,startAxialRotation,startAxialRotationPrime,startCrossingAngle,startXShift,startZShift,startZShiftPrime,
LLLAVLLGILLGLLLGFLILI,133002200210021003312,000110011001100110000,L--AV--GI-LGL-LGF--L-,1.67784e+09,0.99,342.383,-363.055,-20.6713,-55.7789,-56.2342,-55.5663,-45.1579,-210.725,-211.066,-210.717,-234.255,-338.393,4379.49,3594.85,3480.89,50.8499,0.000186049,-30.1189,-24.4649,30.1785,-96.5511,-101.211,-96.5746,-58.9803,531,231.516,-90.0074,36.8328,-37.9668,6.34116,4.97354,4.02603,-29.9293,-90.0074,37.4095,-37.7218,-24.4649,6.40963,5.05139,4.11253,-24.6615,4,-90.0074,38.3333,-42.1317,6.7822,5.1761,4.2511,
LLLTFLLGVLLGLLLGALILI,133002200210021003312,000110011001100110000,L--TF--GV-LGL-LGA--L-,1.67784e+09,0.99,341.732,-368.607,-26.8748,-56.205,-55.5612,-55.937,-45.1579,-213.42,-215.068,-213.418,-237.308,-335.449,4522.25,3492.86,3466.97,54.4382,0.000101481,-36.9313,-32.9102,27.5634,-98.9815,-101.752,-99.005,-52.9837,460,72.839,-90.0074,37.4095,-37.7218,6.40963,5.05139,4.11253,-37.0832,-90.0074,36.9632,-37.5487,-32.9102,6.39291,4.99114,4.04558,-33.1574,3,-90.0074,38.3333,-42.1317,6.7822,5.1761,4.2511,
LLLTLLLGVLLGFLLGILILI,133002200210021003312,000110011001100110000,L--TL--GV-LGF-LGI--L-,1.67784e+09,0.99,348.822,-360.98,-12.1577,-49.0979,-52.3562,-48.8774,-45.1579,-220.252,-221.173,-220.25,-241.339,-341.263,4496.51,3566.3,3610.07,55.4271,8.58686e-05,-31.8391,-19.5149,43.2694,-91.6304,-99.5729,-91.65,-54.7663,504,9.41515,-90.0074,37.8647,-40.8232,6.58618,5.11284,4.18081,-23.8084,-90.0074,38.3333,-42.1317,-19.5149,6.7822,5.1761,4.2511,-19.717,0,-90.0074,38.3333,-42.1317,6.7822,5.1761,4.2511,
LLLTLLLGVLLGLLLGFLILI,133002200210021003312,000110011001100110000,L--TL--GV-LGL-LGF--L-,1.67784e+09,0.99,350.169,-375.37,-25.2015,-53.754,-56.0117,-53.5317,-45.1579,-220.178,-219.208,-220.177,-241.278,-347.661,4458.83,3566.19,3560.48,56.2386,7.48689e-05,-33.9155,-27.5052,31.0372,-101.438,-106.357,-101.458,-61.225,503,20.966,-90.0074,36.9632,-37.5487,6.39291,4.99114,4.04558,-32.4832,-90.0074,37.9927,-40.4861,-27.5052,6.38633,5.13012,4.20001,-27.7096,2,-90.0074,38.3333,-42.1317,6.7822,5.1761,4.2511,
Total Time: 901 minutes
