03_03_2023
Self Consistent Mean Field Start Time: Fri Mar  3 01:55:40 2023
Elapsed time of program: 0.335min

Running Self Consistent Mean Field
Initial Sequence:   LLLYVLLGTLLGTLLSTLILI
Best Sequence:      LLLYVLLGTLLGTLLSTLILI
Interface Sequence: L--YV--GT-LGT--ST--L-
Total Energy:       -23.5
VDW:                -60.5
HBOND:              -98.9
Self Consistent Mean Field End Time: Fri Mar  3 02:47:10 2023
Elapsed time of program: 51.8min

Monte Carlo Sequence Search Replicate 0 Start Time: Fri Mar  3 02:47:17 2023
Elapsed time of program: 52min

  - SelfPairManager energy calculation 0 Start Time: Fri Mar  3 02:47:30 2023
Elapsed time of program: 52.2min

  - SelfPairManager energy calculation 0 End Time: Fri Mar  3 02:48:12 2023
Elapsed time of program: 52.9min

- End monte carlo sequence search #0: 59min; Monte Carlo ended at Temp: 0.547

- Best Sequence: LLLAFLLGLLLGVLLSTLILI; Energy w/ baseline: -22.7
Monte Carlo Sequence Search Replicate 0 End Time: Fri Mar  3 03:47:15 2023
Elapsed time of program: 112min

Compute Monomer Energy Start Time: Fri Mar  3 03:47:36 2023
Elapsed time of program: 112min

-Dimer - Monomer = -376 - -358 = -18.1
Compute Monomer Energy End Time: Fri Mar  3 03:50:50 2023
Elapsed time of program: 116min

Backbone optimize replicate 0 Start Time: Fri Mar  3 03:50:51 2023
Elapsed time of program: 116min

Backbone optimize replicate 0 End Time: Fri Mar  3 06:03:40 2023
Elapsed time of program: 248min

Monte Carlo Sequence Search Replicate 1 Start Time: Fri Mar  3 06:03:41 2023
Elapsed time of program: 248min

  - SelfPairManager energy calculation 1 Start Time: Fri Mar  3 06:03:55 2023
Elapsed time of program: 249min

  - SelfPairManager energy calculation 1 End Time: Fri Mar  3 06:04:32 2023
Elapsed time of program: 249min

- End monte carlo sequence search #1: 63.1min; Monte Carlo ended at Temp: 0.547

- Best Sequence: LLLAFLLGALLGVLLSLLILI; Energy w/ baseline: -22
Monte Carlo Sequence Search Replicate 1 End Time: Fri Mar  3 07:07:39 2023
Elapsed time of program: 312min

Compute Monomer Energy Start Time: Fri Mar  3 07:08:03 2023
Elapsed time of program: 313min

-Dimer - Monomer = -369 - -347 = -22.2
Compute Monomer Energy End Time: Fri Mar  3 07:10:48 2023
Elapsed time of program: 315min

Backbone optimize replicate 1 Start Time: Fri Mar  3 07:10:49 2023
Elapsed time of program: 315min

Backbone optimize replicate 1 End Time: Fri Mar  3 08:50:15 2023
Elapsed time of program: 415min

Monte Carlo Sequence Search Replicate 2 Start Time: Fri Mar  3 08:50:15 2023
Elapsed time of program: 415min

  - SelfPairManager energy calculation 2 Start Time: Fri Mar  3 08:50:31 2023
Elapsed time of program: 415min

  - SelfPairManager energy calculation 2 End Time: Fri Mar  3 08:51:14 2023
Elapsed time of program: 416min

- End monte carlo sequence search #2: 60min; Monte Carlo ended at Temp: 0.547

- Best Sequence: LLLTFLLGALLGILLSLLILI; Energy w/ baseline: -25.8
Monte Carlo Sequence Search Replicate 2 End Time: Fri Mar  3 09:51:16 2023
Elapsed time of program: 476min

Compute Monomer Energy Start Time: Fri Mar  3 09:51:39 2023
Elapsed time of program: 476min

-Dimer - Monomer = -383 - -359 = -24.3
Compute Monomer Energy End Time: Fri Mar  3 09:54:05 2023
Elapsed time of program: 479min

Backbone optimize replicate 2 Start Time: Fri Mar  3 09:54:06 2023
Elapsed time of program: 479min

Backbone optimize replicate 2 End Time: Fri Mar  3 12:24:30 2023
Elapsed time of program: 629min

Monte Carlo Sequence Search Replicate 3 Start Time: Fri Mar  3 12:24:30 2023
Elapsed time of program: 629min

  - SelfPairManager energy calculation 3 Start Time: Fri Mar  3 12:24:45 2023
Elapsed time of program: 629min

  - SelfPairManager energy calculation 3 End Time: Fri Mar  3 12:25:24 2023
Elapsed time of program: 630min

- End monte carlo sequence search #3: 62.9min; Monte Carlo ended at Temp: 0.547

- Best Sequence: LLLTFLLGALLGILLSLLILI; Energy w/ baseline: -25.7
Monte Carlo Sequence Search Replicate 3 End Time: Fri Mar  3 13:28:19 2023
Elapsed time of program: 693min

Sequence,RotamerValues,Interface,InterfaceSequence,Seed,Density,Baseline,Dimer,Dimerw/Baseline,HBONDDimer,HBONDDimerOptimize,HBONDDimerPreOptimize,HBONDMonomer,IMM1Dimer,IMM1DimerOptimize,IMM1DimerPreOptimize,IMM1Monomer,Monomer,MonomerSasa,OptimizeSasa,PreBBOptimizeSasa,SequenceEntropy,SequenceProbability,Total,TotalPreOptimize,Totalw/Entropy,VDWDimer,VDWDimerOptimize,VDWDimerPreOptimize,VDWMonomer,acceptCycleNumber,acceptTemp,endAxialRotation,endAxialRotationPrime,endCrossingAngle,endXShift,endZShift,endZShiftPrime,firstRepackEnergy,preOptimizeAxialRotation,preOptimizeAxialRotationPrime,preOptimizeCrossingAngle,preOptimizeEnergy,preOptimizeXShift,preOptimizeZShift,preOptimizeZShiftPrime,preRepackTotal,replicateNumber,startAxialRotation,startAxialRotationPrime,startCrossingAngle,startXShift,startZShift,startZShiftPrime,
LLLAFLLGALLGVLLSLLILI,123002300310032003212,000110011001100110000,L--AF--GA-LGV--SL--L-,1.67783e+09,0.99,347.389,-369.425,-22.0361,-70.1678,-70.3614,-69.9719,-60.5031,-214.828,-215.473,-214.821,-233.725,-347.217,4487.54,3646.72,3640.15,48.3615,0.000283252,-31.2801,-22.0272,26.3254,-84.429,-92.6622,-84.4504,-52.9885,464,193.783,-77.8631,57.7014,-45.5483,6.55572,5.96915,5.33468,-27.6082,-77.8631,57.8074,-43.5815,-22.0272,6.73301,5.98347,5.35059,-22.2088,1,-77.8631,56.6562,-43.9434,6.8019,5.82806,5.1779,
LLLAFLLGLLLGVLLSTLILI,123002300310032003212,000110011001100110000,L--AF--GL-LGV--ST--L-,1.67783e+09,0.99,353.777,-376.444,-22.6671,-83.6116,-83.858,-83.4724,-74.2931,-217.687,-217.862,-217.68,-237.089,-358.391,4460.87,3627.81,3572.6,48.8354,0.000261463,-31.6614,-17.9243,26.1683,-75.1452,-88.3321,-75.1628,-47.009,465,124.21,-77.8631,57.8074,-43.5815,6.73301,5.98347,5.35059,-28.7141,-77.8631,56.6562,-43.9434,-17.9243,6.8019,5.82806,5.1779,-18.0533,0,-77.8631,56.6562,-43.9434,6.8019,5.82806,5.1779,
LLLTFLLGALLGILLSLLILI,123002300310032003212,000110011001100110000,L--TF--GA-LGI--SL--L-,1.67783e+09,0.99,357.121,-382.956,-25.8351,-70.7886,-71.6085,-70.6025,-60.4607,-221.722,-222.701,-221.719,-242.717,-358.622,4520.44,3601.9,3581.59,49.0751,0.000251088,-31.2093,-24.1627,23.24,-90.4459,-95.5216,-90.4629,-55.4435,493,46.6879,-77.8631,56.4657,-46.3871,6.52519,5.80234,5.14932,-31.5254,-77.8631,57.7014,-45.5483,-24.1627,6.55572,5.96915,5.33468,-24.3344,2,-77.8631,56.6562,-43.9434,6.8019,5.82806,5.1779,
Total Time: 693 minutes
