***STARTING GEOMETRY***
xShift;        Before: 6.4184; After: 6.4184
crossingAngle; Before: -37.8744; After: -37.8744
axialRotation; Before: -92.5815; After: -92.5815
zShift;        Before: 5.97266; After: 5.97266

axialRotationPrime; Before: 41.3736; After: 41.3736
zShiftPrime;        Before: 5.09326; After: 5.09326

Starting Repack Cycles
MCAccept 0 xShift: 6.4184 crossingAngle: -37.8744 axialRotation: -92.5815 zShift: 5.94453 energy: -30.5588
MCAccept 1 xShift: 6.41847 crossingAngle: -37.8744 axialRotation: -92.5815 zShift: 5.94453 energy: -30.5582
MCAccept 2 xShift: 6.41847 crossingAngle: -38.2879 axialRotation: -92.5815 zShift: 5.94453 energy: -30.2225
MCAccept 3 xShift: 6.41847 crossingAngle: -38.2879 axialRotation: -92.5815 zShift: 5.91987 energy: -30.285
MCAccept 4 xShift: 6.41443 crossingAngle: -38.2879 axialRotation: -92.5815 zShift: 5.91987 energy: -30.3176
MCAccept 5 xShift: 6.41443 crossingAngle: -38.2879 axialRotation: -92.5815 zShift: 5.89974 energy: -30.3184
MCAccept 6 xShift: 6.41443 crossingAngle: -38.2879 axialRotation: -92.5815 zShift: 5.89766 energy: -30.316
MCAccept 7 xShift: 6.41443 crossingAngle: -38.2879 axialRotation: -92.5815 zShift: 5.93581 energy: -30.286
MCAccept 8 xShift: 6.41443 crossingAngle: -38.2955 axialRotation: -92.5815 zShift: 5.93581 energy: -30.2796
MCAccept 9 xShift: 6.41443 crossingAngle: -38.4036 axialRotation: -92.5815 zShift: 5.93581 energy: -30.1876
MCReject   xShift: 6.41443 crossingAngle: -38.7728 axialRotation: -92.5815 zShift: 5.93581 energy: -29.8236
MCAccept 10 xShift: 6.41443 crossingAngle: -38.2661 axialRotation: -92.5815 zShift: 5.93581 energy: -30.3044
MCAccept 11 xShift: 6.40233 crossingAngle: -38.2661 axialRotation: -92.5815 zShift: 5.93581 energy: -30.3937
MCAccept 12 xShift: 6.40233 crossingAngle: -38.5755 axialRotation: -92.5815 zShift: 5.93581 energy: -30.1295
MCAccept 13 xShift: 6.40233 crossingAngle: -38.0965 axialRotation: -92.5815 zShift: 5.93581 energy: -30.5327
MCAccept 14 xShift: 6.36291 crossingAngle: -38.0965 axialRotation: -92.5815 zShift: 5.93581 energy: -30.6803
MCAccept 15 xShift: 6.30089 crossingAngle: -38.0965 axialRotation: -92.5815 zShift: 5.93581 energy: -30.6391
MCAccept 16 xShift: 6.30089 crossingAngle: -37.7616 axialRotation: -92.5815 zShift: 5.93581 energy: -30.893
MCAccept 17 xShift: 6.30089 crossingAngle: -37.7616 axialRotation: -92.5815 zShift: 5.91771 energy: -30.983
MCAccept 18 xShift: 6.30089 crossingAngle: -37.7616 axialRotation: -92.5815 zShift: 5.91016 energy: -31.0088
MCAccept 19 xShift: 6.30089 crossingAngle: -37.7616 axialRotation: -92.5815 zShift: 5.93686 energy: -30.8865
MCAccept 20 xShift: 6.32212 crossingAngle: -37.7616 axialRotation: -92.5815 zShift: 5.93686 energy: -30.9477
MCAccept 21 xShift: 6.32212 crossingAngle: -37.4461 axialRotation: -92.5815 zShift: 5.93686 energy: -31.1702
MCAccept 22 xShift: 6.32212 crossingAngle: -37.7334 axialRotation: -92.5815 zShift: 5.93686 energy: -30.9532
MCAccept 23 xShift: 6.32212 crossingAngle: -37.7334 axialRotation: -92.5815 zShift: 5.93519 energy: -30.964
MCAccept 24 xShift: 6.30024 crossingAngle: -37.7334 axialRotation: -92.5815 zShift: 5.93519 energy: -30.9139
MCAccept 25 xShift: 6.30024 crossingAngle: -37.7334 axialRotation: -92.5815 zShift: 5.94966 energy: -30.8131
MCAccept 26 xShift: 6.30024 crossingAngle: -37.3588 axialRotation: -92.5815 zShift: 5.94966 energy: -31.0579
MCAccept 27 xShift: 6.30024 crossingAngle: -37.4436 axialRotation: -92.5815 zShift: 5.94966 energy: -31.0056
MCAccept 28 xShift: 6.30024 crossingAngle: -37.4436 axialRotation: -92.5815 zShift: 5.88587 energy: -31.2485
MCAccept 29 xShift: 6.30024 crossingAngle: -37.1251 axialRotation: -92.5815 zShift: 5.88587 energy: -31.4454
MCAccept 30 xShift: 6.37788 crossingAngle: -37.1251 axialRotation: -92.5815 zShift: 5.88587 energy: -31.455
MCAccept 31 xShift: 6.37788 crossingAngle: -37.5184 axialRotation: -92.5815 zShift: 5.88587 energy: -31.1782
MCAccept 32 xShift: 6.28699 crossingAngle: -37.5184 axialRotation: -92.5815 zShift: 5.88587 energy: -31.1143
MCAccept 33 xShift: 6.28699 crossingAngle: -37.5184 axialRotation: -92.5815 zShift: 5.85564 energy: -31.0462
MCAccept 34 xShift: 6.28699 crossingAngle: -37.5184 axialRotation: -92.5815 zShift: 5.81354 energy: -30.7524
MCAccept 35 xShift: 6.32624 crossingAngle: -37.5184 axialRotation: -92.5815 zShift: 5.81354 energy: -31.0763
MCAccept 36 xShift: 6.32624 crossingAngle: -37.8505 axialRotation: -92.5815 zShift: 5.81354 energy: -30.8594
MCAccept 37 xShift: 6.40273 crossingAngle: -37.8505 axialRotation: -92.5815 zShift: 5.81354 energy: -30.1589
MCAccept 38 xShift: 6.40273 crossingAngle: -37.8505 axialRotation: -92.5815 zShift: 5.79875 energy: -30.6316
MCAccept 39 xShift: 6.39918 crossingAngle: -37.8505 axialRotation: -92.5815 zShift: 5.79875 energy: -30.6564
MCAccept 40 xShift: 6.39918 crossingAngle: -38.0304 axialRotation: -92.5815 zShift: 5.79875 energy: -30.5308
MCAccept 41 xShift: 6.39918 crossingAngle: -38.0304 axialRotation: -92.5815 zShift: 5.86409 energy: -30.6596
MCAccept 42 xShift: 6.39918 crossingAngle: -38.2596 axialRotation: -92.5815 zShift: 5.86409 energy: -30.4674
MCAccept 43 xShift: 6.39918 crossingAngle: -38.2596 axialRotation: -92.5815 zShift: 5.91482 energy: -30.4476
MCAccept 44 xShift: 6.39918 crossingAngle: -38.2596 axialRotation: -92.5815 zShift: 5.87858 energy: -30.4446
MCAccept 45 xShift: 6.40768 crossingAngle: -38.2596 axialRotation: -92.5815 zShift: 5.87858 energy: -30.3629
MCAccept 46 xShift: 6.40543 crossingAngle: -38.2596 axialRotation: -92.5815 zShift: 5.87858 energy: -30.3854
MCReject   xShift: 6.47984 crossingAngle: -38.2596 axialRotation: -92.5815 zShift: 5.87858 energy: -29.6082
MCAccept 47 xShift: 6.40543 crossingAngle: -38.2596 axialRotation: -92.5815 zShift: 5.97716 energy: -30.1193
MCAccept 48 xShift: 6.40543 crossingAngle: -38.2596 axialRotation: -92.5815 zShift: 5.97416 energy: -30.1265
MCAccept 49 xShift: 6.40543 crossingAngle: -38.7704 axialRotation: -92.5815 zShift: 5.97416 energy: -29.9459
MCAccept 50 xShift: 6.40543 crossingAngle: -38.7704 axialRotation: -92.5815 zShift: 5.90557 energy: -29.9676
MCAccept 51 xShift: 6.40543 crossingAngle: -39.0159 axialRotation: -92.5815 zShift: 5.90557 energy: -29.7457
MCAccept 52 xShift: 6.40543 crossingAngle: -39.0159 axialRotation: -92.5815 zShift: 5.90572 energy: -29.7458
MCAccept 53 xShift: 6.40543 crossingAngle: -39.0159 axialRotation: -92.5815 zShift: 5.87048 energy: -29.7182
MCAccept 54 xShift: 6.40543 crossingAngle: -39.0159 axialRotation: -92.5815 zShift: 5.83894 energy: -29.7435
MCAccept 55 xShift: 6.39732 crossingAngle: -39.0159 axialRotation: -92.5815 zShift: 5.83894 energy: -29.8273
MCReject   xShift: 6.40962 crossingAngle: -39.0159 axialRotation: -92.5815 zShift: 5.83894 energy: -29.7147
MCAccept 56 xShift: 6.39732 crossingAngle: -38.6356 axialRotation: -92.5815 zShift: 5.83894 energy: -30.1526
MCAccept 57 xShift: 6.42151 crossingAngle: -38.6356 axialRotation: -92.5815 zShift: 5.83894 energy: -29.9306
MCAccept 58 xShift: 6.42151 crossingAngle: -38.6356 axialRotation: -92.5815 zShift: 5.78968 energy: -29.8334
MCAccept 59 xShift: 6.42151 crossingAngle: -38.6884 axialRotation: -92.5815 zShift: 5.78968 energy: -29.8022
MCReject   xShift: 6.45416 crossingAngle: -38.6884 axialRotation: -92.5815 zShift: 5.78968 energy: -29.4202
MCAccept 60 xShift: 6.42151 crossingAngle: -38.8459 axialRotation: -92.5815 zShift: 5.78968 energy: -29.6621
MCAccept 61 xShift: 6.42151 crossingAngle: -38.6083 axialRotation: -92.5815 zShift: 5.78968 energy: -29.8666
MCAccept 62 xShift: 6.42151 crossingAngle: -38.6266 axialRotation: -92.5815 zShift: 5.78968 energy: -29.8519
MCAccept 63 xShift: 6.42118 crossingAngle: -38.6266 axialRotation: -92.5815 zShift: 5.78968 energy: -29.8551
MCAccept 64 xShift: 6.42118 crossingAngle: -38.6266 axialRotation: -92.5815 zShift: 5.82524 energy: -29.9355
MCAccept 65 xShift: 6.48713 crossingAngle: -38.6266 axialRotation: -92.5815 zShift: 5.82524 energy: -28.9972
MCAccept 66 xShift: 6.41637 crossingAngle: -38.6266 axialRotation: -92.5815 zShift: 5.82524 energy: -29.9859
MCAccept 67 xShift: 6.41637 crossingAngle: -38.7354 axialRotation: -92.5815 zShift: 5.82524 energy: -29.8919
MCAccept 68 xShift: 6.43051 crossingAngle: -38.7354 axialRotation: -92.5815 zShift: 5.82524 energy: -29.7358
MCAccept 69 xShift: 6.43051 crossingAngle: -38.7354 axialRotation: -92.5815 zShift: 5.81934 energy: -29.731
MCAccept 70 xShift: 6.43051 crossingAngle: -38.9796 axialRotation: -92.5815 zShift: 5.81934 energy: -29.5161
MCAccept 71 xShift: 6.36908 crossingAngle: -38.9796 axialRotation: -92.5815 zShift: 5.81934 energy: -30.0151
MCAccept 72 xShift: 6.36908 crossingAngle: -38.9796 axialRotation: -92.5815 zShift: 5.82305 energy: -30.0229
MCAccept 73 xShift: 6.41666 crossingAngle: -38.9796 axialRotation: -92.5815 zShift: 5.82305 energy: -29.672
MCAccept 74 xShift: 6.41666 crossingAngle: -38.9259 axialRotation: -92.5815 zShift: 5.82305 energy: -29.7198
MCAccept 75 xShift: 6.41666 crossingAngle: -38.9259 axialRotation: -92.5815 zShift: 5.81764 energy: -29.7144
MCAccept 76 xShift: 6.41666 crossingAngle: -38.9259 axialRotation: -92.5815 zShift: 5.76575 energy: -29.5567
MCReject   xShift: 6.482 crossingAngle: -38.9259 axialRotation: -92.5815 zShift: 5.76575 energy: -28.75
MCAccept 77 xShift: 6.41666 crossingAngle: -38.9259 axialRotation: -92.5815 zShift: 5.78118 energy: -29.6243
MCAccept 78 xShift: 6.41666 crossingAngle: -38.9259 axialRotation: -92.5815 zShift: 5.81012 energy: -29.7035
MCAccept 79 xShift: 6.41666 crossingAngle: -38.8623 axialRotation: -92.5815 zShift: 5.81012 energy: -29.7471
MCAccept 80 xShift: 6.41666 crossingAngle: -38.8623 axialRotation: -92.5815 zShift: 5.82981 energy: -29.7805
MCAccept 81 xShift: 6.41666 crossingAngle: -38.6369 axialRotation: -92.5815 zShift: 5.82981 energy: -29.9781
MCAccept 82 xShift: 6.45564 crossingAngle: -38.6369 axialRotation: -92.5815 zShift: 5.82981 energy: -29.4919
MCAccept 83 xShift: 6.45564 crossingAngle: -38.565 axialRotation: -92.5815 zShift: 5.82981 energy: -29.5552
MCAccept 84 xShift: 6.45564 crossingAngle: -38.565 axialRotation: -92.5815 zShift: 5.83916 energy: -29.5519
MCAccept 85 xShift: 6.45564 crossingAngle: -38.4946 axialRotation: -92.5815 zShift: 5.83916 energy: -29.6025
MCAccept 86 xShift: 6.46597 crossingAngle: -38.4946 axialRotation: -92.5815 zShift: 5.83916 energy: -29.4576
MCReject   xShift: 6.46597 crossingAngle: -38.8424 axialRotation: -92.5815 zShift: 5.83916 energy: -29.1623
MCReject   xShift: 6.51948 crossingAngle: -38.4946 axialRotation: -92.5815 zShift: 5.83916 energy: -28.6829
MCAccept 87 xShift: 6.46597 crossingAngle: -38.1823 axialRotation: -92.5815 zShift: 5.83916 energy: -29.7287
MCAccept 88 xShift: 6.46597 crossingAngle: -38.1823 axialRotation: -92.5815 zShift: 5.87407 energy: -29.8383
MCAccept 89 xShift: 6.46597 crossingAngle: -38.1777 axialRotation: -92.5815 zShift: 5.87407 energy: -29.8543
MCAccept 90 xShift: 6.40495 crossingAngle: -38.1777 axialRotation: -92.5815 zShift: 5.87407 energy: -30.4568
MCAccept 91 xShift: 6.40495 crossingAngle: -38.1777 axialRotation: -92.5815 zShift: 5.88368 energy: -30.4484
MCAccept 92 xShift: 6.40495 crossingAngle: -38.022 axialRotation: -92.5815 zShift: 5.88368 energy: -30.581
MCReject   xShift: 6.40495 crossingAngle: -38.022 axialRotation: -92.201 zShift: 5.88368 energy: -30.5438
MCAccept 93 xShift: 6.40495 crossingAngle: -38.022 axialRotation: -92.5815 zShift: 5.89481 energy: -30.5891
MCAccept 94 xShift: 6.42046 crossingAngle: -38.022 axialRotation: -92.5815 zShift: 5.89481 energy: -30.4849
MCAccept 95 xShift: 6.33826 crossingAngle: -38.022 axialRotation: -92.5815 zShift: 5.89481 energy: -30.9106
MCAccept 96 xShift: 6.33826 crossingAngle: -37.9718 axialRotation: -92.5815 zShift: 5.89481 energy: -30.9651
MCAccept 97 xShift: 6.37048 crossingAngle: -37.9718 axialRotation: -92.5815 zShift: 5.89481 energy: -30.8591
MCReject   xShift: 6.37048 crossingAngle: -38.1445 axialRotation: -92.5815 zShift: 5.89481 energy: -30.7154
MCAccept 98 xShift: 6.36418 crossingAngle: -37.9718 axialRotation: -92.5815 zShift: 5.89481 energy: -30.8915
MCAccept 99 xShift: 6.36418 crossingAngle: -38.0188 axialRotation: -92.5815 zShift: 5.89481 energy: -30.8531
MCAccept 100 xShift: 6.36418 crossingAngle: -37.9785 axialRotation: -92.5815 zShift: 5.89481 energy: -30.886
MCAccept 101 xShift: 6.36418 crossingAngle: -38.0464 axialRotation: -92.5815 zShift: 5.89481 energy: -30.8164
MCAccept 102 xShift: 6.37523 crossingAngle: -38.0464 axialRotation: -92.5815 zShift: 5.89481 energy: -30.7694
MCAccept 103 xShift: 6.37523 crossingAngle: -37.9937 axialRotation: -92.5815 zShift: 5.89481 energy: -30.8131
MCAccept 104 xShift: 6.37523 crossingAngle: -37.7449 axialRotation: -92.5815 zShift: 5.89481 energy: -31.0136
MCReject   xShift: 6.41812 crossingAngle: -37.7449 axialRotation: -92.5815 zShift: 5.89481 energy: -30.719
MCAccept 105 xShift: 6.37523 crossingAngle: -37.7449 axialRotation: -92.5815 zShift: 5.8533 energy: -31.0499
MCReject   xShift: 6.37523 crossingAngle: -37.7449 axialRotation: -92.4038 zShift: 5.8533 energy: -30.9915
MCReject   xShift: 6.41335 crossingAngle: -37.7449 axialRotation: -92.5815 zShift: 5.8533 energy: -30.7593
MCAccept 106 xShift: 6.37523 crossingAngle: -37.8606 axialRotation: -92.5815 zShift: 5.8533 energy: -30.962
MCAccept 107 xShift: 6.36501 crossingAngle: -37.8606 axialRotation: -92.5815 zShift: 5.8533 energy: -31.0082
MCReject   xShift: 6.36501 crossingAngle: -37.8606 axialRotation: -92.3625 zShift: 5.8533 energy: -30.9191
MCReject   xShift: 6.39426 crossingAngle: -37.8606 axialRotation: -92.5815 zShift: 5.8533 energy: -30.8383
MCAccept 108 xShift: 6.36501 crossingAngle: -37.8606 axialRotation: -92.5815 zShift: 5.84632 energy: -30.9975
MCAccept 109 xShift: 6.36501 crossingAngle: -37.7814 axialRotation: -92.5815 zShift: 5.84632 energy: -31.0566
MCReject   xShift: 6.36501 crossingAngle: -37.7814 axialRotation: -92.5 zShift: 5.84632 energy: -31.0276
MCAccept 110 xShift: 6.36501 crossingAngle: -37.681 axialRotation: -92.5815 zShift: 5.84632 energy: -31.1297
MCAccept 111 xShift: 6.36501 crossingAngle: -37.4721 axialRotation: -92.5815 zShift: 5.84632 energy: -31.2757
MCAccept 112 xShift: 6.36501 crossingAngle: -37.4721 axialRotation: -92.5815 zShift: 5.84449 energy: -31.271
MCReject   xShift: 6.36501 crossingAngle: -37.6784 axialRotation: -92.5815 zShift: 5.84449 energy: -31.1275
MCAccept 113 xShift: 6.36501 crossingAngle: -37.337 axialRotation: -92.5815 zShift: 5.84449 energy: -31.3602
MCAccept 114 xShift: 6.36501 crossingAngle: -37.1929 axialRotation: -92.5815 zShift: 5.84449 energy: -31.4507
MCReject   xShift: 6.36501 crossingAngle: -37.1929 axialRotation: -92.3457 zShift: 5.84449 energy: -31.2998
MCAccept 115 xShift: 6.36501 crossingAngle: -36.904 axialRotation: -92.5815 zShift: 5.84449 energy: -31.6163
MCReject   xShift: 6.36501 crossingAngle: -36.9573 axialRotation: -92.5815 zShift: 5.84449 energy: -30.9627
MCReject   xShift: 6.36501 crossingAngle: -36.904 axialRotation: -92.5815 zShift: 5.80662 energy: -31.3834
MCReject   xShift: 6.36501 crossingAngle: -36.8828 axialRotation: -92.5815 zShift: 5.84449 energy: -31.6275
MCReject   xShift: 6.36501 crossingAngle: -36.8879 axialRotation: -92.5815 zShift: 5.84449 energy: -31.6248
MCAccept 116 xShift: 6.36501 crossingAngle: -36.6544 axialRotation: -92.5815 zShift: 5.84449 energy: -31.74
MCAccept 117 xShift: 6.36501 crossingAngle: -36.6544 axialRotation: -92.5815 zShift: 5.84249 energy: -31.716
MCReject   xShift: 6.36501 crossingAngle: -36.6544 axialRotation: -92.4532 zShift: 5.84249 energy: -31.6253
MCReject   xShift: 6.36501 crossingAngle: -36.5867 axialRotation: -92.5815 zShift: 5.84249 energy: -31.7457
MCReject   xShift: 6.38521 crossingAngle: -36.6544 axialRotation: -92.5815 zShift: 5.84249 energy: -31.6574
MCReject   xShift: 6.36501 crossingAngle: -36.6544 axialRotation: -92.5815 zShift: 5.8438 energy: -31.722
MCReject   xShift: 6.36501 crossingAngle: -36.6544 axialRotation: -92.5815 zShift: 5.77211 energy: -31.1064
MCReject   xShift: 6.36501 crossingAngle: -36.7916 axialRotation: -92.5815 zShift: 5.84249 energy: -31.6512
MCReject   xShift: 6.36501 crossingAngle: -36.6031 axialRotation: -92.5815 zShift: 5.84249 energy: -31.7536
MCReject   xShift: 6.33326 crossingAngle: -36.6544 axialRotation: -92.5815 zShift: 5.84249 energy: -31.7216
MCReject   xShift: 6.36329 crossingAngle: -36.6544 axialRotation: -92.5815 zShift: 5.84249 energy: -31.7344
MCReject   xShift: 6.33386 crossingAngle: -36.6544 axialRotation: -92.5815 zShift: 5.84249 energy: -31.7233
MCReject   xShift: 6.36501 crossingAngle: -36.6544 axialRotation: -92.0407 zShift: 5.84249 energy: -31.2025
MCReject   xShift: 6.36501 crossingAngle: -36.6661 axialRotation: -92.5815 zShift: 5.84249 energy: -31.7256
MCReject   xShift: 6.36501 crossingAngle: -36.6544 axialRotation: -92.2932 zShift: 5.84249 energy: -31.4632
MCReject   xShift: 6.33148 crossingAngle: -36.6544 axialRotation: -92.5815 zShift: 5.84249 energy: -31.7008
MCReject   xShift: 6.35716 crossingAngle: -36.6544 axialRotation: -92.5815 zShift: 5.84249 energy: -31.7434
MCReject   xShift: 6.37998 crossingAngle: -36.6544 axialRotation: -92.5815 zShift: 5.84249 energy: -31.6672
MCReject   xShift: 6.36501 crossingAngle: -36.6544 axialRotation: -92.5815 zShift: 5.83637 energy: -31.6999
MCReject   xShift: 6.40561 crossingAngle: -36.6544 axialRotation: -92.5815 zShift: 5.84249 energy: -31.5125
MCReject   xShift: 6.40143 crossingAngle: -36.6544 axialRotation: -92.5815 zShift: 5.84249 energy: -31.5578
MCReject   xShift: 6.36501 crossingAngle: -36.6544 axialRotation: -92.6359 zShift: 5.84249 energy: -31.7692
MCReject   xShift: 6.36501 crossingAngle: -36.6544 axialRotation: -92.4582 zShift: 5.84249 energy: -31.6298
MCReject   xShift: 6.35054 crossingAngle: -36.6544 axialRotation: -92.5815 zShift: 5.84249 energy: -31.7315
MCReject   xShift: 6.36501 crossingAngle: -36.558 axialRotation: -92.5815 zShift: 5.84249 energy: -31.7728
MCReject   xShift: 6.36501 crossingAngle: -36.6544 axialRotation: -92.3172 zShift: 5.84249 energy: -31.4897
MCReject   xShift: 6.36501 crossingAngle: -36.6544 axialRotation: -92.5077 zShift: 5.84249 energy: -31.6728
MCReject   xShift: 6.36501 crossingAngle: -36.8702 axialRotation: -92.5815 zShift: 5.84249 energy: -31.6261
MCReject   xShift: 6.36501 crossingAngle: -36.6544 axialRotation: -92.4059 zShift: 5.84249 energy: -31.5809
MCReject   xShift: 6.36501 crossingAngle: -36.6801 axialRotation: -92.5815 zShift: 5.84249 energy: -31.7043
MCReject   xShift: 6.35882 crossingAngle: -36.6544 axialRotation: -92.5815 zShift: 5.84249 energy: -31.7416
MCReject   xShift: 6.36501 crossingAngle: -36.6009 axialRotation: -92.5815 zShift: 5.84249 energy: -31.7546
MCReject   xShift: 6.35043 crossingAngle: -36.6544 axialRotation: -92.5815 zShift: 5.84249 energy: -31.7466
MCReject   xShift: 6.35542 crossingAngle: -36.6544 axialRotation: -92.5815 zShift: 5.84249 energy: -31.7449
MCReject   xShift: 6.3841 crossingAngle: -36.6544 axialRotation: -92.5815 zShift: 5.84249 energy: -31.6483
MCReject   xShift: 6.36501 crossingAngle: -36.6544 axialRotation: -92.3081 zShift: 5.84249 energy: -31.4798
MCReject   xShift: 6.36501 crossingAngle: -36.7119 axialRotation: -92.5815 zShift: 5.84249 energy: -31.7044
MCReject   xShift: 6.36501 crossingAngle: -36.6515 axialRotation: -92.5815 zShift: 5.84249 energy: -31.7322
MCReject   xShift: 6.37784 crossingAngle: -36.6544 axialRotation: -92.5815 zShift: 5.84249 energy: -31.6909
MCReject   xShift: 6.36501 crossingAngle: -36.7099 axialRotation: -92.5815 zShift: 5.84249 energy: -31.6905
MCReject   xShift: 6.36501 crossingAngle: -36.5171 axialRotation: -92.5815 zShift: 5.84249 energy: -31.7746
MCReject   xShift: 6.36501 crossingAngle: -36.7351 axialRotation: -92.5815 zShift: 5.84249 energy: -31.6934
MCReject   xShift: 6.36501 crossingAngle: -36.6208 axialRotation: -92.5815 zShift: 5.84249 energy: -31.7459
MCReject   xShift: 6.36501 crossingAngle: -36.6544 axialRotation: -92.5815 zShift: 5.8674 energy: -31.8064
MCReject   xShift: 6.36501 crossingAngle: -36.6772 axialRotation: -92.5815 zShift: 5.84249 energy: -31.7056
MCReject   xShift: 6.34391 crossingAngle: -36.6544 axialRotation: -92.5815 zShift: 5.84249 energy: -31.7428
MCReject   xShift: 6.36501 crossingAngle: -36.8461 axialRotation: -92.5815 zShift: 5.84249 energy: -31.6385
MCReject   xShift: 6.36501 crossingAngle: -36.6544 axialRotation: -92.6759 zShift: 5.84249 energy: -31.795
MCReject   xShift: 6.3217 crossingAngle: -36.6544 axialRotation: -92.5815 zShift: 5.84249 energy: -31.6765
MCReject   xShift: 6.36501 crossingAngle: -36.6544 axialRotation: -92.5815 zShift: 5.82778 energy: -31.6479
MCReject   xShift: 6.36501 crossingAngle: -36.6544 axialRotation: -92.7483 zShift: 5.84249 energy: -31.82
MCReject   xShift: 6.36501 crossingAngle: -36.6544 axialRotation: -92.5815 zShift: 5.85948 energy: -31.7913
MCReject   xShift: 6.32865 crossingAngle: -36.6544 axialRotation: -92.5815 zShift: 5.84249 energy: -31.7065
MCReject   xShift: 6.36501 crossingAngle: -36.8321 axialRotation: -92.5815 zShift: 5.84249 energy: -31.6456
MCReject   xShift: 6.36501 crossingAngle: -36.6544 axialRotation: -92.5005 zShift: 5.84249 energy: -31.6668
MCReject   xShift: 6.35888 crossingAngle: -36.6544 axialRotation: -92.5815 zShift: 5.84249 energy: -31.7415
MCReject   xShift: 6.36501 crossingAngle: -36.6659 axialRotation: -92.5815 zShift: 5.84249 energy: -31.7257
MCReject   xShift: 6.36501 crossingAngle: -36.6544 axialRotation: -92.5106 zShift: 5.84249 energy: -31.6752
MCReject   xShift: 6.4099 crossingAngle: -36.6544 axialRotation: -92.5815 zShift: 5.84249 energy: -31.4925
MCReject   xShift: 6.32534 crossingAngle: -36.6544 axialRotation: -92.5815 zShift: 5.84249 energy: -31.6933
MCReject   xShift: 6.35612 crossingAngle: -36.6544 axialRotation: -92.5815 zShift: 5.84249 energy: -31.7444
MCReject   xShift: 6.36501 crossingAngle: -36.6544 axialRotation: -92.6796 zShift: 5.84249 energy: -31.7972
MCReject   xShift: 6.36501 crossingAngle: -36.6544 axialRotation: -92.7679 zShift: 5.84249 energy: -31.8461
MCReject   xShift: 6.36501 crossingAngle: -36.6544 axialRotation: -92.5815 zShift: 5.82607 energy: -31.6364
MCReject   xShift: 6.36501 crossingAngle: -36.4225 axialRotation: -92.5815 zShift: 5.84249 energy: -31.8262
MCReject   xShift: 6.36501 crossingAngle: -36.6544 axialRotation: -92.4265 zShift: 5.84249 energy: -31.6007
MCReject   xShift: 6.36501 crossingAngle: -36.6544 axialRotation: -92.6622 zShift: 5.84249 energy: -31.7864
MCReject   xShift: 6.36501 crossingAngle: -36.6544 axialRotation: -92.4296 zShift: 5.84249 energy: -31.6035
MCReject   xShift: 6.36501 crossingAngle: -36.6544 axialRotation: -92.5815 zShift: 5.81048 energy: -31.5133
MCReject   xShift: 6.4252 crossingAngle: -36.6544 axialRotation: -92.5815 zShift: 5.84249 energy: -31.3523
MCReject   xShift: 6.36501 crossingAngle: -36.6544 axialRotation: -92.7726 zShift: 5.84249 energy: -31.8322
MCReject   xShift: 6.36501 crossingAngle: -36.715 axialRotation: -92.5815 zShift: 5.84249 energy: -31.6881
MCReject   xShift: 6.36501 crossingAngle: -36.6544 axialRotation: -92.5815 zShift: 5.82913 energy: -31.6567
MCReject   xShift: 6.36501 crossingAngle: -36.6544 axialRotation: -92.5815 zShift: 5.78497 energy: -31.254
MCReject   xShift: 6.36501 crossingAngle: -36.75 axialRotation: -92.5815 zShift: 5.84249 energy: -31.6863
MCReject   xShift: 6.36501 crossingAngle: -36.7851 axialRotation: -92.5815 zShift: 5.84249 energy: -31.6691
MCReject   xShift: 6.38834 crossingAngle: -36.6544 axialRotation: -92.5815 zShift: 5.84249 energy: -31.6409
MCReject   xShift: 6.39722 crossingAngle: -36.6544 axialRotation: -92.5815 zShift: 5.84249 energy: -31.587
MCReject   xShift: 6.36501 crossingAngle: -36.6544 axialRotation: -92.7092 zShift: 5.84249 energy: -31.8148
MCReject   xShift: 6.34337 crossingAngle: -36.6544 axialRotation: -92.5815 zShift: 5.84249 energy: -31.7422
MCReject   xShift: 6.36501 crossingAngle: -36.6544 axialRotation: -92.778 zShift: 5.84249 energy: -31.851
MCReject   xShift: 6.34222 crossingAngle: -36.6544 axialRotation: -92.5815 zShift: 5.84249 energy: -31.7407
MCReject   xShift: 6.36501 crossingAngle: -36.6544 axialRotation: -92.3511 zShift: 5.84249 energy: -31.5125
MCAccept 118 xShift: 6.36501 crossingAngle: -36.2341 axialRotation: -92.5815 zShift: 5.84249 energy: -31.8888
MCAccept 119 xShift: 6.36501 crossingAngle: -36.2341 axialRotation: -92.5815 zShift: 5.86397 energy: -31.9796
MCReject   xShift: 6.32433 crossingAngle: -36.2341 axialRotation: -92.5815 zShift: 5.86397 energy: -31.9401
MCReject   xShift: 6.39958 crossingAngle: -36.2341 axialRotation: -92.5815 zShift: 5.86397 energy: -31.8196
MCReject   xShift: 6.36501 crossingAngle: -36.2341 axialRotation: -92.5815 zShift: 5.86158 energy: -31.973
MCReject   xShift: 6.36501 crossingAngle: -36.2341 axialRotation: -92.234 zShift: 5.86397 energy: -31.7032
MCReject   xShift: 6.36501 crossingAngle: -36.2341 axialRotation: -92.5176 zShift: 5.86397 energy: -31.9329
MCReject   xShift: 6.36501 crossingAngle: -36.2341 axialRotation: -92.2776 zShift: 5.86397 energy: -31.7405
MCReject   xShift: 6.3454 crossingAngle: -36.2341 axialRotation: -92.5815 zShift: 5.86397 energy: -31.9778
MCReject   xShift: 6.36501 crossingAngle: -36.2341 axialRotation: -92.2026 zShift: 5.86397 energy: -31.6749
MCReject   xShift: 6.30131 crossingAngle: -36.2341 axialRotation: -92.5815 zShift: 5.86397 energy: -31.7745
MCReject   xShift: 6.32176 crossingAngle: -36.2341 axialRotation: -92.5815 zShift: 5.86397 energy: -31.9283
MCReject   xShift: 6.31507 crossingAngle: -36.2341 axialRotation: -92.5815 zShift: 5.86397 energy: -31.8921
MCReject   xShift: 6.36501 crossingAngle: -36.2341 axialRotation: -92.3231 zShift: 5.86397 energy: -31.7768
MCReject   xShift: 6.36501 crossingAngle: -36.2341 axialRotation: -92.5815 zShift: 5.87824 energy: -32.0012
MCReject   xShift: 6.36501 crossingAngle: -36.2341 axialRotation: -92.5815 zShift: 5.88167 energy: -31.9858
MCReject   xShift: 6.36501 crossingAngle: -36.2341 axialRotation: -92.5815 zShift: 5.88335 energy: -32.0013
MCReject   xShift: 6.36501 crossingAngle: -36.2341 axialRotation: -92.5815 zShift: 5.8475 energy: -31.9163
MCReject   xShift: 6.36501 crossingAngle: -36.2341 axialRotation: -92.5815 zShift: 5.84857 energy: -31.9216
MCReject   xShift: 6.34185 crossingAngle: -36.2341 axialRotation: -92.5815 zShift: 5.86397 energy: -31.99
MCReject   xShift: 6.36501 crossingAngle: -36.494 axialRotation: -92.5815 zShift: 5.86397 energy: -31.8611
MCReject   xShift: 6.36501 crossingAngle: -36.2341 axialRotation: -92.5329 zShift: 5.86397 energy: -31.9293
MCReject   xShift: 6.36501 crossingAngle: -36.2341 axialRotation: -92.5321 zShift: 5.86397 energy: -31.9287
MCReject   xShift: 6.34811 crossingAngle: -36.2341 axialRotation: -92.5815 zShift: 5.86397 energy: -31.9954
MCReject   xShift: 6.3856 crossingAngle: -36.2341 axialRotation: -92.5815 zShift: 5.86397 energy: -31.8885
MCReject   xShift: 6.36501 crossingAngle: -36.2685 axialRotation: -92.5815 zShift: 5.86397 energy: -31.9674
MCReject   xShift: 6.37443 crossingAngle: -36.2341 axialRotation: -92.5815 zShift: 5.86397 energy: -31.9523
MCReject   xShift: 6.33914 crossingAngle: -36.2341 axialRotation: -92.5815 zShift: 5.86397 energy: -31.9856
MCReject   xShift: 6.36501 crossingAngle: -35.9823 axialRotation: -92.5815 zShift: 5.86397 energy: -32.0563
MCReject   xShift: 6.36501 crossingAngle: -36.5871 axialRotation: -92.5815 zShift: 5.86397 energy: -31.8336
MCReject   xShift: 6.40631 crossingAngle: -36.2341 axialRotation: -92.5815 zShift: 5.86397 energy: -31.7701
MCReject   xShift: 6.36501 crossingAngle: -36.2341 axialRotation: -92.7639 zShift: 5.86397 energy: -32.0807
MCReject   xShift: 6.36501 crossingAngle: -36.3579 axialRotation: -92.5815 zShift: 5.86397 energy: -31.9336
MCReject   xShift: 6.36501 crossingAngle: -36.3643 axialRotation: -92.5815 zShift: 5.86397 energy: -31.9311
MCReject   xShift: 6.36501 crossingAngle: -36.2341 axialRotation: -92.0204 zShift: 5.86397 energy: -31.5493
MCReject   xShift: 6.36501 crossingAngle: -35.9602 axialRotation: -92.5815 zShift: 5.86397 energy: -32.0657
MCReject   xShift: 6.3779 crossingAngle: -36.2341 axialRotation: -92.5815 zShift: 5.86397 energy: -31.9391
MCReject   xShift: 6.36501 crossingAngle: -36.2341 axialRotation: -92.2613 zShift: 5.86397 energy: -31.7268
MCReject   xShift: 6.36501 crossingAngle: -36.2341 axialRotation: -91.9411 zShift: 5.86397 energy: -31.4921
MCReject   xShift: 6.36501 crossingAngle: -36.0887 axialRotation: -92.5815 zShift: 5.86397 energy: -32.026
MCReject   xShift: 6.35817 crossingAngle: -36.2341 axialRotation: -92.5815 zShift: 5.86397 energy: -31.9913
MCReject   xShift: 6.36501 crossingAngle: -36.2341 axialRotation: -92.5815 zShift: 5.84908 energy: -31.9086
MCReject   xShift: 6.36501 crossingAngle: -36.1898 axialRotation: -92.5815 zShift: 5.86397 energy: -31.9947
MCReject   xShift: 6.46182 crossingAngle: -36.2341 axialRotation: -92.5815 zShift: 5.86397 energy: -31.1481
MCReject   xShift: 6.39672 crossingAngle: -36.2341 axialRotation: -92.5815 zShift: 5.86397 energy: -31.8389
MCReject   xShift: 6.36501 crossingAngle: -36.2341 axialRotation: -92.5815 zShift: 5.86807 energy: -31.989
MCReject   xShift: 6.36501 crossingAngle: -36.2341 axialRotation: -92.1965 zShift: 5.86397 energy: -31.6692
MCReject   xShift: 6.36501 crossingAngle: -36.2341 axialRotation: -92.5815 zShift: 5.86057 energy: -31.9699
MCReject   xShift: 6.41578 crossingAngle: -36.2341 axialRotation: -92.5815 zShift: 5.86397 energy: -31.6911
MCReject   xShift: 6.35039 crossingAngle: -36.2341 axialRotation: -92.5815 zShift: 5.86397 energy: -31.9959
MCReject   xShift: 6.31368 crossingAngle: -36.2341 axialRotation: -92.5815 zShift: 5.86397 energy: -31.8835
MCReject   xShift: 6.36501 crossingAngle: -36.2341 axialRotation: -92.546 zShift: 5.86397 energy: -31.939
MCReject   xShift: 6.36501 crossingAngle: -36.1259 axialRotation: -92.5815 zShift: 5.86397 energy: -32.0149
MCReject   xShift: 6.36501 crossingAngle: -36.2341 axialRotation: -92.5815 zShift: 5.80217 energy: -31.5833
MCReject   xShift: 6.42509 crossingAngle: -36.2341 axialRotation: -92.5815 zShift: 5.86397 energy: -31.5883
MCReject   xShift: 6.36763 crossingAngle: -36.2341 axialRotation: -92.5815 zShift: 5.86397 energy: -31.9733
MCReject   xShift: 6.36501 crossingAngle: -36.2341 axialRotation: -92.5011 zShift: 5.86397 energy: -31.9199
MCReject   xShift: 6.36501 crossingAngle: -36.2341 axialRotation: -92.5193 zShift: 5.86397 energy: -31.9342
MCReject   xShift: 6.42563 crossingAngle: -36.2341 axialRotation: -92.5815 zShift: 5.86397 energy: -31.5975
MCReject   xShift: 6.36501 crossingAngle: -36.2639 axialRotation: -92.5815 zShift: 5.86397 energy: -31.9691
MCReject   xShift: 6.36501 crossingAngle: -36.3381 axialRotation: -92.5815 zShift: 5.86397 energy: -31.9413
MCReject   xShift: 6.35303 crossingAngle: -36.2341 axialRotation: -92.5815 zShift: 5.86397 energy: -31.9953
MCReject   xShift: 6.36501 crossingAngle: -36.2341 axialRotation: -92.5815 zShift: 5.86483 energy: -31.9818
MCReject   xShift: 6.39097 crossingAngle: -36.2341 axialRotation: -92.5815 zShift: 5.86397 energy: -31.8745
MCReject   xShift: 6.36501 crossingAngle: -35.9754 axialRotation: -92.5815 zShift: 5.86397 energy: -32.0593
MCReject   xShift: 6.36501 crossingAngle: -36.2341 axialRotation: -92.5815 zShift: 5.87005 energy: -31.9926
MCReject   xShift: 6.36501 crossingAngle: -36.2341 axialRotation: -92.4855 zShift: 5.86397 energy: -31.8922
MCReject   xShift: 6.36501 crossingAngle: -36.1657 axialRotation: -92.5815 zShift: 5.86397 energy: -31.9867
MCReject   xShift: 6.36501 crossingAngle: -36.2341 axialRotation: -92.2986 zShift: 5.86397 energy: -31.7439
MCReject   xShift: 6.36195 crossingAngle: -36.2341 axialRotation: -92.5815 zShift: 5.86397 energy: -31.9857
MCReject   xShift: 6.36501 crossingAngle: -36.2341 axialRotation: -92.3484 zShift: 5.86397 energy: -31.7959
MCReject   xShift: 6.36501 crossingAngle: -36.2008 axialRotation: -92.5815 zShift: 5.86397 energy: -31.991
MCReject   xShift: 6.36501 crossingAngle: -36.1447 axialRotation: -92.5815 zShift: 5.86397 energy: -32.0091
MCReject   xShift: 6.36501 crossingAngle: -36.0798 axialRotation: -92.5815 zShift: 5.86397 energy: -32.0285
MCReject   xShift: 6.36501 crossingAngle: -36.2341 axialRotation: -92.589 zShift: 5.86397 energy: -31.9847
MCReject   xShift: 6.43574 crossingAngle: -36.2341 axialRotation: -92.5815 zShift: 5.86397 energy: -31.4902
MCReject   xShift: 6.36501 crossingAngle: -36.2341 axialRotation: -92.5638 zShift: 5.86397 energy: -31.9673
MCReject   xShift: 6.3717 crossingAngle: -36.2341 axialRotation: -92.5815 zShift: 5.86397 energy: -31.9616
MCReject   xShift: 6.36501 crossingAngle: -36.2884 axialRotation: -92.5815 zShift: 5.86397 energy: -31.9602
MCReject   xShift: 6.40914 crossingAngle: -36.2341 axialRotation: -92.5815 zShift: 5.86397 energy: -31.7476
End Repack Cycles

***REPACK GEOMETRY***
xShift;        Before: 6.4184; After: 6.36501
crossingAngle; Before: -37.8744; After: -36.2341
axialRotation; Before: -92.5815; After: -92.5815
zShift;        Before: 5.97266; After: 5.86397

axialRotationPrime; Before: 41.3736; After: 40.5685
zShiftPrime;        Before: 5.09326; After: 4.9725

Energy;        Before: -24.1567; After: -31.9796

Completed all cycles. Accepted 178/358
Monte Carlo repack complete. Time: 71.65min

