03_03_2023
Self Consistent Mean Field Start Time: Fri Mar  3 01:13:02 2023
Elapsed time of program: 0.3min

Running Self Consistent Mean Field
Initial Sequence:   LLLTFLLGTLLGTLLGYLILI
Best Sequence:      LLLTFLLGTLLGTLLGYLILI
Interface Sequence: L--TF--GT-LGT-LGY--L-
Total Energy:       -3.1
VDW:                -38.8
HBOND:              -72.7
Self Consistent Mean Field End Time: Fri Mar  3 02:04:38 2023
Elapsed time of program: 51.9min

Monte Carlo Sequence Search Replicate 0 Start Time: Fri Mar  3 02:04:47 2023
Elapsed time of program: 52min

  - SelfPairManager energy calculation 0 Start Time: Fri Mar  3 02:05:00 2023
Elapsed time of program: 52.3min

  - SelfPairManager energy calculation 0 End Time: Fri Mar  3 02:05:43 2023
Elapsed time of program: 53min

- End monte carlo sequence search #0: 55.9min; Monte Carlo ended at Temp: 0.547

- Best Sequence: LLLAFLLGILLGLLLGTLILI; Energy w/ baseline: 6.09
Monte Carlo Sequence Search Replicate 0 End Time: Fri Mar  3 03:01:37 2023
Elapsed time of program: 109min

Compute Monomer Energy Start Time: Fri Mar  3 03:01:59 2023
Elapsed time of program: 109min

-Dimer - Monomer = -341 - -341 = -0.28
Compute Monomer Energy End Time: Fri Mar  3 03:05:06 2023
Elapsed time of program: 112min

Backbone optimize replicate 0 Start Time: Fri Mar  3 03:05:06 2023
Elapsed time of program: 112min

Backbone optimize replicate 0 End Time: Fri Mar  3 04:16:35 2023
Elapsed time of program: 184min

Monte Carlo Sequence Search Replicate 1 Start Time: Fri Mar  3 04:16:36 2023
Elapsed time of program: 184min

  - SelfPairManager energy calculation 1 Start Time: Fri Mar  3 04:16:49 2023
Elapsed time of program: 184min

  - SelfPairManager energy calculation 1 End Time: Fri Mar  3 04:17:29 2023
Elapsed time of program: 185min

- End monte carlo sequence search #1: 60.9min; Monte Carlo ended at Temp: 0.547

- Best Sequence: LLLAYLLGVLLGLLLGFLILI; Energy w/ baseline: -16.5
Monte Carlo Sequence Search Replicate 1 End Time: Fri Mar  3 05:18:21 2023
Elapsed time of program: 246min

Compute Monomer Energy Start Time: Fri Mar  3 05:18:44 2023
Elapsed time of program: 246min

-Dimer - Monomer = -346 - -329 = -17.6
Compute Monomer Energy End Time: Fri Mar  3 05:22:46 2023
Elapsed time of program: 250min

Backbone optimize replicate 1 Start Time: Fri Mar  3 05:22:47 2023
Elapsed time of program: 250min

Backbone optimize replicate 1 End Time: Fri Mar  3 08:32:54 2023
Elapsed time of program: 440min

Monte Carlo Sequence Search Replicate 2 Start Time: Fri Mar  3 08:32:55 2023
Elapsed time of program: 440min

  - SelfPairManager energy calculation 2 Start Time: Fri Mar  3 08:33:10 2023
Elapsed time of program: 440min

  - SelfPairManager energy calculation 2 End Time: Fri Mar  3 08:33:50 2023
Elapsed time of program: 441min

- End monte carlo sequence search #2: 61.6min; Monte Carlo ended at Temp: 0.547

- Best Sequence: LLLAYLLGVLLGLLLGFLILI; Energy w/ baseline: -21
Monte Carlo Sequence Search Replicate 2 End Time: Fri Mar  3 09:35:28 2023
Elapsed time of program: 503min

Sequence,RotamerValues,Interface,InterfaceSequence,Seed,Density,Baseline,Dimer,Dimerw/Baseline,HBONDDimer,HBONDDimerOptimize,HBONDDimerPreOptimize,HBONDMonomer,IMM1Dimer,IMM1DimerOptimize,IMM1DimerPreOptimize,IMM1Monomer,Monomer,MonomerSasa,OptimizeSasa,PreBBOptimizeSasa,SequenceEntropy,SequenceProbability,Total,TotalPreOptimize,Totalw/Entropy,VDWDimer,VDWDimerOptimize,VDWDimerPreOptimize,VDWMonomer,acceptCycleNumber,acceptTemp,endAxialRotation,endAxialRotationPrime,endCrossingAngle,endXShift,endZShift,endZShiftPrime,firstRepackEnergy,preOptimizeAxialRotation,preOptimizeAxialRotationPrime,preOptimizeCrossingAngle,preOptimizeEnergy,preOptimizeXShift,preOptimizeZShift,preOptimizeZShiftPrime,preRepackTotal,replicateNumber,startAxialRotation,startAxialRotationPrime,startCrossingAngle,startXShift,startZShift,startZShiftPrime,
LLLAFLLGILLGLLLGTLILI,133002200310031003202,000110011001100110000,L--AF--GI-LGL-LGT--L-,1.67783e+09,0.98,347.472,-341.377,6.0947,-58.8876,-64.127,-58.6837,-58.948,-215.463,-219.052,-215.455,-235.27,-341.097,4472.38,3547.36,3564.86,54.6779,9.74541e-05,-25.8973,-0.0934612,60.7726,-67.0267,-83.8156,-67.0517,-46.8787,521,32.7096,-72.6874,38.9344,-37.7039,6.89385,2.65926,1.74328,-2.89948,-72.6874,32.4259,-40.8381,-0.0934612,7.0033,1.78061,0.767,-0.280033,0,-72.6874,32.4259,-40.8381,7.0033,1.78061,0.767,
LLLAYLLGVLLGLLLGFLILI,133002200310031003202,000110011001100110000,L--AY--GV-LGL-LGF--L-,1.67783e+09,0.98,329.719,-346.197,-16.4779,-54.6915,-55.6279,-54.4691,-45.1579,-220.577,-222.229,-220.572,-240.419,-328.582,4495.33,3598.14,3435.5,56.2014,7.5342e-05,-30.7249,-17.4123,39.7234,-70.9285,-81.4502,-70.9535,-43.0051,477,394.796,-72.6874,41.0779,-36.3365,6.85713,2.94862,2.06479,-25.4011,-72.6874,38.9344,-37.7039,-17.4123,6.89385,2.65926,1.74328,-17.6155,1,-72.6874,32.4259,-40.8381,7.0033,1.78061,0.767,
Total Time: 503 minutes
