***STARTING GEOMETRY***
xShift;        Before: 6.60224; After: 6.60224
crossingAngle; Before: -41.7577; After: -41.7577
axialRotation; Before: -71.7752; After: -71.7752
zShift;        Before: 4.15087; After: 4.15087

axialRotationPrime; Before: 50.9969; After: 50.9969
zShiftPrime;        Before: 3.41582; After: 3.41582

Starting Repack Cycles
MCAccept 0 xShift: 6.6221 crossingAngle: -41.7577 axialRotation: -71.7752 zShift: 4.15087 energy: -16.5239
MCAccept 1 xShift: 6.6221 crossingAngle: -41.7577 axialRotation: -71.7752 zShift: 4.05773 energy: -16.6405
MCAccept 2 xShift: 6.6221 crossingAngle: -41.7577 axialRotation: -71.7752 zShift: 4.06052 energy: -16.58
MCAccept 3 xShift: 6.54573 crossingAngle: -41.7577 axialRotation: -71.7752 zShift: 4.06052 energy: -16.4691
MCReject   xShift: 6.54573 crossingAngle: -41.7577 axialRotation: -71.7985 zShift: 4.06052 energy: -16.5071
MCAccept 4 xShift: 6.52017 crossingAngle: -41.7577 axialRotation: -71.7752 zShift: 4.06052 energy: -17.2233
MCAccept 5 xShift: 6.48678 crossingAngle: -41.7577 axialRotation: -71.7752 zShift: 4.06052 energy: -18.4489
MCReject   xShift: 6.48678 crossingAngle: -41.7577 axialRotation: -71.7752 zShift: 4.02326 energy: -15.9413
MCAccept 6 xShift: 6.48678 crossingAngle: -41.7577 axialRotation: -71.7752 zShift: 4.07424 energy: -19.1371
MCReject   xShift: 6.66488 crossingAngle: -41.7577 axialRotation: -71.7752 zShift: 4.07424 energy: -15.9849
MCAccept 7 xShift: 6.44831 crossingAngle: -41.7577 axialRotation: -71.7752 zShift: 4.07424 energy: -19.9767
MCAccept 8 xShift: 6.4877 crossingAngle: -41.7577 axialRotation: -71.7752 zShift: 4.07424 energy: -19.155
MCReject   xShift: 6.4877 crossingAngle: -41.7577 axialRotation: -71.7752 zShift: 4.01968 energy: -16.9736
MCAccept 9 xShift: 6.4877 crossingAngle: -41.4879 axialRotation: -71.7752 zShift: 4.07424 energy: -19.3908
MCAccept 10 xShift: 6.4877 crossingAngle: -41.413 axialRotation: -71.7752 zShift: 4.07424 energy: -20.0275
MCAccept 11 xShift: 6.47395 crossingAngle: -41.413 axialRotation: -71.7752 zShift: 4.07424 energy: -20.3214
MCReject   xShift: 6.47395 crossingAngle: -41.413 axialRotation: -71.7752 zShift: 4.05707 energy: -19.8652
MCAccept 12 xShift: 6.47395 crossingAngle: -41.413 axialRotation: -71.7752 zShift: 4.1066 energy: -20.8003
MCAccept 13 xShift: 6.47395 crossingAngle: -41.413 axialRotation: -71.7752 zShift: 4.13794 energy: -20.7788
MCAccept 14 xShift: 6.47395 crossingAngle: -41.9065 axialRotation: -71.7752 zShift: 4.13794 energy: -20.7803
MCAccept 15 xShift: 6.47395 crossingAngle: -41.771 axialRotation: -71.7752 zShift: 4.13794 energy: -20.661
MCAccept 16 xShift: 6.47395 crossingAngle: -41.771 axialRotation: -71.7752 zShift: 4.10581 energy: -20.4131
MCAccept 17 xShift: 6.41244 crossingAngle: -41.771 axialRotation: -71.7752 zShift: 4.10581 energy: -20.8091
MCReject   xShift: 6.41244 crossingAngle: -41.771 axialRotation: -71.7752 zShift: 4.10025 energy: -20.3903
MCAccept 18 xShift: 6.40578 crossingAngle: -41.771 axialRotation: -71.7752 zShift: 4.10581 energy: -20.7219
MCAccept 19 xShift: 6.40484 crossingAngle: -41.771 axialRotation: -71.7752 zShift: 4.10581 energy: -20.6045
MCAccept 20 xShift: 6.40484 crossingAngle: -41.9118 axialRotation: -71.7752 zShift: 4.10581 energy: -20.6003
MCAccept 21 xShift: 6.40484 crossingAngle: -41.9118 axialRotation: -71.7752 zShift: 4.05755 energy: -19.2426
MCAccept 22 xShift: 6.40484 crossingAngle: -41.6138 axialRotation: -71.7752 zShift: 4.05755 energy: -19.532
MCAccept 23 xShift: 6.40484 crossingAngle: -41.6138 axialRotation: -71.7752 zShift: 4.14564 energy: -20.8936
MCAccept 24 xShift: 6.40484 crossingAngle: -41.6138 axialRotation: -71.7752 zShift: 4.10277 energy: -20.8356
MCAccept 25 xShift: 6.40484 crossingAngle: -41.6138 axialRotation: -71.7752 zShift: 4.19657 energy: -20.1073
MCAccept 26 xShift: 6.40484 crossingAngle: -41.8078 axialRotation: -71.7752 zShift: 4.19657 energy: -20.6876
MCAccept 27 xShift: 6.40484 crossingAngle: -41.8078 axialRotation: -71.7752 zShift: 4.2163 energy: -20.3649
MCAccept 28 xShift: 6.43191 crossingAngle: -41.8078 axialRotation: -71.7752 zShift: 4.2163 energy: -20.5273
MCAccept 29 xShift: 6.42289 crossingAngle: -41.8078 axialRotation: -71.7752 zShift: 4.2163 energy: -20.5837
MCAccept 30 xShift: 6.42289 crossingAngle: -41.8446 axialRotation: -71.7752 zShift: 4.2163 energy: -20.2394
MCAccept 31 xShift: 6.42289 crossingAngle: -41.5292 axialRotation: -71.7752 zShift: 4.2163 energy: -19.2484
MCReject   xShift: 6.42289 crossingAngle: -41.5292 axialRotation: -71.7585 zShift: 4.2163 energy: -19.3038
MCReject   xShift: 6.42289 crossingAngle: -41.5292 axialRotation: -72.1891 zShift: 4.2163 energy: -15.8508
MCAccept 32 xShift: 6.42289 crossingAngle: -41.7435 axialRotation: -71.7752 zShift: 4.2163 energy: -20.3071
MCAccept 33 xShift: 6.42289 crossingAngle: -41.7435 axialRotation: -71.7752 zShift: 4.17274 energy: -21.0434
MCReject   xShift: 6.42289 crossingAngle: -41.7435 axialRotation: -72.2284 zShift: 4.17274 energy: -18.9493
MCAccept 34 xShift: 6.42289 crossingAngle: -41.7435 axialRotation: -71.7752 zShift: 4.2136 energy: -20.3551
MCAccept 35 xShift: 6.42289 crossingAngle: -41.7734 axialRotation: -71.7752 zShift: 4.2136 energy: -20.4839
MCAccept 36 xShift: 6.42289 crossingAngle: -41.8532 axialRotation: -71.7752 zShift: 4.2136 energy: -20.8042
MCAccept 37 xShift: 6.47493 crossingAngle: -41.8532 axialRotation: -71.7752 zShift: 4.2136 energy: -20.9216
MCReject   xShift: 6.47493 crossingAngle: -41.8532 axialRotation: -71.999 zShift: 4.2136 energy: -20.3953
MCAccept 38 xShift: 6.49591 crossingAngle: -41.8532 axialRotation: -71.7752 zShift: 4.2136 energy: -20.7678
MCAccept 39 xShift: 6.49591 crossingAngle: -41.8532 axialRotation: -71.7752 zShift: 4.26526 energy: -19.6533
MCAccept 40 xShift: 6.45297 crossingAngle: -41.8532 axialRotation: -71.7752 zShift: 4.26526 energy: -19.6381
MCAccept 41 xShift: 6.46223 crossingAngle: -41.8532 axialRotation: -71.7752 zShift: 4.26526 energy: -19.6926
MCAccept 42 xShift: 6.46223 crossingAngle: -41.5311 axialRotation: -71.7752 zShift: 4.26526 energy: -17.3572
MCReject   xShift: 6.46223 crossingAngle: -41.5311 axialRotation: -71.7752 zShift: 4.32289 energy: -12.2853
MCReject   xShift: 6.46223 crossingAngle: -41.3846 axialRotation: -71.7752 zShift: 4.26526 energy: -15.8736
MCReject   xShift: 6.42842 crossingAngle: -41.5311 axialRotation: -71.7752 zShift: 4.26526 energy: -16.9402
MCAccept 43 xShift: 6.46223 crossingAngle: -41.5311 axialRotation: -71.7752 zShift: 4.23169 energy: -19.0269
MCReject   xShift: 6.46223 crossingAngle: -41.5311 axialRotation: -71.7752 zShift: 4.28475 energy: -15.9708
MCReject   xShift: 6.46223 crossingAngle: -41.5311 axialRotation: -71.5087 zShift: 4.23169 energy: -20.0183
MCReject   xShift: 6.51633 crossingAngle: -41.5311 axialRotation: -71.7752 zShift: 4.23169 energy: -18.922
MCReject   xShift: 6.46395 crossingAngle: -41.5311 axialRotation: -71.7752 zShift: 4.23169 energy: -18.8483
MCAccept 44 xShift: 6.46223 crossingAngle: -41.8324 axialRotation: -71.7752 zShift: 4.23169 energy: -20.4693
MCAccept 45 xShift: 6.46223 crossingAngle: -41.9608 axialRotation: -71.7752 zShift: 4.23169 energy: -21.0738
MCAccept 46 xShift: 6.51857 crossingAngle: -41.9608 axialRotation: -71.7752 zShift: 4.23169 energy: -20.617
MCReject   xShift: 6.51857 crossingAngle: -41.9608 axialRotation: -71.7752 zShift: 4.41093 energy: -8.00943
MCAccept 47 xShift: 6.51857 crossingAngle: -41.9608 axialRotation: -71.7752 zShift: 4.26924 energy: -19.8402
MCReject   xShift: 6.51857 crossingAngle: -41.9608 axialRotation: -71.871 zShift: 4.26924 energy: -19.4211
MCAccept 48 xShift: 6.51857 crossingAngle: -42.5145 axialRotation: -71.7752 zShift: 4.26924 energy: -21.1854
MCAccept 49 xShift: 6.51857 crossingAngle: -42.837 axialRotation: -71.7752 zShift: 4.26924 energy: -21.1677
MCAccept 50 xShift: 6.48546 crossingAngle: -42.837 axialRotation: -71.7752 zShift: 4.26924 energy: -21.8806
MCAccept 51 xShift: 6.48546 crossingAngle: -43.1491 axialRotation: -71.7752 zShift: 4.26924 energy: -21.1767
MCAccept 52 xShift: 6.48546 crossingAngle: -43.0508 axialRotation: -71.7752 zShift: 4.26924 energy: -21.6947
MCReject   xShift: 6.48546 crossingAngle: -43.0508 axialRotation: -71.1319 zShift: 4.26924 energy: -18.4264
MCAccept 53 xShift: 6.48546 crossingAngle: -42.6919 axialRotation: -71.7752 zShift: 4.26924 energy: -21.8327
MCAccept 54 xShift: 6.48546 crossingAngle: -42.6919 axialRotation: -71.7752 zShift: 4.18469 energy: -20.6435
MCReject   xShift: 6.48546 crossingAngle: -42.6919 axialRotation: -71.7752 zShift: 4.15885 energy: -19.7842
MCAccept 55 xShift: 6.48546 crossingAngle: -42.8896 axialRotation: -71.7752 zShift: 4.18469 energy: -20.1911
MCAccept 56 xShift: 6.48546 crossingAngle: -42.9879 axialRotation: -71.7752 zShift: 4.18469 energy: -19.9916
MCAccept 57 xShift: 6.48471 crossingAngle: -42.9879 axialRotation: -71.7752 zShift: 4.18469 energy: -19.9184
MCAccept 58 xShift: 6.48471 crossingAngle: -42.9879 axialRotation: -71.7752 zShift: 4.20535 energy: -20.7349
MCAccept 59 xShift: 6.48471 crossingAngle: -42.9879 axialRotation: -71.7752 zShift: 4.27093 energy: -21.8461
MCReject   xShift: 6.48471 crossingAngle: -42.9879 axialRotation: -72.2052 zShift: 4.27093 energy: -21.564
MCReject   xShift: 6.54559 crossingAngle: -42.9879 axialRotation: -71.7752 zShift: 4.27093 energy: -20.393
MCAccept 60 xShift: 6.41325 crossingAngle: -42.9879 axialRotation: -71.7752 zShift: 4.27093 energy: -22.3814
MCAccept 61 xShift: 6.41325 crossingAngle: -42.9879 axialRotation: -71.7752 zShift: 4.31678 energy: -21.9306
MCAccept 62 xShift: 6.41325 crossingAngle: -42.9879 axialRotation: -71.7752 zShift: 4.36695 energy: -20.6259
MCReject   xShift: 6.41174 crossingAngle: -42.9879 axialRotation: -71.7752 zShift: 4.36695 energy: -20.5591
MCAccept 63 xShift: 6.41325 crossingAngle: -42.9879 axialRotation: -71.7752 zShift: 4.31266 energy: -21.9961
MCReject   xShift: 6.33517 crossingAngle: -42.9879 axialRotation: -71.7752 zShift: 4.31266 energy: -20.4624
MCReject   xShift: 6.41325 crossingAngle: -42.9879 axialRotation: -71.7752 zShift: 4.37079 energy: -20.4707
MCAccept 64 xShift: 6.46121 crossingAngle: -42.9879 axialRotation: -71.7752 zShift: 4.31266 energy: -21.7886
MCAccept 65 xShift: 6.46681 crossingAngle: -42.9879 axialRotation: -71.7752 zShift: 4.31266 energy: -21.8237
MCAccept 66 xShift: 6.46681 crossingAngle: -42.9879 axialRotation: -71.7752 zShift: 4.26537 energy: -21.9931
MCAccept 67 xShift: 6.46681 crossingAngle: -42.9159 axialRotation: -71.7752 zShift: 4.26537 energy: -22.1086
MCAccept 68 xShift: 6.46681 crossingAngle: -42.9159 axialRotation: -71.7752 zShift: 4.25297 energy: -22.0294
MCAccept 69 xShift: 6.46681 crossingAngle: -43.3235 axialRotation: -71.7752 zShift: 4.25297 energy: -21.4949
MCAccept 70 xShift: 6.41904 crossingAngle: -43.3235 axialRotation: -71.7752 zShift: 4.25297 energy: -21.8902
MCAccept 71 xShift: 6.41904 crossingAngle: -43.3235 axialRotation: -71.7752 zShift: 4.19005 energy: -20.2822
MCAccept 72 xShift: 6.41904 crossingAngle: -43.2112 axialRotation: -71.7752 zShift: 4.19005 energy: -20.6237
MCAccept 73 xShift: 6.45006 crossingAngle: -43.2112 axialRotation: -71.7752 zShift: 4.19005 energy: -20.2686
MCAccept 74 xShift: 6.45006 crossingAngle: -43.2353 axialRotation: -71.7752 zShift: 4.19005 energy: -20.1824
MCAccept 75 xShift: 6.43206 crossingAngle: -43.2353 axialRotation: -71.7752 zShift: 4.19005 energy: -20.4285
MCReject   xShift: 6.43206 crossingAngle: -43.2353 axialRotation: -71.5037 zShift: 4.19005 energy: -18.6674
MCAccept 76 xShift: 6.42371 crossingAngle: -43.2353 axialRotation: -71.7752 zShift: 4.19005 energy: -20.4217
MCReject   xShift: 6.42371 crossingAngle: -43.2353 axialRotation: -71.7752 zShift: 4.13344 energy: -17.5345
MCReject   xShift: 6.43598 crossingAngle: -43.2353 axialRotation: -71.7752 zShift: 4.19005 energy: -19.8697
MCReject   xShift: 6.42371 crossingAngle: -43.2353 axialRotation: -71.5052 zShift: 4.19005 energy: -18.9426
MCReject   xShift: 6.42371 crossingAngle: -43.499 axialRotation: -71.7752 zShift: 4.19005 energy: -19.6566
MCAccept 77 xShift: 6.42371 crossingAngle: -43.2353 axialRotation: -71.7752 zShift: 4.27531 energy: -22.2145
MCAccept 78 xShift: 6.47849 crossingAngle: -43.2353 axialRotation: -71.7752 zShift: 4.27531 energy: -21.7463
MCAccept 79 xShift: 6.47849 crossingAngle: -43.2353 axialRotation: -71.7752 zShift: 4.28367 energy: -21.768
MCAccept 80 xShift: 6.47353 crossingAngle: -43.2353 axialRotation: -71.7752 zShift: 4.28367 energy: -21.8508
MCReject   xShift: 6.47353 crossingAngle: -43.2353 axialRotation: -71.7752 zShift: 4.22789 energy: -21.003
MCAccept 81 xShift: 6.41193 crossingAngle: -43.2353 axialRotation: -71.7752 zShift: 4.28367 energy: -22.3759
MCReject   xShift: 6.41193 crossingAngle: -43.2353 axialRotation: -71.7752 zShift: 4.20613 energy: -21.1097
MCAccept 82 xShift: 6.41193 crossingAngle: -43.2353 axialRotation: -71.7752 zShift: 4.33814 energy: -21.9982
MCAccept 83 xShift: 6.41193 crossingAngle: -43.2353 axialRotation: -71.7752 zShift: 4.28781 energy: -22.223
MCAccept 84 xShift: 6.41523 crossingAngle: -43.2353 axialRotation: -71.7752 zShift: 4.28781 energy: -22.3031
MCAccept 85 xShift: 6.41523 crossingAngle: -43.0525 axialRotation: -71.7752 zShift: 4.28781 energy: -22.385
MCReject   xShift: 6.41523 crossingAngle: -43.0525 axialRotation: -71.7752 zShift: 4.2278 energy: -21.422
MCAccept 86 xShift: 6.47514 crossingAngle: -43.0525 axialRotation: -71.7752 zShift: 4.28781 energy: -21.9707
MCAccept 87 xShift: 6.42144 crossingAngle: -43.0525 axialRotation: -71.7752 zShift: 4.28781 energy: -22.2818
MCReject   xShift: 6.42144 crossingAngle: -43.0525 axialRotation: -71.2919 zShift: 4.28781 energy: -20.7692
MCAccept 88 xShift: 6.42578 crossingAngle: -43.0525 axialRotation: -71.7752 zShift: 4.28781 energy: -22.3827
MCReject   xShift: 6.42578 crossingAngle: -43.0525 axialRotation: -71.7752 zShift: 4.3757 energy: -20.5034
MCAccept 89 xShift: 6.42578 crossingAngle: -43.0062 axialRotation: -71.7752 zShift: 4.28781 energy: -22.3665
MCAccept 90 xShift: 6.42578 crossingAngle: -42.9061 axialRotation: -71.7752 zShift: 4.28781 energy: -22.3023
MCAccept 91 xShift: 6.42578 crossingAngle: -42.9061 axialRotation: -71.7752 zShift: 4.29522 energy: -22.2374
MCAccept 92 xShift: 6.40852 crossingAngle: -42.9061 axialRotation: -71.7752 zShift: 4.29522 energy: -22.1983
MCReject   xShift: 6.40261 crossingAngle: -42.9061 axialRotation: -71.7752 zShift: 4.29522 energy: -22.1653
MCReject   xShift: 6.40852 crossingAngle: -42.7103 axialRotation: -71.7752 zShift: 4.29522 energy: -21.8692
MCReject   xShift: 6.40852 crossingAngle: -42.9061 axialRotation: -71.7752 zShift: 4.34098 energy: -21.2517
MCReject   xShift: 6.38801 crossingAngle: -42.9061 axialRotation: -71.7752 zShift: 4.29522 energy: -21.3628
MCAccept 93 xShift: 6.40852 crossingAngle: -42.9061 axialRotation: -71.7752 zShift: 4.26875 energy: -22.342
MCAccept 94 xShift: 6.40852 crossingAngle: -42.8733 axialRotation: -71.7752 zShift: 4.26875 energy: -22.3258
MCAccept 95 xShift: 6.40515 crossingAngle: -42.8733 axialRotation: -71.7752 zShift: 4.26875 energy: -22.2171
MCAccept 96 xShift: 6.40515 crossingAngle: -42.8042 axialRotation: -71.7752 zShift: 4.26875 energy: -22.1698
MCAccept 97 xShift: 6.40515 crossingAngle: -42.642 axialRotation: -71.7752 zShift: 4.26875 energy: -22.07
MCReject   xShift: 6.40515 crossingAngle: -42.642 axialRotation: -71.7752 zShift: 4.18766 energy: -21.4054
MCReject   xShift: 6.40515 crossingAngle: -42.4542 axialRotation: -71.7752 zShift: 4.26875 energy: -21.5952
MCReject   xShift: 6.40515 crossingAngle: -42.2343 axialRotation: -71.7752 zShift: 4.26875 energy: -21.0136
MCReject   xShift: 6.40515 crossingAngle: -42.3857 axialRotation: -71.7752 zShift: 4.26875 energy: -21.5236
MCAccept 98 xShift: 6.42454 crossingAngle: -42.642 axialRotation: -71.7752 zShift: 4.26875 energy: -22.1703
MCReject   xShift: 6.42454 crossingAngle: -42.642 axialRotation: -72.0927 zShift: 4.26875 energy: -21.0819
MCAccept 99 xShift: 6.44171 crossingAngle: -42.642 axialRotation: -71.7752 zShift: 4.26875 energy: -22.1532
MCReject   xShift: 6.44171 crossingAngle: -42.642 axialRotation: -72.2158 zShift: 4.26875 energy: -20.5987
MCAccept 100 xShift: 6.4271 crossingAngle: -42.642 axialRotation: -71.7752 zShift: 4.26875 energy: -22.0735
MCAccept 101 xShift: 6.4532 crossingAngle: -42.642 axialRotation: -71.7752 zShift: 4.26875 energy: -22.1111
MCAccept 102 xShift: 6.44085 crossingAngle: -42.642 axialRotation: -71.7752 zShift: 4.26875 energy: -22.1628
MCReject   xShift: 6.44085 crossingAngle: -42.642 axialRotation: -71.7752 zShift: 4.28984 energy: -21.8948
MCAccept 103 xShift: 6.44085 crossingAngle: -42.6064 axialRotation: -71.7752 zShift: 4.26875 energy: -22.1179
MCReject   xShift: 6.38845 crossingAngle: -42.6064 axialRotation: -71.7752 zShift: 4.26875 energy: -21.8664
MCReject   xShift: 6.44085 crossingAngle: -42.2278 axialRotation: -71.7752 zShift: 4.26875 energy: -21.223
MCAccept 104 xShift: 6.45865 crossingAngle: -42.6064 axialRotation: -71.7752 zShift: 4.26875 energy: -22.0399
MCReject   xShift: 6.47974 crossingAngle: -42.6064 axialRotation: -71.7752 zShift: 4.26875 energy: -21.8584
MCAccept 105 xShift: 6.45865 crossingAngle: -42.5428 axialRotation: -71.7752 zShift: 4.26875 energy: -21.9568
MCAccept 106 xShift: 6.45865 crossingAngle: -42.8057 axialRotation: -71.7752 zShift: 4.26875 energy: -22.1901
MCAccept 107 xShift: 6.44682 crossingAngle: -42.8057 axialRotation: -71.7752 zShift: 4.26875 energy: -22.2666
MCReject   xShift: 6.44682 crossingAngle: -42.6393 axialRotation: -71.7752 zShift: 4.26875 energy: -22.14
MCReject   xShift: 6.49937 crossingAngle: -42.8057 axialRotation: -71.7752 zShift: 4.26875 energy: -21.6529
MCReject   xShift: 6.44682 crossingAngle: -42.8057 axialRotation: -71.7752 zShift: 4.21674 energy: -21.8734
MCReject   xShift: 6.44682 crossingAngle: -42.8057 axialRotation: -71.8421 zShift: 4.26875 energy: -22.1996
MCAccept 108 xShift: 6.42025 crossingAngle: -42.8057 axialRotation: -71.7752 zShift: 4.26875 energy: -22.3276
MCReject   xShift: 6.42025 crossingAngle: -42.7281 axialRotation: -71.7752 zShift: 4.26875 energy: -22.2632
MCReject   xShift: 6.42025 crossingAngle: -42.659 axialRotation: -71.7752 zShift: 4.26875 energy: -22.1836
MCAccept 109 xShift: 6.42025 crossingAngle: -42.8057 axialRotation: -71.7752 zShift: 4.26626 energy: -22.3352
MCAccept 110 xShift: 6.43862 crossingAngle: -42.8057 axialRotation: -71.7752 zShift: 4.26626 energy: -22.3111
MCReject   xShift: 6.43862 crossingAngle: -42.8057 axialRotation: -71.7752 zShift: 4.24393 energy: -21.2847
MCReject   xShift: 6.40655 crossingAngle: -42.8057 axialRotation: -71.7752 zShift: 4.26626 energy: -22.2771
MCReject   xShift: 6.43862 crossingAngle: -42.8057 axialRotation: -71.9951 zShift: 4.26626 energy: -21.9141
MCReject   xShift: 6.43862 crossingAngle: -42.8057 axialRotation: -71.7752 zShift: 4.33104 energy: -20.7823
MCAccept 111 xShift: 6.43862 crossingAngle: -42.8057 axialRotation: -71.7752 zShift: 4.26912 energy: -22.3038
MCAccept 112 xShift: 6.43862 crossingAngle: -42.9302 axialRotation: -71.7752 zShift: 4.26912 energy: -22.3351
MCAccept 113 xShift: 6.43862 crossingAngle: -42.9507 axialRotation: -71.7752 zShift: 4.26912 energy: -22.3345
MCReject   xShift: 6.46948 crossingAngle: -42.9507 axialRotation: -71.7752 zShift: 4.26912 energy: -22.0771
MCReject   xShift: 6.43862 crossingAngle: -43.0853 axialRotation: -71.7752 zShift: 4.26912 energy: -22.2922
MCAccept 114 xShift: 6.43862 crossingAngle: -42.7995 axialRotation: -71.7752 zShift: 4.26912 energy: -22.3006
MCAccept 115 xShift: 6.41043 crossingAngle: -42.7995 axialRotation: -71.7752 zShift: 4.26912 energy: -22.2962
MCReject   xShift: 6.39614 crossingAngle: -42.7995 axialRotation: -71.7752 zShift: 4.26912 energy: -22.1075
MCReject   xShift: 6.41043 crossingAngle: -42.7995 axialRotation: -71.7752 zShift: 4.25265 energy: -22.2036
MCReject   xShift: 6.41043 crossingAngle: -42.7995 axialRotation: -72.1274 zShift: 4.26912 energy: -21.1418
MCAccept 116 xShift: 6.41368 crossingAngle: -42.7995 axialRotation: -71.7752 zShift: 4.26912 energy: -22.3077
MCReject   xShift: 6.41368 crossingAngle: -42.7995 axialRotation: -71.2514 zShift: 4.26912 energy: -21.8758
MCReject   xShift: 6.41368 crossingAngle: -42.7995 axialRotation: -71.7752 zShift: 4.22044 energy: -20.8345
MCReject   xShift: 6.41368 crossingAngle: -42.7995 axialRotation: -71.7752 zShift: 4.28246 energy: -22.2177
MCAccept 117 xShift: 6.41368 crossingAngle: -42.9339 axialRotation: -71.7752 zShift: 4.26912 energy: -22.3734
MCReject   xShift: 6.41368 crossingAngle: -42.9339 axialRotation: -71.7752 zShift: 4.24017 energy: -22.2044
MCReject   xShift: 6.41368 crossingAngle: -42.9339 axialRotation: -71.7752 zShift: 4.26265 energy: -22.2689
MCReject   xShift: 6.41368 crossingAngle: -42.9339 axialRotation: -72.0599 zShift: 4.26912 energy: -21.6614
MCReject   xShift: 6.41368 crossingAngle: -42.9339 axialRotation: -72.1583 zShift: 4.26912 energy: -21.3695
MCReject   xShift: 6.41368 crossingAngle: -42.9339 axialRotation: -71.4409 zShift: 4.26912 energy: -22.2093
MCReject   xShift: 6.41368 crossingAngle: -42.9339 axialRotation: -72.115 zShift: 4.26912 energy: -21.4755
MCReject   xShift: 6.41368 crossingAngle: -42.9339 axialRotation: -71.7752 zShift: 4.29627 energy: -22.1337
MCReject   xShift: 6.41368 crossingAngle: -42.9339 axialRotation: -71.7752 zShift: 4.2625 energy: -22.2605
MCReject   xShift: 6.41368 crossingAngle: -42.9339 axialRotation: -71.7752 zShift: 4.32192 energy: -21.8251
MCReject   xShift: 6.39001 crossingAngle: -42.9339 axialRotation: -71.7752 zShift: 4.26912 energy: -22.1444
MCReject   xShift: 6.41368 crossingAngle: -42.9339 axialRotation: -71.7752 zShift: 4.29147 energy: -22.2838
MCReject   xShift: 6.41368 crossingAngle: -42.7905 axialRotation: -71.7752 zShift: 4.26912 energy: -22.2866
MCReject   xShift: 6.41368 crossingAngle: -42.9339 axialRotation: -71.7752 zShift: 4.25979 energy: -22.3478
MCReject   xShift: 6.41368 crossingAngle: -42.769 axialRotation: -71.7752 zShift: 4.26912 energy: -22.1811
MCReject   xShift: 6.41368 crossingAngle: -42.9339 axialRotation: -71.7752 zShift: 4.22738 energy: -21.4587
MCReject   xShift: 6.41368 crossingAngle: -42.9339 axialRotation: -71.7752 zShift: 4.2919 energy: -22.2802
MCReject   xShift: 6.41368 crossingAngle: -42.9339 axialRotation: -71.7752 zShift: 4.2294 energy: -22.0885
MCAccept 118 xShift: 6.41368 crossingAngle: -42.9339 axialRotation: -71.7752 zShift: 4.27048 energy: -22.3731
MCReject   xShift: 6.41368 crossingAngle: -42.9339 axialRotation: -71.8532 zShift: 4.27048 energy: -22.2699
MCReject   xShift: 6.41368 crossingAngle: -42.9339 axialRotation: -71.7752 zShift: 4.23344 energy: -22.1432
MCAccept 119 xShift: 6.42636 crossingAngle: -42.9339 axialRotation: -71.7752 zShift: 4.27048 energy: -22.3749
MCReject   xShift: 6.42636 crossingAngle: -43.119 axialRotation: -71.7752 zShift: 4.27048 energy: -21.7353
MCReject   xShift: 6.42636 crossingAngle: -42.9339 axialRotation: -71.7752 zShift: 4.34187 energy: -21.2852
MCReject   xShift: 6.42636 crossingAngle: -42.7039 axialRotation: -71.7752 zShift: 4.27048 energy: -22.2341
MCAccept 120 xShift: 6.44457 crossingAngle: -42.9339 axialRotation: -71.7752 zShift: 4.27048 energy: -22.2253
MCReject   xShift: 6.44457 crossingAngle: -43.2523 axialRotation: -71.7752 zShift: 4.27048 energy: -22.1366
MCReject   xShift: 6.46919 crossingAngle: -42.9339 axialRotation: -71.7752 zShift: 4.27048 energy: -22.0888
MCAccept 121 xShift: 6.42501 crossingAngle: -42.9339 axialRotation: -71.7752 zShift: 4.27048 energy: -22.3777
MCReject   xShift: 6.42501 crossingAngle: -42.9339 axialRotation: -71.7727 zShift: 4.27048 energy: -22.3793
MCReject   xShift: 6.42501 crossingAngle: -42.9339 axialRotation: -71.9591 zShift: 4.27048 energy: -22.0108
MCReject   xShift: 6.42134 crossingAngle: -42.9339 axialRotation: -71.7752 zShift: 4.27048 energy: -22.2755
MCReject   xShift: 6.42501 crossingAngle: -42.9339 axialRotation: -71.5828 zShift: 4.27048 energy: -22.3639
MCReject   xShift: 6.42501 crossingAngle: -42.9339 axialRotation: -71.7752 zShift: 4.30031 energy: -22.1995
MCReject   xShift: 6.42501 crossingAngle: -42.9339 axialRotation: -71.7752 zShift: 4.25141 energy: -22.3059
MCReject   xShift: 6.42501 crossingAngle: -42.9339 axialRotation: -71.7752 zShift: 4.27959 energy: -22.3642
MCReject   xShift: 6.42501 crossingAngle: -42.9339 axialRotation: -71.5888 zShift: 4.27048 energy: -22.3495
MCAccept 122 xShift: 6.4221 crossingAngle: -42.9339 axialRotation: -71.7752 zShift: 4.27048 energy: -22.3791
MCReject   xShift: 6.4221 crossingAngle: -42.9339 axialRotation: -71.6066 zShift: 4.27048 energy: -22.2897
MCReject   xShift: 6.4221 crossingAngle: -42.9339 axialRotation: -71.7752 zShift: 4.28944 energy: -22.2063
MCAccept 123 xShift: 6.43243 crossingAngle: -42.9339 axialRotation: -71.7752 zShift: 4.27048 energy: -22.3646
MCAccept 124 xShift: 6.43243 crossingAngle: -42.9862 axialRotation: -71.7752 zShift: 4.27048 energy: -22.3668
MCReject   xShift: 6.43243 crossingAngle: -42.9862 axialRotation: -71.6487 zShift: 4.27048 energy: -22.3465
MCReject   xShift: 6.43243 crossingAngle: -42.9862 axialRotation: -71.2494 zShift: 4.27048 energy: -21.3393
MCReject   xShift: 6.43243 crossingAngle: -42.9862 axialRotation: -71.7752 zShift: 4.26989 energy: -22.2592
MCReject   xShift: 6.44549 crossingAngle: -42.9862 axialRotation: -71.7752 zShift: 4.27048 energy: -22.3017
MCReject   xShift: 6.43243 crossingAngle: -42.9862 axialRotation: -71.6247 zShift: 4.27048 energy: -22.3275
MCReject   xShift: 6.43243 crossingAngle: -42.9862 axialRotation: -71.4809 zShift: 4.27048 energy: -22.0996
MCAccept 125 xShift: 6.41939 crossingAngle: -42.9862 axialRotation: -71.7752 zShift: 4.27048 energy: -22.3851
MCAccept 126 xShift: 6.41939 crossingAngle: -42.9862 axialRotation: -71.7752 zShift: 4.2768 energy: -22.3848
MCAccept 127 xShift: 6.41939 crossingAngle: -42.9862 axialRotation: -71.7752 zShift: 4.26542 energy: -22.3748
MCReject   xShift: 6.41939 crossingAngle: -42.801 axialRotation: -71.7752 zShift: 4.26542 energy: -22.3335
MCReject   xShift: 6.41939 crossingAngle: -42.6459 axialRotation: -71.7752 zShift: 4.26542 energy: -22.0815
MCReject   xShift: 6.41939 crossingAngle: -42.9862 axialRotation: -71.7752 zShift: 4.24726 energy: -22.262
MCReject   xShift: 6.41939 crossingAngle: -42.9862 axialRotation: -71.579 zShift: 4.26542 energy: -22.3096
MCReject   xShift: 6.43049 crossingAngle: -42.9862 axialRotation: -71.7752 zShift: 4.26542 energy: -22.3547
MCReject   xShift: 6.41939 crossingAngle: -42.9862 axialRotation: -72.1276 zShift: 4.26542 energy: -21.6167
MCReject   xShift: 6.41939 crossingAngle: -42.9862 axialRotation: -71.2973 zShift: 4.26542 energy: -21.6208
MCReject   xShift: 6.41939 crossingAngle: -42.9862 axialRotation: -71.7446 zShift: 4.26542 energy: -22.2834
MCReject   xShift: 6.41939 crossingAngle: -42.9862 axialRotation: -71.7752 zShift: 4.30842 energy: -22.1733
MCReject   xShift: 6.41939 crossingAngle: -42.9862 axialRotation: -71.4564 zShift: 4.26542 energy: -22.0293
MCReject   xShift: 6.41939 crossingAngle: -42.8583 axialRotation: -71.7752 zShift: 4.26542 energy: -22.352
MCReject   xShift: 6.41939 crossingAngle: -42.9862 axialRotation: -71.3519 zShift: 4.26542 energy: -21.6872
MCAccept 128 xShift: 6.42158 crossingAngle: -42.9862 axialRotation: -71.7752 zShift: 4.26542 energy: -22.3734
MCAccept 129 xShift: 6.42158 crossingAngle: -42.8055 axialRotation: -71.7752 zShift: 4.26542 energy: -22.3277
MCReject   xShift: 6.42158 crossingAngle: -42.8055 axialRotation: -71.7752 zShift: 4.30737 energy: -21.8971
MCReject   xShift: 6.42158 crossingAngle: -42.8055 axialRotation: -71.9508 zShift: 4.26542 energy: -22.0128
MCReject   xShift: 6.42158 crossingAngle: -42.8055 axialRotation: -71.4919 zShift: 4.26542 energy: -22.223
MCReject   xShift: 6.41071 crossingAngle: -42.8055 axialRotation: -71.7752 zShift: 4.26542 energy: -22.2071
MCReject   xShift: 6.45048 crossingAngle: -42.8055 axialRotation: -71.7752 zShift: 4.26542 energy: -22.25
MCReject   xShift: 6.42158 crossingAngle: -42.8468 axialRotation: -71.7752 zShift: 4.26542 energy: -22.2609
MCReject   xShift: 6.42158 crossingAngle: -42.7929 axialRotation: -71.7752 zShift: 4.26542 energy: -22.3311
MCReject   xShift: 6.42158 crossingAngle: -42.8055 axialRotation: -71.7752 zShift: 4.29781 energy: -21.974
MCAccept 130 xShift: 6.42158 crossingAngle: -42.8824 axialRotation: -71.7752 zShift: 4.26542 energy: -22.3628
MCReject   xShift: 6.42158 crossingAngle: -42.8824 axialRotation: -72.0639 zShift: 4.26542 energy: -21.6742
MCReject   xShift: 6.42158 crossingAngle: -42.8824 axialRotation: -71.7752 zShift: 4.28661 energy: -21.6739
MCReject   xShift: 6.42158 crossingAngle: -42.8824 axialRotation: -71.3373 zShift: 4.26542 energy: -21.7725
MCAccept 131 xShift: 6.42158 crossingAngle: -42.8824 axialRotation: -71.7752 zShift: 4.26255 energy: -22.3671
MCReject   xShift: 6.42158 crossingAngle: -42.8824 axialRotation: -72.2642 zShift: 4.26255 energy: -21.0029
MCReject   xShift: 6.42714 crossingAngle: -42.8824 axialRotation: -71.7752 zShift: 4.26255 energy: -22.2697
MCReject   xShift: 6.46271 crossingAngle: -42.8824 axialRotation: -71.7752 zShift: 4.26255 energy: -22.0665
MCReject   xShift: 6.42158 crossingAngle: -42.8824 axialRotation: -71.7752 zShift: 4.22946 energy: -22.0198
MCReject   xShift: 6.42158 crossingAngle: -42.8824 axialRotation: -71.7752 zShift: 4.29029 energy: -22.2513
MCReject   xShift: 6.38519 crossingAngle: -42.8824 axialRotation: -71.7752 zShift: 4.26255 energy: -21.5001
MCReject   xShift: 6.42158 crossingAngle: -42.8824 axialRotation: -71.1993 zShift: 4.26255 energy: -21.2904
MCReject   xShift: 6.42158 crossingAngle: -42.7998 axialRotation: -71.7752 zShift: 4.26255 energy: -22.3405
MCReject   xShift: 6.42158 crossingAngle: -42.8824 axialRotation: -71.3651 zShift: 4.26255 energy: -21.7972
MCReject   xShift: 6.42158 crossingAngle: -42.904 axialRotation: -71.7752 zShift: 4.26255 energy: -22.3635
MCReject   xShift: 6.39535 crossingAngle: -42.8824 axialRotation: -71.7752 zShift: 4.26255 energy: -22.2716
MCReject   xShift: 6.42158 crossingAngle: -42.8824 axialRotation: -71.7752 zShift: 4.25936 energy: -22.3615
MCReject   xShift: 6.42158 crossingAngle: -42.8824 axialRotation: -71.7752 zShift: 4.27487 energy: -21.8254
MCReject   xShift: 6.42158 crossingAngle: -42.8824 axialRotation: -72.0385 zShift: 4.26255 energy: -21.8498
MCReject   xShift: 6.42158 crossingAngle: -42.7679 axialRotation: -71.7752 zShift: 4.26255 energy: -22.2156
MCReject   xShift: 6.42158 crossingAngle: -42.8824 axialRotation: -71.7752 zShift: 4.24846 energy: -22.3142
MCReject   xShift: 6.42158 crossingAngle: -42.8824 axialRotation: -71.7752 zShift: 4.24192 energy: -22.2649
MCReject   xShift: 6.42158 crossingAngle: -42.8824 axialRotation: -71.7752 zShift: 4.30526 energy: -21.9878
MCReject   xShift: 6.42158 crossingAngle: -42.8824 axialRotation: -71.7752 zShift: 4.2335 energy: -22.1786
MCAccept 132 xShift: 6.4255 crossingAngle: -42.8824 axialRotation: -71.7752 zShift: 4.26255 energy: -22.3594
MCReject   xShift: 6.4255 crossingAngle: -43.0483 axialRotation: -71.7752 zShift: 4.26255 energy: -22.3377
MCReject   xShift: 6.4255 crossingAngle: -42.8824 axialRotation: -71.7752 zShift: 4.32932 energy: -21.4717
MCReject   xShift: 6.44675 crossingAngle: -42.8824 axialRotation: -71.7752 zShift: 4.26255 energy: -22.1773
MCAccept 133 xShift: 6.4255 crossingAngle: -42.9319 axialRotation: -71.7752 zShift: 4.26255 energy: -22.3636
MCReject   xShift: 6.4255 crossingAngle: -42.8087 axialRotation: -71.7752 zShift: 4.26255 energy: -22.3451
MCReject   xShift: 6.4255 crossingAngle: -42.9319 axialRotation: -71.7752 zShift: 4.2361 energy: -21.2645
MCReject   xShift: 6.4255 crossingAngle: -42.9319 axialRotation: -71.7752 zShift: 4.2316 energy: -22.1105
MCReject   xShift: 6.4255 crossingAngle: -42.9319 axialRotation: -71.7752 zShift: 4.24972 energy: -22.2042
MCReject   xShift: 6.4255 crossingAngle: -42.9319 axialRotation: -71.3653 zShift: 4.26255 energy: -21.8033
MCReject   xShift: 6.4255 crossingAngle: -42.9319 axialRotation: -71.7752 zShift: 4.22308 energy: -21.9799
MCReject   xShift: 6.4255 crossingAngle: -42.6935 axialRotation: -71.7752 zShift: 4.26255 energy: -22.2544
MCReject   xShift: 6.4255 crossingAngle: -42.9158 axialRotation: -71.7752 zShift: 4.26255 energy: -22.2622
MCReject   xShift: 6.4255 crossingAngle: -42.8281 axialRotation: -71.7752 zShift: 4.26255 energy: -21.4907
MCReject   xShift: 6.4255 crossingAngle: -42.9319 axialRotation: -71.9216 zShift: 4.26255 energy: -22.2156
MCReject   xShift: 6.4255 crossingAngle: -43.194 axialRotation: -71.7752 zShift: 4.26255 energy: -22.2276
MCReject   xShift: 6.4255 crossingAngle: -42.9319 axialRotation: -71.7752 zShift: 4.32516 energy: -21.7955
MCReject   xShift: 6.45524 crossingAngle: -42.9319 axialRotation: -71.7752 zShift: 4.26255 energy: -22.1262
MCReject   xShift: 6.4255 crossingAngle: -42.9319 axialRotation: -72.2054 zShift: 4.26255 energy: -21.4164
MCReject   xShift: 6.42768 crossingAngle: -42.9319 axialRotation: -71.7752 zShift: 4.26255 energy: -22.3606
MCReject   xShift: 6.4255 crossingAngle: -43.1178 axialRotation: -71.7752 zShift: 4.26255 energy: -22.2922
MCReject   xShift: 6.4255 crossingAngle: -42.9319 axialRotation: -71.899 zShift: 4.26255 energy: -22.1657
MCReject   xShift: 6.4255 crossingAngle: -42.9319 axialRotation: -71.7752 zShift: 4.26216 energy: -22.3652
MCReject   xShift: 6.4255 crossingAngle: -42.9319 axialRotation: -71.7752 zShift: 4.21283 energy: -21.7886
MCReject   xShift: 6.4255 crossingAngle: -42.9319 axialRotation: -71.9606 zShift: 4.26255 energy: -22.1411
MCReject   xShift: 6.40922 crossingAngle: -42.9319 axialRotation: -71.7752 zShift: 4.26255 energy: -21.8197
MCReject   xShift: 6.4255 crossingAngle: -42.9319 axialRotation: -71.7752 zShift: 4.25934 energy: -22.3558
MCReject   xShift: 6.4255 crossingAngle: -42.7218 axialRotation: -71.7752 zShift: 4.26255 energy: -22.2935
MCReject   xShift: 6.43688 crossingAngle: -42.9319 axialRotation: -71.7752 zShift: 4.26255 energy: -22.3336
MCReject   xShift: 6.42935 crossingAngle: -42.9319 axialRotation: -71.7752 zShift: 4.26255 energy: -22.3582
MCReject   xShift: 6.4255 crossingAngle: -42.854 axialRotation: -71.7752 zShift: 4.26255 energy: -21.8644
MCReject   xShift: 6.4255 crossingAngle: -42.9319 axialRotation: -71.7752 zShift: 4.29875 energy: -22.2285
MCReject   xShift: 6.4255 crossingAngle: -42.9319 axialRotation: -71.7752 zShift: 4.23546 energy: -22.0543
MCReject   xShift: 6.4255 crossingAngle: -43.143 axialRotation: -71.7752 zShift: 4.26255 energy: -22.2729
MCReject   xShift: 6.4255 crossingAngle: -42.8385 axialRotation: -71.7752 zShift: 4.26255 energy: -22.3476
MCReject   xShift: 6.4255 crossingAngle: -42.8773 axialRotation: -71.7752 zShift: 4.26255 energy: -22.3584
MCReject   xShift: 6.4255 crossingAngle: -43.0806 axialRotation: -71.7752 zShift: 4.26255 energy: -22.3219
MCReject   xShift: 6.4255 crossingAngle: -42.9319 axialRotation: -71.9273 zShift: 4.26255 energy: -22.1868
MCReject   xShift: 6.4255 crossingAngle: -42.9319 axialRotation: -72.313 zShift: 4.26255 energy: -20.9316
MCReject   xShift: 6.4255 crossingAngle: -42.9319 axialRotation: -71.2818 zShift: 4.26255 energy: -21.501
MCReject   xShift: 6.4255 crossingAngle: -42.8036 axialRotation: -71.7752 zShift: 4.26255 energy: -22.2366
MCReject   xShift: 6.4255 crossingAngle: -42.8915 axialRotation: -71.7752 zShift: 4.26255 energy: -22.2608
MCReject   xShift: 6.4255 crossingAngle: -42.9319 axialRotation: -71.8517 zShift: 4.26255 energy: -22.3121
MCReject   xShift: 6.4255 crossingAngle: -42.9319 axialRotation: -71.7752 zShift: 4.252 energy: -22.2125
MCReject   xShift: 6.4255 crossingAngle: -42.9319 axialRotation: -72.4334 zShift: 4.26255 energy: -20.2129
MCReject   xShift: 6.4255 crossingAngle: -42.9319 axialRotation: -71.7752 zShift: 4.29401 energy: -22.1675
MCReject   xShift: 6.44615 crossingAngle: -42.9319 axialRotation: -71.7752 zShift: 4.26255 energy: -22.1966
MCReject   xShift: 6.4255 crossingAngle: -42.6959 axialRotation: -71.7752 zShift: 4.26255 energy: -22.2564
MCReject   xShift: 6.4255 crossingAngle: -42.9319 axialRotation: -71.8485 zShift: 4.26255 energy: -22.3064
MCReject   xShift: 6.4255 crossingAngle: -42.9319 axialRotation: -72.0336 zShift: 4.26255 energy: -21.9613
MCReject   xShift: 6.4255 crossingAngle: -42.9319 axialRotation: -71.7752 zShift: 4.2884 energy: -22.3191
MCReject   xShift: 6.4255 crossingAngle: -42.9319 axialRotation: -71.3785 zShift: 4.26255 energy: -21.808
MCReject   xShift: 6.4255 crossingAngle: -42.9319 axialRotation: -71.6957 zShift: 4.26255 energy: -22.2693
MCReject   xShift: 6.40873 crossingAngle: -42.9319 axialRotation: -71.7752 zShift: 4.26255 energy: -22.3426
MCReject   xShift: 6.4255 crossingAngle: -42.9319 axialRotation: -71.2896 zShift: 4.26255 energy: -21.5325
MCReject   xShift: 6.42158 crossingAngle: -42.9319 axialRotation: -71.7752 zShift: 4.26255 energy: -22.3703
MCReject   xShift: 6.4255 crossingAngle: -42.9319 axialRotation: -71.619 zShift: 4.26255 energy: -22.3293
MCReject   xShift: 6.4255 crossingAngle: -42.9319 axialRotation: -71.5844 zShift: 4.26255 energy: -22.2904
MCReject   xShift: 6.4255 crossingAngle: -42.9319 axialRotation: -71.7997 zShift: 4.26255 energy: -22.2656
MCReject   xShift: 6.43286 crossingAngle: -42.9319 axialRotation: -71.7752 zShift: 4.26255 energy: -22.2434
MCReject   xShift: 6.43769 crossingAngle: -42.9319 axialRotation: -71.7752 zShift: 4.26255 energy: -22.3273
MCReject   xShift: 6.44274 crossingAngle: -42.9319 axialRotation: -71.7752 zShift: 4.26255 energy: -22.3046
MCReject   xShift: 6.44215 crossingAngle: -42.9319 axialRotation: -71.7752 zShift: 4.26255 energy: -22.3031
MCReject   xShift: 6.4255 crossingAngle: -42.9319 axialRotation: -71.7752 zShift: 4.28068 energy: -21.8314
MCReject   xShift: 6.4255 crossingAngle: -42.9319 axialRotation: -72.2885 zShift: 4.26255 energy: -20.5375
MCReject   xShift: 6.43665 crossingAngle: -42.9319 axialRotation: -71.7752 zShift: 4.26255 energy: -22.3321
MCReject   xShift: 6.4255 crossingAngle: -42.9605 axialRotation: -71.7752 zShift: 4.26255 energy: -22.274
MCReject   xShift: 6.44387 crossingAngle: -42.9319 axialRotation: -71.7752 zShift: 4.26255 energy: -22.2109
MCReject   xShift: 6.43008 crossingAngle: -42.9319 axialRotation: -71.7752 zShift: 4.26255 energy: -21.8368
End Repack Cycles

***REPACK GEOMETRY***
xShift;        Before: 6.60224; After: 6.4255
crossingAngle; Before: -41.7577; After: -42.9319
axialRotation; Before: -71.7752; After: -71.7752
zShift;        Before: 4.15087; After: 4.26255

axialRotationPrime; Before: 50.9969; After: 51.8242
zShiftPrime;        Before: 3.41582; After: 3.53991

Energy;        Before: -7.04919; After: -22.3636

Completed all cycles. Accepted 182/399
Monte Carlo repack complete. Time: 140.217min

