***STARTING GEOMETRY***
xShift;        Before: 6.8566; After: 6.8566
crossingAngle; Before: -43.07; After: -43.07
axialRotation; Before: -70.5949; After: -70.5949
zShift;        Before: 4.21018; After: 4.21018

axialRotationPrime; Before: 52.7478; After: 52.7478
zShiftPrime;        Before: 3.5014; After: 3.5014

Starting Repack Cycles
MCAccept 0 xShift: 6.8566 crossingAngle: -42.7817 axialRotation: -70.5949 zShift: 4.21018 energy: -23.4847
MCAccept 1 xShift: 6.8566 crossingAngle: -42.7817 axialRotation: -70.5949 zShift: 4.18376 energy: -23.7648
MCAccept 2 xShift: 6.8566 crossingAngle: -42.7817 axialRotation: -70.5949 zShift: 4.23986 energy: -23.6545
MCAccept 3 xShift: 6.84355 crossingAngle: -42.7817 axialRotation: -70.5949 zShift: 4.23986 energy: -23.7184
MCAccept 4 xShift: 6.84355 crossingAngle: -43.1022 axialRotation: -70.5949 zShift: 4.23986 energy: -24.5397
MCAccept 5 xShift: 6.81172 crossingAngle: -43.1022 axialRotation: -70.5949 zShift: 4.23986 energy: -24.655
MCReject   xShift: 6.81172 crossingAngle: -43.1022 axialRotation: -70.7805 zShift: 4.23986 energy: -23.5916
MCAccept 6 xShift: 6.81172 crossingAngle: -43.2882 axialRotation: -70.5949 zShift: 4.23986 energy: -24.3526
MCAccept 7 xShift: 6.76641 crossingAngle: -43.2882 axialRotation: -70.5949 zShift: 4.23986 energy: -25.3357
MCAccept 8 xShift: 6.76641 crossingAngle: -43.3086 axialRotation: -70.5949 zShift: 4.23986 energy: -24.4239
MCReject   xShift: 6.73932 crossingAngle: -43.3086 axialRotation: -70.5949 zShift: 4.23986 energy: -24.4545
MCReject   xShift: 6.76641 crossingAngle: -43.0281 axialRotation: -70.5949 zShift: 4.23986 energy: -24.6741
MCAccept 9 xShift: 6.76641 crossingAngle: -43.6878 axialRotation: -70.5949 zShift: 4.23986 energy: -25.968
MCReject   xShift: 6.76641 crossingAngle: -43.6878 axialRotation: -70.4473 zShift: 4.23986 energy: -25.2502
MCAccept 10 xShift: 6.76641 crossingAngle: -43.6878 axialRotation: -70.5949 zShift: 4.15241 energy: -24.7508
MCAccept 11 xShift: 6.76641 crossingAngle: -44.2586 axialRotation: -70.5949 zShift: 4.15241 energy: -24.7129
MCAccept 12 xShift: 6.76641 crossingAngle: -44.2586 axialRotation: -70.5949 zShift: 4.09668 energy: -24.012
MCAccept 13 xShift: 6.71103 crossingAngle: -44.2586 axialRotation: -70.5949 zShift: 4.09668 energy: -24.3917
MCAccept 14 xShift: 6.82891 crossingAngle: -44.2586 axialRotation: -70.5949 zShift: 4.09668 energy: -24.0153
MCAccept 15 xShift: 6.82891 crossingAngle: -44.2586 axialRotation: -70.5949 zShift: 4.14387 energy: -24.4485
MCReject   xShift: 6.82891 crossingAngle: -44.2586 axialRotation: -70.5949 zShift: 4.07494 energy: -23.6373
MCAccept 16 xShift: 6.82891 crossingAngle: -44.2586 axialRotation: -70.5949 zShift: 4.06572 energy: -23.5382
MCAccept 17 xShift: 6.82891 crossingAngle: -44.2586 axialRotation: -70.5949 zShift: 4.02435 energy: -23.1731
MCAccept 18 xShift: 6.82558 crossingAngle: -44.2586 axialRotation: -70.5949 zShift: 4.02435 energy: -23.1668
MCReject   xShift: 6.82558 crossingAngle: -44.6643 axialRotation: -70.5949 zShift: 4.02435 energy: -22.6591
MCAccept 19 xShift: 6.82558 crossingAngle: -44.4914 axialRotation: -70.5949 zShift: 4.02435 energy: -23.1971
MCAccept 20 xShift: 6.82292 crossingAngle: -44.4914 axialRotation: -70.5949 zShift: 4.02435 energy: -23.249
MCReject   xShift: 6.82292 crossingAngle: -44.5984 axialRotation: -70.5949 zShift: 4.02435 energy: -22.767
MCReject   xShift: 6.82292 crossingAngle: -44.4914 axialRotation: -70.5949 zShift: 3.98432 energy: -21.9525
MCAccept 21 xShift: 6.75593 crossingAngle: -44.4914 axialRotation: -70.5949 zShift: 4.02435 energy: -22.6826
MCAccept 22 xShift: 6.75593 crossingAngle: -43.9812 axialRotation: -70.5949 zShift: 4.02435 energy: -23.0526
MCAccept 23 xShift: 6.75593 crossingAngle: -43.9812 axialRotation: -70.5949 zShift: 3.96768 energy: -22.2989
MCAccept 24 xShift: 6.75593 crossingAngle: -44.1717 axialRotation: -70.5949 zShift: 3.96768 energy: -21.987
MCAccept 25 xShift: 6.75593 crossingAngle: -44.1717 axialRotation: -70.5949 zShift: 3.99264 energy: -22.3692
MCAccept 26 xShift: 6.8066 crossingAngle: -44.1717 axialRotation: -70.5949 zShift: 3.99264 energy: -22.581
MCAccept 27 xShift: 6.77592 crossingAngle: -44.1717 axialRotation: -70.5949 zShift: 3.99264 energy: -22.4729
MCAccept 28 xShift: 6.77592 crossingAngle: -44.1212 axialRotation: -70.5949 zShift: 3.99264 energy: -22.4763
MCAccept 29 xShift: 6.77592 crossingAngle: -44.3523 axialRotation: -70.5949 zShift: 3.99264 energy: -22.3503
MCAccept 30 xShift: 6.87004 crossingAngle: -44.3523 axialRotation: -70.5949 zShift: 3.99264 energy: -22.4547
MCAccept 31 xShift: 6.94781 crossingAngle: -44.3523 axialRotation: -70.5949 zShift: 3.99264 energy: -21.8114
MCAccept 32 xShift: 6.94781 crossingAngle: -44.3523 axialRotation: -70.5949 zShift: 4.10244 energy: -23.7803
MCAccept 33 xShift: 6.94781 crossingAngle: -44.1755 axialRotation: -70.5949 zShift: 4.10244 energy: -22.8442
MCAccept 34 xShift: 6.94781 crossingAngle: -44.1755 axialRotation: -70.5949 zShift: 4.03855 energy: -21.9607
MCAccept 35 xShift: 6.94781 crossingAngle: -44.1755 axialRotation: -70.5949 zShift: 4.10006 energy: -23.7086
MCAccept 36 xShift: 6.94781 crossingAngle: -44.1304 axialRotation: -70.5949 zShift: 4.10006 energy: -22.9968
MCAccept 37 xShift: 6.94781 crossingAngle: -44.1304 axialRotation: -70.5949 zShift: 4.0377 energy: -22.7284
MCReject   xShift: 6.94781 crossingAngle: -44.1304 axialRotation: -70.4814 zShift: 4.0377 energy: -22.2529
MCReject   xShift: 6.94781 crossingAngle: -44.1304 axialRotation: -70.5154 zShift: 4.0377 energy: -22.5594
MCAccept 38 xShift: 6.94781 crossingAngle: -43.9038 axialRotation: -70.5949 zShift: 4.0377 energy: -22.6449
MCAccept 39 xShift: 6.94781 crossingAngle: -44.0676 axialRotation: -70.5949 zShift: 4.0377 energy: -22.3392
MCAccept 40 xShift: 6.94781 crossingAngle: -44.1767 axialRotation: -70.5949 zShift: 4.0377 energy: -22.2878
MCReject   xShift: 6.94781 crossingAngle: -44.1767 axialRotation: -70.5949 zShift: 3.98433 energy: -21.6764
MCAccept 41 xShift: 6.94781 crossingAngle: -43.7666 axialRotation: -70.5949 zShift: 4.0377 energy: -22.5842
MCReject   xShift: 7.06004 crossingAngle: -43.7666 axialRotation: -70.5949 zShift: 4.0377 energy: -21.107
MCAccept 42 xShift: 6.9444 crossingAngle: -43.7666 axialRotation: -70.5949 zShift: 4.0377 energy: -22.6284
MCAccept 43 xShift: 7.03716 crossingAngle: -43.7666 axialRotation: -70.5949 zShift: 4.0377 energy: -21.1343
MCAccept 44 xShift: 6.95516 crossingAngle: -43.7666 axialRotation: -70.5949 zShift: 4.0377 energy: -22.2965
MCAccept 45 xShift: 6.95516 crossingAngle: -43.7666 axialRotation: -70.5949 zShift: 4.04484 energy: -22.653
MCAccept 46 xShift: 6.96936 crossingAngle: -43.7666 axialRotation: -70.5949 zShift: 4.04484 energy: -22.2358
MCAccept 47 xShift: 6.94712 crossingAngle: -43.7666 axialRotation: -70.5949 zShift: 4.04484 energy: -22.5218
MCReject   xShift: 7.05524 crossingAngle: -43.7666 axialRotation: -70.5949 zShift: 4.04484 energy: -21.1383
MCAccept 48 xShift: 6.94712 crossingAngle: -43.7666 axialRotation: -70.5949 zShift: 4.08245 energy: -23.2688
MCReject   xShift: 6.94712 crossingAngle: -43.7666 axialRotation: -70.51 zShift: 4.08245 energy: -22.7965
MCAccept 49 xShift: 6.94712 crossingAngle: -43.7279 axialRotation: -70.5949 zShift: 4.08245 energy: -23.213
MCAccept 50 xShift: 6.94712 crossingAngle: -44.067 axialRotation: -70.5949 zShift: 4.08245 energy: -23.4177
MCAccept 51 xShift: 6.94712 crossingAngle: -44.3858 axialRotation: -70.5949 zShift: 4.08245 energy: -23.4812
MCAccept 52 xShift: 6.94712 crossingAngle: -44.3858 axialRotation: -70.5949 zShift: 4.13391 energy: -24.093
MCAccept 53 xShift: 6.94712 crossingAngle: -44.3858 axialRotation: -70.5949 zShift: 4.18424 energy: -24.4978
MCAccept 54 xShift: 6.94712 crossingAngle: -44.3858 axialRotation: -70.5949 zShift: 4.17866 energy: -24.4619
MCAccept 55 xShift: 6.95913 crossingAngle: -44.3858 axialRotation: -70.5949 zShift: 4.17866 energy: -24.3527
MCAccept 56 xShift: 6.95913 crossingAngle: -44.3858 axialRotation: -70.5949 zShift: 4.21583 energy: -24.5509
MCAccept 57 xShift: 6.95913 crossingAngle: -44.059 axialRotation: -70.5949 zShift: 4.21583 energy: -24.4845
MCReject   xShift: 6.95913 crossingAngle: -44.059 axialRotation: -70.5949 zShift: 4.14567 energy: -23.187
MCAccept 58 xShift: 6.95913 crossingAngle: -44.5051 axialRotation: -70.5949 zShift: 4.21583 energy: -24.5388
MCReject   xShift: 6.95913 crossingAngle: -44.5051 axialRotation: -70.5949 zShift: 4.1381 energy: -23.1214
MCAccept 59 xShift: 6.95399 crossingAngle: -44.5051 axialRotation: -70.5949 zShift: 4.21583 energy: -23.4748
MCAccept 60 xShift: 6.95399 crossingAngle: -44.5525 axialRotation: -70.5949 zShift: 4.21583 energy: -24.6004
MCAccept 61 xShift: 6.92088 crossingAngle: -44.5525 axialRotation: -70.5949 zShift: 4.21583 energy: -25.0159
MCAccept 62 xShift: 6.86941 crossingAngle: -44.5525 axialRotation: -70.5949 zShift: 4.21583 energy: -25.5238
MCAccept 63 xShift: 6.86941 crossingAngle: -44.5525 axialRotation: -70.5949 zShift: 4.14616 energy: -24.9437
MCAccept 64 xShift: 6.81624 crossingAngle: -44.5525 axialRotation: -70.5949 zShift: 4.14616 energy: -25.3205
MCAccept 65 xShift: 6.81624 crossingAngle: -44.5525 axialRotation: -70.5949 zShift: 4.14927 energy: -25.2965
MCAccept 66 xShift: 6.81624 crossingAngle: -44.5525 axialRotation: -70.5949 zShift: 4.20137 energy: -25.8381
MCAccept 67 xShift: 6.71905 crossingAngle: -44.5525 axialRotation: -70.5949 zShift: 4.20137 energy: -26.0234
MCReject   xShift: 6.71905 crossingAngle: -44.3558 axialRotation: -70.5949 zShift: 4.20137 energy: -25.0992
MCAccept 68 xShift: 6.71905 crossingAngle: -44.5525 axialRotation: -70.5949 zShift: 4.22459 energy: -26.2503
MCAccept 69 xShift: 6.71905 crossingAngle: -44.6923 axialRotation: -70.5949 zShift: 4.22459 energy: -26.1997
MCAccept 70 xShift: 6.65793 crossingAngle: -44.6923 axialRotation: -70.5949 zShift: 4.22459 energy: -26.1217
MCAccept 71 xShift: 6.65793 crossingAngle: -44.1692 axialRotation: -70.5949 zShift: 4.22459 energy: -26.2992
MCAccept 72 xShift: 6.68494 crossingAngle: -44.1692 axialRotation: -70.5949 zShift: 4.22459 energy: -26.1976
MCReject   xShift: 6.68494 crossingAngle: -44.1692 axialRotation: -70.7381 zShift: 4.22459 energy: -26.196
MCAccept 73 xShift: 6.6691 crossingAngle: -44.1692 axialRotation: -70.5949 zShift: 4.22459 energy: -26.2209
MCAccept 74 xShift: 6.77413 crossingAngle: -44.1692 axialRotation: -70.5949 zShift: 4.22459 energy: -26.1275
MCAccept 75 xShift: 6.77413 crossingAngle: -44.1692 axialRotation: -70.5949 zShift: 4.24483 energy: -26.2438
MCAccept 76 xShift: 6.77413 crossingAngle: -44.1692 axialRotation: -70.5949 zShift: 4.18549 energy: -24.8755
MCAccept 77 xShift: 6.77413 crossingAngle: -44.1692 axialRotation: -70.5949 zShift: 4.18315 energy: -24.9752
MCAccept 78 xShift: 6.76256 crossingAngle: -44.1692 axialRotation: -70.5949 zShift: 4.18315 energy: -24.0785
MCAccept 79 xShift: 6.76256 crossingAngle: -44.13 axialRotation: -70.5949 zShift: 4.18315 energy: -25.8096
MCAccept 80 xShift: 6.76256 crossingAngle: -43.9403 axialRotation: -70.5949 zShift: 4.18315 energy: -25.1015
MCAccept 81 xShift: 6.76256 crossingAngle: -43.9403 axialRotation: -70.5949 zShift: 4.21066 energy: -25.1167
MCAccept 82 xShift: 6.69787 crossingAngle: -43.9403 axialRotation: -70.5949 zShift: 4.21066 energy: -26.0087
MCReject   xShift: 6.71256 crossingAngle: -43.9403 axialRotation: -70.5949 zShift: 4.21066 energy: -25.1985
MCAccept 83 xShift: 6.7188 crossingAngle: -43.9403 axialRotation: -70.5949 zShift: 4.21066 energy: -25.2041
MCAccept 84 xShift: 6.74162 crossingAngle: -43.9403 axialRotation: -70.5949 zShift: 4.21066 energy: -26.0528
MCAccept 85 xShift: 6.74162 crossingAngle: -43.9403 axialRotation: -70.5949 zShift: 4.15736 energy: -25.4104
MCAccept 86 xShift: 6.74162 crossingAngle: -43.9208 axialRotation: -70.5949 zShift: 4.15736 energy: -25.4629
MCReject   xShift: 6.74162 crossingAngle: -43.9208 axialRotation: -70.5949 zShift: 4.12454 energy: -24.4534
MCAccept 87 xShift: 6.74162 crossingAngle: -43.9208 axialRotation: -70.5949 zShift: 4.22814 energy: -25.3692
MCReject   xShift: 6.74162 crossingAngle: -43.7959 axialRotation: -70.5949 zShift: 4.22814 energy: -25.2307
MCReject   xShift: 6.7558 crossingAngle: -43.9208 axialRotation: -70.5949 zShift: 4.22814 energy: -25.199
MCReject   xShift: 6.74162 crossingAngle: -43.9208 axialRotation: -70.5544 zShift: 4.22814 energy: -25.2743
MCAccept 88 xShift: 6.74162 crossingAngle: -43.5706 axialRotation: -70.5949 zShift: 4.22814 energy: -25.8424
MCAccept 89 xShift: 6.70371 crossingAngle: -43.5706 axialRotation: -70.5949 zShift: 4.22814 energy: -25.8207
MCReject   xShift: 6.76106 crossingAngle: -43.5706 axialRotation: -70.5949 zShift: 4.22814 energy: -25.1021
MCAccept 90 xShift: 6.72785 crossingAngle: -43.5706 axialRotation: -70.5949 zShift: 4.22814 energy: -25.1586
MCAccept 91 xShift: 6.72785 crossingAngle: -43.4835 axialRotation: -70.5949 zShift: 4.22814 energy: -25.1145
MCAccept 92 xShift: 6.72785 crossingAngle: -43.4835 axialRotation: -70.5949 zShift: 4.2178 energy: -25.1045
MCReject   xShift: 6.72785 crossingAngle: -43.4835 axialRotation: -70.9376 zShift: 4.2178 energy: -25.3484
MCReject   xShift: 6.76143 crossingAngle: -43.4835 axialRotation: -70.5949 zShift: 4.2178 energy: -24.6336
MCAccept 93 xShift: 6.72785 crossingAngle: -43.4835 axialRotation: -70.5949 zShift: 4.26862 energy: -25.8019
MCAccept 94 xShift: 6.73275 crossingAngle: -43.4835 axialRotation: -70.5949 zShift: 4.26862 energy: -25.7998
MCReject   xShift: 6.73816 crossingAngle: -43.4835 axialRotation: -70.5949 zShift: 4.26862 energy: -25.0143
MCReject   xShift: 6.74849 crossingAngle: -43.4835 axialRotation: -70.5949 zShift: 4.26862 energy: -24.9844
MCAccept 95 xShift: 6.73275 crossingAngle: -43.4781 axialRotation: -70.5949 zShift: 4.26862 energy: -25.7897
MCAccept 96 xShift: 6.73275 crossingAngle: -43.7757 axialRotation: -70.5949 zShift: 4.26862 energy: -26.2167
MCAccept 97 xShift: 6.73109 crossingAngle: -43.7757 axialRotation: -70.5949 zShift: 4.26862 energy: -26.2186
MCAccept 98 xShift: 6.73109 crossingAngle: -43.7757 axialRotation: -70.5949 zShift: 4.34213 energy: -25.9588
MCAccept 99 xShift: 6.73109 crossingAngle: -44.2924 axialRotation: -70.5949 zShift: 4.34213 energy: -26.5796
MCReject   xShift: 6.73109 crossingAngle: -44.2924 axialRotation: -70.5949 zShift: 4.34992 energy: -26.5515
MCAccept 100 xShift: 6.73109 crossingAngle: -44.2924 axialRotation: -70.5949 zShift: 4.29602 energy: -26.621
MCAccept 101 xShift: 6.71604 crossingAngle: -44.2924 axialRotation: -70.5949 zShift: 4.29602 energy: -26.6475
MCAccept 102 xShift: 6.71604 crossingAngle: -44.1274 axialRotation: -70.5949 zShift: 4.29602 energy: -26.5632
MCReject   xShift: 6.71604 crossingAngle: -44.1274 axialRotation: -70.5949 zShift: 4.28781 energy: -26.5546
MCReject   xShift: 6.71604 crossingAngle: -44.1274 axialRotation: -70.7256 zShift: 4.29602 energy: -26.4123
MCAccept 103 xShift: 6.71604 crossingAngle: -44.1274 axialRotation: -70.5949 zShift: 4.26872 energy: -26.5071
MCAccept 104 xShift: 6.71604 crossingAngle: -44.1501 axialRotation: -70.5949 zShift: 4.26872 energy: -26.5183
MCAccept 105 xShift: 6.71604 crossingAngle: -44.1886 axialRotation: -70.5949 zShift: 4.26872 energy: -26.5351
MCAccept 106 xShift: 6.72823 crossingAngle: -44.1886 axialRotation: -70.5949 zShift: 4.26872 energy: -26.5214
MCAccept 107 xShift: 6.72823 crossingAngle: -44.1886 axialRotation: -70.5949 zShift: 4.29903 energy: -26.5832
MCReject   xShift: 6.72823 crossingAngle: -44.1886 axialRotation: -70.5648 zShift: 4.29903 energy: -26.6101
MCAccept 108 xShift: 6.72823 crossingAngle: -44.1886 axialRotation: -70.5949 zShift: 4.24537 energy: -26.4115
MCReject   xShift: 6.69524 crossingAngle: -44.1886 axialRotation: -70.5949 zShift: 4.24537 energy: -26.3943
MCAccept 109 xShift: 6.72823 crossingAngle: -44.5833 axialRotation: -70.5949 zShift: 4.24537 energy: -26.4086
MCAccept 110 xShift: 6.72823 crossingAngle: -44.5012 axialRotation: -70.5949 zShift: 4.24537 energy: -26.4246
MCReject   xShift: 6.77803 crossingAngle: -44.5012 axialRotation: -70.5949 zShift: 4.24537 energy: -26.2768
MCAccept 111 xShift: 6.67306 crossingAngle: -44.5012 axialRotation: -70.5949 zShift: 4.24537 energy: -26.3824
MCReject   xShift: 6.67306 crossingAngle: -44.9054 axialRotation: -70.5949 zShift: 4.24537 energy: -26.1717
MCAccept 112 xShift: 6.67481 crossingAngle: -44.5012 axialRotation: -70.5949 zShift: 4.24537 energy: -26.38
MCAccept 113 xShift: 6.67481 crossingAngle: -44.5012 axialRotation: -70.5949 zShift: 4.24638 energy: -26.3871
MCAccept 114 xShift: 6.67481 crossingAngle: -44.7064 axialRotation: -70.5949 zShift: 4.24638 energy: -26.3098
MCAccept 115 xShift: 6.67481 crossingAngle: -44.7064 axialRotation: -70.5949 zShift: 4.30677 energy: -26.7074
MCAccept 116 xShift: 6.67481 crossingAngle: -44.7064 axialRotation: -70.5949 zShift: 4.3567 energy: -27.041
MCReject   xShift: 6.67481 crossingAngle: -44.8994 axialRotation: -70.5949 zShift: 4.3567 energy: -26.9449
MCReject   xShift: 6.67481 crossingAngle: -44.7064 axialRotation: -70.5949 zShift: 4.3147 energy: -26.8212
MCReject   xShift: 6.67481 crossingAngle: -44.7064 axialRotation: -70.458 zShift: 4.3567 energy: -25.4709
MCReject   xShift: 6.67481 crossingAngle: -44.7837 axialRotation: -70.5949 zShift: 4.3567 energy: -27.0124
MCReject   xShift: 6.67481 crossingAngle: -44.7064 axialRotation: -70.5949 zShift: 4.37124 energy: -27.0511
MCReject   xShift: 6.67481 crossingAngle: -44.7131 axialRotation: -70.5949 zShift: 4.3567 energy: -27.039
MCReject   xShift: 6.67481 crossingAngle: -44.7064 axialRotation: -70.4316 zShift: 4.3567 energy: -26.9062
MCReject   xShift: 6.72152 crossingAngle: -44.7064 axialRotation: -70.5949 zShift: 4.3567 energy: -26.7121
MCReject   xShift: 6.67481 crossingAngle: -44.7064 axialRotation: -70.5949 zShift: 4.40178 energy: -27.0182
MCReject   xShift: 6.67481 crossingAngle: -44.7064 axialRotation: -70.5949 zShift: 4.33202 energy: -26.9549
MCReject   xShift: 6.67481 crossingAngle: -44.881 axialRotation: -70.5949 zShift: 4.3567 energy: -26.9577
MCReject   xShift: 6.67481 crossingAngle: -44.7064 axialRotation: -70.3951 zShift: 4.3567 energy: -26.9087
MCReject   xShift: 6.67481 crossingAngle: -44.7064 axialRotation: -70.5711 zShift: 4.3567 energy: -27.0336
MCReject   xShift: 6.67481 crossingAngle: -44.7965 axialRotation: -70.5949 zShift: 4.3567 energy: -24.5926
MCReject   xShift: 6.67481 crossingAngle: -44.7064 axialRotation: -70.5949 zShift: 4.3336 energy: -26.9634
MCReject   xShift: 6.67481 crossingAngle: -44.7064 axialRotation: -70.6219 zShift: 4.3567 energy: -25.4763
MCReject   xShift: 6.67481 crossingAngle: -44.7064 axialRotation: -70.7718 zShift: 4.3567 energy: -27.0222
MCReject   xShift: 6.67481 crossingAngle: -44.6246 axialRotation: -70.5949 zShift: 4.3567 energy: -27.0572
MCReject   xShift: 6.73029 crossingAngle: -44.7064 axialRotation: -70.5949 zShift: 4.3567 energy: -25.2896
MCReject   xShift: 6.67481 crossingAngle: -44.5205 axialRotation: -70.5949 zShift: 4.3567 energy: -27.0567
MCReject   xShift: 6.67481 crossingAngle: -44.7064 axialRotation: -70.4679 zShift: 4.3567 energy: -26.9603
MCReject   xShift: 6.67481 crossingAngle: -44.7489 axialRotation: -70.5949 zShift: 4.3567 energy: -25.5625
MCReject   xShift: 6.67481 crossingAngle: -44.7064 axialRotation: -70.5949 zShift: 4.33918 energy: -26.9899
MCReject   xShift: 6.67481 crossingAngle: -44.5394 axialRotation: -70.5949 zShift: 4.3567 energy: -27.0586
MCReject   xShift: 6.67481 crossingAngle: -44.5911 axialRotation: -70.5949 zShift: 4.3567 energy: -27.0597
MCReject   xShift: 6.67481 crossingAngle: -44.7064 axialRotation: -70.5949 zShift: 4.37703 energy: -27.0476
MCReject   xShift: 6.68367 crossingAngle: -44.7064 axialRotation: -70.5949 zShift: 4.3567 energy: -26.9331
MCAccept 117 xShift: 6.67481 crossingAngle: -44.7064 axialRotation: -70.5949 zShift: 4.37218 energy: -27.0508
MCReject   xShift: 6.63788 crossingAngle: -44.7064 axialRotation: -70.5949 zShift: 4.37218 energy: -25.7021
MCAccept 118 xShift: 6.67481 crossingAngle: -44.7064 axialRotation: -70.5949 zShift: 4.37349 energy: -27.0502
MCAccept 119 xShift: 6.67481 crossingAngle: -44.5962 axialRotation: -70.5949 zShift: 4.37349 energy: -27.0482
MCAccept 120 xShift: 6.66659 crossingAngle: -44.5962 axialRotation: -70.5949 zShift: 4.37349 energy: -27.1225
MCReject   xShift: 6.66659 crossingAngle: -44.7074 axialRotation: -70.5949 zShift: 4.37349 energy: -25.6613
MCAccept 121 xShift: 6.66659 crossingAngle: -44.5962 axialRotation: -70.5949 zShift: 4.38154 energy: -27.1026
MCReject   xShift: 6.66659 crossingAngle: -44.5962 axialRotation: -70.5949 zShift: 4.39065 energy: -25.6254
MCAccept 122 xShift: 6.66659 crossingAngle: -44.5962 axialRotation: -70.5949 zShift: 4.33859 energy: -27.1157
MCAccept 123 xShift: 6.66659 crossingAngle: -44.5962 axialRotation: -70.5949 zShift: 4.34299 energy: -27.1251
MCAccept 124 xShift: 6.66659 crossingAngle: -44.5962 axialRotation: -70.5949 zShift: 4.35203 energy: -27.1365
MCReject   xShift: 6.69486 crossingAngle: -44.5962 axialRotation: -70.5949 zShift: 4.35203 energy: -26.787
MCReject   xShift: 6.65291 crossingAngle: -44.5962 axialRotation: -70.5949 zShift: 4.35203 energy: -27.2443
MCReject   xShift: 6.66659 crossingAngle: -44.5962 axialRotation: -70.5173 zShift: 4.35203 energy: -27.1267
MCReject   xShift: 6.66659 crossingAngle: -44.6532 axialRotation: -70.5949 zShift: 4.35203 energy: -27.1297
MCReject   xShift: 6.66659 crossingAngle: -44.5962 axialRotation: -70.4041 zShift: 4.35203 energy: -27.0657
MCReject   xShift: 6.65197 crossingAngle: -44.5962 axialRotation: -70.5949 zShift: 4.35203 energy: -27.2506
MCReject   xShift: 6.66659 crossingAngle: -44.5962 axialRotation: -70.5949 zShift: 4.35242 energy: -27.1367
MCReject   xShift: 6.66659 crossingAngle: -44.4095 axialRotation: -70.5949 zShift: 4.35203 energy: -27.1089
MCReject   xShift: 6.66659 crossingAngle: -44.5962 axialRotation: -70.5851 zShift: 4.35203 energy: -27.1366
MCReject   xShift: 6.66659 crossingAngle: -44.5962 axialRotation: -70.5949 zShift: 4.35159 energy: -27.1361
MCReject   xShift: 6.66659 crossingAngle: -44.5962 axialRotation: -70.5949 zShift: 4.36784 energy: -25.6903
MCReject   xShift: 6.66659 crossingAngle: -44.5962 axialRotation: -70.4074 zShift: 4.35203 energy: -27.0688
MCReject   xShift: 6.66659 crossingAngle: -44.5962 axialRotation: -70.5949 zShift: 4.34789 energy: -27.1325
MCReject   xShift: 6.66659 crossingAngle: -44.9025 axialRotation: -70.5949 zShift: 4.35203 energy: -25.5135
MCReject   xShift: 6.6856 crossingAngle: -44.5962 axialRotation: -70.5949 zShift: 4.35203 energy: -26.928
MCReject   xShift: 6.66659 crossingAngle: -44.5962 axialRotation: -70.5949 zShift: 4.37568 energy: -27.1178
MCReject   xShift: 6.66659 crossingAngle: -44.5962 axialRotation: -70.5949 zShift: 4.36815 energy: -27.1313
MCReject   xShift: 6.66659 crossingAngle: -44.6869 axialRotation: -70.5949 zShift: 4.35203 energy: -27.1225
MCReject   xShift: 6.66659 crossingAngle: -44.5962 axialRotation: -70.5949 zShift: 4.348 energy: -27.1327
MCReject   xShift: 6.66335 crossingAngle: -44.5962 axialRotation: -70.5949 zShift: 4.35203 energy: -27.1648
MCReject   xShift: 6.66659 crossingAngle: -44.5962 axialRotation: -70.5949 zShift: 4.38646 energy: -27.0865
MCReject   xShift: 6.66659 crossingAngle: -44.8636 axialRotation: -70.5949 zShift: 4.35203 energy: -27.0458
MCReject   xShift: 6.66659 crossingAngle: -44.5962 axialRotation: -70.5949 zShift: 4.35158 energy: -27.1361
MCReject   xShift: 6.66659 crossingAngle: -44.5962 axialRotation: -70.5949 zShift: 4.30608 energy: -26.9602
MCReject   xShift: 6.66659 crossingAngle: -44.5962 axialRotation: -70.5949 zShift: 4.31135 energy: -26.997
MCReject   xShift: 6.66659 crossingAngle: -44.5962 axialRotation: -70.5949 zShift: 4.36193 energy: -27.1371
MCReject   xShift: 6.66659 crossingAngle: -44.5962 axialRotation: -70.5838 zShift: 4.35203 energy: -27.1366
MCReject   xShift: 6.66659 crossingAngle: -44.5962 axialRotation: -70.4838 zShift: 4.35203 energy: -27.1142
MCReject   xShift: 6.68156 crossingAngle: -44.5962 axialRotation: -70.5949 zShift: 4.35203 energy: -26.9796
MCReject   xShift: 6.66659 crossingAngle: -44.4249 axialRotation: -70.5949 zShift: 4.35203 energy: -27.1142
MCReject   xShift: 6.66659 crossingAngle: -44.5962 axialRotation: -70.5949 zShift: 4.37235 energy: -27.1246
MCReject   xShift: 6.66659 crossingAngle: -44.4586 axialRotation: -70.5949 zShift: 4.35203 energy: -27.1237
MCReject   xShift: 6.66659 crossingAngle: -44.5962 axialRotation: -70.7209 zShift: 4.35203 energy: -25.6813
MCReject   xShift: 6.66659 crossingAngle: -44.5962 axialRotation: -70.5949 zShift: 4.326 energy: -27.0744
MCReject   xShift: 6.66659 crossingAngle: -44.5962 axialRotation: -70.6454 zShift: 4.35203 energy: -27.1301
MCReject   xShift: 6.67936 crossingAngle: -44.5962 axialRotation: -70.5949 zShift: 4.35203 energy: -27.0057
MCReject   xShift: 6.66659 crossingAngle: -44.5962 axialRotation: -70.5949 zShift: 4.30644 energy: -26.9629
MCReject   xShift: 6.66659 crossingAngle: -44.5962 axialRotation: -70.6789 zShift: 4.35203 energy: -27.1209
MCReject   xShift: 6.66659 crossingAngle: -44.5414 axialRotation: -70.5949 zShift: 4.35203 energy: -27.1364
MCReject   xShift: 6.66659 crossingAngle: -44.8186 axialRotation: -70.5949 zShift: 4.35203 energy: -27.0715
MCReject   xShift: 6.66659 crossingAngle: -44.5962 axialRotation: -70.5949 zShift: 4.35415 energy: -27.1376
MCReject   xShift: 6.66659 crossingAngle: -44.5962 axialRotation: -70.5949 zShift: 4.36279 energy: -27.1366
MCReject   xShift: 6.66659 crossingAngle: -44.5803 axialRotation: -70.5949 zShift: 4.35203 energy: -27.1371
MCReject   xShift: 6.66659 crossingAngle: -44.5962 axialRotation: -70.8073 zShift: 4.35203 energy: -27.0508
MCReject   xShift: 6.68602 crossingAngle: -44.5962 axialRotation: -70.5949 zShift: 4.35203 energy: -26.9225
MCReject   xShift: 6.66659 crossingAngle: -44.5962 axialRotation: -70.5949 zShift: 4.34031 energy: -27.1196
MCReject   xShift: 6.66659 crossingAngle: -44.5962 axialRotation: -70.5949 zShift: 4.32593 energy: -27.0741
MCReject   xShift: 6.67408 crossingAngle: -44.5962 axialRotation: -70.5949 zShift: 4.35203 energy: -27.0638
MCReject   xShift: 6.66659 crossingAngle: -44.5962 axialRotation: -70.5949 zShift: 4.35557 energy: -27.1381
MCReject   xShift: 6.66659 crossingAngle: -44.5962 axialRotation: -70.5949 zShift: 4.36745 energy: -27.1322
MCReject   xShift: 6.66667 crossingAngle: -44.5962 axialRotation: -70.5949 zShift: 4.35203 energy: -27.1357
MCReject   xShift: 6.66659 crossingAngle: -44.5962 axialRotation: -70.4049 zShift: 4.35203 energy: -27.0666
MCReject   xShift: 6.66659 crossingAngle: -44.6008 axialRotation: -70.5949 zShift: 4.35203 energy: -27.1362
MCReject   xShift: 6.66659 crossingAngle: -44.5962 axialRotation: -70.7224 zShift: 4.35203 energy: -25.6808
MCReject   xShift: 6.66659 crossingAngle: -44.5008 axialRotation: -70.5949 zShift: 4.35203 energy: -27.1321
MCReject   xShift: 6.66659 crossingAngle: -44.5962 axialRotation: -70.5949 zShift: 4.33594 energy: -27.1088
MCReject   xShift: 6.66659 crossingAngle: -44.5962 axialRotation: -70.7173 zShift: 4.35203 energy: -27.1057
MCReject   xShift: 6.66659 crossingAngle: -44.5962 axialRotation: -70.5949 zShift: 4.34797 energy: -27.1326
MCReject   xShift: 6.66659 crossingAngle: -44.6155 axialRotation: -70.5949 zShift: 4.35203 energy: -27.1349
MCReject   xShift: 6.66659 crossingAngle: -44.5962 axialRotation: -70.8446 zShift: 4.35203 energy: -27.0203
MCReject   xShift: 6.69086 crossingAngle: -44.5962 axialRotation: -70.5949 zShift: 4.35203 energy: -26.8529
MCReject   xShift: 6.66659 crossingAngle: -44.5962 axialRotation: -70.5949 zShift: 4.40418 energy: -25.5724
MCReject   xShift: 6.66659 crossingAngle: -44.5962 axialRotation: -70.5807 zShift: 4.35203 energy: -27.1365
MCReject   xShift: 6.66659 crossingAngle: -44.5962 axialRotation: -70.5949 zShift: 4.36612 energy: -27.1337
MCReject   xShift: 6.66659 crossingAngle: -44.7519 axialRotation: -70.5949 zShift: 4.35203 energy: -27.1018
MCReject   xShift: 6.66659 crossingAngle: -44.246 axialRotation: -70.5949 zShift: 4.35203 energy: -27.0188
MCReject   xShift: 6.66505 crossingAngle: -44.5962 axialRotation: -70.5949 zShift: 4.35203 energy: -27.1502
MCReject   xShift: 6.66659 crossingAngle: -44.5962 axialRotation: -70.5949 zShift: 4.34341 energy: -27.1258
MCReject   xShift: 6.66659 crossingAngle: -44.5962 axialRotation: -70.4678 zShift: 4.35203 energy: -27.108
MCReject   xShift: 6.66659 crossingAngle: -44.5962 axialRotation: -70.657 zShift: 4.35203 energy: -27.1274
MCReject   xShift: 6.66659 crossingAngle: -44.5962 axialRotation: -70.7 zShift: 4.35203 energy: -27.1131
MCReject   xShift: 6.66659 crossingAngle: -44.4092 axialRotation: -70.5949 zShift: 4.35203 energy: -27.1088
MCReject   xShift: 6.66659 crossingAngle: -44.5962 axialRotation: -70.4155 zShift: 4.35203 energy: -27.0759
MCReject   xShift: 6.66659 crossingAngle: -44.435 axialRotation: -70.5949 zShift: 4.35203 energy: -27.1173
MCReject   xShift: 6.69037 crossingAngle: -44.5962 axialRotation: -70.5949 zShift: 4.35203 energy: -26.8604
MCReject   xShift: 6.66659 crossingAngle: -44.2839 axialRotation: -70.5949 zShift: 4.35203 energy: -27.0454
MCReject   xShift: 6.70833 crossingAngle: -44.5962 axialRotation: -70.5949 zShift: 4.35203 energy: -26.7309
MCReject   xShift: 6.66659 crossingAngle: -44.5333 axialRotation: -70.5949 zShift: 4.35203 energy: -27.1358
MCReject   xShift: 6.66659 crossingAngle: -44.5962 axialRotation: -70.5949 zShift: 4.36472 energy: -25.6943
MCReject   xShift: 6.66659 crossingAngle: -44.886 axialRotation: -70.5949 zShift: 4.35203 energy: -27.0314
MCReject   xShift: 6.66659 crossingAngle: -44.5962 axialRotation: -71.0584 zShift: 4.35203 energy: -26.7569
MCReject   xShift: 6.66659 crossingAngle: -44.5431 axialRotation: -70.5949 zShift: 4.35203 energy: -27.1365
MCReject   xShift: 6.66659 crossingAngle: -44.972 axialRotation: -70.5949 zShift: 4.35203 energy: -26.9665
MCReject   xShift: 6.66659 crossingAngle: -44.4106 axialRotation: -70.5949 zShift: 4.35203 energy: -27.1093
MCReject   xShift: 6.66659 crossingAngle: -44.5962 axialRotation: -70.5949 zShift: 4.36021 energy: -27.1379
MCReject   xShift: 6.66659 crossingAngle: -44.5962 axialRotation: -70.5949 zShift: 4.32553 energy: -27.0724
MCReject   xShift: 6.68124 crossingAngle: -44.5962 axialRotation: -70.5949 zShift: 4.35203 energy: -26.9834
MCReject   xShift: 6.66659 crossingAngle: -44.5962 axialRotation: -70.5027 zShift: 4.35203 energy: -27.1219
MCReject   xShift: 6.64243 crossingAngle: -44.5962 axialRotation: -70.5949 zShift: 4.35203 energy: -27.3077
MCReject   xShift: 6.72251 crossingAngle: -44.5962 axialRotation: -70.5949 zShift: 4.35203 energy: -26.7054
MCReject   xShift: 6.67161 crossingAngle: -44.5962 axialRotation: -70.5949 zShift: 4.35203 energy: -27.0889
MCReject   xShift: 6.66659 crossingAngle: -44.4463 axialRotation: -70.5949 zShift: 4.35203 energy: -27.1205
MCReject   xShift: 6.66659 crossingAngle: -44.5962 axialRotation: -70.5949 zShift: 4.33195 energy: -27.0967
MCReject   xShift: 6.63573 crossingAngle: -44.5962 axialRotation: -70.5949 zShift: 4.35203 energy: -27.3407
MCReject   xShift: 6.66659 crossingAngle: -44.894 axialRotation: -70.5949 zShift: 4.35203 energy: -27.026
MCReject   xShift: 6.66659 crossingAngle: -44.5962 axialRotation: -71.103 zShift: 4.35203 energy: -26.6822
MCReject   xShift: 6.66659 crossingAngle: -45.1087 axialRotation: -70.5949 zShift: 4.35203 energy: -26.8329
MCReject   xShift: 6.66659 crossingAngle: -44.6361 axialRotation: -70.5949 zShift: 4.35203 energy: -27.1324
MCReject   xShift: 6.66659 crossingAngle: -44.5962 axialRotation: -70.8478 zShift: 4.35203 energy: -27.0174
MCReject   xShift: 6.66659 crossingAngle: -44.5962 axialRotation: -70.0764 zShift: 4.35203 energy: -27.1635
MCReject   xShift: 6.66659 crossingAngle: -44.8597 axialRotation: -70.5949 zShift: 4.35203 energy: -27.0482
MCReject   xShift: 6.66659 crossingAngle: -44.5741 axialRotation: -70.5949 zShift: 4.35203 energy: -27.1372
MCReject   xShift: 6.68528 crossingAngle: -44.5962 axialRotation: -70.5949 zShift: 4.35203 energy: -26.9323
MCReject   xShift: 6.69684 crossingAngle: -44.5962 axialRotation: -70.5949 zShift: 4.35203 energy: -26.7504
MCReject   xShift: 6.66659 crossingAngle: -44.5962 axialRotation: -70.7142 zShift: 4.35203 energy: -27.1071
MCReject   xShift: 6.66659 crossingAngle: -44.5962 axialRotation: -70.5949 zShift: 4.3686 energy: -27.1307
MCReject   xShift: 6.6551 crossingAngle: -44.5962 axialRotation: -70.5949 zShift: 4.35203 energy: -27.229
MCReject   xShift: 6.66659 crossingAngle: -44.5962 axialRotation: -70.4633 zShift: 4.35203 energy: -27.106
MCReject   xShift: 6.66659 crossingAngle: -44.5962 axialRotation: -69.9225 zShift: 4.35203 energy: -27.3222
MCReject   xShift: 6.66659 crossingAngle: -44.5962 axialRotation: -70.8158 zShift: 4.35203 energy: -27.0442
MCReject   xShift: 6.66659 crossingAngle: -44.5962 axialRotation: -70.7154 zShift: 4.35203 energy: -27.1066
MCReject   xShift: 6.63157 crossingAngle: -44.5962 axialRotation: -70.5949 zShift: 4.35203 energy: -27.3596
MCReject   xShift: 6.66659 crossingAngle: -44.7466 axialRotation: -70.5949 zShift: 4.35203 energy: -25.6308
MCReject   xShift: 6.66659 crossingAngle: -44.5962 axialRotation: -70.5949 zShift: 4.36821 energy: -27.1312
MCReject   xShift: 6.66659 crossingAngle: -44.5962 axialRotation: -70.5949 zShift: 4.31634 energy: -27.0272
MCReject   xShift: 6.66659 crossingAngle: -44.5962 axialRotation: -70.2465 zShift: 4.35203 energy: -27.0245
MCReject   xShift: 6.66659 crossingAngle: -44.5962 axialRotation: -70.5949 zShift: 4.35007 energy: -27.1349
MCReject   xShift: 6.66659 crossingAngle: -44.5962 axialRotation: -70.5949 zShift: 4.353 energy: -27.1371
MCReject   xShift: 6.66659 crossingAngle: -44.5787 axialRotation: -70.5949 zShift: 4.35203 energy: -27.1371
MCReject   xShift: 6.66659 crossingAngle: -44.7701 axialRotation: -70.5949 zShift: 4.35203 energy: -27.0944
MCReject   xShift: 6.66659 crossingAngle: -44.5962 axialRotation: -70.5949 zShift: 4.33364 energy: -27.102
MCReject   xShift: 6.66659 crossingAngle: -44.6979 axialRotation: -70.5949 zShift: 4.35203 energy: -27.1196
MCReject   xShift: 6.66659 crossingAngle: -44.5962 axialRotation: -70.4849 zShift: 4.35203 energy: -27.1146
MCReject   xShift: 6.66659 crossingAngle: -44.5962 axialRotation: -70.3679 zShift: 4.35203 energy: -27.0225
MCReject   xShift: 6.64657 crossingAngle: -44.5962 axialRotation: -70.5949 zShift: 4.35203 energy: -27.2845
MCReject   xShift: 6.66659 crossingAngle: -44.5962 axialRotation: -70.7958 zShift: 4.35203 energy: -27.0593
MCReject   xShift: 6.66659 crossingAngle: -44.3834 axialRotation: -70.5949 zShift: 4.35203 energy: -27.0988
MCReject   xShift: 6.66659 crossingAngle: -44.5962 axialRotation: -70.5949 zShift: 4.29518 energy: -26.8652
MCReject   xShift: 6.66659 crossingAngle: -44.9945 axialRotation: -70.5949 zShift: 4.35203 energy: -26.9472
MCReject   xShift: 6.66659 crossingAngle: -44.5962 axialRotation: -70.7271 zShift: 4.35203 energy: -27.101
MCReject   xShift: 6.66659 crossingAngle: -44.5962 axialRotation: -70.6407 zShift: 4.35203 energy: -27.1311
MCReject   xShift: 6.66659 crossingAngle: -44.7634 axialRotation: -70.5949 zShift: 4.35203 energy: -27.0972
MCReject   xShift: 6.66659 crossingAngle: -44.5962 axialRotation: -70.9129 zShift: 4.35203 energy: -26.9527
MCReject   xShift: 6.66659 crossingAngle: -44.5962 axialRotation: -70.6926 zShift: 4.35203 energy: -27.1161
MCReject   xShift: 6.66659 crossingAngle: -44.5962 axialRotation: -70.5949 zShift: 4.37372 energy: -27.122
MCReject   xShift: 6.68739 crossingAngle: -44.5962 axialRotation: -70.5949 zShift: 4.35203 energy: -25.3708
MCReject   xShift: 6.66659 crossingAngle: -44.5962 axialRotation: -70.4058 zShift: 4.35203 energy: -27.0674
MCReject   xShift: 6.65977 crossingAngle: -44.5962 axialRotation: -70.5949 zShift: 4.35203 energy: -27.1939
MCReject   xShift: 6.66659 crossingAngle: -44.4924 axialRotation: -70.5949 zShift: 4.35203 energy: -27.1307
MCReject   xShift: 6.67296 crossingAngle: -44.5962 axialRotation: -70.5949 zShift: 4.35203 energy: -27.0753
MCReject   xShift: 6.66659 crossingAngle: -44.5962 axialRotation: -70.5949 zShift: 4.34 energy: -27.119
MCReject   xShift: 6.66659 crossingAngle: -44.588 axialRotation: -70.5949 zShift: 4.35203 energy: -27.1369
MCReject   xShift: 6.66659 crossingAngle: -44.5962 axialRotation: -70.5949 zShift: 4.35962 energy: -27.138
MCReject   xShift: 6.66659 crossingAngle: -44.6691 axialRotation: -70.5949 zShift: 4.35203 energy: -27.1266
MCReject   xShift: 6.66659 crossingAngle: -44.5962 axialRotation: -70.5949 zShift: 4.36062 energy: -27.1377
MCReject   xShift: 6.66659 crossingAngle: -44.9697 axialRotation: -70.5949 zShift: 4.35203 energy: -26.9684
MCReject   xShift: 6.66659 crossingAngle: -44.5962 axialRotation: -70.3393 zShift: 4.35203 energy: -26.9649
MCReject   xShift: 6.65269 crossingAngle: -44.5962 axialRotation: -70.5949 zShift: 4.35203 energy: -27.2458
MCReject   xShift: 6.66659 crossingAngle: -44.5962 axialRotation: -70.4279 zShift: 4.35203 energy: -27.0854
MCReject   xShift: 6.66659 crossingAngle: -44.7594 axialRotation: -70.5949 zShift: 4.35203 energy: -27.0989
MCReject   xShift: 6.66659 crossingAngle: -44.5962 axialRotation: -70.5949 zShift: 4.37683 energy: -27.1152
MCReject   xShift: 6.66659 crossingAngle: -44.5962 axialRotation: -70.4971 zShift: 4.35203 energy: -27.1198
MCReject   xShift: 6.64423 crossingAngle: -44.5962 axialRotation: -70.5949 zShift: 4.35203 energy: -27.2979
MCReject   xShift: 6.66659 crossingAngle: -44.8151 axialRotation: -70.5949 zShift: 4.35203 energy: -25.5851
MCReject   xShift: 6.66659 crossingAngle: -44.5962 axialRotation: -70.5949 zShift: 4.39217 energy: -27.0642
MCReject   xShift: 6.66659 crossingAngle: -44.5962 axialRotation: -70.5949 zShift: 4.37647 energy: -27.116
MCReject   xShift: 6.66659 crossingAngle: -44.5962 axialRotation: -70.5949 zShift: 4.33962 energy: -27.1181
MCReject   xShift: 6.66659 crossingAngle: -44.484 axialRotation: -70.5949 zShift: 4.35203 energy: -27.1292
MCReject   xShift: 6.71202 crossingAngle: -44.5962 axialRotation: -70.5949 zShift: 4.35203 energy: -26.7262
MCReject   xShift: 6.66659 crossingAngle: -44.5962 axialRotation: -70.7582 zShift: 4.35203 energy: -27.084
MCReject   xShift: 6.66659 crossingAngle: -44.5962 axialRotation: -70.901 zShift: 4.35203 energy: -26.9655
MCReject   xShift: 6.66659 crossingAngle: -44.5054 axialRotation: -70.5949 zShift: 4.35203 energy: -27.1327
MCReject   xShift: 6.64746 crossingAngle: -44.5962 axialRotation: -70.5949 zShift: 4.35203 energy: -27.2793
MCReject   xShift: 6.66659 crossingAngle: -44.5962 axialRotation: -69.933 zShift: 4.35203 energy: -27.3129
MCReject   xShift: 6.66659 crossingAngle: -44.5962 axialRotation: -70.1553 zShift: 4.35203 energy: -27.101
MCReject   xShift: 6.66659 crossingAngle: -44.5962 axialRotation: -70.7465 zShift: 4.35203 energy: -27.0908
MCReject   xShift: 6.66659 crossingAngle: -44.5962 axialRotation: -70.5949 zShift: 4.29829 energy: -26.8954
MCReject   xShift: 6.67241 crossingAngle: -44.5962 axialRotation: -70.5949 zShift: 4.35203 energy: -27.0809
MCReject   xShift: 6.66659 crossingAngle: -44.5962 axialRotation: -70.5949 zShift: 4.33851 energy: -27.1155
MCReject   xShift: 6.66659 crossingAngle: -44.63 axialRotation: -70.5949 zShift: 4.35203 energy: -27.1333
End Repack Cycles

***REPACK GEOMETRY***
xShift;        Before: 6.8566; After: 6.66659
crossingAngle; Before: -43.07; After: -44.5962
axialRotation; Before: -70.5949; After: -70.5949
zShift;        Before: 4.21018; After: 4.35203

axialRotationPrime; Before: 52.7478; After: 53.7985
zShiftPrime;        Before: 3.5014; After: 3.65901

Energy;        Before: -16.8624; After: -27.1365

Completed all cycles. Accepted 170/405
Monte Carlo repack complete. Time: 92.8167min

