03_03_2023
Self Consistent Mean Field Start Time: Fri Mar  3 19:42:47 2023
Elapsed time of program: 0.126min

Running Self Consistent Mean Field
Initial Sequence:   LLLGVLLGTLLGTLLSTLILI
Best Sequence:      LLLGVLLGTLLGTLLSTLILI
Interface Sequence: L--GV--GT-LGT-LST--L-
Total Energy:       -36.8
VDW:                -74.6
HBOND:              -106
Self Consistent Mean Field End Time: Fri Mar  3 20:15:01 2023
Elapsed time of program: 32.4min

Monte Carlo Sequence Search Replicate 0 Start Time: Fri Mar  3 20:15:07 2023
Elapsed time of program: 32.4min

  - SelfPairManager energy calculation 0 Start Time: Fri Mar  3 20:15:13 2023
Elapsed time of program: 32.5min

  - SelfPairManager energy calculation 0 End Time: Fri Mar  3 20:15:31 2023
Elapsed time of program: 32.9min

- End monte carlo sequence search #0: 32.4min; Monte Carlo ended at Temp: 0.547

- Best Sequence: LLLAVLLGTLLGFLLSLLILI; Energy w/ baseline: -30.3
Monte Carlo Sequence Search Replicate 0 End Time: Fri Mar  3 20:47:52 2023
Elapsed time of program: 65.2min

Compute Monomer Energy Start Time: Fri Mar  3 20:48:10 2023
Elapsed time of program: 65.5min

-Dimer - Monomer = -384 - -361 = -23.4
Compute Monomer Energy End Time: Fri Mar  3 20:49:46 2023
Elapsed time of program: 67.1min

Backbone optimize replicate 0 Start Time: Fri Mar  3 20:49:46 2023
Elapsed time of program: 67.1min

Backbone optimize replicate 0 End Time: Fri Mar  3 22:27:40 2023
Elapsed time of program: 165min

Monte Carlo Sequence Search Replicate 1 Start Time: Fri Mar  3 22:27:40 2023
Elapsed time of program: 165min

  - SelfPairManager energy calculation 1 Start Time: Fri Mar  3 22:27:54 2023
Elapsed time of program: 165min

  - SelfPairManager energy calculation 1 End Time: Fri Mar  3 22:28:36 2023
Elapsed time of program: 166min

- End monte carlo sequence search #1: 54.7min; Monte Carlo ended at Temp: 0.547

- Best Sequence: LLLAVLLGTLLGFLLSLLILI; Energy w/ baseline: -30.2
Monte Carlo Sequence Search Replicate 1 End Time: Fri Mar  3 23:23:16 2023
Elapsed time of program: 221min

Sequence,RotamerValues,Interface,InterfaceSequence,Seed,Density,Baseline,Dimer,Dimerw/Baseline,HBONDDimer,HBONDDimerOptimize,HBONDDimerPreOptimize,HBONDMonomer,IMM1Dimer,IMM1DimerOptimize,IMM1DimerPreOptimize,IMM1Monomer,Monomer,MonomerSasa,OptimizeSasa,PreBBOptimizeSasa,SequenceEntropy,SequenceProbability,Total,TotalPreOptimize,Totalw/Entropy,VDWDimer,VDWDimerOptimize,VDWDimerPreOptimize,VDWMonomer,acceptCycleNumber,acceptTemp,endAxialRotation,endAxialRotationPrime,endCrossingAngle,endXShift,endZShift,endZShiftPrime,firstRepackEnergy,preOptimizeAxialRotation,preOptimizeAxialRotationPrime,preOptimizeCrossingAngle,preOptimizeEnergy,preOptimizeXShift,preOptimizeZShift,preOptimizeZShiftPrime,preRepackTotal,replicateNumber,startAxialRotation,startAxialRotationPrime,startCrossingAngle,startXShift,startZShift,startZShiftPrime,
LLLAVLLGTLLGFLLSLLILI,133002200310021003312,000110011001100110000,L--AV--GT-LGF-LSL--L-,1.67789e+09,0.99,353.961,-384.265,-30.3041,-78.9809,-80.4734,-78.8417,-74.1954,-215.409,-216.639,-215.402,-236.618,-360.9,4413.81,3623.4,3600.69,48.8354,0.000261463,-30.3538,-23.2373,18.5313,-89.876,-94.1413,-89.8934,-50.0862,456,253.054,-83.724,52.3747,-44.8588,6.63649,6.12918,5.4148,-29.9732,-83.724,52.3747,-45,-23.2373,6.6055,6.12918,5.4148,-23.3655,0,-83.724,52.3747,-45,6.6055,6.12918,5.4148,
Total Time: 221 minutes
