03_03_2023
Self Consistent Mean Field Start Time: Fri Mar  3 02:34:44 2023
Elapsed time of program: 0.4min

Running Self Consistent Mean Field
Initial Sequence:   LLLTGLLALLLGTLLGYLILI
Best Sequence:      LLLTALLALLLGTLLGYLILI
Interface Sequence: L--TA--AL--GT-LGY--L-
Total Energy:       16.3
VDW:                -47.9
HBOND:              -66.3
Self Consistent Mean Field End Time: Fri Mar  3 03:29:09 2023
Elapsed time of program: 54.8min

Monte Carlo Sequence Search Replicate 0 Start Time: Fri Mar  3 03:29:18 2023
Elapsed time of program: 55min

  - SelfPairManager energy calculation 0 Start Time: Fri Mar  3 03:29:32 2023
Elapsed time of program: 55.2min

  - SelfPairManager energy calculation 0 End Time: Fri Mar  3 03:30:14 2023
Elapsed time of program: 55.9min

- End monte carlo sequence search #0: 65.3min; Monte Carlo ended at Temp: 0.547

- Best Sequence: LLLAVLLGLLLGTLLGFLILI; Energy w/ baseline: 19.6
Monte Carlo Sequence Search Replicate 0 End Time: Fri Mar  3 04:35:30 2023
Elapsed time of program: 121min

Compute Monomer Energy Start Time: Fri Mar  3 04:35:56 2023
Elapsed time of program: 122min

-Dimer - Monomer = -321 - -342 = 20.7
Compute Monomer Energy End Time: Fri Mar  3 04:38:32 2023
Elapsed time of program: 124min

Backbone optimize replicate 0 Start Time: Fri Mar  3 04:38:32 2023
Elapsed time of program: 124min

Backbone optimize replicate 0 End Time: Fri Mar  3 06:24:36 2023
Elapsed time of program: 230min

Monte Carlo Sequence Search Replicate 1 Start Time: Fri Mar  3 06:24:37 2023
Elapsed time of program: 230min

  - SelfPairManager energy calculation 1 Start Time: Fri Mar  3 06:24:52 2023
Elapsed time of program: 231min

  - SelfPairManager energy calculation 1 End Time: Fri Mar  3 06:25:32 2023
Elapsed time of program: 231min

- End monte carlo sequence search #1: 70.4min; Monte Carlo ended at Temp: 0.547

- Best Sequence: LLLYFLLGTLLGILLALLILI; Energy w/ baseline: -14.3
Monte Carlo Sequence Search Replicate 1 End Time: Fri Mar  3 07:35:57 2023
Elapsed time of program: 302min

Compute Monomer Energy Start Time: Fri Mar  3 07:36:20 2023
Elapsed time of program: 302min

-Dimer - Monomer = -357 - -343 = -14.7
Compute Monomer Energy End Time: Fri Mar  3 07:41:14 2023
Elapsed time of program: 307min

Backbone optimize replicate 1 Start Time: Fri Mar  3 07:41:15 2023
Elapsed time of program: 307min

Backbone optimize replicate 1 End Time: Fri Mar  3 11:00:51 2023
Elapsed time of program: 507min

Monte Carlo Sequence Search Replicate 2 Start Time: Fri Mar  3 11:00:52 2023
Elapsed time of program: 507min

  - SelfPairManager energy calculation 2 Start Time: Fri Mar  3 11:01:08 2023
Elapsed time of program: 507min

  - SelfPairManager energy calculation 2 End Time: Fri Mar  3 11:01:53 2023
Elapsed time of program: 508min

- End monte carlo sequence search #2: 83.5min; Monte Carlo ended at Temp: 0.547

- Best Sequence: LLLYVLLGLLLGTLLAFLILI; Energy w/ baseline: -16.4
Monte Carlo Sequence Search Replicate 2 End Time: Fri Mar  3 12:25:23 2023
Elapsed time of program: 591min

Compute Monomer Energy Start Time: Fri Mar  3 12:25:59 2023
Elapsed time of program: 592min

-Dimer - Monomer = -353 - -341 = -11.8
Compute Monomer Energy End Time: Fri Mar  3 12:30:00 2023
Elapsed time of program: 596min

Backbone optimize replicate 2 Start Time: Fri Mar  3 12:30:01 2023
Elapsed time of program: 596min

Backbone optimize replicate 2 End Time: Fri Mar  3 15:19:09 2023
Elapsed time of program: 765min

Monte Carlo Sequence Search Replicate 3 Start Time: Fri Mar  3 15:19:10 2023
Elapsed time of program: 765min

  - SelfPairManager energy calculation 3 Start Time: Fri Mar  3 15:19:28 2023
Elapsed time of program: 765min

  - SelfPairManager energy calculation 3 End Time: Fri Mar  3 15:20:14 2023
Elapsed time of program: 766min

- End monte carlo sequence search #3: 69min; Monte Carlo ended at Temp: 0.547

- Best Sequence: LLLGYLLALLLGTLLSFLILI; Energy w/ baseline: -18.8
Monte Carlo Sequence Search Replicate 3 End Time: Fri Mar  3 16:29:12 2023
Elapsed time of program: 835min

Compute Monomer Energy Start Time: Fri Mar  3 16:29:37 2023
Elapsed time of program: 835min

-Dimer - Monomer = -364 - -358 = -6.04
Compute Monomer Energy End Time: Fri Mar  3 16:34:21 2023
Elapsed time of program: 840min

Backbone optimize replicate 3 Start Time: Fri Mar  3 16:34:21 2023
Elapsed time of program: 840min

Backbone optimize replicate 3 End Time: Fri Mar  3 18:55:33 2023
Elapsed time of program: 981min

Monte Carlo Sequence Search Replicate 4 Start Time: Fri Mar  3 18:55:34 2023
Elapsed time of program: 981min

  - SelfPairManager energy calculation 4 Start Time: Fri Mar  3 18:55:47 2023
Elapsed time of program: 981min

  - SelfPairManager energy calculation 4 End Time: Fri Mar  3 18:56:25 2023
Elapsed time of program: 982min

- End monte carlo sequence search #4: 71.2min; Monte Carlo ended at Temp: 0.547

- Best Sequence: LLLVALLALLLGTLLSFLILI; Energy w/ baseline: -16.2
Monte Carlo Sequence Search Replicate 4 End Time: Fri Mar  3 20:07:40 2023
Elapsed time of program: 1.05e+03min

Compute Monomer Energy Start Time: Fri Mar  3 20:08:07 2023
Elapsed time of program: 1.05e+03min

-Dimer - Monomer = -373 - -364 = -8.23
Compute Monomer Energy End Time: Fri Mar  3 20:10:53 2023
Elapsed time of program: 1.06e+03min

Backbone optimize replicate 4 Start Time: Fri Mar  3 20:10:53 2023
Elapsed time of program: 1.06e+03min

Backbone optimize replicate 4 End Time: Fri Mar  3 21:42:31 2023
Elapsed time of program: 1.15e+03min

Sequence,RotamerValues,Interface,InterfaceSequence,Seed,Density,Baseline,Dimer,Dimerw/Baseline,HBONDDimer,HBONDDimerOptimize,HBONDDimerPreOptimize,HBONDMonomer,IMM1Dimer,IMM1DimerOptimize,IMM1DimerPreOptimize,IMM1Monomer,Monomer,MonomerSasa,OptimizeSasa,PreBBOptimizeSasa,SequenceEntropy,SequenceProbability,Total,TotalPreOptimize,Totalw/Entropy,VDWDimer,VDWDimerOptimize,VDWDimerPreOptimize,VDWMonomer,acceptCycleNumber,acceptTemp,endAxialRotation,endAxialRotationPrime,endCrossingAngle,endXShift,endZShift,endZShiftPrime,firstRepackEnergy,preOptimizeAxialRotation,preOptimizeAxialRotationPrime,preOptimizeCrossingAngle,preOptimizeEnergy,preOptimizeXShift,preOptimizeZShift,preOptimizeZShiftPrime,preRepackTotal,replicateNumber,startAxialRotation,startAxialRotationPrime,startCrossingAngle,startXShift,startZShift,startZShiftPrime,
LLLAVLLGLLLGTLLGFLILI,033002300220021003312,000110011001100110000,L--AV--GL--GT-LGF--L-,1.67783e+09,1,340.669,-321.057,19.6123,-66.2546,-68.1713,-66.0413,-58.9223,-211.327,-214.112,-211.321,-233.361,-341.729,4411.47,3595.97,3561.42,54.4382,0.000101481,-20.3475,20.8671,74.0505,-43.4751,-79.7924,-43.4994,-49.4448,458,211.811,-68.9875,58.554,-41.4096,6.70935,4.75291,4.13122,2.94603,-68.9875,54.3485,-39.7512,20.8671,6.8746,4.18517,3.5004,20.6716,0,-68.9875,54.3485,-39.7512,6.8746,4.18517,3.5004,
LLLGYLLALLLGTLLSFLILI,033002300220021003312,000110011001100110000,L--GY--AL--GT-LSF--L-,1.67783e+09,1,344.991,-363.822,-18.8311,-77.0373,-77.5331,-76.9116,-74.1783,-226.251,-226.542,-226.246,-246.097,-357.78,4510.51,3711.19,3589.89,54.4266,0.00010168,-24.9317,-5.92883,35.5955,-60.5337,-78.6371,-60.5519,-37.5054,493,471.669,-68.9875,60.0932,-42.4881,6.94824,4.9607,4.3621,-19.0227,-68.9875,61.0913,-41.622,-5.92883,6.74937,5.09545,4.51182,-6.04173,3,-68.9875,54.3485,-39.7512,6.8746,4.18517,3.5004,
LLLVALLALLLGTLLSFLILI,033002300220021003312,000110011001100110000,L--VA--AL--GT-LSF--L-,1.67783e+09,1,356.408,-372.586,-16.1772,-74.2234,-74.2433,-74.0978,-74.1783,-216.763,-217.845,-216.759,-237.423,-364.352,4476.79,3685.48,3597.87,45.7558,0.000439873,-17.5928,-8.11978,29.5787,-81.5988,-89.8568,-81.6154,-52.7505,459,87.0218,-68.9875,61.0867,-41.9966,6.94981,5.09483,4.51113,-17.2251,-68.9875,60.0932,-42.4881,-8.11978,6.94824,4.9607,4.3621,-8.23334,4,-68.9875,54.3485,-39.7512,6.8746,4.18517,3.5004,
LLLYFLLGTLLGILLALLILI,033002300220021003312,000110011001100110000,L--YF--GT--GI-LAL--L-,1.67783e+09,1,343.092,-357.422,-14.3305,-55.9463,-60.9681,-55.7556,-58.9275,-224.96,-226.313,-224.958,-246.919,-342.757,4624.09,3653.36,3628.7,51.435,0.000168538,-25.936,-14.4903,37.1045,-76.5156,-81.4122,-76.5337,-36.9101,485,60.9677,-68.9875,59.5778,-41.3692,6.74321,4.89113,4.2848,-23.3832,-68.9875,58.554,-41.4096,-14.4903,6.70935,4.75291,4.13122,-14.6654,1,-68.9875,54.3485,-39.7512,6.8746,4.18517,3.5004,
LLLYVLLGLLLGTLLAFLILI,033002300220021003312,000110011001100110000,L--YV--GL--GT-LAF--L-,1.67783e+09,1,336.752,-353.182,-16.429,-68.1373,-67.3931,-67.9372,-58.9223,-222.921,-225.064,-222.919,-245.231,-341.398,4569.81,3747.11,3632.59,51.1953,0.000175503,-25.0517,-11.6005,34.7663,-62.1233,-73.9922,-62.1417,-37.2441,468,330.452,-68.9875,61.0913,-41.622,6.74937,5.09545,4.51182,-24.099,-68.9875,59.5778,-41.3692,-11.6005,6.74321,4.89113,4.2848,-11.7838,2,-68.9875,54.3485,-39.7512,6.8746,4.18517,3.5004,
Total Time: 1148 minutes
