03_03_2023
Self Consistent Mean Field Start Time: Fri Mar  3 00:40:53 2023
Elapsed time of program: 0.319min

Running Self Consistent Mean Field
Initial Sequence:   LLLYYLLGTLLGYLLGTLILI
Best Sequence:      LLLYYLLGTLLGYLLGTLILI
Interface Sequence: L--YY--GT-LGY-LGT--L-
Total Energy:       -24.4
VDW:                -44.4
HBOND:              -79.1
Self Consistent Mean Field End Time: Fri Mar  3 01:32:35 2023
Elapsed time of program: 52min

Monte Carlo Sequence Search Replicate 0 Start Time: Fri Mar  3 01:32:41 2023
Elapsed time of program: 52.1min

  - SelfPairManager energy calculation 0 Start Time: Fri Mar  3 01:32:55 2023
Elapsed time of program: 52.3min

  - SelfPairManager energy calculation 0 End Time: Fri Mar  3 01:33:37 2023
Elapsed time of program: 53.1min

- End monte carlo sequence search #0: 71.5min; Monte Carlo ended at Temp: 0.547

- Best Sequence: LLLYLLLGILLGFLLATLILI; Energy w/ baseline: -8.03
Monte Carlo Sequence Search Replicate 0 End Time: Fri Mar  3 02:45:05 2023
Elapsed time of program: 125min

Compute Monomer Energy Start Time: Fri Mar  3 02:45:28 2023
Elapsed time of program: 125min

-Dimer - Monomer = -352 - -342 = -9.93
Compute Monomer Energy End Time: Fri Mar  3 02:49:38 2023
Elapsed time of program: 129min

Backbone optimize replicate 0 Start Time: Fri Mar  3 02:49:38 2023
Elapsed time of program: 129min

Backbone optimize replicate 0 End Time: Fri Mar  3 05:21:28 2023
Elapsed time of program: 281min

Monte Carlo Sequence Search Replicate 1 Start Time: Fri Mar  3 05:21:29 2023
Elapsed time of program: 281min

  - SelfPairManager energy calculation 1 Start Time: Fri Mar  3 05:21:44 2023
Elapsed time of program: 281min

  - SelfPairManager energy calculation 1 End Time: Fri Mar  3 05:22:27 2023
Elapsed time of program: 282min

- End monte carlo sequence search #1: 63.1min; Monte Carlo ended at Temp: 0.547

- Best Sequence: LLLAFLLGLLLGVLLSTLILI; Energy w/ baseline: -19.4
Monte Carlo Sequence Search Replicate 1 End Time: Fri Mar  3 06:25:35 2023
Elapsed time of program: 345min

Compute Monomer Energy Start Time: Fri Mar  3 06:26:08 2023
Elapsed time of program: 346min

-Dimer - Monomer = -373 - -358 = -14.8
Compute Monomer Energy End Time: Fri Mar  3 06:29:25 2023
Elapsed time of program: 349min

Backbone optimize replicate 1 Start Time: Fri Mar  3 06:29:25 2023
Elapsed time of program: 349min

Backbone optimize replicate 1 End Time: Fri Mar  3 08:42:05 2023
Elapsed time of program: 482min

Monte Carlo Sequence Search Replicate 2 Start Time: Fri Mar  3 08:42:05 2023
Elapsed time of program: 482min

  - SelfPairManager energy calculation 2 Start Time: Fri Mar  3 08:42:18 2023
Elapsed time of program: 482min

  - SelfPairManager energy calculation 2 End Time: Fri Mar  3 08:42:57 2023
Elapsed time of program: 482min

- End monte carlo sequence search #2: 63.3min; Monte Carlo ended at Temp: 0.547

- Best Sequence: LLLAFLLGLLLGVLLSTLILI; Energy w/ baseline: -22.4
Monte Carlo Sequence Search Replicate 2 End Time: Fri Mar  3 09:46:13 2023
Elapsed time of program: 546min

Sequence,RotamerValues,Interface,InterfaceSequence,Seed,Density,Baseline,Dimer,Dimerw/Baseline,HBONDDimer,HBONDDimerOptimize,HBONDDimerPreOptimize,HBONDMonomer,IMM1Dimer,IMM1DimerOptimize,IMM1DimerPreOptimize,IMM1Monomer,Monomer,MonomerSasa,OptimizeSasa,PreBBOptimizeSasa,SequenceEntropy,SequenceProbability,Total,TotalPreOptimize,Totalw/Entropy,VDWDimer,VDWDimerOptimize,VDWDimerPreOptimize,VDWMonomer,acceptCycleNumber,acceptTemp,endAxialRotation,endAxialRotationPrime,endCrossingAngle,endXShift,endZShift,endZShiftPrime,firstRepackEnergy,preOptimizeAxialRotation,preOptimizeAxialRotationPrime,preOptimizeCrossingAngle,preOptimizeEnergy,preOptimizeXShift,preOptimizeZShift,preOptimizeZShiftPrime,preRepackTotal,replicateNumber,startAxialRotation,startAxialRotationPrime,startCrossingAngle,startXShift,startZShift,startZShiftPrime,
LLLAFLLGLLLGVLLSTLILI,033002300210021003312,000110011001100110000,L--AF--GL-LGV-LST--L-,1.67783e+09,1,353.777,-373.161,-19.3844,-72.1095,-75.4982,-71.9702,-74.2931,-220.069,-217.079,-220.063,-236.974,-358.363,4444.58,3565.53,3558.97,48.8354,0.000261463,-24.2098,-14.6716,29.451,-80.9834,-89.9955,-81.0018,-47.0966,474,51.0312,-75.759,51.794,-40.8129,6.9617,4.85604,4.13295,-19.9141,-75.759,55.5122,-42.2987,-14.6716,7.14461,5.35799,4.69068,-14.798,1,-75.759,50.2097,-41.8685,7.3305,4.64215,3.8953,
LLLYLLLGILLGFLLATLILI,033002300210021003312,000110011001100110000,L--YL--GI-LGF-LAT--L-,1.67783e+09,1,344.078,-352.111,-8.03286,-61.329,-63.7146,-61.1309,-58.948,-222.811,-227.253,-222.809,-246.2,-342.182,4633.34,3771.79,3732.76,51.435,0.000168538,-25.3567,-9.74758,43.4022,-67.971,-76.5718,-67.9898,-37.0344,494,193.783,-75.759,55.5122,-42.2987,7.14461,5.35799,4.69068,-13.1644,-75.759,50.2097,-41.8685,-9.74758,7.3305,4.64215,3.8953,-9.92898,0,-75.759,50.2097,-41.8685,7.3305,4.64215,3.8953,
Total Time: 546 minutes
