03_03_2023
Self Consistent Mean Field Start Time: Fri Mar  3 01:48:58 2023
Elapsed time of program: 0.313min

Running Self Consistent Mean Field
Initial Sequence:   LLLTGLLTGLLFALLGTLILI
Best Sequence:      LLLTGLLTGLLFALLGTLILI
Interface Sequence: L--TGL-TG--FA--GT--LI
Total Energy:       1.1e+03
VDW:                1.05e+03
HBOND:              -74
Self Consistent Mean Field End Time: Fri Mar  3 02:41:50 2023
Elapsed time of program: 53.2min

Monte Carlo Sequence Search Replicate 0 Start Time: Fri Mar  3 02:41:58 2023
Elapsed time of program: 53.3min

  - SelfPairManager energy calculation 0 Start Time: Fri Mar  3 02:42:12 2023
Elapsed time of program: 53.6min

  - SelfPairManager energy calculation 0 End Time: Fri Mar  3 02:42:55 2023
Elapsed time of program: 54.3min

- End monte carlo sequence search #0: 57.6min; Monte Carlo ended at Temp: 0.547

- Best Sequence: LLLAALLVGLLFLLLGTLILI; Energy w/ baseline: 1.1e+03
Monte Carlo Sequence Search Replicate 0 End Time: Fri Mar  3 03:40:34 2023
Elapsed time of program: 112min

Compute Monomer Energy Start Time: Fri Mar  3 03:40:57 2023
Elapsed time of program: 112min

-Dimer - Monomer = 755 - -342 = 1.1e+03
Compute Monomer Energy End Time: Fri Mar  3 03:43:19 2023
Elapsed time of program: 115min

Backbone optimize replicate 0 Start Time: Fri Mar  3 03:43:19 2023
Elapsed time of program: 115min

Backbone optimize replicate 0 End Time: Fri Mar  3 06:05:03 2023
Elapsed time of program: 256min

Monte Carlo Sequence Search Replicate 1 Start Time: Fri Mar  3 06:05:03 2023
Elapsed time of program: 256min

  - SelfPairManager energy calculation 1 Start Time: Fri Mar  3 06:05:18 2023
Elapsed time of program: 257min

  - SelfPairManager energy calculation 1 End Time: Fri Mar  3 06:05:53 2023
Elapsed time of program: 257min

- End monte carlo sequence search #1: 66.5min; Monte Carlo ended at Temp: 0.547

- Best Sequence: LLLLTLLVGLLFALLSALILI; Energy w/ baseline: -3.52
Monte Carlo Sequence Search Replicate 1 End Time: Fri Mar  3 07:12:20 2023
Elapsed time of program: 324min

Compute Monomer Energy Start Time: Fri Mar  3 07:12:48 2023
Elapsed time of program: 324min

-Dimer - Monomer = -360 - -351 = -8.23
Compute Monomer Energy End Time: Fri Mar  3 07:15:34 2023
Elapsed time of program: 327min

Backbone optimize replicate 1 Start Time: Fri Mar  3 07:15:34 2023
Elapsed time of program: 327min

Backbone optimize replicate 1 End Time: Fri Mar  3 08:43:00 2023
Elapsed time of program: 414min

Monte Carlo Sequence Search Replicate 2 Start Time: Fri Mar  3 08:43:01 2023
Elapsed time of program: 414min

  - SelfPairManager energy calculation 2 Start Time: Fri Mar  3 08:43:15 2023
Elapsed time of program: 415min

  - SelfPairManager energy calculation 2 End Time: Fri Mar  3 08:43:55 2023
Elapsed time of program: 415min

- End monte carlo sequence search #2: 63.8min; Monte Carlo ended at Temp: 0.547

- Best Sequence: LLLLTLLVGLLFALLSTLILI; Energy w/ baseline: -22.4
Monte Carlo Sequence Search Replicate 2 End Time: Fri Mar  3 09:47:40 2023
Elapsed time of program: 479min

Compute Monomer Energy Start Time: Fri Mar  3 09:48:02 2023
Elapsed time of program: 479min

-Dimer - Monomer = -384 - -363 = -21.2
Compute Monomer Energy End Time: Fri Mar  3 09:50:57 2023
Elapsed time of program: 482min

Backbone optimize replicate 2 Start Time: Fri Mar  3 09:50:57 2023
Elapsed time of program: 482min

Backbone optimize replicate 2 End Time: Fri Mar  3 12:51:24 2023
Elapsed time of program: 663min

Monte Carlo Sequence Search Replicate 3 Start Time: Fri Mar  3 12:51:25 2023
Elapsed time of program: 663min

  - SelfPairManager energy calculation 3 Start Time: Fri Mar  3 12:51:42 2023
Elapsed time of program: 663min

  - SelfPairManager energy calculation 3 End Time: Fri Mar  3 12:52:30 2023
Elapsed time of program: 664min

- End monte carlo sequence search #3: 69.2min; Monte Carlo ended at Temp: 0.547

- Best Sequence: LLLLTLLVGLLFALLSILILI; Energy w/ baseline: -14.6
Monte Carlo Sequence Search Replicate 3 End Time: Fri Mar  3 14:01:44 2023
Elapsed time of program: 733min

Compute Monomer Energy Start Time: Fri Mar  3 14:02:08 2023
Elapsed time of program: 733min

-Dimer - Monomer = -377 - -359 = -18.3
Compute Monomer Energy End Time: Fri Mar  3 14:05:18 2023
Elapsed time of program: 737min

Backbone optimize replicate 3 Start Time: Fri Mar  3 14:05:18 2023
Elapsed time of program: 737min

Backbone optimize replicate 3 End Time: Fri Mar  3 16:57:04 2023
Elapsed time of program: 908min

Monte Carlo Sequence Search Replicate 4 Start Time: Fri Mar  3 16:57:05 2023
Elapsed time of program: 908min

  - SelfPairManager energy calculation 4 Start Time: Fri Mar  3 16:57:18 2023
Elapsed time of program: 909min

  - SelfPairManager energy calculation 4 End Time: Fri Mar  3 16:57:59 2023
Elapsed time of program: 909min

- End monte carlo sequence search #4: 66.4min; Monte Carlo ended at Temp: 0.547

- Best Sequence: LLLLTLLVALLFGLLSILILI; Energy w/ baseline: -12.6
Monte Carlo Sequence Search Replicate 4 End Time: Fri Mar  3 18:04:23 2023
Elapsed time of program: 976min

Compute Monomer Energy Start Time: Fri Mar  3 18:05:01 2023
Elapsed time of program: 976min

-Dimer - Monomer = -375 - -359 = -16.4
Compute Monomer Energy End Time: Fri Mar  3 18:08:07 2023
Elapsed time of program: 979min

Backbone optimize replicate 4 Start Time: Fri Mar  3 18:08:07 2023
Elapsed time of program: 979min

Backbone optimize replicate 4 End Time: Fri Mar  3 20:29:52 2023
Elapsed time of program: 1.12e+03min

Sequence,RotamerValues,Interface,InterfaceSequence,Seed,Density,Baseline,Dimer,Dimerw/Baseline,HBONDDimer,HBONDDimerOptimize,HBONDDimerPreOptimize,HBONDMonomer,IMM1Dimer,IMM1DimerOptimize,IMM1DimerPreOptimize,IMM1Monomer,Monomer,MonomerSasa,OptimizeSasa,PreBBOptimizeSasa,SequenceEntropy,SequenceProbability,Total,TotalPreOptimize,Totalw/Entropy,VDWDimer,VDWDimerOptimize,VDWDimerPreOptimize,VDWMonomer,acceptCycleNumber,acceptTemp,endAxialRotation,endAxialRotationPrime,endCrossingAngle,endXShift,endZShift,endZShiftPrime,firstRepackEnergy,preOptimizeAxialRotation,preOptimizeAxialRotationPrime,preOptimizeCrossingAngle,preOptimizeEnergy,preOptimizeXShift,preOptimizeZShift,preOptimizeZShiftPrime,preRepackTotal,replicateNumber,startAxialRotation,startAxialRotationPrime,startCrossingAngle,startXShift,startZShift,startZShiftPrime,
LLLAALLVGLLFLLLGTLILI,133001200230022003201,000110011001100110000,L--AAL-VG--FL--GT--LI,1.67783e+09,1,346.638,754.825,1101.46,-60.2172,-58.7972,-60.0665,-58.948,-217.03,-217.928,-217.018,-236.033,-342.091,4511.23,3661.24,3553.78,48.9583,0.000256091,-5.2835,1097.06,1150.42,1032.07,-70.6492,1032.05,-47.1101,552,8.61381,-36.2919,72.4027,-39.3323,7.3495,1.71814,1.30418,1075.84,-36.2919,70.8481,-35,1097.06,7.1712,1.50828,1.071,1096.92,0,-36.2919,70.8481,-35,7.1712,1.50828,1.071,
LLLLTLLVALLFGLLSILILI,133001200230022003201,000110011001100110000,L--LTL-VA--FG--SI--LI,1.67783e+09,1,362.414,-374.98,-12.566,-67.6149,-67.536,-67.4837,-60.3968,-224.32,-224.922,-224.319,-241.241,-358.598,4518.65,3706.58,3708.03,42.6414,0.000744401,-21.3635,-16.2618,30.0753,-83.0456,-87.504,-83.0571,-56.9603,483,211.811,-36.2919,77.3185,-41.9748,7.6203,2.38178,2.04156,-18.6821,-36.2919,77.4798,-42.1843,-16.2618,7.58989,2.40356,2.06575,-16.382,4,-36.2919,70.8481,-35,7.1712,1.50828,1.071,
LLLLTLLVGLLFALLSALILI,133001200230022003201,000110011001100110000,L--LTL-VG--FA--SA--LI,1.67783e+09,1,356.154,-359.671,-3.51697,-61.252,-69.3878,-61.066,-60.5288,-216.99,-219.757,-216.989,-237.237,-351.438,4507.21,3760.38,3609.33,45.7558,0.000439873,-23.7384,-8.06345,42.2389,-81.4291,-86.0319,-81.4463,-53.6724,430,361.194,-36.2919,76.0842,-41.1694,7.46025,2.21515,1.85641,-11.501,-36.2919,72.4027,-39.3323,-8.06345,7.3495,1.71814,1.30418,-8.23302,1,-36.2919,70.8481,-35,7.1712,1.50828,1.071,
LLLLTLLVGLLFALLSILILI,133001200230022003201,000110011001100110000,L--LTL-VG--FA--SI--LI,1.67783e+09,1,362.643,-377.206,-14.5625,-68.0489,-68.0537,-67.9179,-60.5288,-224.74,-225.031,-224.739,-241.247,-358.875,4521.1,3809.03,3637.65,42.6414,0.000744401,-24.2355,-18.2114,28.0789,-84.4168,-90.0254,-84.4289,-57.0987,485,51.0312,-36.2919,77.4798,-42.1843,7.58989,2.40356,2.06575,-21.0734,-36.2919,79.009,-41.2213,-18.2114,7.45243,2.61,2.29513,-18.3309,3,-36.2919,70.8481,-35,7.1712,1.50828,1.071,
LLLLTLLVGLLFALLSTLILI,133001200230022003201,000110011001100110000,L--LTL-VG--FA--ST--LI,1.67783e+09,1,361.797,-384.191,-22.3942,-83.3638,-81.7072,-83.2321,-74.3188,-222.735,-224.864,-222.734,-240.456,-363.003,4515.5,3675.08,3615.05,50.3331,0.000203018,-24.7927,-21.0683,27.9389,-78.0925,-81.224,-78.1051,-48.228,474,95.1175,-36.2919,79.009,-41.2213,7.45243,2.61,2.29513,-23.0662,-36.2919,76.0842,-41.1694,-21.0683,7.46025,2.21515,1.85641,-21.1881,2,-36.2919,70.8481,-35,7.1712,1.50828,1.071,
Total Time: 1121 minutes
