03_03_2023
Self Consistent Mean Field Start Time: Fri Mar  3 01:02:53 2023
Elapsed time of program: 0.269min

Running Self Consistent Mean Field
Initial Sequence:   LLLGFLLGTLLGTLLGTLILI
Best Sequence:      LLLGWLLGTLLGTLLGTLILI
Interface Sequence: L--GW--GT--GT-LGT--LI
Total Energy:       -14.8
VDW:                -60.1
HBOND:              -88.1
Self Consistent Mean Field End Time: Fri Mar  3 01:54:14 2023
Elapsed time of program: 51.6min

Monte Carlo Sequence Search Replicate 0 Start Time: Fri Mar  3 01:54:21 2023
Elapsed time of program: 51.7min

  - SelfPairManager energy calculation 0 Start Time: Fri Mar  3 01:54:34 2023
Elapsed time of program: 51.9min

  - SelfPairManager energy calculation 0 End Time: Fri Mar  3 01:55:12 2023
Elapsed time of program: 52.6min

- End monte carlo sequence search #0: 61.9min; Monte Carlo ended at Temp: 0.547

- Best Sequence: LLLAFLLGTLLGVLLGLLILI; Energy w/ baseline: -4.32
Monte Carlo Sequence Search Replicate 0 End Time: Fri Mar  3 02:57:05 2023
Elapsed time of program: 114min

Compute Monomer Energy Start Time: Fri Mar  3 02:57:32 2023
Elapsed time of program: 115min

-Dimer - Monomer = -346 - -337 = -8.91
Compute Monomer Energy End Time: Fri Mar  3 03:00:00 2023
Elapsed time of program: 117min

Backbone optimize replicate 0 Start Time: Fri Mar  3 03:00:00 2023
Elapsed time of program: 117min

Backbone optimize replicate 0 End Time: Fri Mar  3 04:48:26 2023
Elapsed time of program: 226min

Monte Carlo Sequence Search Replicate 1 Start Time: Fri Mar  3 04:48:27 2023
Elapsed time of program: 226min

  - SelfPairManager energy calculation 1 Start Time: Fri Mar  3 04:48:42 2023
Elapsed time of program: 226min

  - SelfPairManager energy calculation 1 End Time: Fri Mar  3 04:49:21 2023
Elapsed time of program: 227min

- End monte carlo sequence search #1: 61.6min; Monte Carlo ended at Temp: 0.547

- Best Sequence: LLLAFLLGVLLGLLLGTLILI; Energy w/ baseline: -6.78
Monte Carlo Sequence Search Replicate 1 End Time: Fri Mar  3 05:50:58 2023
Elapsed time of program: 288min

Compute Monomer Energy Start Time: Fri Mar  3 05:51:35 2023
Elapsed time of program: 289min

-Dimer - Monomer = -350 - -340 = -10
Compute Monomer Energy End Time: Fri Mar  3 05:53:52 2023
Elapsed time of program: 291min

Backbone optimize replicate 1 Start Time: Fri Mar  3 05:53:52 2023
Elapsed time of program: 291min

Backbone optimize replicate 1 End Time: Fri Mar  3 07:40:14 2023
Elapsed time of program: 398min

Monte Carlo Sequence Search Replicate 2 Start Time: Fri Mar  3 07:40:15 2023
Elapsed time of program: 398min

  - SelfPairManager energy calculation 2 Start Time: Fri Mar  3 07:40:30 2023
Elapsed time of program: 398min

  - SelfPairManager energy calculation 2 End Time: Fri Mar  3 07:41:11 2023
Elapsed time of program: 399min

- End monte carlo sequence search #2: 58.3min; Monte Carlo ended at Temp: 0.547

- Best Sequence: LLLAVLLGILLGLLLGFLILI; Energy w/ baseline: -7.43
Monte Carlo Sequence Search Replicate 2 End Time: Fri Mar  3 08:39:31 2023
Elapsed time of program: 457min

Compute Monomer Energy Start Time: Fri Mar  3 08:40:05 2023
Elapsed time of program: 457min

-Dimer - Monomer = -350 - -338 = -11.7
Compute Monomer Energy End Time: Fri Mar  3 08:42:38 2023
Elapsed time of program: 460min

Backbone optimize replicate 2 Start Time: Fri Mar  3 08:42:39 2023
Elapsed time of program: 460min

Backbone optimize replicate 2 End Time: Fri Mar  3 10:28:46 2023
Elapsed time of program: 566min

Monte Carlo Sequence Search Replicate 3 Start Time: Fri Mar  3 10:28:46 2023
Elapsed time of program: 566min

  - SelfPairManager energy calculation 3 Start Time: Fri Mar  3 10:29:02 2023
Elapsed time of program: 566min

  - SelfPairManager energy calculation 3 End Time: Fri Mar  3 10:29:53 2023
Elapsed time of program: 567min

- End monte carlo sequence search #3: 62.5min; Monte Carlo ended at Temp: 0.547

- Best Sequence: LLLAFLLGLLLGVLLGTLILI; Energy w/ baseline: -18.9
Monte Carlo Sequence Search Replicate 3 End Time: Fri Mar  3 11:32:23 2023
Elapsed time of program: 630min

Compute Monomer Energy Start Time: Fri Mar  3 11:33:04 2023
Elapsed time of program: 630min

-Dimer - Monomer = -362 - -339 = -22.6
Compute Monomer Energy End Time: Fri Mar  3 11:36:16 2023
Elapsed time of program: 634min

Backbone optimize replicate 3 Start Time: Fri Mar  3 11:36:16 2023
Elapsed time of program: 634min

Backbone optimize replicate 3 End Time: Fri Mar  3 13:40:41 2023
Elapsed time of program: 758min

Monte Carlo Sequence Search Replicate 4 Start Time: Fri Mar  3 13:40:41 2023
Elapsed time of program: 758min

  - SelfPairManager energy calculation 4 Start Time: Fri Mar  3 13:40:52 2023
Elapsed time of program: 758min

  - SelfPairManager energy calculation 4 End Time: Fri Mar  3 13:41:19 2023
Elapsed time of program: 759min

- End monte carlo sequence search #4: 38min; Monte Carlo ended at Temp: 0.547

- Best Sequence: LLLALLLGFLLGVLLGTLILI; Energy w/ baseline: -22.5
Monte Carlo Sequence Search Replicate 4 End Time: Fri Mar  3 14:19:17 2023
Elapsed time of program: 797min

Compute Monomer Energy Start Time: Fri Mar  3 14:19:35 2023
Elapsed time of program: 797min

-Dimer - Monomer = -366 - -342 = -24.7
Compute Monomer Energy End Time: Fri Mar  3 14:21:16 2023
Elapsed time of program: 799min

Backbone optimize replicate 4 Start Time: Fri Mar  3 14:21:16 2023
Elapsed time of program: 799min

Backbone optimize replicate 4 End Time: Fri Mar  3 15:12:01 2023
Elapsed time of program: 849min

Sequence,RotamerValues,Interface,InterfaceSequence,Seed,Density,Baseline,Dimer,Dimerw/Baseline,HBONDDimer,HBONDDimerOptimize,HBONDDimerPreOptimize,HBONDMonomer,IMM1Dimer,IMM1DimerOptimize,IMM1DimerPreOptimize,IMM1Monomer,Monomer,MonomerSasa,OptimizeSasa,PreBBOptimizeSasa,SequenceEntropy,SequenceProbability,Total,TotalPreOptimize,Totalw/Entropy,VDWDimer,VDWDimerOptimize,VDWDimerPreOptimize,VDWMonomer,acceptCycleNumber,acceptTemp,endAxialRotation,endAxialRotationPrime,endCrossingAngle,endXShift,endZShift,endZShiftPrime,firstRepackEnergy,preOptimizeAxialRotation,preOptimizeAxialRotationPrime,preOptimizeCrossingAngle,preOptimizeEnergy,preOptimizeXShift,preOptimizeZShift,preOptimizeZShiftPrime,preRepackTotal,replicateNumber,startAxialRotation,startAxialRotationPrime,startCrossingAngle,startXShift,startZShift,startZShiftPrime,
LLLAFLLGLLLGVLLGTLILI,033002300320021003211,000110011001100110000,L--AF--GL--GV-LGT--LI,1.67783e+09,1,342.971,-361.876,-18.9049,-67.7136,-69.3569,-67.4999,-58.948,-213.592,-210.846,-213.584,-233.761,-339.259,4419.59,3492.43,3496.48,54.4382,0.000101481,-32.7923,-22.4206,35.5333,-80.5706,-91.8477,-80.595,-46.5495,464,95.1175,-78.841,52.2431,-34.1566,6.73001,5.37896,4.66261,-26.7519,-78.841,54.3239,-35.8641,-22.4206,6.90267,5.65987,4.97472,-22.6171,3,-78.841,51.5677,-35,7.4854,5.28778,4.5613,
LLLAFLLGTLLGVLLGLLILI,033002300320021003211,000110011001100110000,L--AF--GT--GV-LGL--LI,1.67783e+09,1,341.788,-346.108,-4.32019,-60.5602,-60.8985,-60.3465,-58.9275,-211.686,-211.48,-211.678,-230.171,-337.196,4426.44,3559.12,3597.06,54.4382,0.000101481,-16.3494,-8.71447,50.118,-73.8615,-81.1674,-73.8861,-48.0976,440,162.201,-78.841,51.0467,-34.3766,7.29705,5.21745,4.48316,-13.6125,-78.841,51.5677,-35,-8.71447,7.4854,5.28778,4.5613,-8.91188,0,-78.841,51.5677,-35,7.4854,5.28778,4.5613,
LLLAFLLGVLLGLLLGTLILI,033002300320021003211,000110011001100110000,L--AF--GV--GL-LGT--LI,1.67783e+09,1,342.971,-349.749,-6.77809,-61.1724,-64.8367,-60.9588,-58.948,-210.89,-211.159,-210.881,-233.874,-339.741,4484.39,3506.72,3497.45,54.4382,0.000101481,-21.0167,-9.81023,47.6601,-77.687,-84.7622,-77.7114,-46.9194,445,148.395,-78.841,51.5598,-34.1629,7.09762,5.28671,4.56011,-15.2751,-78.841,51.0467,-34.3766,-9.81023,7.29705,5.21745,4.48316,-10.0079,1,-78.841,51.5677,-35,7.4854,5.28778,4.5613,
LLLALLLGFLLGVLLGTLILI,033002300320021003211,000110011001100110000,L--AL--GF--GV-LGT--LI,1.67783e+09,1,343.801,-366.294,-22.493,-69.6003,-72.9855,-69.3791,-58.948,-210.274,-209.901,-210.267,-232.843,-341.552,4387.37,3463.24,3440.23,54.4382,0.000101481,-39.5099,-24.5383,31.9452,-86.4196,-98.1746,-86.4437,-49.7601,448,253.054,-78.841,53.0712,-32.9532,6.5312,5.49076,4.78683,-31.5157,-78.841,52.2431,-34.1566,-24.5383,6.73001,5.37896,4.66261,-24.7421,4,-78.841,51.5677,-35,7.4854,5.28778,4.5613,
LLLAVLLGILLGLLLGFLILI,033002300320021003211,000110011001100110000,L--AV--GI--GL-LGF--LI,1.67783e+09,1,342.383,-349.812,-7.42834,-51.2445,-53.6675,-51.0319,-45.1579,-209.72,-212.801,-209.713,-234.066,-338.137,4406.34,3623.68,3493.32,50.8499,0.000186049,-25.2762,-11.4792,43.4215,-88.8469,-96.9448,-88.8709,-58.9128,444,79.6152,-78.841,54.3239,-35.8641,6.90267,5.65987,4.97472,-18.1218,-78.841,51.5598,-34.1629,-11.4792,7.09762,5.28671,4.56011,-11.6749,2,-78.841,51.5677,-35,7.4854,5.28778,4.5613,
Total Time: 849 minutes
