03_03_2023
Self Consistent Mean Field Start Time: Fri Mar  3 07:31:33 2023
Elapsed time of program: 0.286min

Running Self Consistent Mean Field
Initial Sequence:   LLLGYLLGTLLGTLLSTLILI
Best Sequence:      LLLGYLLGTLLGTLLSTLILI
Interface Sequence: L--GY--GT-LGT-LST--L-
Total Energy:       -22.3
VDW:                -50.9
HBOND:              -104
Self Consistent Mean Field End Time: Fri Mar  3 08:26:01 2023
Elapsed time of program: 54.8min

Monte Carlo Sequence Search Replicate 0 Start Time: Fri Mar  3 08:26:09 2023
Elapsed time of program: 54.9min

  - SelfPairManager energy calculation 0 Start Time: Fri Mar  3 08:26:22 2023
Elapsed time of program: 55.1min

  - SelfPairManager energy calculation 0 End Time: Fri Mar  3 08:27:04 2023
Elapsed time of program: 55.8min

- End monte carlo sequence search #0: 68.2min; Monte Carlo ended at Temp: 0.547

- Best Sequence: LLLAVLLGLLLGTLLSFLILI; Energy w/ baseline: -13.5
Monte Carlo Sequence Search Replicate 0 End Time: Fri Mar  3 09:35:17 2023
Elapsed time of program: 124min

Compute Monomer Energy Start Time: Fri Mar  3 09:35:44 2023
Elapsed time of program: 124min

-Dimer - Monomer = -366 - -362 = -3.74
Compute Monomer Energy End Time: Fri Mar  3 09:38:30 2023
Elapsed time of program: 127min

Backbone optimize replicate 0 Start Time: Fri Mar  3 09:38:31 2023
Elapsed time of program: 127min

Backbone optimize replicate 0 End Time: Fri Mar  3 11:27:27 2023
Elapsed time of program: 236min

Monte Carlo Sequence Search Replicate 1 Start Time: Fri Mar  3 11:27:28 2023
Elapsed time of program: 236min

  - SelfPairManager energy calculation 1 Start Time: Fri Mar  3 11:27:41 2023
Elapsed time of program: 236min

  - SelfPairManager energy calculation 1 End Time: Fri Mar  3 11:28:16 2023
Elapsed time of program: 237min

- End monte carlo sequence search #1: 74.7min; Monte Carlo ended at Temp: 0.547

- Best Sequence: LLLTLLLGVLLGLLLSFLILI; Energy w/ baseline: -16.5
Monte Carlo Sequence Search Replicate 1 End Time: Fri Mar  3 12:42:57 2023
Elapsed time of program: 312min

Compute Monomer Energy Start Time: Fri Mar  3 12:43:26 2023
Elapsed time of program: 312min

-Dimer - Monomer = -378 - -368 = -10.3
Compute Monomer Energy End Time: Fri Mar  3 12:46:24 2023
Elapsed time of program: 315min

Backbone optimize replicate 1 Start Time: Fri Mar  3 12:46:24 2023
Elapsed time of program: 315min

Backbone optimize replicate 1 End Time: Fri Mar  3 15:01:47 2023
Elapsed time of program: 451min

Monte Carlo Sequence Search Replicate 2 Start Time: Fri Mar  3 15:01:48 2023
Elapsed time of program: 451min

  - SelfPairManager energy calculation 2 Start Time: Fri Mar  3 15:02:03 2023
Elapsed time of program: 451min

  - SelfPairManager energy calculation 2 End Time: Fri Mar  3 15:02:44 2023
Elapsed time of program: 451min

- End monte carlo sequence search #2: 72.9min; Monte Carlo ended at Temp: 0.547

- Best Sequence: LLLTLLLGLLLGFLLSILILI; Energy w/ baseline: -22.9
Monte Carlo Sequence Search Replicate 2 End Time: Fri Mar  3 16:15:39 2023
Elapsed time of program: 524min

Compute Monomer Energy Start Time: Fri Mar  3 16:16:10 2023
Elapsed time of program: 525min

-Dimer - Monomer = -391 - -369 = -22.4
Compute Monomer Energy End Time: Fri Mar  3 16:19:50 2023
Elapsed time of program: 529min

Backbone optimize replicate 2 Start Time: Fri Mar  3 16:19:50 2023
Elapsed time of program: 529min

Backbone optimize replicate 2 End Time: Fri Mar  3 18:32:47 2023
Elapsed time of program: 662min

Monte Carlo Sequence Search Replicate 3 Start Time: Fri Mar  3 18:32:48 2023
Elapsed time of program: 662min

  - SelfPairManager energy calculation 3 Start Time: Fri Mar  3 18:33:03 2023
Elapsed time of program: 662min

  - SelfPairManager energy calculation 3 End Time: Fri Mar  3 18:33:42 2023
Elapsed time of program: 662min

- End monte carlo sequence search #3: 57.6min; Monte Carlo ended at Temp: 0.547

- Best Sequence: LLLALLLGVLLGTLLSFLILI; Energy w/ baseline: -22.4
Monte Carlo Sequence Search Replicate 3 End Time: Fri Mar  3 19:31:21 2023
Elapsed time of program: 720min

Compute Monomer Energy Start Time: Fri Mar  3 19:31:42 2023
Elapsed time of program: 720min

-Dimer - Monomer = -374 - -361 = -12.9
Compute Monomer Energy End Time: Fri Mar  3 19:34:39 2023
Elapsed time of program: 723min

Backbone optimize replicate 3 Start Time: Fri Mar  3 19:34:40 2023
Elapsed time of program: 723min

Backbone optimize replicate 3 End Time: Fri Mar  3 21:27:30 2023
Elapsed time of program: 836min

Monte Carlo Sequence Search Replicate 4 Start Time: Fri Mar  3 21:27:30 2023
Elapsed time of program: 836min

  - SelfPairManager energy calculation 4 Start Time: Fri Mar  3 21:27:45 2023
Elapsed time of program: 836min

  - SelfPairManager energy calculation 4 End Time: Fri Mar  3 21:28:23 2023
Elapsed time of program: 837min

- End monte carlo sequence search #4: 60.4min; Monte Carlo ended at Temp: 0.547

- Best Sequence: LLLTLLLGVLLGFLLSILILI; Energy w/ baseline: -28.1
Monte Carlo Sequence Search Replicate 4 End Time: Fri Mar  3 22:28:47 2023
Elapsed time of program: 898min

Compute Monomer Energy Start Time: Fri Mar  3 22:29:10 2023
Elapsed time of program: 898min

-Dimer - Monomer = -388 - -361 = -26.8
Compute Monomer Energy End Time: Fri Mar  3 22:32:21 2023
Elapsed time of program: 901min

Backbone optimize replicate 4 Start Time: Fri Mar  3 22:32:21 2023
Elapsed time of program: 901min

Backbone optimize replicate 4 End Time: Sat Mar  4 00:44:48 2023
Elapsed time of program: 1.03e+03min

Sequence,RotamerValues,Interface,InterfaceSequence,Seed,Density,Baseline,Dimer,Dimerw/Baseline,HBONDDimer,HBONDDimerOptimize,HBONDDimerPreOptimize,HBONDMonomer,IMM1Dimer,IMM1DimerOptimize,IMM1DimerPreOptimize,IMM1Monomer,Monomer,MonomerSasa,OptimizeSasa,PreBBOptimizeSasa,SequenceEntropy,SequenceProbability,Total,TotalPreOptimize,Totalw/Entropy,VDWDimer,VDWDimerOptimize,VDWDimerPreOptimize,VDWMonomer,acceptCycleNumber,acceptTemp,endAxialRotation,endAxialRotationPrime,endCrossingAngle,endXShift,endZShift,endZShiftPrime,firstRepackEnergy,preOptimizeAxialRotation,preOptimizeAxialRotationPrime,preOptimizeCrossingAngle,preOptimizeEnergy,preOptimizeXShift,preOptimizeZShift,preOptimizeZShiftPrime,preRepackTotal,replicateNumber,startAxialRotation,startAxialRotationPrime,startCrossingAngle,startXShift,startZShift,startZShiftPrime,
LLLALLLGVLLGTLLSFLILI,133002200210031003212,000110011001100110000,L--AL--GV-LGT-LSF--L-,1.67785e+09,1,351.735,-374.167,-22.4316,-80.7277,-83.2671,-80.5816,-74.1783,-215.121,-215.674,-215.114,-236.048,-361.253,4409.77,3743.59,3683.31,48.8354,0.000261463,-24.3759,-12.7779,26.4038,-78.3179,-86.6877,-78.3358,-51.027,497,16.0553,-95.1054,35.3588,-44.1456,6.50188,5.53925,4.56963,-20.4346,-95.1054,35.8276,-42.6336,-12.7779,6.67044,5.60254,4.63995,-12.9138,3,-95.1054,38.6706,-41.1733,7.1293,5.98634,5.0664,
LLLAVLLGLLLGTLLSFLILI,133002200210031003212,000110011001100110000,L--AV--GL-LGT-LSF--L-,1.67785e+09,1,352.09,-365.619,-13.5291,-76.1424,-76.1765,-76.0036,-74.1783,-214.602,-216.007,-214.594,-236.637,-361.879,4417.4,3730.46,3659.51,48.8354,0.000261463,-10.7302,-3.61201,35.3063,-74.8746,-80.4256,-74.8931,-51.0641,473,253.054,-95.1054,38.5832,-42.8301,7.04103,5.97454,5.05329,-8.42621,-95.1054,38.6706,-41.1733,-3.61201,7.1293,5.98634,5.0664,-3.73949,0,-95.1054,38.6706,-41.1733,7.1293,5.98634,5.0664,
LLLTLLLGLLLGFLLSILILI,133002200210031003212,000110011001100110000,L--TL--GL-LGF-LSI--L-,1.67785e+09,1,368.166,-391.066,-22.8997,-65.0177,-66.8977,-64.879,-60.4258,-224.276,-224.009,-224.274,-243.131,-368.642,4506.57,3582.85,3606.78,50.8755,0.000185243,-31.722,-22.2974,27.9759,-101.773,-109.457,-101.786,-65.0847,479,22.9165,-95.1054,35.8276,-42.6336,6.67044,5.60254,4.63995,-29.0405,-95.1054,36.5109,-43.2312,-22.2974,6.86033,5.69478,4.74244,-22.4245,2,-95.1054,38.6706,-41.1733,7.1293,5.98634,5.0664,
LLLTLLLGVLLGFLLSILILI,133002200210031003212,000110011001100110000,L--TL--GV-LGF-LSI--L-,1.67785e+09,1,359.908,-387.987,-28.0782,-69.74,-70.9007,-69.594,-60.554,-222.142,-222.294,-222.14,-244.715,-361.214,4475.83,3649.68,3562.74,49.8243,0.000221238,-34.6508,-26.6376,21.7461,-96.1049,-102.671,-96.1178,-55.9459,477,95.1175,-95.1054,34.9233,-44.6317,6.39092,5.48045,4.5043,-34.2297,-95.1054,35.3588,-44.1456,-26.6376,6.50188,5.53925,4.56963,-26.7722,4,-95.1054,38.6706,-41.1733,7.1293,5.98634,5.0664,
LLLTLLLGVLLGLLLSFLILI,133002200210031003212,000110011001100110000,L--TL--GV-LGL-LSF--L-,1.67785e+09,1,361.631,-378.123,-16.4921,-62.5748,-64.875,-62.4269,-60.4659,-223.972,-223.683,-223.971,-244.672,-367.844,4482.89,3721.98,3632.13,50.6358,0.000192898,-22.6944,-10.1436,34.1438,-91.5758,-101.98,-91.5895,-62.7055,522,148.395,-95.1054,36.5109,-43.2312,6.86033,5.69478,4.74244,-17.3748,-95.1054,38.5832,-42.8301,-10.1436,7.04103,5.97454,5.05329,-10.2792,1,-95.1054,38.6706,-41.1733,7.1293,5.98634,5.0664,
Total Time: 1034 minutes
