***STARTING GEOMETRY***
xShift;        Before: 7.3495; After: 7.3495
crossingAngle; Before: -39.3323; After: -39.3323
axialRotation; Before: -36.2919; After: -36.2919
zShift;        Before: 1.71814; After: 1.71814

axialRotationPrime; Before: 72.4027; After: 72.4027
zShiftPrime;        Before: 1.30418; After: 1.30418

Starting Repack Cycles
MCAccept 0 xShift: 7.3495 crossingAngle: -39.391 axialRotation: -36.2919 zShift: 1.71814 energy: -11.501
MCAccept 1 xShift: 7.3495 crossingAngle: -39.391 axialRotation: -36.2919 zShift: 1.65663 energy: -10.4166
MCAccept 2 xShift: 7.3495 crossingAngle: -39.43 axialRotation: -36.2919 zShift: 1.65663 energy: -10.6296
MCAccept 3 xShift: 7.3495 crossingAngle: -39.6146 axialRotation: -36.2919 zShift: 1.65663 energy: -11.3563
MCReject   xShift: 7.30572 crossingAngle: -39.6146 axialRotation: -36.2919 zShift: 1.65663 energy: -10.7377
MCAccept 4 xShift: 7.3495 crossingAngle: -39.4117 axialRotation: -36.2919 zShift: 1.65663 energy: -10.5446
MCReject   xShift: 7.3495 crossingAngle: -39.0346 axialRotation: -36.2919 zShift: 1.65663 energy: -8.27711
MCAccept 5 xShift: 7.37491 crossingAngle: -39.4117 axialRotation: -36.2919 zShift: 1.65663 energy: -10.3611
MCAccept 6 xShift: 7.37491 crossingAngle: -39.4117 axialRotation: -36.2919 zShift: 1.7104 energy: -11.3468
MCAccept 7 xShift: 7.37491 crossingAngle: -39.6796 axialRotation: -36.2919 zShift: 1.7104 energy: -11.7711
MCAccept 8 xShift: 7.37491 crossingAngle: -39.6796 axialRotation: -36.2919 zShift: 1.73584 energy: -12.6222
MCReject   xShift: 7.37491 crossingAngle: -38.9224 axialRotation: -36.2919 zShift: 1.73584 energy: -8.89371
MCAccept 9 xShift: 7.37491 crossingAngle: -39.6028 axialRotation: -36.2919 zShift: 1.73584 energy: -12.3955
MCAccept 10 xShift: 7.37491 crossingAngle: -39.6028 axialRotation: -36.2919 zShift: 1.70141 energy: -11.933
MCAccept 11 xShift: 7.37491 crossingAngle: -39.6028 axialRotation: -36.2919 zShift: 1.69731 energy: -11.8705
MCAccept 12 xShift: 7.37491 crossingAngle: -39.8202 axialRotation: -36.2919 zShift: 1.69731 energy: -12.4719
MCAccept 13 xShift: 7.37491 crossingAngle: -39.8202 axialRotation: -36.2919 zShift: 1.75815 energy: -13.1037
MCAccept 14 xShift: 7.37491 crossingAngle: -39.8202 axialRotation: -36.2919 zShift: 1.83309 energy: -14.0332
MCAccept 15 xShift: 7.37491 crossingAngle: -39.8202 axialRotation: -36.2919 zShift: 1.79498 energy: -13.54
MCAccept 16 xShift: 7.37491 crossingAngle: -39.7508 axialRotation: -36.2919 zShift: 1.79498 energy: -13.3835
MCReject   xShift: 7.37491 crossingAngle: -39.7508 axialRotation: -36.2919 zShift: 1.70256 energy: -12.3297
MCAccept 17 xShift: 7.37491 crossingAngle: -39.9652 axialRotation: -36.2919 zShift: 1.79498 energy: -13.7793
MCAccept 18 xShift: 7.37491 crossingAngle: -39.5169 axialRotation: -36.2919 zShift: 1.79498 energy: -12.7516
MCAccept 19 xShift: 7.34375 crossingAngle: -39.5169 axialRotation: -36.2919 zShift: 1.79498 energy: -12.7747
MCAccept 20 xShift: 7.34375 crossingAngle: -39.4206 axialRotation: -36.2919 zShift: 1.79498 energy: -12.4852
MCAccept 21 xShift: 7.41819 crossingAngle: -39.4206 axialRotation: -36.2919 zShift: 1.79498 energy: -12.1534
MCAccept 22 xShift: 7.41819 crossingAngle: -39.4206 axialRotation: -36.2919 zShift: 1.79517 energy: -12.1088
MCAccept 23 xShift: 7.43879 crossingAngle: -39.4206 axialRotation: -36.2919 zShift: 1.79517 energy: -11.9469
MCAccept 24 xShift: 7.43879 crossingAngle: -39.1706 axialRotation: -36.2919 zShift: 1.79517 energy: -10.82
MCAccept 25 xShift: 7.43879 crossingAngle: -39.1663 axialRotation: -36.2919 zShift: 1.79517 energy: -10.7021
MCReject   xShift: 7.51986 crossingAngle: -39.1663 axialRotation: -36.2919 zShift: 1.79517 energy: -10.0534
MCAccept 26 xShift: 7.44229 crossingAngle: -39.1663 axialRotation: -36.2919 zShift: 1.79517 energy: -10.8428
MCAccept 27 xShift: 7.49678 crossingAngle: -39.1663 axialRotation: -36.2919 zShift: 1.79517 energy: -10.4626
MCReject   xShift: 7.49678 crossingAngle: -38.9534 axialRotation: -36.2919 zShift: 1.79517 energy: -8.93985
MCAccept 28 xShift: 7.49678 crossingAngle: -39.1457 axialRotation: -36.2919 zShift: 1.79517 energy: -10.2865
MCAccept 29 xShift: 7.49678 crossingAngle: -39.1457 axialRotation: -36.2919 zShift: 1.80527 energy: -10.2577
MCAccept 30 xShift: 7.40947 crossingAngle: -39.1457 axialRotation: -36.2919 zShift: 1.80527 energy: -10.8606
MCAccept 31 xShift: 7.40947 crossingAngle: -39.4346 axialRotation: -36.2919 zShift: 1.80527 energy: -12.3225
MCAccept 32 xShift: 7.40947 crossingAngle: -39.4346 axialRotation: -36.2919 zShift: 1.81252 energy: -12.4187
MCAccept 33 xShift: 7.50715 crossingAngle: -39.4346 axialRotation: -36.2919 zShift: 1.81252 energy: -11.9373
MCAccept 34 xShift: 7.50715 crossingAngle: -39.7902 axialRotation: -36.2919 zShift: 1.81252 energy: -14.1703
MCAccept 35 xShift: 7.50715 crossingAngle: -39.7902 axialRotation: -36.2919 zShift: 1.83579 energy: -15.041
MCAccept 36 xShift: 7.50715 crossingAngle: -39.7902 axialRotation: -36.2919 zShift: 1.82982 energy: -14.8262
MCAccept 37 xShift: 7.51287 crossingAngle: -39.7902 axialRotation: -36.2919 zShift: 1.82982 energy: -14.7591
MCAccept 38 xShift: 7.51287 crossingAngle: -39.7902 axialRotation: -36.2919 zShift: 1.83439 energy: -14.985
MCAccept 39 xShift: 7.51287 crossingAngle: -39.9253 axialRotation: -36.2919 zShift: 1.83439 energy: -15.7182
MCReject   xShift: 7.51287 crossingAngle: -39.9253 axialRotation: -36.6566 zShift: 1.83439 energy: -14.3612
MCAccept 40 xShift: 7.49139 crossingAngle: -39.9253 axialRotation: -36.2919 zShift: 1.83439 energy: -15.5468
MCReject   xShift: 7.49139 crossingAngle: -39.3988 axialRotation: -36.2919 zShift: 1.83439 energy: -12.5017
MCReject   xShift: 7.49139 crossingAngle: -39.9253 axialRotation: -36.57 zShift: 1.83439 energy: -14.577
MCReject   xShift: 7.49139 crossingAngle: -39.9253 axialRotation: -36.7837 zShift: 1.83439 energy: -13.7823
MCAccept 41 xShift: 7.49139 crossingAngle: -39.9253 axialRotation: -36.2919 zShift: 1.91195 energy: -17.8659
MCReject   xShift: 7.49139 crossingAngle: -39.9253 axialRotation: -36.2919 zShift: 1.851 energy: -16.1466
MCAccept 42 xShift: 7.50144 crossingAngle: -39.9253 axialRotation: -36.2919 zShift: 1.91195 energy: -17.7997
MCAccept 43 xShift: 7.50144 crossingAngle: -39.9253 axialRotation: -36.2919 zShift: 1.93335 energy: -18.3686
MCAccept 44 xShift: 7.50144 crossingAngle: -39.9253 axialRotation: -36.2919 zShift: 1.9601 energy: -18.8731
MCAccept 45 xShift: 7.50144 crossingAngle: -39.9253 axialRotation: -36.2919 zShift: 1.94956 energy: -18.6853
MCAccept 46 xShift: 7.49558 crossingAngle: -39.9253 axialRotation: -36.2919 zShift: 1.94956 energy: -18.1862
MCAccept 47 xShift: 7.41282 crossingAngle: -39.9253 axialRotation: -36.2919 zShift: 1.94956 energy: -17.9333
MCAccept 48 xShift: 7.35381 crossingAngle: -39.9253 axialRotation: -36.2919 zShift: 1.94956 energy: -16.8887
MCAccept 49 xShift: 7.35381 crossingAngle: -39.9253 axialRotation: -36.2919 zShift: 1.99259 energy: -17.5859
MCReject   xShift: 7.35381 crossingAngle: -39.9253 axialRotation: -36.2919 zShift: 1.88876 energy: -15.6009
MCAccept 50 xShift: 7.35381 crossingAngle: -39.9253 axialRotation: -36.2919 zShift: 2.0212 energy: -18.0909
MCAccept 51 xShift: 7.35381 crossingAngle: -40.1404 axialRotation: -36.2919 zShift: 2.0212 energy: -18.8478
MCAccept 52 xShift: 7.33699 crossingAngle: -40.1404 axialRotation: -36.2919 zShift: 2.0212 energy: -18.3395
MCAccept 53 xShift: 7.33699 crossingAngle: -40.1404 axialRotation: -36.2919 zShift: 1.96941 energy: -17.5299
MCAccept 54 xShift: 7.30282 crossingAngle: -40.1404 axialRotation: -36.2919 zShift: 1.96941 energy: -16.7584
MCAccept 55 xShift: 7.30282 crossingAngle: -40.1404 axialRotation: -36.2919 zShift: 1.99981 energy: -17.0525
MCAccept 56 xShift: 7.30282 crossingAngle: -40.0452 axialRotation: -36.2919 zShift: 1.99981 energy: -16.7933
MCAccept 57 xShift: 7.30282 crossingAngle: -39.9752 axialRotation: -36.2919 zShift: 1.99981 energy: -16.5817
MCAccept 58 xShift: 7.30282 crossingAngle: -40.116 axialRotation: -36.2919 zShift: 1.99981 energy: -16.988
MCReject   xShift: 7.30282 crossingAngle: -39.5705 axialRotation: -36.2919 zShift: 1.99981 energy: -14.9636
MCAccept 59 xShift: 7.30282 crossingAngle: -39.9639 axialRotation: -36.2919 zShift: 1.99981 energy: -16.4483
MCAccept 60 xShift: 7.41026 crossingAngle: -39.9639 axialRotation: -36.2919 zShift: 1.99981 energy: -19.0595
MCReject   xShift: 7.41026 crossingAngle: -39.9639 axialRotation: -36.2919 zShift: 1.93313 energy: -17.6962
MCAccept 61 xShift: 7.39936 crossingAngle: -39.9639 axialRotation: -36.2919 zShift: 1.99981 energy: -18.8845
MCAccept 62 xShift: 7.39936 crossingAngle: -39.8378 axialRotation: -36.2919 zShift: 1.99981 energy: -18.3465
MCAccept 63 xShift: 7.39947 crossingAngle: -39.8378 axialRotation: -36.2919 zShift: 1.99981 energy: -18.3133
MCAccept 64 xShift: 7.39947 crossingAngle: -40.1365 axialRotation: -36.2919 zShift: 1.99981 energy: -19.4664
MCAccept 65 xShift: 7.39947 crossingAngle: -40.1365 axialRotation: -36.2919 zShift: 1.97024 energy: -18.9219
MCAccept 66 xShift: 7.39947 crossingAngle: -40.4921 axialRotation: -36.2919 zShift: 1.97024 energy: -19.8486
MCAccept 67 xShift: 7.39947 crossingAngle: -40.6669 axialRotation: -36.2919 zShift: 1.97024 energy: -20.0233
MCAccept 68 xShift: 7.39947 crossingAngle: -41.4303 axialRotation: -36.2919 zShift: 1.97024 energy: -20.3834
MCAccept 69 xShift: 7.39947 crossingAngle: -41.3183 axialRotation: -36.2919 zShift: 1.97024 energy: -20.3825
MCAccept 70 xShift: 7.39947 crossingAngle: -41.3183 axialRotation: -36.2919 zShift: 1.98887 energy: -20.6896
MCAccept 71 xShift: 7.44876 crossingAngle: -41.3183 axialRotation: -36.2919 zShift: 1.98887 energy: -21.1285
MCAccept 72 xShift: 7.44876 crossingAngle: -41.2097 axialRotation: -36.2919 zShift: 1.98887 energy: -21.2777
MCAccept 73 xShift: 7.44876 crossingAngle: -41.4081 axialRotation: -36.2919 zShift: 1.98887 energy: -21.1483
MCAccept 74 xShift: 7.54787 crossingAngle: -41.4081 axialRotation: -36.2919 zShift: 1.98887 energy: -21.0626
MCAccept 75 xShift: 7.52317 crossingAngle: -41.4081 axialRotation: -36.2919 zShift: 1.98887 energy: -21.2269
MCAccept 76 xShift: 7.51337 crossingAngle: -41.4081 axialRotation: -36.2919 zShift: 1.98887 energy: -21.2043
MCAccept 77 xShift: 7.51337 crossingAngle: -41.4081 axialRotation: -36.2919 zShift: 1.98453 energy: -21.2239
MCAccept 78 xShift: 7.50728 crossingAngle: -41.4081 axialRotation: -36.2919 zShift: 1.98453 energy: -21.2337
MCAccept 79 xShift: 7.50728 crossingAngle: -41.4081 axialRotation: -36.2919 zShift: 2.00833 energy: -21.6102
MCAccept 80 xShift: 7.50728 crossingAngle: -41.1405 axialRotation: -36.2919 zShift: 2.00833 energy: -21.7577
MCAccept 81 xShift: 7.50728 crossingAngle: -40.6815 axialRotation: -36.2919 zShift: 2.00833 energy: -21.4928
MCAccept 82 xShift: 7.50728 crossingAngle: -40.7748 axialRotation: -36.2919 zShift: 2.00833 energy: -21.6304
MCAccept 83 xShift: 7.49588 crossingAngle: -40.7748 axialRotation: -36.2919 zShift: 2.00833 energy: -21.6392
MCAccept 84 xShift: 7.49588 crossingAngle: -40.7748 axialRotation: -36.2919 zShift: 1.96019 energy: -20.857
MCAccept 85 xShift: 7.49588 crossingAngle: -40.7129 axialRotation: -36.2919 zShift: 1.96019 energy: -20.4607
MCReject   xShift: 7.49588 crossingAngle: -40.4645 axialRotation: -36.2919 zShift: 1.96019 energy: -20.4814
MCReject   xShift: 7.55707 crossingAngle: -40.7129 axialRotation: -36.2919 zShift: 1.96019 energy: -20.6882
MCAccept 86 xShift: 7.5105 crossingAngle: -40.7129 axialRotation: -36.2919 zShift: 1.96019 energy: -20.846
MCAccept 87 xShift: 7.5105 crossingAngle: -41.1272 axialRotation: -36.2919 zShift: 1.96019 energy: -20.9033
MCAccept 88 xShift: 7.48486 crossingAngle: -41.1272 axialRotation: -36.2919 zShift: 1.96019 energy: -20.9307
MCReject   xShift: 7.46468 crossingAngle: -41.1272 axialRotation: -36.2919 zShift: 1.96019 energy: -20.8884
MCReject   xShift: 7.52957 crossingAngle: -41.1272 axialRotation: -36.2919 zShift: 1.96019 energy: -20.9581
MCAccept 89 xShift: 7.48453 crossingAngle: -41.1272 axialRotation: -36.2919 zShift: 1.96019 energy: -20.9709
MCAccept 90 xShift: 7.53372 crossingAngle: -41.1272 axialRotation: -36.2919 zShift: 1.96019 energy: -20.9444
MCReject   xShift: 7.53372 crossingAngle: -41.1272 axialRotation: -35.4952 zShift: 1.96019 energy: -20.3046
MCAccept 91 xShift: 7.46679 crossingAngle: -41.1272 axialRotation: -36.2919 zShift: 1.96019 energy: -20.9001
MCReject   xShift: 7.46679 crossingAngle: -41.1272 axialRotation: -36.5358 zShift: 1.96019 energy: -20.6129
MCAccept 92 xShift: 7.44754 crossingAngle: -41.1272 axialRotation: -36.2919 zShift: 1.96019 energy: -20.7686
MCReject   xShift: 7.44754 crossingAngle: -41.1272 axialRotation: -36.2919 zShift: 1.8843 energy: -19.2643
MCAccept 93 xShift: 7.45059 crossingAngle: -41.1272 axialRotation: -36.2919 zShift: 1.96019 energy: -20.7938
MCAccept 94 xShift: 7.45059 crossingAngle: -41.1272 axialRotation: -36.2919 zShift: 2.00139 energy: -21.5201
MCReject   xShift: 7.45059 crossingAngle: -41.1272 axialRotation: -35.708 zShift: 2.00139 energy: -21.0878
MCAccept 95 xShift: 7.45059 crossingAngle: -41.1939 axialRotation: -36.2919 zShift: 2.00139 energy: -21.4131
MCReject   xShift: 7.45059 crossingAngle: -41.1939 axialRotation: -36.5067 zShift: 2.00139 energy: -21.3597
MCAccept 96 xShift: 7.45059 crossingAngle: -41.1939 axialRotation: -36.2919 zShift: 2.05911 energy: -22.3162
MCAccept 97 xShift: 7.45059 crossingAngle: -41.1939 axialRotation: -36.2919 zShift: 2.0615 energy: -22.3448
MCReject   xShift: 7.45059 crossingAngle: -41.1307 axialRotation: -36.2919 zShift: 2.0615 energy: -22.3075
MCAccept 98 xShift: 7.45059 crossingAngle: -41.1939 axialRotation: -36.2919 zShift: 2.05892 energy: -22.3139
MCReject   xShift: 7.45059 crossingAngle: -41.1939 axialRotation: -36.2919 zShift: 2.03828 energy: -22.0102
MCAccept 99 xShift: 7.41963 crossingAngle: -41.1939 axialRotation: -36.2919 zShift: 2.05892 energy: -22.0289
MCAccept 100 xShift: 7.42989 crossingAngle: -41.1939 axialRotation: -36.2919 zShift: 2.05892 energy: -22.0773
MCReject   xShift: 7.44109 crossingAngle: -41.1939 axialRotation: -36.2919 zShift: 2.05892 energy: -22.0009
MCReject   xShift: 7.42989 crossingAngle: -40.5521 axialRotation: -36.2919 zShift: 2.05892 energy: -21.6501
MCReject   xShift: 7.42989 crossingAngle: -41.1939 axialRotation: -36.2919 zShift: 2.0624 energy: -21.45
MCReject   xShift: 7.42989 crossingAngle: -41.1939 axialRotation: -36.0284 zShift: 2.05892 energy: -21.6878
MCReject   xShift: 7.42989 crossingAngle: -41.2296 axialRotation: -36.2919 zShift: 2.05892 energy: -22.1626
MCReject   xShift: 7.41391 crossingAngle: -41.1939 axialRotation: -36.2919 zShift: 2.05892 energy: -22.0059
MCReject   xShift: 7.41639 crossingAngle: -41.1939 axialRotation: -36.2919 zShift: 2.05892 energy: -21.9935
MCReject   xShift: 7.4126 crossingAngle: -41.1939 axialRotation: -36.2919 zShift: 2.05892 energy: -21.9494
MCReject   xShift: 7.42989 crossingAngle: -41.1939 axialRotation: -36.7562 zShift: 2.05892 energy: -22.1736
MCReject   xShift: 7.42989 crossingAngle: -41.1672 axialRotation: -36.2919 zShift: 2.05892 energy: -22.08
MCAccept 101 xShift: 7.42989 crossingAngle: -41.1908 axialRotation: -36.2919 zShift: 2.05892 energy: -22.1695
MCAccept 102 xShift: 7.42989 crossingAngle: -40.9737 axialRotation: -36.2919 zShift: 2.05892 energy: -22.1364
MCReject   xShift: 7.42989 crossingAngle: -40.8533 axialRotation: -36.2919 zShift: 2.05892 energy: -22.0627
MCAccept 103 xShift: 7.42989 crossingAngle: -41.0129 axialRotation: -36.2919 zShift: 2.05892 energy: -22.1517
MCReject   xShift: 7.42989 crossingAngle: -41.0129 axialRotation: -36.0635 zShift: 2.05892 energy: -21.8414
MCAccept 104 xShift: 7.42989 crossingAngle: -41.1149 axialRotation: -36.2919 zShift: 2.05892 energy: -22.08
MCReject   xShift: 7.42989 crossingAngle: -41.1149 axialRotation: -35.9653 zShift: 2.05892 energy: -21.4039
MCAccept 105 xShift: 7.42989 crossingAngle: -41.1149 axialRotation: -36.2919 zShift: 2.05521 energy: -22.1263
MCReject   xShift: 7.42989 crossingAngle: -40.8346 axialRotation: -36.2919 zShift: 2.05521 energy: -22.0048
MCReject   xShift: 7.42989 crossingAngle: -41.1149 axialRotation: -36.2919 zShift: 2.03649 energy: -21.272
MCReject   xShift: 7.42989 crossingAngle: -41.1149 axialRotation: -36.192 zShift: 2.05521 energy: -22.0587
MCReject   xShift: 7.42989 crossingAngle: -41.2274 axialRotation: -36.2919 zShift: 2.05521 energy: -22.1159
MCReject   xShift: 7.42989 crossingAngle: -41.3556 axialRotation: -36.2919 zShift: 2.05521 energy: -22.0651
MCReject   xShift: 7.42989 crossingAngle: -41.1149 axialRotation: -36.001 zShift: 2.05521 energy: -21.8634
MCReject   xShift: 7.42989 crossingAngle: -41.1338 axialRotation: -36.2919 zShift: 2.05521 energy: -22.1268
MCReject   xShift: 7.42989 crossingAngle: -41.1149 axialRotation: -36.3396 zShift: 2.05521 energy: -22.0582
MCReject   xShift: 7.42989 crossingAngle: -41.1149 axialRotation: -36.2919 zShift: 2.02971 energy: -21.784
MCReject   xShift: 7.42989 crossingAngle: -41.1149 axialRotation: -36.2919 zShift: 2.00365 energy: -21.0712
MCReject   xShift: 7.36559 crossingAngle: -41.1149 axialRotation: -36.2919 zShift: 2.05521 energy: -21.1429
MCReject   xShift: 7.42989 crossingAngle: -40.9098 axialRotation: -36.2919 zShift: 2.05521 energy: -22.0589
MCReject   xShift: 7.43724 crossingAngle: -41.1149 axialRotation: -36.2919 zShift: 2.05521 energy: -21.8811
MCReject   xShift: 7.42989 crossingAngle: -41.3362 axialRotation: -36.2919 zShift: 2.05521 energy: -22.0753
MCAccept 106 xShift: 7.42989 crossingAngle: -41.1149 axialRotation: -36.2919 zShift: 2.08235 energy: -22.3988
MCReject   xShift: 7.42989 crossingAngle: -40.7543 axialRotation: -36.2919 zShift: 2.08235 energy: -22.2103
MCAccept 107 xShift: 7.47263 crossingAngle: -41.1149 axialRotation: -36.2919 zShift: 2.08235 energy: -22.6392
MCAccept 108 xShift: 7.47263 crossingAngle: -41.1218 axialRotation: -36.2919 zShift: 2.08235 energy: -22.5488
MCReject   xShift: 7.4209 crossingAngle: -41.1218 axialRotation: -36.2919 zShift: 2.08235 energy: -22.3179
MCReject   xShift: 7.47263 crossingAngle: -41.1218 axialRotation: -36.2919 zShift: 2.05744 energy: -22.3789
MCAccept 109 xShift: 7.5105 crossingAngle: -41.1218 axialRotation: -36.2919 zShift: 2.08235 energy: -22.5926
MCReject   xShift: 7.5105 crossingAngle: -41.1218 axialRotation: -35.7974 zShift: 2.08235 energy: -21.225
MCReject   xShift: 7.5105 crossingAngle: -41.1218 axialRotation: -35.9345 zShift: 2.08235 energy: -21.7526
MCAccept 110 xShift: 7.5105 crossingAngle: -41.1694 axialRotation: -36.2919 zShift: 2.08235 energy: -22.595
MCReject   xShift: 7.5105 crossingAngle: -41.248 axialRotation: -36.2919 zShift: 2.08235 energy: -22.5895
MCReject   xShift: 7.5105 crossingAngle: -41.2529 axialRotation: -36.2919 zShift: 2.08235 energy: -22.5466
MCAccept 111 xShift: 7.48345 crossingAngle: -41.1694 axialRotation: -36.2919 zShift: 2.08235 energy: -22.6503
MCAccept 112 xShift: 7.48345 crossingAngle: -41.1694 axialRotation: -36.2919 zShift: 2.0784 energy: -22.6121
MCAccept 113 xShift: 7.48345 crossingAngle: -41.1694 axialRotation: -36.2919 zShift: 2.11452 energy: -22.9246
MCAccept 114 xShift: 7.47518 crossingAngle: -41.1694 axialRotation: -36.2919 zShift: 2.11452 energy: -22.9262
MCReject   xShift: 7.45155 crossingAngle: -41.1694 axialRotation: -36.2919 zShift: 2.11452 energy: -22.8787
MCReject   xShift: 7.47518 crossingAngle: -41.214 axialRotation: -36.2919 zShift: 2.11452 energy: -22.8896
MCReject   xShift: 7.49181 crossingAngle: -41.1694 axialRotation: -36.2919 zShift: 2.11452 energy: -22.5178
MCReject   xShift: 7.47518 crossingAngle: -40.9833 axialRotation: -36.2919 zShift: 2.11452 energy: -22.8543
MCReject   xShift: 7.50304 crossingAngle: -41.1694 axialRotation: -36.2919 zShift: 2.11452 energy: -22.8796
MCReject   xShift: 7.47518 crossingAngle: -41.1776 axialRotation: -36.2919 zShift: 2.11452 energy: -22.9284
MCReject   xShift: 7.46542 crossingAngle: -41.1694 axialRotation: -36.2919 zShift: 2.11452 energy: -22.9175
MCReject   xShift: 7.42748 crossingAngle: -41.1694 axialRotation: -36.2919 zShift: 2.11452 energy: -22.7359
MCReject   xShift: 7.47518 crossingAngle: -41.0006 axialRotation: -36.2919 zShift: 2.11452 energy: -22.8639
MCReject   xShift: 7.47518 crossingAngle: -41.2708 axialRotation: -36.2919 zShift: 2.11452 energy: -22.9283
MCReject   xShift: 7.47518 crossingAngle: -41.5479 axialRotation: -36.2919 zShift: 2.11452 energy: -22.5985
MCReject   xShift: 7.47518 crossingAngle: -41.1694 axialRotation: -36.2324 zShift: 2.11452 energy: -22.8477
MCReject   xShift: 7.47518 crossingAngle: -41.1694 axialRotation: -36.2919 zShift: 2.12847 energy: -23.0265
MCReject   xShift: 7.47518 crossingAngle: -41.3082 axialRotation: -36.2919 zShift: 2.11452 energy: -22.9212
MCReject   xShift: 7.47518 crossingAngle: -41.1694 axialRotation: -35.6403 zShift: 2.11452 energy: -21.7115
MCReject   xShift: 7.47518 crossingAngle: -40.875 axialRotation: -36.2919 zShift: 2.11452 energy: -22.7672
MCReject   xShift: 7.4758 crossingAngle: -41.1694 axialRotation: -36.2919 zShift: 2.11452 energy: -22.8862
MCReject   xShift: 7.47518 crossingAngle: -41.3176 axialRotation: -36.2919 zShift: 2.11452 energy: -22.9199
MCReject   xShift: 7.45221 crossingAngle: -41.1694 axialRotation: -36.2919 zShift: 2.11452 energy: -22.7893
MCReject   xShift: 7.47518 crossingAngle: -41.2905 axialRotation: -36.2919 zShift: 2.11452 energy: -22.9245
MCReject   xShift: 7.47518 crossingAngle: -41.1694 axialRotation: -36.1605 zShift: 2.11452 energy: -22.4305
MCReject   xShift: 7.47518 crossingAngle: -41.1694 axialRotation: -36.2919 zShift: 2.08302 energy: -22.6527
MCReject   xShift: 7.47518 crossingAngle: -41.1694 axialRotation: -36.2919 zShift: 2.13276 energy: -22.964
MCReject   xShift: 7.47518 crossingAngle: -41.1694 axialRotation: -36.2919 zShift: 2.07803 energy: -22.6043
MCAccept 115 xShift: 7.47518 crossingAngle: -41.1694 axialRotation: -36.2919 zShift: 2.17333 energy: -23.3899
MCReject   xShift: 7.40859 crossingAngle: -41.1694 axialRotation: -36.2919 zShift: 2.17333 energy: -23.1126
MCAccept 116 xShift: 7.46025 crossingAngle: -41.1694 axialRotation: -36.2919 zShift: 2.17333 energy: -23.4252
MCReject   xShift: 7.46025 crossingAngle: -41.1694 axialRotation: -36.2919 zShift: 2.15007 energy: -22.8175
MCReject   xShift: 7.46025 crossingAngle: -41.1694 axialRotation: -36.1558 zShift: 2.17333 energy: -23.2658
MCAccept 117 xShift: 7.46025 crossingAngle: -41.1694 axialRotation: -36.2919 zShift: 2.21515 energy: -23.7384
MCReject   xShift: 7.46025 crossingAngle: -41.1694 axialRotation: -36.2919 zShift: 2.18092 energy: -23.4516
MCReject   xShift: 7.46025 crossingAngle: -41.1413 axialRotation: -36.2919 zShift: 2.21515 energy: -23.7025
MCReject   xShift: 7.46194 crossingAngle: -41.1694 axialRotation: -36.2919 zShift: 2.21515 energy: -23.6488
MCReject   xShift: 7.46025 crossingAngle: -41.1694 axialRotation: -36.1124 zShift: 2.21515 energy: -23.382
MCReject   xShift: 7.46025 crossingAngle: -41.1694 axialRotation: -36.1454 zShift: 2.21515 energy: -23.4887
MCReject   xShift: 7.46025 crossingAngle: -41.0761 axialRotation: -36.2919 zShift: 2.21515 energy: -23.6065
MCReject   xShift: 7.46025 crossingAngle: -41.1694 axialRotation: -36.2919 zShift: 2.20191 energy: -23.6541
MCReject   xShift: 7.45963 crossingAngle: -41.1694 axialRotation: -36.2919 zShift: 2.21515 energy: -23.7381
MCReject   xShift: 7.46025 crossingAngle: -41.1694 axialRotation: -36.2919 zShift: 2.20456 energy: -23.5819
MCReject   xShift: 7.47293 crossingAngle: -41.1694 axialRotation: -36.2919 zShift: 2.21515 energy: -23.7311
MCReject   xShift: 7.46025 crossingAngle: -41.1694 axialRotation: -36.2919 zShift: 2.23195 energy: -23.8268
MCReject   xShift: 7.46025 crossingAngle: -41.1694 axialRotation: -36.4317 zShift: 2.21515 energy: -23.9202
MCReject   xShift: 7.46488 crossingAngle: -41.1694 axialRotation: -36.2919 zShift: 2.21515 energy: -23.6989
MCReject   xShift: 7.46025 crossingAngle: -41.3891 axialRotation: -36.2919 zShift: 2.21515 energy: -23.9508
MCReject   xShift: 7.46285 crossingAngle: -41.1694 axialRotation: -36.2919 zShift: 2.21515 energy: -23.7389
MCReject   xShift: 7.46025 crossingAngle: -41.1694 axialRotation: -36.2919 zShift: 2.18867 energy: -23.5557
MCReject   xShift: 7.46025 crossingAngle: -41.1694 axialRotation: -36.3696 zShift: 2.21515 energy: -23.8475
MCReject   xShift: 7.45844 crossingAngle: -41.1694 axialRotation: -36.2919 zShift: 2.21515 energy: -23.7388
MCReject   xShift: 7.46025 crossingAngle: -41.3765 axialRotation: -36.2919 zShift: 2.21515 energy: -23.9411
MCReject   xShift: 7.4178 crossingAngle: -41.1694 axialRotation: -36.2919 zShift: 2.21515 energy: -23.5651
MCReject   xShift: 7.44937 crossingAngle: -41.1694 axialRotation: -36.2919 zShift: 2.21515 energy: -23.7253
MCReject   xShift: 7.46025 crossingAngle: -41.1694 axialRotation: -36.2919 zShift: 2.26113 energy: -23.9227
MCReject   xShift: 7.46025 crossingAngle: -41.1694 axialRotation: -36.1221 zShift: 2.21515 energy: -23.4428
MCReject   xShift: 7.46025 crossingAngle: -41.1694 axialRotation: -36.2919 zShift: 2.18217 energy: -23.5022
MCReject   xShift: 7.46785 crossingAngle: -41.1694 axialRotation: -36.2919 zShift: 2.21515 energy: -23.7386
MCReject   xShift: 7.46025 crossingAngle: -40.9821 axialRotation: -36.2919 zShift: 2.21515 energy: -23.403
MCReject   xShift: 7.43714 crossingAngle: -41.1694 axialRotation: -36.2919 zShift: 2.21515 energy: -23.3445
MCReject   xShift: 7.47904 crossingAngle: -41.1694 axialRotation: -36.2919 zShift: 2.21515 energy: -23.6791
MCReject   xShift: 7.42963 crossingAngle: -41.1694 axialRotation: -36.2919 zShift: 2.21515 energy: -23.6058
MCReject   xShift: 7.46025 crossingAngle: -41.1694 axialRotation: -36.2919 zShift: 2.19195 energy: -23.5814
MCReject   xShift: 7.46025 crossingAngle: -41.1694 axialRotation: -36.2919 zShift: 2.26687 energy: -23.9339
MCReject   xShift: 7.46025 crossingAngle: -41.1694 axialRotation: -36.2919 zShift: 2.18821 energy: -23.5534
MCReject   xShift: 7.46025 crossingAngle: -41.2048 axialRotation: -36.2919 zShift: 2.21515 energy: -23.7834
MCReject   xShift: 7.46025 crossingAngle: -41.1694 axialRotation: -36.2919 zShift: 2.21755 energy: -23.7123
MCReject   xShift: 7.46025 crossingAngle: -41.1694 axialRotation: -35.8139 zShift: 2.21515 energy: -22.6669
MCReject   xShift: 7.46025 crossingAngle: -41.087 axialRotation: -36.2919 zShift: 2.21515 energy: -23.6235
MCReject   xShift: 7.47176 crossingAngle: -41.1694 axialRotation: -36.2919 zShift: 2.21515 energy: -23.7328
MCReject   xShift: 7.46247 crossingAngle: -41.1694 axialRotation: -36.2919 zShift: 2.21515 energy: -23.3983
MCReject   xShift: 7.46025 crossingAngle: -41.0186 axialRotation: -36.2919 zShift: 2.21515 energy: -23.4183
MCReject   xShift: 7.46025 crossingAngle: -40.9893 axialRotation: -36.2919 zShift: 2.21515 energy: -23.4573
MCReject   xShift: 7.46025 crossingAngle: -40.9421 axialRotation: -36.2919 zShift: 2.21515 energy: -23.3637
MCReject   xShift: 7.46025 crossingAngle: -41.6046 axialRotation: -36.2919 zShift: 2.21515 energy: -23.9863
MCReject   xShift: 7.46025 crossingAngle: -41.1694 axialRotation: -36.2919 zShift: 2.17188 energy: -23.4117
MCReject   xShift: 7.4756 crossingAngle: -41.1694 axialRotation: -36.2919 zShift: 2.21515 energy: -23.3888
MCReject   xShift: 7.47921 crossingAngle: -41.1694 axialRotation: -36.2919 zShift: 2.21515 energy: -23.6786
MCReject   xShift: 7.46025 crossingAngle: -41.1694 axialRotation: -36.2919 zShift: 2.21387 energy: -23.7308
MCReject   xShift: 7.46025 crossingAngle: -41.1694 axialRotation: -36.4779 zShift: 2.21515 energy: -23.9274
MCReject   xShift: 7.46025 crossingAngle: -41.1694 axialRotation: -36.7365 zShift: 2.21515 energy: -23.8323
MCReject   xShift: 7.48381 crossingAngle: -41.1694 axialRotation: -36.2919 zShift: 2.21515 energy: -23.7053
MCReject   xShift: 7.46025 crossingAngle: -41.1694 axialRotation: -36.2919 zShift: 2.25991 energy: -23.92
MCReject   xShift: 7.46025 crossingAngle: -41.1694 axialRotation: -36.2919 zShift: 2.16067 energy: -23.3008
MCReject   xShift: 7.46025 crossingAngle: -40.8725 axialRotation: -36.2919 zShift: 2.21515 energy: -23.2159
MCReject   xShift: 7.44354 crossingAngle: -41.1694 axialRotation: -36.2919 zShift: 2.21515 energy: -23.7094
MCReject   xShift: 7.46025 crossingAngle: -41.1694 axialRotation: -36.5288 zShift: 2.21515 energy: -24.0144
MCReject   xShift: 7.46224 crossingAngle: -41.1694 axialRotation: -36.2919 zShift: 2.21515 energy: -23.7404
MCReject   xShift: 7.46025 crossingAngle: -41.0378 axialRotation: -36.2919 zShift: 2.21515 energy: -23.5421
MCReject   xShift: 7.46025 crossingAngle: -41.1694 axialRotation: -36.2919 zShift: 2.16564 energy: -23.3519
MCReject   xShift: 7.46025 crossingAngle: -40.8419 axialRotation: -36.2919 zShift: 2.21515 energy: -23.1426
MCReject   xShift: 7.46025 crossingAngle: -41.309 axialRotation: -36.2919 zShift: 2.21515 energy: -23.8886
MCReject   xShift: 7.46025 crossingAngle: -41.1694 axialRotation: -36.2919 zShift: 2.22397 energy: -23.7883
MCReject   xShift: 7.46096 crossingAngle: -41.1694 axialRotation: -36.2919 zShift: 2.21515 energy: -23.4439
MCReject   xShift: 7.45659 crossingAngle: -41.1694 axialRotation: -36.2919 zShift: 2.21515 energy: -23.7357
MCReject   xShift: 7.46025 crossingAngle: -41.1694 axialRotation: -36.2919 zShift: 2.20163 energy: -23.562
MCReject   xShift: 7.446 crossingAngle: -41.1694 axialRotation: -36.2919 zShift: 2.21515 energy: -23.6253
MCReject   xShift: 7.4503 crossingAngle: -41.1694 axialRotation: -36.2919 zShift: 2.21515 energy: -23.6358
MCReject   xShift: 7.46025 crossingAngle: -41.1817 axialRotation: -36.2919 zShift: 2.21515 energy: -23.7539
MCReject   xShift: 7.46025 crossingAngle: -41.1791 axialRotation: -36.2919 zShift: 2.21515 energy: -23.7521
MCReject   xShift: 7.46025 crossingAngle: -41.1694 axialRotation: -36.4021 zShift: 2.21515 energy: -23.5961
MCReject   xShift: 7.46025 crossingAngle: -41.1694 axialRotation: -36.2919 zShift: 2.20402 energy: -23.6685
MCReject   xShift: 7.46025 crossingAngle: -41.1694 axialRotation: -36.4606 zShift: 2.21515 energy: -23.9102
MCReject   xShift: 7.51431 crossingAngle: -41.1694 axialRotation: -36.2919 zShift: 2.21515 energy: -23.5054
MCReject   xShift: 7.46025 crossingAngle: -41.1694 axialRotation: -36.2919 zShift: 2.25212 energy: -23.8998
MCReject   xShift: 7.47673 crossingAngle: -41.1694 axialRotation: -36.2919 zShift: 2.21515 energy: -23.7258
MCReject   xShift: 7.46025 crossingAngle: -41.1694 axialRotation: -36.3938 zShift: 2.21515 energy: -23.836
MCReject   xShift: 7.45994 crossingAngle: -41.1694 axialRotation: -36.2919 zShift: 2.21515 energy: -23.7397
MCReject   xShift: 7.46025 crossingAngle: -41.0136 axialRotation: -36.2919 zShift: 2.21515 energy: -23.5015
MCReject   xShift: 7.46025 crossingAngle: -41.1694 axialRotation: -36.2919 zShift: 2.20486 energy: -23.6342
MCReject   xShift: 7.46025 crossingAngle: -41.1832 axialRotation: -36.2919 zShift: 2.21515 energy: -23.7558
MCReject   xShift: 7.46025 crossingAngle: -41.1694 axialRotation: -36.3498 zShift: 2.21515 energy: -23.8205
MCReject   xShift: 7.46025 crossingAngle: -41.1694 axialRotation: -36.3035 zShift: 2.21515 energy: -23.7158
MCReject   xShift: 7.46025 crossingAngle: -41.1694 axialRotation: -36.2919 zShift: 2.22985 energy: -23.7256
MCReject   xShift: 7.46025 crossingAngle: -41.1694 axialRotation: -36.4424 zShift: 2.21515 energy: -23.9327
MCReject   xShift: 7.46025 crossingAngle: -41.1694 axialRotation: -36.0135 zShift: 2.21515 energy: -23.2031
MCReject   xShift: 7.46025 crossingAngle: -41.1694 axialRotation: -36.1041 zShift: 2.21515 energy: -23.4039
MCReject   xShift: 7.46025 crossingAngle: -41.0857 axialRotation: -36.2919 zShift: 2.21515 energy: -23.6199
MCReject   xShift: 7.46025 crossingAngle: -41.5375 axialRotation: -36.2919 zShift: 2.21515 energy: -24.0164
MCReject   xShift: 7.46025 crossingAngle: -41.1318 axialRotation: -36.2919 zShift: 2.21515 energy: -23.6482
MCReject   xShift: 7.46025 crossingAngle: -41.1945 axialRotation: -36.2919 zShift: 2.21515 energy: -23.2253
MCReject   xShift: 7.46025 crossingAngle: -41.1694 axialRotation: -35.7587 zShift: 2.21515 energy: -22.4924
MCReject   xShift: 7.47681 crossingAngle: -41.1694 axialRotation: -36.2919 zShift: 2.21515 energy: -23.7239
MCReject   xShift: 7.46025 crossingAngle: -41.2321 axialRotation: -36.2919 zShift: 2.21515 energy: -23.8144
MCReject   xShift: 7.46025 crossingAngle: -41.1694 axialRotation: -36.2919 zShift: 2.21212 energy: -23.7218
MCReject   xShift: 7.4685 crossingAngle: -41.1694 axialRotation: -36.2919 zShift: 2.21515 energy: -23.6465
MCReject   xShift: 7.46025 crossingAngle: -41.1694 axialRotation: -36.2919 zShift: 2.19622 energy: -23.6135
MCReject   xShift: 7.46025 crossingAngle: -41.1694 axialRotation: -36.2919 zShift: 2.21183 energy: -23.72
MCReject   xShift: 7.43848 crossingAngle: -41.1694 axialRotation: -36.2919 zShift: 2.21515 energy: -22.9905
MCReject   xShift: 7.46025 crossingAngle: -41.1694 axialRotation: -36.2919 zShift: 2.23358 energy: -23.7927
MCReject   xShift: 7.46025 crossingAngle: -41.1694 axialRotation: -36.7962 zShift: 2.21515 energy: -23.6484
MCReject   xShift: 7.46025 crossingAngle: -41.1694 axialRotation: -36.2919 zShift: 2.20251 energy: -23.6582
MCReject   xShift: 7.46025 crossingAngle: -41.1694 axialRotation: -36.2919 zShift: 2.20776 energy: -23.6945
MCReject   xShift: 7.46025 crossingAngle: -41.1798 axialRotation: -36.2919 zShift: 2.21515 energy: -23.753
MCReject   xShift: 7.46025 crossingAngle: -41.1694 axialRotation: -36.2919 zShift: 2.2438 energy: -23.8746
MCReject   xShift: 7.44127 crossingAngle: -41.1694 axialRotation: -36.2919 zShift: 2.21515 energy: -23.6604
MCReject   xShift: 7.46025 crossingAngle: -41.1694 axialRotation: -36.2919 zShift: 2.20858 energy: -23.6997
MCReject   xShift: 7.46025 crossingAngle: -41.0564 axialRotation: -36.2919 zShift: 2.21515 energy: -23.5748
MCReject   xShift: 7.44198 crossingAngle: -41.1694 axialRotation: -36.2919 zShift: 2.21515 energy: -23.663
MCReject   xShift: 7.46025 crossingAngle: -41.1694 axialRotation: -36.2919 zShift: 2.16922 energy: -23.3866
MCReject   xShift: 7.46025 crossingAngle: -41.1694 axialRotation: -36.2919 zShift: 2.20708 energy: -23.6489
MCReject   xShift: 7.44541 crossingAngle: -41.1694 axialRotation: -36.2919 zShift: 2.21515 energy: -23.674
MCReject   xShift: 7.46025 crossingAngle: -41.1694 axialRotation: -35.9005 zShift: 2.21515 energy: -22.9181
MCReject   xShift: 7.41283 crossingAngle: -41.1694 axialRotation: -36.2919 zShift: 2.21515 energy: -23.123
MCReject   xShift: 7.46025 crossingAngle: -41.1028 axialRotation: -36.2919 zShift: 2.21515 energy: -23.5556
MCReject   xShift: 7.46025 crossingAngle: -41.1694 axialRotation: -36.2919 zShift: 2.20237 energy: -23.6174
MCReject   xShift: 7.46025 crossingAngle: -41.1694 axialRotation: -36.2919 zShift: 2.22384 energy: -23.7876
MCReject   xShift: 7.46025 crossingAngle: -41.2416 axialRotation: -36.2919 zShift: 2.21515 energy: -23.8233
MCReject   xShift: 7.46025 crossingAngle: -41.1264 axialRotation: -36.2919 zShift: 2.21515 energy: -23.6817
MCReject   xShift: 7.46025 crossingAngle: -41.1694 axialRotation: -36.2919 zShift: 2.25308 energy: -23.9042
MCReject   xShift: 7.46025 crossingAngle: -41.1375 axialRotation: -36.2919 zShift: 2.21515 energy: -23.6974
MCReject   xShift: 7.46025 crossingAngle: -41.1694 axialRotation: -36.2919 zShift: 2.21471 energy: -23.7373
MCReject   xShift: 7.46025 crossingAngle: -41.2621 axialRotation: -36.2919 zShift: 2.21515 energy: -23.7548
MCReject   xShift: 7.46025 crossingAngle: -41.1694 axialRotation: -36.2958 zShift: 2.21515 energy: -23.4564
MCReject   xShift: 7.46025 crossingAngle: -41.1694 axialRotation: -36.1068 zShift: 2.21515 energy: -23.4094
MCReject   xShift: 7.43175 crossingAngle: -41.1694 axialRotation: -36.2919 zShift: 2.21515 energy: -23.6176
MCReject   xShift: 7.48008 crossingAngle: -41.1694 axialRotation: -36.2919 zShift: 2.21515 energy: -23.6764
MCReject   xShift: 7.46025 crossingAngle: -41.2146 axialRotation: -36.2919 zShift: 2.21515 energy: -23.7948
MCReject   xShift: 7.46025 crossingAngle: -41.1694 axialRotation: -36.3656 zShift: 2.21515 energy: -23.8411
MCReject   xShift: 7.46025 crossingAngle: -41.1921 axialRotation: -36.2919 zShift: 2.21515 energy: -23.7682
MCReject   xShift: 7.46025 crossingAngle: -41.1694 axialRotation: -36.2596 zShift: 2.21515 energy: -23.6487
MCReject   xShift: 7.46025 crossingAngle: -41.1694 axialRotation: -36.2823 zShift: 2.21515 energy: -23.6841
MCReject   xShift: 7.46025 crossingAngle: -41.0773 axialRotation: -36.2919 zShift: 2.21515 energy: -23.6085
MCReject   xShift: 7.46025 crossingAngle: -41.1694 axialRotation: -36.2442 zShift: 2.21515 energy: -23.6651
MCReject   xShift: 7.46025 crossingAngle: -41.1694 axialRotation: -36.2919 zShift: 2.16748 energy: -23.3699
MCReject   xShift: 7.46025 crossingAngle: -41.0808 axialRotation: -36.2919 zShift: 2.21515 energy: -23.6123
MCReject   xShift: 7.46025 crossingAngle: -41.1694 axialRotation: -35.9628 zShift: 2.21515 energy: -23.0821
MCReject   xShift: 7.46025 crossingAngle: -41.1269 axialRotation: -36.2919 zShift: 2.21515 energy: -23.681
MCReject   xShift: 7.46025 crossingAngle: -41.1694 axialRotation: -36.2919 zShift: 2.18992 energy: -23.5669
MCReject   xShift: 7.45342 crossingAngle: -41.1694 axialRotation: -36.2919 zShift: 2.21515 energy: -23.0904
MCReject   xShift: 7.46025 crossingAngle: -41.355 axialRotation: -36.2919 zShift: 2.21515 energy: -23.8852
MCReject   xShift: 7.46025 crossingAngle: -41.1694 axialRotation: -36.3422 zShift: 2.21515 energy: -23.8102
MCReject   xShift: 7.43865 crossingAngle: -41.1694 axialRotation: -36.2919 zShift: 2.21515 energy: -23.1458
MCReject   xShift: 7.46025 crossingAngle: -41.1694 axialRotation: -36.2919 zShift: 2.24294 energy: -23.7801
End Repack Cycles

***REPACK GEOMETRY***
xShift;        Before: 7.3495; After: 7.46025
crossingAngle; Before: -39.3323; After: -41.1694
axialRotation; Before: -36.2919; After: -36.2919
zShift;        Before: 1.71814; After: 2.21515

axialRotationPrime; Before: 72.4027; After: 76.0842
zShiftPrime;        Before: 1.30418; After: 1.85641

Energy;        Before: -8.06345; After: -23.7384

Completed all cycles. Accepted 173/400
Monte Carlo repack complete. Time: 86.9min

