03_03_2023
Self Consistent Mean Field Start Time: Fri Mar  3 01:33:29 2023
Elapsed time of program: 0.308min

Running Self Consistent Mean Field
Initial Sequence:   LLLYFLLGALLGTLLGTLILI
Best Sequence:      LLLYFLLGALLGTLLGTLILI
Interface Sequence: L--YF--GA--GT-LGT--L-
Total Energy:       87.8
VDW:                49.1
HBOND:              -74.6
Self Consistent Mean Field End Time: Fri Mar  3 02:26:20 2023
Elapsed time of program: 53.2min

Monte Carlo Sequence Search Replicate 0 Start Time: Fri Mar  3 02:26:27 2023
Elapsed time of program: 53.3min

  - SelfPairManager energy calculation 0 Start Time: Fri Mar  3 02:26:41 2023
Elapsed time of program: 53.5min

  - SelfPairManager energy calculation 0 End Time: Fri Mar  3 02:27:23 2023
Elapsed time of program: 54.2min

- End monte carlo sequence search #0: 65.7min; Monte Carlo ended at Temp: 0.547

- Best Sequence: LLLYFLLGALLGALLTLLILI; Energy w/ baseline: 88.7
Monte Carlo Sequence Search Replicate 0 End Time: Fri Mar  3 03:33:02 2023
Elapsed time of program: 120min

Compute Monomer Energy Start Time: Fri Mar  3 03:33:25 2023
Elapsed time of program: 120min

-Dimer - Monomer = -247 - -334 = 87.6
Compute Monomer Energy End Time: Fri Mar  3 03:37:14 2023
Elapsed time of program: 124min

Backbone optimize replicate 0 Start Time: Fri Mar  3 03:37:15 2023
Elapsed time of program: 124min

Backbone optimize replicate 0 End Time: Fri Mar  3 06:48:57 2023
Elapsed time of program: 316min

Monte Carlo Sequence Search Replicate 1 Start Time: Fri Mar  3 06:48:58 2023
Elapsed time of program: 316min

  - SelfPairManager energy calculation 1 Start Time: Fri Mar  3 06:49:13 2023
Elapsed time of program: 316min

  - SelfPairManager energy calculation 1 End Time: Fri Mar  3 06:49:50 2023
Elapsed time of program: 317min

- End monte carlo sequence search #1: 72.3min; Monte Carlo ended at Temp: 0.547

- Best Sequence: LLLYFLLGALLGALLTLLILI; Energy w/ baseline: -16.1
Monte Carlo Sequence Search Replicate 1 End Time: Fri Mar  3 08:02:08 2023
Elapsed time of program: 389min

Sequence,RotamerValues,Interface,InterfaceSequence,Seed,Density,Baseline,Dimer,Dimerw/Baseline,HBONDDimer,HBONDDimerOptimize,HBONDDimerPreOptimize,HBONDMonomer,IMM1Dimer,IMM1DimerOptimize,IMM1DimerPreOptimize,IMM1Monomer,Monomer,MonomerSasa,OptimizeSasa,PreBBOptimizeSasa,SequenceEntropy,SequenceProbability,Total,TotalPreOptimize,Totalw/Entropy,VDWDimer,VDWDimerOptimize,VDWDimerPreOptimize,VDWMonomer,acceptCycleNumber,acceptTemp,endAxialRotation,endAxialRotationPrime,endCrossingAngle,endXShift,endZShift,endZShiftPrime,firstRepackEnergy,preOptimizeAxialRotation,preOptimizeAxialRotationPrime,preOptimizeCrossingAngle,preOptimizeEnergy,preOptimizeXShift,preOptimizeZShift,preOptimizeZShiftPrime,preRepackTotal,replicateNumber,startAxialRotation,startAxialRotationPrime,startCrossingAngle,startXShift,startZShift,startZShiftPrime,
LLLYFLLGALLGALLTLLILI,133002300220021003312,000110011001100110000,L--YF--GA--GA-LTL--L-,1.67783e+09,1,335.663,-246.93,88.7325,-61.5731,-66.6615,-61.3257,-58.9953,-218.763,-219.056,-218.759,-243.033,-334.487,4624.15,3696.52,3670.2,54.5495,9.95908e-05,-28.0633,87.7858,143.282,33.4051,-76.8329,33.384,-32.4585,473,135.765,-66.3975,59.2975,-43.974,6.50803,4.46479,3.85426,-8.16288,-66.3975,59.5778,-41.2506,87.7858,6.5088,4.50263,3.8963,87.5562,0,-66.3975,59.5778,-41.2506,6.5088,4.50263,3.8963,
Total Time: 389 minutes
